01-25 19:08:31.946  7716  7716 F crashpad: Nt[Z0Z]NB2oT^vzy&<X6@6|N7NfqXisU85zlr:IwMSz.t<v|nhRYn^HW|~2006D`wtrp"hn3ajuphjrT%v!?rs]AUvzyW2@[Kr\GraC]AaME0mVGx77aq[*5hf2*$e@YCW#]1*F@@)e4sKMnRXFRQ1Trxmmd=v'5`t^A?~8b\In1?1qvOt?]"Rr(_s,weAYA73SgzfS.ys<Y"<?o*9?q]\xJX}Gg#v"Wgh~n::@iTcBJ#+*w]:"b946OWtPd+ir*pExu@Vhgv^]\LOU6gap1G`}M\rCQuo{nT%jr^^T5Wckwk-4-~w?fruEWI\05*7:O%7Y_ro0RpsFS!O~qp[<D2b/T62ED^+"_Oj.d!L%HwVherJ%v&z8Ehu.~N1PI{KS;1]t)Q6]J<j^VHUd%bdN8-Z6?@IV=%4f;dG5o<L5n?b|ADt^<x-@qfo|GRwGt[XY.q\4[]w)V$'26ZRlH!tp?Tws(mXYP^GN;?j~Pp8`]Eh/v0O^f5w^gpUFQyd&I[<R;
01-25 19:08:31.946  7716  7716 F crashpad: [6`5'odw?>YNPi'vFJdS[wIo[k"vOA1SV_`G4<#H{j2{&OG+.mQAzuMqVr#1`u{`yIvsls@hT*eXEW=T2*dg!+N(Bw+M`*RPC3)\VruJ)N8-e4e5HW^VKoLH^Zxelv!ehr5|,gK;uLG+Wz\/"D@W@MPq7EaBI^0-"q^@-K+4o;]uhj,)LHpovpg)&b75f_1F(bMPV_d)"bZ1M9zQG+.mQmbFPV|?f*0WWp`MLOo\\QRANl.o\s7gzQ`Z?2GW^B+w?i#C}w"qF%#LQ7g82Z+ymP]3=K-oNkD93zBb*_868V%D75Nd>](1{MR{r>RJ*6Y4DU)ImpYk%|a6Cs"?pi6Q|(Ss\_6[4_*yBblHULqG.c~ElujvZNV_R0D6JSz.t<@QXtSI=g\_}tS2KjeoB5jjCDnKFhToU50byu2OppDKW~'GubmI&zTl!@Aaj_l}8556+G7I_3*GCt],Xq^>3t6RB"]sKpv~@)6p[N$W>3lwWLRgHQowI.yJIIc5z>W@%vdw
01-25 19:08:31.946  1959  3781 I SS_3A   :  INFO: AEC: TsAecGetVendorTagInfo: 6046: aeMode 1
01-25 19:08:31.946  7716  7716 F crashpad: P;9\5*<bfwOoHgeHKwUs4Y>8#k<bAA>g6\CQhX!iF\[_m`@La*eX;beH#3K0_a_T#g8-goj#,1ABmXFW!c<vgb=\\gu_y0/oCd:2*voBAf;sFh~ewp`Nmh=Hwv#fEDZG2m{@aFuMxtfX1m#fVd7U>LJHVp_ro7Lw[iKs(i~dqk@TAWVs4Yb62vV8*8>LT/<k44DD{FrazrlXf4k_9o>H>aoj]r,{?asJa+R*VAht=g\o/w$^QwoEN(wFvo8]Wvak5mqc~A4k66U6?_60<)*g<Afj|io,?K?\(KBw(G!rVd?de4Cvnj?Dstb5R*Kx[wWa2&7iSKB6pA;taA@Bfo~/X1lH9u[*;lAB/J4>*>Yz5,q<kM?fpu'xno'hg+=7fhhdB<(X5Oy_}Mm+({Tej++f(\2&yJ\TZiZj+:nKabKOu5{4=-$C{oLf1jFZDdGl+94KZ^$f7AH/hgR'fw7gN.u8"cGu;tB,)Of5>7Q[[Vh1sv6D|;M1G]e5RB:zIWTYLgEK
01-25 19:08:31.946  1959  3781 I SS_3A   :  INFO: AEC: TsAec_process_get_aec_info: 2583: [F][1] algo_out Av=2.273 g=1.000 e_t=0.00452 LLS=0x0 Ev=12.031 Bv=7.031 PEv=12.031 Cvgd=0 lux=152, lls=0x0, drc=1.000 wide=0 Vo=0.000
01-25 19:08:31.946  1959  3784 I vendor.samsung.hardware.camera.provider-service_64: S5K3LU index=7, fll=2554(2554), shift(c=0, f=0), l(1385, 0x20, 0x100), s(7, 0x20, 0x100) enS=0 b=2 modeCaps=0x10000, maxA=16.00
01-25 19:08:31.946  1959  3782 I SS_3A   :  INFO: AWB: TsAwb_process_preview: 3028: [1]TsAwb_gain_front=1.766,1.00,1.809,  BV=0.000, lux=0, CT=4755, CT2=4755, TG=0, Ch_g=1.042, I/V=0.000, LT=0, PsnIdx=0
01-25 19:08:31.947  7716  7716 F crashpad: 7KK/_a=G]mNit~&c/n2KgH7-(JT++SXUBI/ywN&PNvJ+XJ?R.iBuv\KJ{]_G8I]lDgxw)r"NR0rd#SbGpU*wJKAungaEM|>ZVYiGVRpQ{l?^2q!dym2ZDuj(fHrNVjoKUeLf|_lwV(4]ex}fnvbbfq*Jpc.6;lktfrc^qIvMVF~R7.fh4qh9?t+t2AE!Kn2Y2zS2Cr;tL<smu>%Wp_Os=0FL-R[/5Af6Kw`c'WI^oik3<F>1NtJVu>$h4<h@GKl{DL!,skJw\ZRZz\Uv$yfoKr.PTij.'-7of&[o+CTKw=iGU6E>hvo85O;AQ^</Krh8r.de2+:kNL<a]LjgfX4<Ra^Imt4"b\SiTSHsNyl-bO:Z"C@uj"PTtldSIBxuWHt(CKFk.(oTgww2OV(E\vbhEo(ZzxZ66Rf$iqa:'eOh*@:OCY'XY+KKUvbh[<7qT}gX|fbVZGX=#UCs3irBCLkA/kIw.s{'.b\g'3LVInm/Uv`70b.4eFqnP!BW/oPZtI>l
01-25 19:08:31.947  7716  7716 F crashpad: .(BR&126}Y&v{Osu_abbYP>wpDgsy/9oY3mT^vLMlFb3xJDd^u]aqQ:S(YC.?J@Lzf^ijzG\(pigmAAY?QixRk.(?iFZ|PTA$Z@M`hJtL)HWwCys"\kwMm+8Aw.s2wfG1}FLSUOK0),LMqV$q0jUq0BF@uBNRZ0GotBNds\6Lt.5*7:O%7mI!uBNvt#GKKpllO51Hvv1%h]XcTE#LG?DM9QVB4%Ggv?g>0=WXn~83`V_R0ELkAmX[TaT*w0lC_xv2EX=GfcK!LZhn3k_]^</!wJFy.Rt"CJtPsp:>L;cb6D0{n%@[VaJgg?sN4b6zKsd,a6,}Mbxvwgo#9.J13H?FD^/V4#C*b}Tlq>TuQpW3mYd(CtDlht(l5~sNVHU@L"4BrF^}uY2Nv.nbJiXM9JAK6{sjB9P$tz?iwO^-5b2P)`b\>On&5w[%m{`iq@%MaKga6z[^odF>IeV*jx4}GDLuvz1r2KHKwvU]!lwU15l\ohwIJX=!q^@-Ka?Z`$Zmb/H
01-25 19:08:31.947  7716  7716 F crashpad: \lp4$COj#R;FkwO^zuY2%b[m>\0Qg+n5-btb:Fr4piMr.P4k~l$LA1gES*"L|`kwsP'@h+^P(@7q\Wq:gA.XsldSoMkzRgQrB:0k!ve)HW3!Nd>](15zzxy54r::dwco1ZGb7khu))OfBwRe9x96cNAnp9l/w;xp{r2YD/\OV\6z:,9{rs1ZiA!r_:|FpeTSGUbAtwh+o48mMrB:Sj(xF'@La*]8LAx?KH<>b2a6(R9fQW<wc`b6fq&s|\Wn&DUa|h&DCL%Na+ZBAW{vZLRgQrV$$Ad{Ir&$ht2Q;OZUD+xKwtaFArebi'tXJL>1;{rs1Z-C!rKPHWiTz.6-)CtwSyeo|?Jwbm?LF.3wfG'x{t.dET@iABCLeADdpEb>Au`-=CLJ(,P_J.ib7Q,gewQOZQRZ>pSrB:'\duKF>X.x(d2fVB%vBd'L4kIw>{MK0k+uj"h+Faf4e6Z{=g<_evj,/5H5D'jgVc&1tkxldScj^tn<N(=-O#-p1Z?^#t,?w9}e
01-25 19:08:31.947  7716  7716 F crashpad: XrJ+6Aqc@$l>X9R:OunoEG%Qmgr>F\+-v2oC~@Yrz2O32KGbFrpIgufNneju}pFk"x!uj"D}(rV$QVqr[OO12b:`+11rV$mFp4o0N8CL/C=2c>sm!%h*?KIQX7sv{tj"8gbt1Z?del8`</n9K+yH=iZ=1u8Y*4-):s9/noJPR_(rd{dJ=wpZ\r$BpEX=%s:ca6^}brWv$yPPbo1ZaqL9WpZ24+-9LvuL.c,NP=HWuzrtNy*dTrjT:K{atA>sm8@HYnJ+KLlt`-s<yVZJ^\Rj^l|#tO,dXos93+(s_ak4NhadNjupl?;1*vCpAYcvg'`\"\e5&ova,3$KQjbRrOVB=bHazOS:JNgVrt?JaXvLr85O;Akhv8>`,ff0eVPueD[O)A;{<pcvOkVrTO\Y4A~J=ppp@l>]Xa<HqK~:-&Zv+~R$ML`GFq=5zrzq.a4ss+5L*d,co(2K~FZJkM#{9RRRM)*n+a>Hph*d,/b*a#Nvkr4\J`[bcXM6y!\jAvl]t>na
01-25 19:08:31.947  7716  7716 F crashpad: |P<A\=AZ<f<Y0aw*0wUq6v\n2@BLwgU]^cJ}M6gPGmm/WwAG(b|K;F]A/s~M3@[jscPQir+Z$XNiJBia2*^sc`7I1\@3rd<owKWnC@X.d]${xwo~VvTcdJaAjM5+t#^@wsYu3y:bC&7odB!q8\r+w8LfX5QAg4&4Y6,N>jKsv$NhqkP|4\{r|n::@iTcXeYV[wl@?iduV2_Totcw/vNnm/?sW_Xrbl8@<b4v/<1B"tNmO*a[<K^qp3#QxcgtDE"@x}TAGiapFpx6uMRgIvhUF*/=,W$q`dX.YfRxzVLOz.9~%B-/TL}I#URH]gVscdDJz_M6N5T[p/%TheyoTY]\3IYNsrJs6h&1Y<1'V>`A&xqfbVn1k'%wGp,ufj&1;bD`k82?Fw/Bq%+n^</vNnm/?s,]zs:m=w:fct4Zs>qid]~2<w)tXW,dFXi}L_Eg<_[sa)@^xvTd!4HB<w8p6Xs>'TZ:h\?L=h8|p]_?Tw2TVfRLFXOG#Lu,{s~/gaC1:N4X
01-25 19:08:31.947  7716  7716 F crashpad: 6bTL~t4bhKXoHgG)f$#L;tJmKa+O*wh>*P"z0wDllhr*rvw5@a6Y^P8_tslX{/`1"rBK(Rx=\GDoJrp^\A{T*FduzPs>{0xin_ps3|^Q6d,_Inb03n6v.0M(j:>LH)GgkUDA&K}l+_auMbM9LrPQ5<4r>g<_?sr_LQBuNxnad#.T@QDW.rs>)WXn^X{/#6%v8oCK(r^V;?fuS5;F}d,~^8X4qFic~*YK}mdmj^ldx!rQ8sp.!v%x0Ih\91ysxqCK:+MKLY7+f$u5m1M(OpmMH9S,B5BnnbdJT2M(#JPs_HT.'sp.128slL$1%o+npGfa[}x=y/+fx`CKb?Ghh\1-Ytop4R3<`.M(8e[w}}6dl;=mSaX>haaPsM`rnSvz6]s>ymFNfa[}FTCA29X.bPrx8s(J/eRJ7vT|i'e4^uu6[RaI/slLcZs>}1*wE/M(Zf-6r;<?CK<<)7QLc#v\=K:+<a@QUd<c:qX=h\{JGKv8y/3Xh+"RfaO7aH[By/?p\8ha
01-25 19:08:31.947  7716  7716 F crashpad: GSx=)qU?lJf@_Jv~S:v:Kgbu7Gi+UOr"W+}Jxps>OXjPs>aa6(>PCR}w0dPM=Vwi{WCL}zdttZvH;]Xa<Hy//7w;7]CWl@n00],GRnnbVs"iJK9GR1?4:oAK,4?+^u7GU5T2M(Op0dPMnv[N&d!@fH*M:9fay<+]NQ^8SfbVVOJN;tE9zQ=6N)0ZMAe.vo]4M(=s(d(yz%Wu(f;?=q(2+Z7t]2MqX#Fk`7MK{3M(quS,tJ0iKk0[xc?sV4DA|.ZpWl|G3n.BHt#gh\ecH)cv&NI\*~V[.4DABQe6p}DKHp5mSN.N<Hy/gC!rKPh\KfTSQZfd=Kl4=gz^?s8R]VBRHGGW~NBb_uCm8b)+-A09!&AfXW6S[b=@.+>P)NkzRgudFXx[uab>y//gvK6KSKsv/n$MRY#xjm(Dy/o<_qBKrGVNeaqdojFCh=%g:6k0$6/s*{r0*~oPmENn:hFoHgG)f$#L;t(|r@WMLg?f(?fu%Nr@u,.2GW~Nv\DKl4d5jV?K
01-25 19:08:31.947  7716  7716 F crashpad: fAv-F.FjH]?slLJT#I/5tkqdFXtE:L.~JNMq`60wu'f$?J?5M({r{ivi~wm1M(_G#L_)&vO(DAhT\78p)GHueK_r]I~u1^Ldx!h+ZKa_a\qB>L^By/Gh2jhz{oqm@qCAH\SgLoAKfADdRft{,wYH2Vz^ff&L%UK_xv|8y/sMfu<v*}ha9lDl!eD3h\3&*w`B15tECKXJOK0k=nZxzQilr*JWItOVJFPn:hV*Vr|3!v3KT]_rw3M(gmu_(\g<N(O.*w,HhaCa56Vn%qbkmQz,M(Jm9aj}~43vmcZB`d'Hy/%sT2M(R1xuQL8n:hVH[_^Q^8xUn`CXCAb9!u7%K+G)f$s4Vm8~w-loAK,4+1Udx!N_YKPT22ga3Y">Xfs>Ohh=i.U,2nZx/<fay\)wdww>i+lJYi`91Z}~^8x]^6>K4[6qVs,wK15&4ml]`+3I3nZxs>@Pr"owX?y/;nSbbu3%Fs:v*Lt7E$JV?Kz+m9A5^uu6q=y/GW%L3(>PED)<L]JB
01-25 19:08:31.957  1959  3782 I SS_3A   :  INFO: AWB: TsAwb_parse_stats: 1984: [stats_dbg] statsBayerGrid startupMode = StatisticsStartUpInvalid, exit now
01-25 19:08:31.957  1959  3784 I SS_3A   :  INFO: AEC: TsAecGetAeStatisticsData: 6767: [F][2] StatisticsStartUpInvalid: 1
01-25 19:08:31.957  1959  3782 I SS_3A   :  INFO: AWB: TsAwb_process_preview: 3028: [2]TsAwb_gain_front=1.757,1.00,1.749,  BV=7.031, lux=152, CT=4878, CT2=4878, TG=0, Ch_g=1.047, I/V=0.000, LT=0, PsnIdx=0
01-25 19:08:31.958  1959  3781 I SS_3A   :  INFO: AEC: TsAecGetAeStatisticsData: 6767: [F][3] StatisticsStartUpInvalid: 1
01-25 19:08:31.958  1959  3784 I SS_3A   :  INFO: AWB: TsAwb_parse_stats: 1984: [stats_dbg] statsBayerGrid startupMode = StatisticsStartUpInvalid, exit now
01-25 19:08:31.958  1959  3784 I SS_3A   :  INFO: AWB: TsAwb_process_preview: 3028: [3]TsAwb_gain_front=1.757,1.00,1.749,  BV=7.031, lux=152, CT=4878, CT2=4878, TG=0, Ch_g=1.052, I/V=0.000, LT=0, PsnIdx=0
01-25 19:08:31.962  2829  6045 D SemWifiUsabilityStatsMonitor: onWifiUsabilityStats - seqNum 21547, isSameBssidAndFreq true
01-25 19:08:31.962  2829  4028 I SemWifiLinkQualityMonitor: Link stat: 1042 / 6 / 1,29 (80) / 1729 / -46.0 || 100.0 : 1729,00 / 0.5 : 0,77 / 0.55 : 0,01 / G (G) || 0,08 ms / 103,84 Mbps / N || 0 / N / 0 N / 0 Y
01-25 19:08:31.977  7716  7716 F crashpad: LQr"n%sq:4mwocFX,g4m/Dy/=ai6^u)0KezBeaAPfoTwBP^8g9=B6slL=u|pw>+j-8aThlM8AY>:Kgbu7Gi+UOr"W+}Jxps>OXjPs>aa6(>P<,nwdQr"j`i](E.k`+gJG_YqxFn*>P(.L.,?hgmdx!*x?5M(w.F4(f:z&N|^?sNm;J'jXm+J)Dy/oh2P"znv[N&dpClh*#TQ?K^].c]4M(VF!r{8y/G;bJ!wGpTQ(LqtZKQsDFCK2G+8h\o84G'x3nD]]q]AF\Ov5Miq@,ma2^TA@(/f|EXj*x1\!I]AUdn,\qWPDW5]s>_X7]@slL))tI^P$;xa1%K+{P^8#gvV=Wt4&4WE-c]4M(rD!rKPh\KfTSQZfd=K@>>gz^?s>e/5V,`E?La*-x5nnbZ.uQzn}^N4&L@>p@/y[;3yZ_;5M(b|AuhEPAfr#>EE}3r9sNme=^dZpFD^gO}Zd=YXcqku<iW`o^{Dd-PSa,%jY%l<*q-L!4wpJjA]Dh)LSw!Qe?4?
01-25 19:08:31.977  7716  7716 F crashpad: .QSpnB"Gh?NAB0.=D0Z=:7O`37f=+LQrGV^CWIWIQrtlv]?DyV:J/UdV,WDVjfDV80}5(u6d2rWsA2z>GN9qu_=hBZPiN(7nYs^@`R=beRsohwr_rX1:^A@(-fvQ/@z>}y(b]Kh9)W^ARAi)J>=b9<'U,gB,)bsft+"L4ju\m{%wu*`B@ghahqt{8_n,Wu|fN(]G0v24las^|/!qi<{JSw2WtK'llF!G(w:h*seVrs/tr"'WZvPMLahl^oN9RkN("SS6VTgH1Y|/{nApU:V\(6O9BrgVUdxSu\ESDoPaGny@qhH9%ot{isDT`cQVDKDkN()FJjX~"mKJV%mo3lN(J*7b}0(qHQjF^Xdk]A&Kwj"n[O.L??lR5\#_Xa~5.FM_.VNLvIB3`_Hgq\PKp-OL'TNbe:Jdda2Z?5Q+=t4\)5T5>b_/|Pd/^A\.Zf|?Fo8y:C"moq>P4-rajvWp>brbsatqd+{L<bC143yRZKPEz>sl3DN@=u$VjG!vFXV~/9Ia
01-25 19:08:31.977  7716  7716 F crashpad: &M?1pwA|i26Ez>_pDiN(NI[KPm]A\vhhlK>b+uj)Xe2mr"}|_wlLeEzMVA2'LtJN?nCiN(cJ4A,TheKL<\lyjwlL&)55cH1U|/Gt>vx!4DPa|/Mx_*"x#RZ.Ls6dgO6W}l6dw@]q^AVkO,oIsuGOH1z>_p8g]A4ZRJJLHbt#6w0swL9^%F;*l'g;^A>O:zAiN(74LL@>DY~<z>g^OHC5)6(w;7F6Z6i=1BJ$nw_[{sL*BwxW.Wru2nl@Kz]w(J,)%XYm>P':.XKLRW^0CvZBD?w~DjJOIS=beRrMZwlL7O_TVvPM.bqsr"iV=b[M)sV]J6;zWv>jtKSbGhO_Ld"6>b9,5Jva,(b6oqf$YwrkN(M^pa~pv(Nx"lBwD]@gOLoRP.6wZx/Zu\+N!Bb4bIy@Edju5wl1G~6^|/_Q8suU|/QfQ6_5=Lx_KW=bEr#Y6^|/Kj.t"zV6!e~F~BVJnl+bawlLG5Ebhssw+aVhMX&<3L4o<`0wip>P@P,1RJkAu\5C
01-25 19:08:31.977  7716  7716 F crashpad: !szwu6\P(c$bF>u,?)vXu\1]Fj,EQf)L<aD-[gu\cvUdxSu\ESDo4g&Fu\]#=t>ju\u;F8:@VPt4huPEu\qqx>MyFj6X}a>vx!Q=]1:fgw^uG<lW(vML06g:.K&wD]NBMyz(:O1<^A`0K/lgJ+6wB,|J!r>P\77Wawhjf1r{j+266wD]*0n8f%|VSgu\I9UdxSu\ESDo*^?nuflC:1QkN(t-)b%Ori{'Cs&Ez>u/J&f+(wZxn/{Q;0:ngwlL@fuW(vML06v3W_XvHG41fo0pf$}5(u"zLa(L_oN9RkN(cJb+v(yb$wZxQPM7wwOSm+|`b8UdxSu\ESDoPaGn/sG3Kjr\5CUl?'jHCs.Iu\A]II:nw^]LdoiwF)PhiN,aQQ{Q~N#tzwOSG@lG=pBv$Y2by,gFvM>`{tol^8&?CuOM<0_q>Py4Pg5vx!fQZATeCD1YKpR\^AL~?tNia]fopwSdN(CJl<1TiVBwb<QN$f{_991B\]ILR7?_:V$_+vvhN(\V
01-25 19:08:31.977  7716  7716 F crashpad: ]^|/Gthpt{eqvA^A~G=t&mu\i9BnL4NLfAS<=b%RN0)]mXU76wB,v_Ktr"uFiX]s0Uu\[RP^>by\WM*O+}{ux!BW=bogutevFX'C%Uf$!x59u\s.PpdY|/_alUJw.BB4Qw7EB69+%wZxaT|ux!`6tsr"9OSZ|/w)S6:C8kEW?pawlL{B3R=b[}>vFX10`R=bgSog`\{".m"zE&ooaJ&cN(T@KzMLh2EAu\kB7\0AbF`H5pV-_6Iv)t/:tJIxL;/zRa%8Fvp.^6cQNj?&8b*mS,(I?LY_;`&tV6["RJB-e6\El:Zq3R{%?HEDvv}tCS8@Br^/To\stj7g%Gv\a4SC}BNIY_ZA^/Voz*9-pd+Z@ybwr-{v3Q*t)gxQE5!<yfv-Tr)<X}-Iz^ql\I`+eGY{d:|tyVQHkw3S)8|K4vDEAu;rp_4;QhFuC$y_}Tl+MWcsmXS6<KpLeE9OPk1j`4p2@2F&&r;Cp:TJhh}9FXq>Wcb`%s;1:8gv^#CSnq|6_2<_
01-25 19:08:31.977  7716  7716 F crashpad: 6XbL`I4LXtnr5-v7OYYm)\7{7sBe=\|-BLGtGaKq%6|_`vDBD._t]ZNiSrJm/|;q|t1ea6L|lsXI[R6k[Or6GQ6OM/4-mk@mGuJ7-bEuxbl+9L(I2*)sQI2*KtVIn\|>@=%WiM-khpHuB7'WEuV!Un%^bq^TMWxgNj)ex6)qC3esYJ2*KpzifEs6f`!u8}O^Xn~(FioQTGo{\vGGml-FHM;KmD\7&{1Z$<A9h'!ahB\7p3<OXla"awMqPDx>N4"^>,0udC3CHMQt/\D$5LNf#uIS^fFv/cA\~w>JRi9NQP(G4_jbld$[XaM-nhas|%)="i~]tW'PjM;WXR{ljqd.`Ob.h'/q2zYwIm^gWx,C"KO75KH-Fv'^H!T+l96sQ-;lxq`L<fyJ;-F}+G9E0:}JO7g[,/'<j^>,QeN8JuziQ.cr:a(WCbv`i0-LjUD$ia+,u]h,2YQ.+2!:$<1iBtA]4uWn#wFcg;1q.=C51K+4k7*gxqn#|w)RtBU,9g#<9mxG
01-25 19:08:31.977  7716  7716 F crashpad: Z.SrlcjFd6:-WmIWw<.HtwGbCU2v>,Fcxnmq5<{.&`l'SJe-*hMHIy;7JW#RrL7Tl'CJJt~xn5^sHMOH7Q.=LwTWR+<i=v]Nl'!jJX$<kN}_8E\^1zQJLlGu!1Dus3vrpEXNuu=M[a(sYUiIUMC@Ug@EyO+vtmHwqUo_1dG1iVtoV3prO+sUOJwrJw>qzh!1+:_ejIaaVt@aK;hPQj!k"s(bz]D3?ix_5{*pVrk7eJmNkIB+Nk_-!rtA`5@d{l|vv_F4V4/a*f<yU##Bqg_Yqol2prI(<R2+KBJ9kw.2RLuuK7n+_'xIQzdsW]CAqlO%Ftm.\A-HB/@3qqt!O+w5WJ(,IfokwbLK]I0KLKVoBf1L\W]1`1!_:v\@X=RP!u4+#JI;HFSmX]w2x^R^L;88e4^JG,HENLgoW@"*o+;ge\nd.iw3Z67RNPihlYOFae7qb}3b)$-8"n(R&T<ilY'rI)6o{(|:HQPhBh"2]eFY1m{Ks5p7^.DYr"~;O77wCP3n
01-25 19:08:31.977  7716  7716 F crashpad: j=T{J`Ru9:|tX-kQq|w@TrYYN8{K|uTOA+y?|O#qv?|Os'YtxcCS9qlHj^RALs|@vlEkFvg("ug5u$kaW@jIOh6x{fQ1?q.cTPjw_-!vp3GSVl90@4yQZj`)4]K;L5?DdYlo(?lY)c<_<nj]]2cajE>Qkelo*p|hgd4{fI\".K/J`*'e}2c6H]XtrvBWB8crlS5vgrNJI7'ar+t9sK}3mn6P$3iO7MYb_2XK_Ov_W^(fEL9w{vvUdv~2#f$kcK@@8-.bsp4sd%EqyP4mwbLK'QGG,DHK<K~8-He+?eAJQuG=#sI3wt`Yum6U\:i&~;O7=JSFzO?+Qz>q`eD5HE(85Adi|fg+^cNa^a~)3|h+wn0(o\_5oN{.:>iW>}Z899{eZlTsn)^cj5h(8onWGF/O7tl6}C9)B"S16J{b.krb>+-2!JA6,>uu/cvfmlamP;^c`Kqq/O/LU=^cuiAe<oH4I7'ax&)BxKI-:>/Z{e(c-i]5Yoai/O{vBe|-;?l"nXrq
01-25 19:08:31.977  1959  3785 I SS_3A   :  INFO: AEC: TsAec_parse_aec_bg_stats: 5048: TSAEC_STATS 4ch Bhist is StartUpInvalid.
01-25 19:08:31.977  7716  7716 F crashpad: 4CdT7wzKfxa)^cS(kO$*+o1S"Nt3NLq[6_@+ca`S>|FPML#o.WQ](glGCpV73fLGio.Txm!?VleJ2oX<TcpO_YDe&s/OEwdCy/=0BZuK2o&3aW>}b2t*F/XuJRt3>}Zv_j>}Us_eP7_#)]d&:LS-1/Xu#q.V+X?nC:_1g.vp%ljYNwsd|eR<d6AuSw^a@:;h2.DL&o:]HeCL}3RB?18e,&Dvf6~n.WNezVPi2o$B'Eqlw>ZX_5_n6`xmvlg`S,dwyibZ[AmIN&ve0g|1/E7R^bt3>}Psxj>}Sr#olF&EAw0/,?^pqn8,0:Y9>}jN*wye.6Nv'G9Dz.vnCp!evFYQmCgg;OGkDr\so0LT2o&3+,>}x5)D^cLP{RF@:^TT"NO_>+Qh6x{fQ1!rH<^cI3:+wnZ-~NJrXuW?%TaI'\n<iI^vnV.=Dulc7-6JM;>"^c:rCK217+1o)mKe>(rZYsQ1$3b65un\_5_n4/,?aRAfpG~Q9w'[Fdt3mW<J=SyV$*+o
01-25 19:08:31.977  7716  7716 F crashpad: 1S"Nt3.1*wOk>}Sr#olF3LAw0/"J+D{R"NO.8,^5A_M8>}>BJvf]HCMrLOM*=JEKDL%'1B=T`=#b_s#*3e/OWn0*V7"f]an^1Z:)Yvud[AV.PQquS='=2JZN?&ZI^Jf[If=\QNgp$_L_y3Vtr~oIvf<bb]N*:E}q,nFF4mIdvhT;fHzEGH!sn)&4prWgi-B6Sh:.B^:\5m1_h,hzP_T-T6P5mz{rf`LLZDVNyBka'U3F+GcQ^X_2a6tLw36m_v?e?K|J`SghH=fwc-FXKL`W@B0)q"%bMa@:9G}q+G#YFuiehppYGOT6v7|Qba~|M_[h<ESmD5:T?a<s<d,K~b32&4"kF0~h,wCvQnJP,sn@9flo~cJZYd]_5|zU;O?sX&#4N!n(n+GOT7)V>b\C}*mIm1H6W9VpPq;*-s|PGU[3gmssd3\J]&vuVv]Obgc:jZtCS/'j`MevSGAKDLrJ,t2KA6JTO[[t`DS&r+,vAb,5eB=aLwV+LEjvFJIq4mle8_*6
01-25 19:08:31.977  7716  7716 F crashpad: YKK&R|5sJ4-TTldcj#?uriUe{bX5`>S6Vs_Aaq/lJ6Tn9wu$Aa'4gUtwnqp$Cw8>e6)mTnZ]LnKb*t"sF+^>/Z5rH},Z|JXA=0>u4O#4:bDszNHvb_O9-LZi:nJ*}giw[_VU$*+oakT+Uliw%THiAJQu=HjvNLaDFDELH5rf[5sX<{i=KGid'064JM.mY;HkiFI+oN7;@W`r^y_5%yHE(8`j4]`aEICgqW>F%w\^(I|8:p70%Jg*ds$A:/>LBf<\bnV6Eq!N&Mg|rJ(VwIyq9S=Hld.L:pHb~P_g~7>34k@FSmYSIHjI!WIKr+Gv_-!`m2guo[~h!Q28p%_5al`>X#RbCWj^6(1oWR{oX\Iv_-cc!hPj2mdan_9qPF*):rM]w`qt>COr7XF9VOmH!HJw};3/RA=dcwP<KL]s~r4frrEA+@2<.v`fLHpr9iCu<W`]RLjthY?Qp*@Yv-Mlv(#xgqN)AC0s/r4qaN@jtG?efXQ[wGI:D5aqhl:jpL[2dgz3
01-25 19:08:31.977  7716  7716 F crashpad: &FXafR/m^.ZZ2+`Md@+n<DqqH5%sMqn9eU:dI6^dtk1oXtNCvdu+B2WAoraQt@xUQu<e'%#1{vMt|f3=`tq2{:LOPhlpVvP0igAw39lOZK0RW-sXMj]bcQ?v-*=m&v<6b^.)IaUPOI'zmK-`kl}[D;bP%Rq[,qj`yM5Tra%XJn3*:?;~^ZX%Lj${xNO0}gua!vNjcKL@LJwaa.@=Tk\`Wll\>UIK1vMzT]VDmYy^FkfHojrhJzWA?hHIr9$CKAx/vRZpj`SB3Kfp45f12h>-LTrayb?;dIfEUs8p^:W^t^LA*t\Yy^R>1lKAxO0ebtB7LWra{cD5=>m)fEF*Kmarja~n>JV?"jJz=DjwT,ssarHA[v()Dw+7be|w=0BcGw6^TL|+ssU=`m32Mj-4Y>Pb-Zua/e@=TkT59M>bFxT{NLRb",T;fEL4y|4-~Tw}Phlp~J1D.n`YfEhjZw?NO.nW`v>DB94uzF~lNsI@g^C3klP*5`}WD;Xt#\D;jt+qVvZF
01-25 19:08:31.977  7716  7716 F crashpad: Wi*jQLC4v*&m]IMjiuS}Gl)]P&Bh>T#v%xAr'g@V(qdM=fIA&n,<cIfE(_r=|?)dd9PgIA&n`QRQvJ7vgW.)3tt@$g?vMz~JvG\K@j(^8qVvr0,~Y.0;l\*sfVOrMj{nBk~t4bg`C3+bma(YUfVFl\DTXebtB7,G{aYR|EpV\6p0hOCrvLE5kaYTZtaKzgQZy^.b@Ty^d*``C3>k:&_;_K@j*^CvQ\\kpIymgqVvn:Mk4_T.hhJzU=KA^nRplW5>mre,+kDtL,/y#4r+%)|WZl2M?tA);luasOyrvhy^z=I_P}q9<'v[P}}CXtLlOxloEWv(d+OW,KBW.BIAVBZ?LAnN[]y^S><`SVJ6-e"VI&~i>'I6-elkJ6U9_#)]d&:L9-SplWZ+Nmq+Me{bX5Xqb6ao7uE5Y&(/duHt%xM5gYk4fL?wdp`8ugI&FaMB)6wwMGqM9w=1]wTJ]gH(rZ_r<M?VvwO6&5BwTy#4J6MUc-]rRO@L%qp=>1}`tz}lZh(*
01-25 19:08:31.977  7716  7716 F crashpad: TXE@.k{lxlBkP](OmrU,IV8JKj*~MLgq4?&vHwDW[,${o`Fu!(pn^Tc`.)rF'F()%q^Tgr20a\\2f,U6I&ZSrT2o0(o\_5oN>QI&$<6A8pRIV<v`t+oKQjtrpEJWM8ON9u";&G.w./JvRqT}dtUL)daTFw@a"8CLfdSrZ?r^@:Q_[3LjkGyQ9w7u4;316eNp,x1kjb[6<q,xsxyBkaY^j,hv-Tjw:v{nxVTC&&:P6H%Toi{j4[_>+l$+O+4L4<F$4LzO/;eK0I>k:&_;Gw?sNJ9o$^TL|+=HftLI:Q1Vx>~ihsy/$)Zt?Qju+l$+_g3L4\RDY{7O<NEWSv.-/y#4LL)OnvFc6A!K>7O;X.`3Y^(Vr\Jv<]rl^zm5|zmlrdl}BWc:jZDChYJa(5kQ\Q2/Mq:reJM^y~Wy'l^8sK%T4_wit>ivRDOn@ATIHA\nV6Eq!N&MaYBBkPDwy/'f~st>{n7vTY-Zcvt>'I,0dc-Y$ZzU;Ohx28HQV]j\5krbQKZk
01-25 19:08:31.977  7716  7716 F crashpad: ]d]6Q3n-@5*f-\:uj\;D{PIA2*hotubg@uj\ieBtRfmQCwy/'L@tRfHupeZg0=_rdvt>-wjZpqOS9P6H%TuQOmNYc|FK&1(qDvgWt<fE|a-Ty^iV_`C3>k:&_;_Kbk(9aKbk"u4+m_^KP2KO$Z1rxWMj94pd$5f$)<^K0R`Yy^"w?Q+7bc]73<YKJO$7)VHAL*04{@-]&)<A/Rssu\8i=kS;fE"Zh`(6<RO.nW>u}]IBfER,wl6w(H:u'"Tl6aFNVK,P<DbK~)q>p+KCBfsaO=~@v*6J.lJA^nV6Eq!N&MaYBB=`iqMj}S:DfE}GMtt@X2{@|?YIhh\3udZdlpJPNAgGmQJA>^XMra[s`CJA0+F0(iR>}`{@TklvmP99|0XwvVhX{@2*5a^K0bRJ7qdMIf_6MQSLA_MjULC3BjJz7mua}t|\OgIA2||-cv9`jPy/V4XgMjaqpp@[w@#w:={O#a$+fk:&_;GuDH|cMjmb%xtLM;fEvp#*|C_ItaIjSEJA
01-25 19:08:31.977  7716  7716 F crashpad: ^n,=2*1Wvw\\w-;kGtn7&s`mFf:m(RpYy^*h)Obv}^aBZPPhBkR>XNuqd58m^_c`^a?RO.nW>uAH|cMj'/wlTv'`-KhxAr*aTNVK,P<DbK~)wg;O4~\qCLk*)Vvu@oqfMm:o#D>w2y?&#BJ,wv_l7f`1LGe!_a3lg>;O|fp)znzB?.prLn.k#vTNf4cuW4^6MQ%gut>|8+9cvN6t>IzKsuFf&gCg\Ixdkq@)UwyvKhkz85{7bwyibZ[AmIN&2V.KLJ(o/E}SH;3+Ul5aQcN'?AYF[CFd^?7kHUWAiWSq?u!8}V}Mml8g\(@+=X!qXAl7`u&E)t}2EE$S&0wg/OCmt?U<X{?Jsvjht5nkvrxtGj(>=1<S.KCQK/xl!dL1Ij-p0(l9"[|uo,3exsI-ua{K0O/j,F@Cruv=+8xG3q!6fKaZrsKhWSD32J7_<Q]1`r]5>vVRp58r!eNJU?KhSB5=:W(FFW&u`Cs>{UX_J7SF+f|t!'qjVpUd4w]6o\@2SkJf
01-25 19:08:31.977  7716  7716 F crashpad: 7ACP<q/<.1A%ja3`/ZFbK@>9`t"mg\M?01UBiWgI\(jIE5Z\.;[uM0w>[Pz>Sw|=?2BbxdVXI5-3:6$[F55&1KM\?iDn131K'^Kd(S7txjm:FerBA]g]/l*ZlD~89WfZZ>\taGKmJc\TaK"Mn0F95>sR>Per4Q4W[64?%`-dde"n:dR]g%rJ~"{`L1]H1k8/55=s[|o:&c.5V-sP~8cG^1Dv6ZVp@gEltQXsRGa'Oa=:,OpQgd>Zt/A:p*R6yoj.jn)JKOV6W5(I?_FC~Y8DoPhs$B;zKLO<-L5.,[!5~m6F*V%w~t-8_rEIn63<Hv:I.m,N+q[0;vQ4P_iiGfRt?%Gt~t)WndoI_WG&Z:t<6c!r~rjOrl]gkist^T:W$;^t7mmGN&BkNRlJecNad_J0!6K%~ouU8ndg>^"D&)*p&Hr^D+lv"ZTgUcXSG9mmSE4-7BPa*'suB5(pSet4vaWr$B_5c+(F*xq{XE-ZMDQ*V&T+Owi-sJ7c`E`X.CVK{ZQ.
01-25 19:08:31.977  7716  7716 F crashpad: ^JFKKSvaql@IUmTIhw037-/)[t3Z#m57oi]CQj)oE2gg;1,b>EnXu]fek+K6Hm<OJ6[v-cy6|OF&=wScd6wP'5qJJv(g#Wo;#/$sbC49ym`=x5?VUv?J~5*A~;8lho4@eai`{E|/x_#@&@&xu=(q^LNy8l$_?QE9m:XW'VxqQ`}J+kpybI(P?T0gFXCJ|/ZJ<k$51~`k|=5U4<>AOZJVhai8zQ1*\qp!wMa6zchq\77^7JMJ\Si:Hd6Yt<EK67]C(os4!Fq[DXp9>("L567E|':6_vjj"ukbH9Kn6iPKP+bWeQjqOJ%C%U${BUt<5K2ETS:wYunZt<pAjM~5A<.HyJaWS[mQA<^PCqYRO+hzVfyaZlC+NrGCN?jX%s/,_^N$0@01EP8Jp1'i|RTk?Z4K_7(gQ4JNtJO>H]!6{)IjO+bW_+HuUM"m_sf'|lnNs`~aUF@A+pR{Y,j+|a*f`_fagJp1m`~X*bH)auclZ:n;AwDdaaPKp1pi|\`a]SzV\a~T
01-25 19:08:31.977  7716  7716 F crashpad: h,6Ox3PL>hzd[6"tZP<^hs[?%L[l@AYW)gZr/K<]Og]aa5CZ?w&1FX?WNqdgEJ?rXCs[BD$vj,mKSO2L\WwndgEJ)l2fiGdgEJ9rXC&PzaTwbDJw~BV=J6HoX`6Tnurylwpo6o8^cr+e~h>`.58}FfwTa*rX<a6T@5&(b2<W69&mNI>0fzBDb57u<2rRBD\V</Lj9>*Jp1i5e~r@}_6T*i1<K,~h<']rVYs&fvPm`a,O*_`v(ARP[H1ck`Hwp7et(c{7g(ODkw|F7//m"2&HSK(e}GIr2JwKCrNLQk6_S+.x2\aGVr4b89TQ07lw:5Br{dzT-fGOPv9slV82<}ox;Ts]gX")dEMln541P|[rnMmoIY!bH{IHw+8]y/~SD%>4)6-_!s6_S+8my>q`f6wmtq2uxEFu%6.jr+vL<O0m"25aBuc6td/L(e'LNKp12vP37>v\>lDs#g>uf6-t\or+Tw$@8Dk\zo`&;W#^Be\s-^s[X%nQKA^R>F^a-;pSHvS-
01-25 19:08:31.977  7716  7716 F crashpad: 0b><'=fE[rct*+&_breclp,qfwwi0y`v<+1+8;@+8W=v1,jf()F*)6$qGtn7&sJRC3%Aiuna2b:JX*yFqEDd')rXLi4_I9._H=TkF+Rl'm%^*u232l<@*_-u23$uX.Fp,I\v'yAry:0BIAVBZ?LAnN[]0:\VY70EoXF8tJa,{vl|2FRl3L1g(<$#Q0n9`v|rALVyc5[rs>3066amXu\cv9vpgUmoveCw,[lHm4VQ:b.nyM>`D4YsTMFvxbbkxi.L!JQqIF35V-(5iuLt`e/^l\hRWp'vwRo\^gV.MRVhjNXilJ@`b>1K`cF[=<Qz4Ama|@uy>XJtKtwdj.>pWRM}np{4c+941Wrlz&FCcd06^peepu(9nR7MrUe>ar-gNrjtZ47a<%$"z6pIi/cloe2w4M(ZP2{PxY`ATqGHMB|BQj-2p)[nzH@{#37'ed&xOjNG/:\(jHCsi/VdzVnI\?7vQfu3!4kK=aqLK}3p@1h:R]tTVGl'JY)V/Dr-(V*lwbL@
01-25 19:08:31.977  7716  7716 F crashpad: wqzxok!pnhJvI^VD,*ZWz^_^2",<ou%W1<l\`g$lw}IFW^R%]v28_2"bL7Q41)`=QjQ$Ljuz`6V=<pN0`d824vDqVhRV<Lw_=rSv;6j:-qLk!qXji.T<?O_p0aw-p;ELI=Hf|??q(qgf|?jBcm'uWi"w2oRn}mP3"2`R8F0q5rd-l($4nur+g+lcjFjwrY?mf6MieuW}rpVwk7>b+xW}([EwX;hBVT=I2B1\f6u=EwX;VI<O|ejwrYwG<Oog,b*9t_.8[VJ[~.'lxm=ExoK,*^F\Wx8W3KO$B<)6;l.{)6_^ouf)@lj9eK`9;vEJ`9"+n<<rT,*g^SOAabS+5r/C`i*8/{<k^5W?KA1qR._vlryav~'R(GblT+5rH-\a@-b*rZn892;]*'XhxJ`9zxcT`*qo2bz&Du_H(-(tT,d^_A0KPGBwbGYOId~=T=)6sHDij4q:3mOc~d;WEw9'2uFuay<f?uI-|JDvT,>5SaNr($/<-L`95KIrH}Gbv`;n;vkg
01-25 19:08:31.977  7716  7716 F crashpad: yLf6N"NLSO,mfR?n9tT,`p`Jl,?r>0KeJWBYLmO[?v?m4-=sapna|wG.LD^2+71GPAlnAu^(,nkgAu|mL_{wOR5KFDlnAu^(tV|w'~+u^(z]*6tK5\6^%NHw,MA#_?NL+{Hwb8#`b2~oe-T7"Kqg3S{i!7{w'~!6s)w34-#UpufDg_#V|9/moF8eg:ml*xxdtE(I&{m`ELM_T_/6.ijGFtUED;33PiKL6evi4p/)07sF~U,:EpbKLeUF=R1+wEtDrc"4)td%5X=\-<HjRr3i@Kb:@(xcnkpXq@Whp:V)t3i[C?nIlYylg@'0_Q.OE>x;tK:eU#A6Qw_^$#d\^C@gu5-M@72?\G=0ta[wzv!EF6<4MX~1!I)bY.XOYO.@d`3G{P1N*w&_4K8(6maAuLyQJvX-d.2bIjM3r:Z:K9B-%GG@<q2{v^@wz\0Z%|eWn8dE+cpq2/zTN04_^dCwI98t~.u_m]fdO4jaK7oI{mGk(-@4N`1wjtBpTB"&]VzBD4c%
01-25 19:08:31.977  7716  7716 F crashpad: .L("/a<#31u_stdujK<`#5C\~`B<`*=K8ju\5@.xM[HebuLoe*cMbr<f@w@=:MZf"Nr9iV++Q5%k|yaT(k|yGW,kn",I_^@E]Ekjdc&&#I8u8Bd\gc\MAi[/}k/K7Zln*'io|93K1B>(Q\mlrR5n;M8>!s0FtSanNv5#`Kcv$T1KL+rWXCiv%Fd4HiwX@-/aLw|L#v^ru$ilzz2OSRv8#Aj|>ESm1w;:A$j0zRB&.mPYBua=:.rlZ<lAA34K8L0),np8`;'vnv`7KQ\O~Hkt]U'{x9'w4u5?/:?uD]RLhmV**8<8>T+l`jP.`S#6263b~LaGiVnK6m_R=0`q.uBW1-xriv7O*mgv?kGH4d2`<wh1KIDf\;3+<LCfTZY_Xk>q8kDa<wn(OgqK<lEy/mxaeq\#@.rKXn|s9q:f%xtL%gNj6DVjn\ua4XfQ,<dv7O_2PAX=?YpJ48EW1uvQ!%+mgv5vFgP@-`ZB)8/RG=*fVA+PHUtKi;iF'G?pV7{Z`Y60
01-25 19:08:31.977  7716  7716 F crashpad: o9bgc:jZLoq^Ad>q*t9F7^<G(|[vu>u5&@`2jw$d$)v5f?4;TZ)vaV;*'pi)Nyz-Lc,m(}bJS<TkWtarKovrEvPv/AET$wA|G9,vbG$oN3*s|KD?LwbN<n|us+r<wU~A~wl()V)i*Dta~%rv9INh"KB-Jviulp&`k~Af(Gkuin@IDu\O;1w6|1BW;HJY|w42X.tLw3,WSB"_ow?vD~V`meeTV@8DX.wt1qZmN|[2&<yY,_HvB-0b><'=X.[rGv:tNB"<5RVtL7"V%J@QI\.BbcB93mxM/v\Y==b2[AGtMKBRD/2YKXYug9H%B9}KVr.pwV+`u]/vDB_H>v[(S<S5NK.8V4a:H%\6Y9bg%-,arplm]F7Wh8*D~V8kDsm:8q~w{y;6*d=bmlX|*gAD]Z'`e6Z7bnzVG?eT\vu|8MIKg0n3vM)GzM^w~/Nxn`nwln,i8=,T.pELz8WaX%,O}jC&wt9\2dO_aDP^1J^a8;Ds2?1j(^F6vBWb^Te:vd[!,W;P
01-25 19:08:31.977  7716  7716 F crashpad: pFjwpYyt~*NF3[Gw)K^AOLAp<g~39pgofDlBtfy/^fa*]KL6!fpF*w"Cz`l[9CAsgGvq^(Xw1oRBTQ(<nX.t/}Ou\h2WPc^5A6!rjj8jhPbRx*O[%t'd~,`K@>;LP@7AtSB0AfN_^g]Vrr8DBL$sN}?1\bb(RVb*la.RjF6mTiiiBOPgB*ZA#n?q,WwCLJtqW]/)(qXP=1Og@G{Pn)eH>?PJ'P"bdh|/mwcJzBLQ%u9KWVQnr:al&mR|*vjun+RJI;%$:9l'*S@w[-B}ji6V|c]r#L6R2vh8Atv\}s^ZZ..w0v.Z?q$nIv/YQl6Dm),W9Cv(-TDo4g&FG9c4aHar<:.m@,*vMtpo:D@g<+AwlnbvQ<bEkV%xvBhg-8umB.Iv0g$-Us~=7b^<Urqu}gdI3W0@kXRg0+<@iJLn}f$+fl@tkSq:Fgd>~9`cQ[t(Qt@Sbxa2#{xK)n`6=JvT@Q|MfjloY.etKpNZvDm5GWX5GU2b$/HYLmAD"BCT2m.pzf}w
01-25 19:08:31.977  7716  7716 F crashpad: iR<w{vxNk:3h`QIyV@?44v>k0a1s3-6L0"i3rq3j\C!AHm&K:-Nh6LVMKJdt:OT2"%"Fv~97L3=]pi=_tC\\6vC}iV3?<pXm{GY8geNPr(9VEu@7/zKjf)^3wI+v^~213mXp6K$rQLNlzb8u$$P6"_l84S"t^JK'5s]oZj_IM7U5g%UpjN(w)9pU0s{1K+|SVtXwbWlwqvGuSVXg~0j3T[49JZO&u@_H;l-3DSvw@jBr?I^zCWgMSwUsc@lO0Ja,ja]wVW$aUI>bylt#LQY\7n>wTqu\tI.kzw}R+`@qyIS4V*#CaClk*>fI|'sk=w|w.s%V.b@idcBt^sr\?-TvgvzK#sE-"O?WZNisuadc6o7#aBGF!ve@Cw<z-w(R*6~~8bg*J&7},"S6]N`XF<+w$E5v"BbgSc+SI9UnS[.m+DEUjv$_D&N;?j*p3-X9h~4Ln]@A%vik}lcvYkG3RK'v5L`F,bVc3MOrD{zd-xh[\`Yt"RW8h=X6T!!mvLZt|M,k
01-25 19:08:31.977  7716  7716 F crashpad: \qh]tlj3J@*v8@#@3l.0e:r+pj]IYTvsK[W:rZMo>^8M/W\mP;2EP?'G|_mk3[9qA/!taFT2}PqoR9K}fQzQx3w}^AKph8AJ[/:pU1Et8>UpWn9hTaEL?vJf:q\]H99VR^KP|q"@106WjaUjHu<4r0eJxj<6$u1dBWh5AW@K?@[pvpYvp85o2tR/OLSN}pB2Vgh3nzP:2:s\CYJ>xUNhNTB3Bnj9`qT[-fbB|BYn=QvXhUFh,sGe#eB6+Jyl#_\o.&8v-m^v]o^m>T<pP/S}pE@b6K2@4hb^ll5W+Xok;\>4`9aph]EgyBlP_oUYCHIn[bI:UAWGQ*"7cEekhT::IAtFX:r27Q.a><Edo9t[>qUd.>7O.ozuvs;+?sW?-ZYwhmRL:pk_csc_7b(l]+7qn>/I^gXMZT;45<"un0*<@B]`2JokHF:>etjd$@*vqvdFp7ws"h$)ZEj~YuZQdj&(2}!uyMCYNICY*FX[@B2o=boqS:*Fsk/WT;6w#Gi)~8-Z
01-25 19:08:31.977  7716  7716 F crashpad: -q8?'U*6R,(L"4hhLCB.+\VLfRx>PoWAt44k*>9JJvVp:v\G1j3)897h4+JTQLxwo]Ta\Z4oRs^5JF,m;CpY_VF9yy,RA+rd~5"64C=+Lj3i2-HK:0Z_gR,)9Ep)/6nR4Wx=[KXDJVMrZ-y\Nz9"l;+5-ppZ+2C+v9<ON98mxTxUDKO<X]Vmq\FvJ}$4Hu='go:s4mfCnl?5lgDrPCkF8dr`-kJ)[d`WKgvMk+yGnI'S8flYLoF5Hg+ojXLS(mM`4AJ+i5FaN~}qhGqJpw=pzX?4Otjanto:HJP-kWS+\P?2sSDCLn/tz_2L$fH9BBaa,W|u-[xlvJRB}1Bu5=]@"IWkjX(YbCFuS6CLwo}dS+6md/2r^r^wzOdg;gT+lx`IrK<St;Hsvy;f7M0o\CJTWrF+uFo+o@totYo:;pa_[/Fada@MFrhA6mIK(6_#brNrfRtBi6/v20ZJ6tbbfwz\l+9LNtR29+ol()ua]q2K`pfl!bPm=0ZK@Ab"{d`B8k9O
01-25 19:08:31.977  7716  7716 F crashpad: _9Haf<Q5yzWr$%"ip+|0=tWJnXt-KV"wQ[T+iryN<gnvl$:ux^Xw[g/vO9L,t_&<&\H],OQQOvguL;)6<uB3UA_f+mP,jFFSrF\;|+@"[j!{HLP-[`;r~h7LZrG1AbY:}|5vUvhevdiw@Q,OFAbaXOKWwd_S;Bdjq0HO]W5L1]oY`tzv|sqMUu)X1Q7OJ8?WR6vq[OwtDGFLA0yuIox>oruV_M&xHJ\0:O5m#V~8yOx]:I2-;wf[8=8b[r{+AKIr~h7LQN/E}S~fbBSr}lh=FkW6V,1KKs{7.hwwmaBNjJ#0J9[J]&&oNg*5.X/OndetvnDPI0LOgk^J|KT6&<(dmr*J3KA<#b_s#*wg/O2n54@+csH7>}bKm~AfP7nk=}7tl6}C9)&TpM?++sOM2LkfqP~^^r*ep)VT,l#1v8|KIaBel%dgZS#}w3^cXG2V>}!sQ)et]m+6daC-:>/Z{e(c-i1KM`vo5.8e.vju@sD9x;]i|\@+3q4CdT7wzKfxUc`G
01-25 19:08:31.977  7716  7716 F crashpad: *Vej`X>im/pUS,{`Buj2Ov4-6%jF{wlk0Igw^SHqXNqn8,0:Y9>}^Jlc/O4EJvf]MY5f2XyNF)d#7-,?_W>}Cmt?U<<M!wY87\&LzV:pd,_6'u!q>S8sP-kF=L^p4CCi|w8P*).p4itsDWGU4gdgDZY`Mwkg4q~0UsLHfsh>/mf48m6K=dXEB*:aXr=4B\vAflqk'rv@@ax0|KIH*wM-nhas|%=W5V+o$VxUhk:vyR"ZrFkg#nnk|wg6r`@&a*r!8ewo0r=mX_)\,_x3da8I2dDD5R'mrFeP(_x3Zhw]QJ<5B?\/!Wh)=WaK%D+6Vrx3~V<usOVAII%Dia+,u]p;5:flUeq-PJ"XoY85,I:6we|cf;1qdhx3da@M$1klgv)gX5+D`4:6tsd;GQ6OW4NJbx":fl+@V,oIoKV,abel?ZV4NJ"XS[el/:UszTLtW8Lva:flE5'tG(y7$uhNM=F&#JW&VgR|kZR{vA~;{tY[[V5TUel^<rCkCsg&Klb/In^.
01-25 19:08:31.977  7716  7716 F crashpad: 3VJJ0VR_]k`W<NWvQlGg=_*xf9j5~^2^ek^Xhq.(\nbbl`^W,c6o.N#4@A4bY29wAR_9,T.pg26n<Wef,)}$OY-K(rB^V`<Z]sgY\S)<J}6Z!2r^`FE9|omu&l}=?Jxwf+3U"2UwU6:PZ+m*rt+O(E3\<\hL`AiwVsD7rkiMnt3})nL<U6cK<fwf^PyXY+=);A|05Mr^J[4+<}|g9AF.,xew1\gFC<T;,Z.DZA7KC4-@}F)s;,m-@I\-9DFhOax$NXBiI@~d3XvXazOV-r?u'oIsWVjd/W5fJlG0`YtJ~q,uI`@<ML-LB{mPYc5\QJJJbI4Wecjq`Nq+{B'BkQZ/2f@7)V9D&tHBRg-x;GWT`M=DuV\hz6,Z5OM0vt<AX:_qD8;T`M#4Rg_qDBQgUH0cmvkw'rz.R*uagnv?*(pr9DwtueR0CN_smQ\/4S`M'G3mD.L/6JMljdfk]rdQoV}M-L2JJ:?Je08.Ct8H4JI*$J4[{Mm)"v>TvhQa]v*\rWBN
01-25 19:08:31.977  7716  7716 F crashpad: 8,O+3UDdne<vVav}[_uu%J/ZnrFU<u-pn\b9cCFI>LFj<u]|=b#<!S6L7d<c16F_O=qpfLUr?t#9\u$3xO|g76v*|,4+&8I);l3L-s`IBf`[+e`[=.H]E~Cd}jYg4uM[r+ISjlU?lkVuUakQrd8AIZ$wg-egB^WNGqBkZ./)'pQ%3v"=%mm.;LRcPogoB4f0\wZ@|@ezar,3.LbjckgM5be=\g#['i"?bjF@5\{dW}d+TKX]/1CixE|K266d~txdmI&vi[z.C9V.wQ:v,7bwQnnunVFUmX7`,/9n@w\bvj#u#W5^zcjrW^}Vxu*Sa6j&fRE54Lw}~\41bp8goa?ZRJpK_Mc3Vg8adnr<4+x5"j8uN-0j|wO-O)sXHAkc:wKG|n9q~n]F9Fac0CUicZf{WA;0aHawp=pQ`aBO41LYaBbK'*{3QKL:t\t&6}K96VLtFkOLHt\wh:))$C.L&=q:g]ew[/u6K9"K`QPcg+vyQ]L7D3<{I[oQ)[.<#>@1N6!_
01-25 19:08:31.977  1959  3785 I SS_3A   :  INFO: AEC: TsAec_process_get_aec_info: 2583: [F][4] algo_out Av=2.273 g=4.350 e_t=0.00831 LLS=0x0 Ev=9.031 Bv=-1.152 PEv=3.848 Cvgd=0 lux=344, lls=0x0, drc=1.000 wide=0 Vo=0.000
01-25 19:08:31.977  7716  7716 F crashpad: Z`7]JW\Q>d[O&d]d`tR<S6,mWAKT\IneWs3L")pqv@~@MwGgQPWr"A/wh_E,"W0mEKfpJ|4{'r:bp)HYF`Z+jt<KgG;P?Buw\D(e8hH%y.r5=K%oF<grAD,ycIxwrst\qsl4Ts(`I=v9LO~Jlbokw79ARu|Z0o1kF,%pxu6LCaQLXOxeU\xs>u(EhwZE4v$(7Vsulk{Bmumz_ric.5*NGne\1wltBpZCdw_^0Mv*4jDY')bpB33JiPHojF&T0u]rl0jHgq0MfbGAZ6F:N*)jvnLH"KnvWwhBTcG\j^NwIf2kyNn(!G'cI-t;&&-&yJPW;ostq6jg\qdLHf`^pmBy4["FSvLJ5K't{@)s/,_^X!0@twid&8\w.5R:ILk)Wa03#uTrs|UP#lq'Gq,p2?T;+nNpar'+xMkK0W"kR<sLLAk\^14q,qTcowbV1m9Nstrv8O>A0p&IpqglBd+iO%zgI%zgI%zgI%zgI%zgI%zgI%zgI%zgI%zgI%zgI%zgI%zg
01-25 19:08:31.977  7716  7716 F crashpad: I%zgI%zgI%zgI%zgI%zgI%zgI%zgI%zgI%zgI%zgI%zgI%zgI%zgI%zgI%zgI%zgI%zgI%zgI%zgI%zgI%zgI%zgI%zgI%zgI%zgI%zgI%zgI%zgI%zgI%zgI%zgI%zgI%zgI%zgI%zgI%zgI%zgI%zgI%zgI%zgI%zgI%zgI%zgI%zgI%zgI%zgI%zgI%zgI%zgI%zgI%zgI%zgI%zgI%zgI%zgI%zgI%zgI%zgI%zgI%zgI%zgI%zgI%zgI%zgI%zgI%zgI%zgI%zgI%zgI%zgI%zgI%zgI%qrA>6\Xn7b;vloQ.-e">jGFv>F"rvqaE>sH5T]?UI9;@bj|@Qcg<zz2O[F.OQinHKG{s:4.LEI,1@G{oBwjqYRM*"Nta(nDj`kfkx-^x_*2ogw|.=*8s&_GMnI=dJHdtq4oa]hfd7,qVKT/I;kEE]PvYAL5s}.1<h+nBKZPI7qiuwKqqq*EON_c:hQXmdg:jL_k`Jh\GIg~dZ`~A>b]WCTOhXklFD}
01-25 19:08:31.977  7716  7716 F crashpad: Wq;&:>>iCy55eTym@JlEz>s9IFQUEA'RJFtkZByv}fjhEK'HYt(3B*)1`rP?8=4SyK\()XG53:!3Qj_l|'|m4L@gY_*WD5`nhc,^,G{:|o&4[{mii%EMlJYuF;XM~r>)eP}W|?)\p==Ke^#c\wegJXSrX(xS|/a>bBcd$:9tv*M^0]qs3eLwnu7MKl~Ky8VpSURKAFx9aC#JXm"4+wCUpw}br>Sr*B<@GIp3/Dc4,x?Cks26"2Yfh%;wS7.,4[N:IA8RA+A,LVg+4c,Ot42J3ovtLatZydbgw%>aMh(rr<1*Tg@"A21P%tmZ_\5KEH_l%17fbV!:,Oq>OF7MJT4tnT(9xl8q\R{Q.O8mHiVssB-UR.(iTnV%_aW@6O+HT[iICY"*^NQj.uNc=uGd.(BvKyu>jQ=u{a2Dm)Lr3Q(?'UF4Jnt*VTFa0=7sUrJFwB+J-an0`r8)y`:r\q\t(e!:@qw`qhhGIV;mB/2m2=gvSa:Z|gOI7f6C_\a:&<*64S01
01-25 19:08:31.977  7716  7716 F crashpad: `>lGu]P6-AN2E]gvY=$eYhJ^YE`9d[_2"N6wEuhRhl"Fh9PLC+@LxK:np`HcKpn@hCLrtl<L=uAL'DEUHapMnV-ozuvs;+}vMwKrEh4B/:~(jHCs+F,'z>UTKLtpzv@OVg)InnBD0&[rKJ}(E5lwYS@K]@5buqhC\KOy.pRs:_^Ai:%ufgtu21}Qc06pG]_gom~`q[\/x@%DZ>PITfhm7q@0Bd}V&FQq83e.,/BuEJEaTctGqVxRvdyd%eL*LO#C=tA2(pDK,Gv*,uzN")@grVLp:oQZ*bc+pkYn3v2g6nI5)NOv$t\Ae^/)(e-fj`2w6q&J0w/O5HL}os-Mf,#w-(oqSS1w)Qgs$;hMMu1WdK;vMF{23wzyXw`r=vE#HB>beWW='GZ9gvw/Z_5g[2:v\\"zfQzQx3:p>dVb'Ln\?n|ltk}l3vB{0w;CoG7w3L(Z&>_9t[0sMu0wJdD4A+A,fK|iKYJh@qIB[]}v}(5a1t$khUb,X`sXjd</:]F[GLZq
01-25 19:08:31.977  7716  7716 F crashpad: <[xdj+|t2&$t[d>:=bR<(9\ua[#0@beLfPE9QLj:|Pls}dTr0]}1lGed(chBvw~.8`Yu7mE`ePPecjysno5vQl!<R"Fr.61Q{mhuf5n)hQVSciB>u9j6j0vQj2'k|V>2_'L:2Jj7?_DCU'?Y*JECI.4;>u|X4qz'=r\44Ny~<fLg8tcwwy)G\qDqvv33:]qo@Ziy[v@ZUg61FH,gvV.dV5]s%wKJ<}}ehhRP.Urr@b\H;)8ESeQVN@XJG]<kDi.dy@'oqhTGmhJN]QWvdjM\^o~pB^*bwQD@F{=YB*f0.j$`(8]}Xk<yjxB2$4+k&dVa)>gPtsK}vs)a/dR>[8FUS5z>"?wo3Qoy[v*/nQ<Y8swVge:V]s%wKJ<}AuT:r*($JnRL:pO1Etr2jHCsY-l/pwCnCs4w?4B:yRP6n94v:RteX3'mG.DklK~QQ:8&J^yq`olD5wjK-YYnJYC+*v9)-Liu`YuIb={uuP#CEsF8ca'\.fKABo~H<VB6DX43Id:T
01-25 19:08:31.977  7716  7716 F crashpad: vC`\$l\'mVt7@vu0o"Loi+`gnPhs`oV5'2%0B3KT8WEh$B[p1Leu4u6N9omiSefmm:tdm+n)hQLN>]zR@KH@}V`^,%|Y*+B$rV<_fB^VYn)rTGzorFjQ@H"2u0>L0Hz3ikLd8qiGV-iqJ*0LKpn<3s5>HWYnIr6DEU$w2WP)Do4g.JuwGu3waerCF_S/qX6Pl5T/Fh.0xw9BH54A<jlA#Sk37e1L*a5bcrba5\xoaqH:3L}<pF+<etjdZkO;zcJLRN*>16HE:^zZU81Zl/h7]iKp^v7X~@zKpc0u"Y@AO[zj$w.U2szEPrtdRyBCI5PnplbmE7DWyoNs@&2mfgJl~hyJd-7@p-H&|Q?&q@`a[+XU=w#5C6hj1R5,<mWPm\;nXGipEer*!wKWBlV:O`8)\dfcPM{5)L$xG\6vCLir%_WaN=I^[umehe)Gdd(MAw(xgcUn*mPt(73<Hvpt_vMRB+,yu>BURN^K/L^rt|-s7Zz^0u;`ALtqNXH#F&FTyq~I
01-25 19:08:31.977  7716  7716 F crashpad: 5MHEojU3+';lwX5fY``s8z1Q@|'W\Jk}j2uFiKto~nX?S,ph2cy;URadX`r,*Vb^B-pZS+^hn0rSAIwj?}[V,b}q8JY*/YOKzdPMSa{)K,rjr:YrjR*LVo_;"hpir0|az$P~zwi79t`vX;(Z4mmwVpqZzf,oIH~uchfL0]UfrM6sVu=*FeXi/e&(cPxaw:u\Lf6Tba0Yp.*s>dZ[G[N9ufFAp@/a63XSfZ2BdTQ4VT>A~g!R#7(V&trp+h`D^^&N[AkrF5=hhEv~mPw1M$s+`Pvf,;IwF`e<h*TT,v2]-|_oV6aw`sj3{Io)!r8"<D$W{s6-;vN*?WNLG:,H?R*Gb_=1tPe\uK!@/dFHP6q+uc&naHF_5-JA)[Ct5<>w`z45Il^,9V=s\Y(UQL{A\'`;7w~(6PnKktf<$H]vWHNJRAK(\;=aZk6m3Gj9J7%erdje^xIf<wX-(wLv<4E5jv#nF}QNB41zst-Gd\h}<I@A<m]6l0{7mv`DnS4mF^0g6Nb+
01-25 19:08:31.977  7716  7716 F crashpad: xF-jwZ=q9~vET2ifTK<K#C%UF4JnVKEK_rFRF4Bu,wQ,W5L^G;\+F\+xe)*eTSQt\K(~xQ0gX#t_A\c+Ln^u+W`Nmz)Z7bXCs+=XuVY6*acCy_GnFR-Atmsq0:Xht-|JFE(Jx>`v$n$GK;_AXt|j$V9u(ipyFaN\(>/r:dbg:^1g[2il.FZk=pG5Us%wKJtqg60ciljs:4lw`3fd"x5=UpWnV_4+\=j8%t4@O/(5P1#+M%GFC(&ey`OJCj"SOCrw=8uDn]]6CGu]<6vDn]MJ8C|3J<0[5ZLWxsx3,\mb=a`L2rTV`e4uXG$te@Tj\+K.RgjH,:etFsd'd:fl+$4S?aZ9Ha{=_I9.E+wEX92R?a@<Np$VMG$t%`OJJ\#>"qQ;3k(Uk+Rk^g{oL`sA,']NmuK/~|Iy>a@<.H{s37jgHgly>f[JoY&>Bo#4ig~7J9?pqoFM{B3R?ab}~V~D>[/6~hY$y/.`qpx3Ng"_BYdPx3tD<t$V7Bpq$V'xV-,tOtn)
01-25 19:08:31.977  7716  7716 F crashpad: A`6F)iauXadR/KCK{Q,LT6Vw":\_?.Dg`utuwQbg(m88G@,Z0)%JAL\Zluep/)fk>)5r*J/g@Eh5r5+Q6t4\'vy4E6V[lK{pTY:v-42L?i^L*On`YsljHm+GX.Tr)<hg,cJtJfwQ(;jfA64sm)>\c50sAStKg>:hn8v,r5sv9Iv<(#M(HHOgVn_H|t6T,L%tzKyN\6-eJ^<]TgLJ"st99u.G`>JDzZ`g.=_w$;dj]PE67bS5r2?atmlQPh^N%eJWP{8@~5'W-\T[8sG^2FjwSGAB|BIf!m(\,/vJ/[.Ujrh6*vGaTcZbnak78H]v:eXqrslI@o]tgN@k4Q<9&M:qW=wvbB(lN+jJzi&lO+HiZ>o[mQDQP3Hwl7|*TT1Y|aa18M9w*^eq\6@A8A+f&@jQVr6-XwprYJgp^]W.H2Ao8=zwD+6ll]4gJpUO<OrI^fc3?Vb*i\Q&>|)-Cp*~\S4qVd:Im(]K,bS(4;fMauL0Ywqq3j\a{QID.@B-}d[kFHu0
01-25 19:08:31.977  7716  7716 F crashpad: $pvuWaXF$Woc0<uZKHnJ.<]t,Ustaach)T6M3kDC7&UD~YwJLy8UAw6OG,jabh6,ab7&ap8g7&apfl7&Cq+SO+M;JCMAnF:*Ll.R7E&,9+|M{tM7Miab,0hjabH^6b7JGX!vPVkKAWKh9f&Ks/V&Ly8?5F\W;KiB&,ivAGfg*xM)Hi|o:C6WgJ89$Yr\lgZsD54LVLmZyvHf/.Ls,9}H=8\q/kJB#4]9Jrv4duU,`1Rj>o@K'e81p4O+)=PdVklI8jv<BbQfn5<kl7-bp7z^]+!W/bHw$n:,fwZ=75Q3x=IjoplN3q$+ra_!<s*NB\J^p2&v|fnpGKF\J9=^LWAdL6}fvtcwif#@Lc6Shu,@v|hh"Vd?)wkJ2qXFjgOq,C0bfrNi_aj-RA\5N+flGUkQDH|/^r^z*DwBAox/LM@QdKt\YZz*KmF,(YN.l+<Jftf`qsHqBvGtVtiR{QF[5Lz%'_1bVl>W`oPc$HSKX0hFHP}Q>0!p>h9^1LW--HJ^ha@W
01-25 19:08:31.977  7716  7716 F crashpad: V2s[/Kcdyd%e$VD<@>y>?uyfRV(5iS*6iE%vEw!L[rn)%o:F4nsq8OLnw^]L$O-k*C|a\?!Lc^C;,<LxNh`%dGJI:Fr6Ct!MNph*2+xFJw&@~s&k=\}JFvM7:PaP]@JNS66T}@3Wy>~mXC>SXna:fpMfF`;n}epYv7OYYm'+5'jsjZGn=8/5~WoY&,Xw06aJ&,]wXk8\2f#ZebH9Kn6i4UT;nU*f/bJ|4O]m@sQ<GIcu(RtBAb[nHMl+QcFwEQNFXQZu}vrKSrlcjF^a2RqM0K6,61,Kd+!I7a^a2RQ.4K@!jGojwt`ENWxg@u<~:z#jfvKf:pfvS:h]ulHq/^y;{OUvZ~-|z`DNtJrdV?pYWa(*qXN)$cY^@1`U3r#]Abs\3vZbSLZA|hoCrwxG2W?1$n6w{UEen<XA!lSc7tmqJf68kQEnJtVb8kyS+or:Ut4^@1x}@JCswA8MQj(P%AWt<o>~TgeGRo~O4W_qJf::5&f+6w6$y/73OgVn_H(u<o>~
01-25 19:08:31.977  7716  7716 F crashpad: vFh_ikSL>3/ALS)xQ@ji5kBmAbs\6_&Z7k'uj5`r[1?p~U,:ktt5/sE7TL(pRZ@1ju2kfTz^8skpJf^,96?J#L8pT](af/HffTOjLh3kzNPK$4V^QPzdP__.z^_.`A!DNpZlySMH.h)Ic(9aG1`Ac]YngwLK'r/<KtPY+tC@n<)x5bxT,7ww>:'WZw$w*?3k=oJf1Jl5Ktm3RC%s<oJnMasy&xTx4/TL2e**/4!{=vL'WPVvL'61x^1sr=tc%G0B;O`zNr,4`A77~hAbw6Aby?(irV"vnhRvrhfTLspekw$w~9HW${r9iV_w%seC&,uagf+75w$V6M_`*Y[#F4CL;A%X>I<7mZ6M#JW&jqzMkZ6MTl=]6Mx^6bmuKdXo,;rt'T7s`CKa.1_jVjP;#u)E9A|w(__R[#2a$WN4t%wKey|;/zRa-\<?86NO*rl)4ifdts'l-j]V~livmaT+g=")@DBbxq$+`k%<=b]U(u$4Kt4jP:+-4+<Y\kbkDj*mvq`G
01-25 19:08:31.977  7716  7716 F crashpad: 6wT/4\}jtk1m++7bu@/wvqCt4_hAt\ZgXt4_Tg[AR\]wKI1v3JXN=to^$iTk{gTkc;hEb4t\TT?Lt@A22mzb5s0_'u5PIAV-zY5^<sY\-B?Ll`cwa|x^[AP^PuR'(F@oBZ,8xwn)@J806}q\=2swl3`I{qjM1-Q1wz~7fgbJ4T]t8wiZhFfm]6^1pT]nnh,oTl#X4wH*r["lK`7b0I}KeABdO=<m:pDlz`v7fDo.\Otz'vKq81-sH9gbbB{vou"@'QcwxvIK}7Bb"FNl".\J]&Dlx-@sW`r:UpsWT2|X)r5aIRu=EnXhru%e@22n`sWw0\TwTlO>N`r:_uQoPiQatvd9jRIL'%Ur|r,_KWH2_s|\=5Lo:N_gGL-phw,FD_1Ql'&GIL}D'QkGDLY}JJ0O3S=KZ35<+Jlm*F~av6J9w6sV6d{w|OtK7CIW{v|r(}=Vh?T;kg`qUrswmRO.nW<L+AcO</NUhivf|Om~F?5cmwg:kGZw`|R;e60f2Jk$wvF?
01-25 19:08:31.977  7716  7716 F crashpad: 3dy`WwO^zwBZ&tn@caa6Bjp@19X=yHG=*6&xk;-fTSgc>wv'GW;,DdUfr8gX\PIljT#LTZ~*hwzq7@mQ/<1SYb~v&[{5LF2LP@Elp\*&h(4s1LFFb%%gLC0m0UTL)I@pbe&TfAig}r%1C>:bI_E94oHc;Ov4M@d*z"YJ,Czw5/GWT*(=h}l_rKjs)Zy"Hr:b<+VoZHyn"HrYmRw}~Jlbokw7olb`M7v|UV.f&:zV#p*^rK],GUFlVX8W4ogR{/6)lSLw7VcRdK{v8N]CdoyE?r&YFd7-x~?jpXLw9G--oJ?%=s_wa2MG6mjNXwa2)no'Ww_stuvh|?jHc]:bk;!p6NG,ja~V~$V#NJdW;oioVMGWbV~$bT^JU\>(o\ANTDX+pXHkFx{B3R?ad}Hk\1l$Wk\1f!R:`Yi9@jpw0NQjU.CpEwV=l1BN8L,`Kl8kQzWy;VWG7\dK4,cXc_Yw;7{oqtuXGtX_t|2WxSVo:b:($4g*d6tV.1C.@4(**^Wae3NQ
01-25 19:08:31.977  7716  7716 F crashpad: WaiuUa+fB.0kxgfoLjuK]4mqNufo-]-1/<89!KbA;PCT@$vJLFXZDOXuWa7<!b.15Cm8|;6k!"~tKMR_pNQa66BNxJNW,g#u#!>0-k8G.:&TaPF:$%8QEA6,H5NGjq(R#lGk:x%V!rNnut/G--oJGi!"5A}Jv+9F(M@k8Gxo7^vJba?fSa0zr*51'cI-t;.1ecjT"#]KBU"#5w$V"#ya3=$%zBuT@b\rX;J9?p{tm6}1Y9.1ecjq"?X4Wk$]3I%T_>h]#uOW0*@3>NtJ<>MQWaq)Ij;AMg5<[JsGxwo6Fu"K\NiBVdT{$gg+vyQ].X5<oXpQf6FcWvBVplM_t7rlEKql}WBeut=|f52*w`vbqlaIUXUCTcDU:]f%u_ujj)HdyNH95&J}dkJx;u"K<-41MJwg{3YE,/kJDE[j*Xt.!kJx%4`k<!7^'DTc|+x>K1K/xFcvmumz_ric`^D7_G4E2"uFo+gN0k^bRQ1q2=N*GtGkJxs^f%R^pmNf?Dnt[[L?
01-25 19:08:31.977  7716  7716 F crashpad: S_pm<MS;9)mnnZf%Q5%kJxaT(kJxGW,kJxHf`^pm^fy]H5tK9/&$g;xFec\MAiC#Y;xFO\r}xFw0&vmRZ>Fi{3aqI4,S<){3?jSDN*K,*^N,;jXi-x8L<SLr|E]+`Z1ojxo:*NFjnXEKIr,u]=Gp^L-85<.sZ`1\@]'9Ml4g0s5MVT2WL"E5T0:@V`.-N`*wI;^f[6noBXO*_HO6<lr*]F?W=H$0=@[J]&ruD]#ss\kh2c:^p8C=qjP'(mMAv9lS`_L6w/L"mK8sk>5vM\)Z"4~N(Ey>`j"d4[&k#DW-\Ayq9KHo<qypf*5mz(awcl>j_hrpfv$rvw9.~]^,nlH->rdS.m>j4cA\8jE*b_Jj40TwBsJj6q4v*vQ1MeP=A"9+YqZLaT(k6xGW,k(!PJGk4GLefXK7qJTZ#3o4vaGO:zAi_!Y;8b-fDj*f<lov|$_k^Ly`RnRLbO;M@"Hix[8bOcQzQjL'$?$d!`*lfkJ6PCDj0IPpq]')\nbbYRcZXv3+
01-25 19:08:31.977  7716  7716 F crashpad: Hr-N3<r:2?-X=Lf2T+U,2?-Xp@APtKg/_5dac(}K.sl,0u<wUs~U/PZ+_CPM)<J}6Z!2r^`FG5PlqR(e&=,TBZ=93U"2UwU6:PpF.)RVCW8Lcu1A!b{sBbRGP92mGtRc6+dEnJX\-=LG\PpC^;IZ1E$twt[I,&1j@0`j]cNDc\B[@ofj^`,l6%.m1K\?wC^Ja_eGmY}F#J]&&oJIgv-ftqeK8.X0B>"KC<K_AHn~Y?nd8dlS9DYo|?3;pG<JO=+-\23mj;xzsSOc0ad`n@&T@7SIbt|XHQKR&v\y6OXTRPl[[Jx6f2aMMDCzMDCzMDCzMDCzMDCzMDCzMDCzMDCzMDCz(y_aiF>`Qw|@m?.wEUD,+L;uCbRL8Y#J4%\6Y,Q1k,+]gR_rumKt"_rX`Q(c}WAs&v*-?)<[n2n\!E]q5KhaBV'7:oT+3C6DnVlw|W2kM_/J_Q_TMDkN}Qd3O_>D%GTrLC1YSH~0[j92+][$"rG7Vl${0TCU<_(EGK&X9gY_
01-25 19:08:31.977  7716  7716 F crashpad: RQ/fdk*=KKpd'cRXU+4@=@/JXt;{yQ"y>TXc~<<-zlu+=9~ckzGW[1M0l9BnFR-?kX^*'eV@8(Z\HT,W~hZ}vDCzMDCzWyIKHdbt^OKH$DI~0Lyv>1JI85hu}a[m,ixk(Gs`E\~n>t2KU1L+os2e3\^C@gu5]w=P/\@mm)L+1mB"VlTt\866XQn\$h0bTQ,)yCxu!rjfp09q0O9q:vfF.h|v`9R_P%pK'mof/Ht3jLbTE[~Tj>{T1w/7g8/jLU|ny>5w8n!<HIxwOktKfq(5Gt`uZqGJTK_vnm=BqErKs+u=@w4M073AtzpnwFD-QG7.y^K=fq8ES7iw)ud:jc;}0JQ2tt<[{nMHe_-VHF8NE*Jusk@MFuQbhIH[x-fba*@q}aWYR:p2(wnmcwN2EBS]Mrq`nXqe:#"QL~DWe]GH$),Z=sge-w%O1wzIIsdaD0v`Lcn0:l'm|;%O;JbE'tF@~l&?^|4O(G_JfFB%`w{_{]`rn)z5`wGA#*s@=W1a<C_*
01-25 19:08:31.977  7716  7716 F crashpad: 6L-~D;"Y'VpG-L>^Zrunot=`P6W\4gz7+`.fd0@wC*56n\CfniO)!JAA=h<Vv>w#9ul-0K,r+xmk@3CAn`es"ba|ql5^-da]KHPZP)|g\sR-o+cJ)n}G>GM.?4mlCf:jjld'LL\qfdt,Q4%>Rj-[<2<1!WHS|qb>[/@DrlNd/qjN/iY<p<@vvB\CefOyIH}Gr.$;4K`<36Rt.<+chuKBRgSs5Lldpn$!Mhq~LKF~A>Be_urwRn6tuE46_Q"w3+^Vj0_i7O#mP{t3!Tm(HaXQKWj+:faQ]jO$n+>Pof)G]ACk)JfwljCC~(`m]JFvCozf:aAcnk=7X5)6#YWZ(U[wrkuxWrGn'{`6OuCK2BkJKe'6KK31i9{mWr>YAHzKl/P^jl[5>;-b`1E56`V+`A@d>bX6dG03<oRA|SLizFv)M9QBm!xaxlU7jR2KN\puif,)0q!T/{gg}F!v|Ra%w*b#mJ[JV,q3}|u>Rk2JF~z['\Csd6)e0IzR}wg!oK5O1a0)
01-25 19:08:31.977  7716  7716 F crashpad: Y+U+gw[wWh~N)8.u@p}K'q6-#Y<{#j*8CPL?H}I!b*DfGnbXV}4W}p@UvrtqcT#CJn6Hjauf`Y<Nc`r.4k8K@gCDHmj?CD*b*k@W`p\e@I7.vfBz/ZCD?`$o`M#vU37/;l{KW98QH%~;O7!LgiH=#LgiQnZe"b5Ea2Y+edDazyK6f:9>$L]|;-4kq&n9!L]Tjavn(qlwOs.>1dBzaTL6Tm}V43p)O6P6pg:/p)1gB^f;@p;s@7EFCD7t;,!o\kW(NXCDv.5+ZJgiCD36{@pw|'MuX@i\oszD57?Wj't*revtJe"V*6j@/ipn|{0n`MADU6bdiiCD{v!ww6*ZCD74.h7mp*H`xv/RA*p)m5|z-LTK1s&qdg05'Um)BXQ6HsbQ6v4(MuX@i\oszD?,?W:#--0LLo[r~aO6N;8FhM&uYc"V\gU}MTq0<sbh6O!JT0c#m5|z!wZ}bdbb<lsX]0VZ:5\\2e`1W-bSpqKSYNcbbbF4M0Rm"Am+!SB:^6u7DR$c
01-25 19:08:31.977  7716  7716 F crashpad: >j2s7N,x<'~QbrR@zV?vHfJm6U"bwN=\X4[rLQaw#L.HXV5`5lRJ`r_EdkPAK/5MHuBIJIP"ww?s,][E{/$'gwS$.mBVos#FTw(v"bm9j6j&fR{`.mj*R5Ew;ogp.riv+-`6jvHfL^puPAinr<6,Pa#jp|CpCgB:cQN7.bV49a|V6(7g{sm]n38Ls<UvJ"+)Hk\VLAauHfdVeD:w(*3e[Aru=ApWd-Vp{4+mZizfC9|@4:pI/Qzn"tgnTE]3EJ8hjBXg+k$y8b56"8{r|N!Sj^16PLx>DsVs'HFc}3A9q^,8H0|FvOg7<QA3%H]G)aIf's2w}.Ut~u:.tBEgRC*6JOL+uZ))e.LwbkAWWM(_LXByLnaezvjiC3Qt<Ks+AX5`OKrfJKINtC66ye/J$C|r*WpBf+W65xk\^N{kxlVjqF,1t^^!ivcZm\rdF.@b_v@Fpu)vQ1MeP=i6Q5qqJzaTtqJz]rav*+hM8b(62bYj(9Gwqlku%l<OJ6yiJ.WbD74K
01-25 19:08:31.977  7716  7716 F crashpad: b-xd7,4Lf}Fv0Z/oP]ivNC^F}^2>JwGG*f'a5b-,WA4}%wbJD3`jx_2*BbYV[7d/^C\C>zPG{ELT;K4k8Y2@;eitnwph,r6]BDAY<9&sM@Ag~93x~aZLMj|__tVuORvd'e`k<ZjE~sF9$`!$Wwh@YhV,6lD6xEa3U,o4jv8PPhLrf$zUNL:3lA9{5/D3K++wY@O;fw~<g^P9}GDPcw~H~u^j.jDSR^jlg6y|(EgEVu+PrJ4jXsF.coX_TAdaH1?qpcI\>NIyRAbpXSJvY\@IOjF^3kRAleXsx7aS|?caz:8Q2*g;p\NG~vq\#[J-Y;p\XtmoTog;q>d5~u.M"2H*w=ZMhUPw}u:3_2zKJW9/6vl\dTiorN:&{K>qhhdX#J;nrNU.(b?QL/@s$m#Z'+D3]5(bkcrun-1KgHduL,bS2*g3p\*vTc5'0@*bW=gs:Hn3v/pi8[)birXYAvp(Ou\43<TAPc9.?q_5M7fp*8feuvGl$sVUfQl\/5MltpV6qw]l
01-25 19:08:31.977  7716  7716 F crashpad: ZGp+wMvTBaz881WI?AgwGsHmAlQ0Rl.p?-n+\nlGNh"kY<6^f+caXsP7m)ccu0myJ-OFH6f+}TBRJ`pT6^7n{ORu(=^Jc>G]XuNVKQ<D`knJ;[,@ZZ:m$r<WQ}~u&3OrP6#TSHWbQ};veUj&:1P67>{l8tyV/1D5wX>1O6g+g9zK1exe8e`gmo"N"Z9Om_6wg|v3-N5/V,OFN6KTG=T?Rkak4WUr_BiJ:=TD*g@TLGc>uLYg.pGKbUV<X{Iw;@_M{VOvOYjJO_JRjt4WXb:0EP$3)."AZu~Ig9msMHi6RpBuxsEP4l#C;v2`JVj5U=rka*^u$fpg3M;IGmK*7rB.qunfIQGW9VI>9FxeV<jizoYig]fu~dZ6.D7t&t$BkR"ZGugcjT`aGt,DGu3itS`a-$<L+^[`w'qohpf\b83+@&:q@^c;1R|74Kzm>7gp01}k!x{>h8XwdA^FwKVP{t()a\~pzdAW~BGue:LhEv03wFOJ5a#mief_Zwq\MJ?izPpd
01-25 19:08:31.977  7716  7716 F crashpad: J6!-{v`_X-kpKW89[A5R^pbZ-fVHgd+r`q~[]sjw6^b-:Rbr<;cwk+;A8.WB6O#;x..(LGQiDo3_'g(6^!Vwh38(bl#u}.^6/e~p&@.ovZaD1LqvDnl@AYUj.0{wquhWIF{bvJ,@*bnedX+)bf'wJZgpX_B^V`|IkF,ho0;s;&Nq&IILL]0I*`L)+LXs4fSSn5A@C4-@RrK-W-?^9WQJ-f`Gn3\~P2qp8>z6;J}dXhDf4z_5hoQ]+Z#u6WF0`YtJ*ofw`!N(O/,
01-25 19:08:31.977  7716  7716 F crashpad: -----END CRASHPAD MINIDUMP-----
01-25 19:08:31.977  1959  3783 I SS_3A   :  INFO: AWB: TsAwb_process_preview: 3028: [4]TsAwb_gain_front=1.757,1.00,1.749,  BV=7.031, lux=152, CT=4877, CT2=4877, TG=1, Ch_g=1.057, I/V=0.000, LT=0, PsnIdx=0
01-25 19:08:31.994  1959  3784 I SS_3A   :  INFO: AEC: TsAec_process_get_aec_info: 2583: [F][5] algo_out Av=2.273 g=34.802 e_t=0.00831 LLS=0x0 Ev=6.031 Bv=-1.152 PEv=3.848 Cvgd=0 lux=344, lls=0x0, drc=1.000 wide=0 Vo=0.000
01-25 19:08:31.994  1959  3786 I SS_3A   :  INFO: AWB: TsAwb_process_preview: 3028: [5]TsAwb_gain_front=1.783,1.00,1.809,  BV=-1.152, lux=344, CT=4788, CT2=4788, TG=1, Ch_g=1.066, I/V=0.000, LT=0, PsnIdx=0
01-25 19:08:31.996  2829  7758 I DropBoxManagerService: add tag=data_app_crash isTagEnabled=true flags=0x2
01-25 19:08:31.996  2829  3746 D Debug   : low && ship && 3rdparty app crash, do not dump
01-25 19:08:31.997  2829  7759 W ActivityManager: crash : com.outsystemscloud.lucasgv.SandboxAppCordova,10444
01-25 19:08:31.997  2829  3746 W ActivityTaskManager:   Force finishing activity com.outsystemscloud.lucasgv.SandboxAppCordova/.MainActivity
01-25 19:08:31.997  2829  3746 D WindowManager: Transition is created, t=TransitionRecord{f7f1776 id=-1 type=CLOSE flags=0x10}, caller=com.android.server.wm.TransitionController.createTransition:339 com.android.server.wm.TransitionController.requestTransitionIfNeeded:824 com.android.server.wm.TransitionController.requestTransitionIfNeeded:730 com.android.server.wm.DisplayContent.requestTransitionAndLegacyPrepare:6986 com.android.server.wm.DisplayContent.requestTransitionAndLegacyPrepare:6979 
01-25 19:08:31.997  2829  3746 D WindowManager: SyncGroup is created, id=2810, name=Transition, caller=com.android.server.wm.BLASTSyncEngine$SyncGroup.<init>:0 com.android.server.wm.BLASTSyncEngine.prepareSyncSet:523 com.android.server.wm.BLASTSyncEngine.startSyncSet:528 com.android.server.wm.Transition.startCollecting:704 com.android.server.wm.TransitionController.moveToCollecting:360 com.android.server.wm.TransitionController.createTransition:341 com.android.server.wm.TransitionController.requestTransitionIfNeeded:824 
01-25 19:08:31.997  2829  3746 W WindowManager: setSyncMethod, id=2810, method=0, caller=com.android.server.wm.Transition.startCollecting:706 com.android.server.wm.TransitionController.moveToCollecting:360 com.android.server.wm.TransitionController.createTransition:341 
01-25 19:08:31.997  2829  3746 V WindowManager: Start collecting in Transition: TransitionRecord{f7f1776 id=2810 type=CLOSE flags=0x10}, caller=com.android.server.wm.TransitionController.createTransition:341 com.android.server.wm.TransitionController.requestTransitionIfNeeded:824 com.android.server.wm.TransitionController.requestTransitionIfNeeded:730 com.android.server.wm.DisplayContent.requestTransitionAndLegacyPrepare:6986 com.android.server.wm.DisplayContent.requestTransitionAndLegacyPrepare:6979 
01-25 19:08:31.997  2829  3746 V WindowManager: Requesting StartTransition: TransitionRecord{f7f1776 id=2810 type=CLOSE flags=0x10}, caller=com.android.server.wm.TransitionController.requestTransitionIfNeeded:824 com.android.server.wm.TransitionController.requestTransitionIfNeeded:730 com.android.server.wm.DisplayContent.requestTransitionAndLegacyPrepare:6986 com.android.server.wm.DisplayContent.requestTransitionAndLegacyPrepare:6979 com.android.server.wm.Task.finishTopCrashedActivityLocked:6892 
01-25 19:08:31.997  4158  4206 V WindowManagerShell: Transition requested: android.os.BinderProxy@fbcc958 TransitionRequestInfo { type = CLOSE, triggerTask = null, remoteTransition = null, displayChange = null }
01-25 19:08:31.997  2829  3746 D ActivityTaskManager: scheduleTopResumedActivityChanged, onTop=false, r=ActivityRecord{db394df u0 com.outsystemscloud.lucasgv.SandboxAppCordova/.MainActivity t31833 f}}, caller=com.android.server.wm.ActivityTaskSupervisor.updateTopResumedActivityIfNeeded:2873 com.android.server.wm.TaskDisplayArea.positionChildTaskAt:569 com.android.server.wm.TaskDisplayArea.positionChildAt:485 com.android.server.wm.WindowContainer.positionChildAt:993 com.android.server.wm.Task.positionChildAt:3373 com.android.server.wm.Task.moveToFront:6140 
01-25 19:08:31.998  2829  3746 D SGM:FgCheckThread: TaskStackListener.onTaskFocusChanged(), taskId=31833, focused=false
01-25 19:08:31.998  2829  3746 D SGM:FgCheckThread: TaskStackListener.onTaskFocusChanged(), taskId=31302, focused=true
01-25 19:08:31.998  2829  3746 D SGM:FgCheckThread:   sendRunningComponentFocus(), pkgName: com.sec.android.app.launcher, userId: 0
01-25 19:08:31.998  2829  3972 D AS.MultiSoundManager: mForegroundUid = 10139
01-25 19:08:31.998  2829  3656 D SGM:FgCheckThread: onLooperPrepared(), msg: MSG_TASK_FOCUSED, pkgName: com.sec.android.app.launcher, userId: 0
01-25 19:08:31.998  2829  3746 D InputDispatcher: Focused application(0): ActivityRecord{b7f1d01 u0 com.sec.android.app.launcher/.activities.LauncherActivity t31302}
01-25 19:08:31.998  2829  3656 D SGM:FgCheckThread: handleTaskFocused().
01-25 19:08:31.998  2829  3656 D SGM:FgCheckThread: sendFocusOutConditionally() - mPrevNotiPkg: (unknown), userId: 0
01-25 19:08:31.998  2829  3656 D SGM:FgCheckThread:   handleTaskFocused(), pkgName: com.sec.android.app.launcher, userID:0 mResumedPkgMap does not containsKey.
01-25 19:08:31.998  2829  3746 V WindowManager: Changing focus from Window{c31210 u0 com.outsystemscloud.lucasgv.SandboxAppCordova/com.outsystemscloud.lucasgv.SandboxAppCordova.MainActivity} to null displayId=0 Callers=com.android.server.wm.RootWindowContainer.updateFocusedWindowLocked:581 com.android.server.wm.WindowManagerService.updateFocusedWindowLocked:6910 com.android.server.wm.ActivityTaskManagerService.setLastResumedActivityUncheckLocked:6164 com.android.server.wm.ActivityRecord.moveFocusableActivityToTop:4165 
01-25 19:08:31.998  2829  3746 V SystemKeyManager: updateFocusedWindow() is called, 
01-25 19:08:31.998  2829  3746 D SGM:FgCheckThread: TaskStackListener.onTaskFocusChanged(), taskId=31833, focused=false
01-25 19:08:31.998  2829  3746 D SGM:FgCheckThread: TaskStackListener.onTaskFocusChanged(), taskId=31302, focused=true
01-25 19:08:31.998  2829  3746 D SGM:FgCheckThread:   sendRunningComponentFocus(), pkgName: com.sec.android.app.launcher, userId: 0
01-25 19:08:31.998  2829  3656 D SGM:FgCheckThread: onLooperPrepared(), msg: MSG_TASK_FOCUSED, pkgName: com.sec.android.app.launcher, userId: 0
01-25 19:08:31.999  2829  3972 D AS.MultiSoundManager: mForegroundUid = 10139
01-25 19:08:31.999  2829  3656 D SGM:FgCheckThread: handleTaskFocused().
01-25 19:08:31.999  2829  3656 D SGM:FgCheckThread:   handleTaskFocused(), pkgName: com.sec.android.app.launcher, userID:0 mResumedPkgMap does not containsKey.
01-25 19:08:31.999  2829  3746 V WindowManager: Collecting in transition 2810: Task{f731f4f #31833 type=standard A=10444:com.outsystemscloud.lucasgv.SandboxAppCordova}, caller=com.android.server.wm.Transition.collect:753 com.android.server.wm.Transition.collectExistenceChange:936 com.android.server.wm.TransitionController.collectExistenceChange:1025 com.android.server.wm.TransitionController.requestCloseTransitionIfNeeded:963 com.android.server.wm.ActivityRecord.finishIfPossible:4361 
01-25 19:08:31.999  2829  3746 D WindowManager: prepareSync <SYNC_STATE_WAITING_FOR_DRAW>, mPrepareSyncSeqId=0, win=Window{c31210 u0 com.outsystemscloud.lucasgv.SandboxAppCordova/com.outsystemscloud.lucasgv.SandboxAppCordova.MainActivity}
01-25 19:08:31.999  2829  3746 V WindowManager: Collecting in transition 2810: ActivityRecord{db394df u0 com.outsystemscloud.lucasgv.SandboxAppCordova/.MainActivity t31833 f}}, caller=com.android.server.wm.Transition.collect:753 com.android.server.wm.TransitionController.collect:975 com.android.server.wm.ActivityRecord.setVisibility:6429 com.android.server.wm.ActivityRecord.setVisibility:6381 com.android.server.wm.ActivityRecord.finishIfPossible:4440 
01-25 19:08:31.999  2829  3746 D WindowManager: VisibleRequested updated, r=ActivityRecord{db394df u0 com.outsystemscloud.lucasgv.SandboxAppCordova/.MainActivity t31833 f}}
01-25 19:08:32.000  2829  6764 V WindowManager: Starting Transition 2810, caller=com.android.server.wm.WindowOrganizerController.startTransition:384 com.android.server.wm.WindowOrganizerController.startTransition:315 android.window.IWindowOrganizerController$Stub.onTransact:257 
01-25 19:08:32.000  2829  6764 V Transition:  allReady query: used=true, override=false, defer=0, states=Display{#0 state=ON size=1440x3088 ROTATION_0}:false
01-25 19:08:32.001  2829  3121 I ActivityManager: Showing crash dialog for package com.outsystemscloud.lucasgv.SandboxAppCordova u0
01-25 19:08:32.001  2829  3121 D IAFDDiagnosis: parseExpType start
01-25 19:08:32.001  2829  3121 D ActivityManager: step1: IAFD parse pass, will call showIAFDCrashDialogs
01-25 19:08:32.001  2829  3121 D IAFDDiagnosis: getExpType() expType=1
01-25 19:08:32.001  2829  3121 D IAFDDiagnosis: Show3rdAppErrorUiExt() startService SM
01-25 19:08:32.001  2829  3121 D IAFDDiagnosis: getExpType() expType=1
01-25 19:08:32.001  2829  3121 W ContextImpl: Calling a method in the system process without a qualified user: android.app.ContextImpl.startService:1960 com.sec.android.iaft.IAFDDiagnosis.showIAFDCrashDialogs:704 com.android.server.am.AppErrors.handleShowAppErrorUi:1205 com.android.server.am.ActivityManagerService$UiHandler.handleMessage:2041 android.os.Handler.dispatchMessage:106 
01-25 19:08:32.001  4640  4771 I HoneySpace.TopTaskSource: onTaskMovedToFront : taskId = 31302
01-25 19:08:32.001  2829  3159 D IAFDDBManager: syncDBType(): mCurDBIndex=1, curDBVer=5
01-25 19:08:32.001  4640  4771 I HoneySpace.TopTaskSource: onTaskFocusChanged(): taskId = 31302
01-25 19:08:32.002  2829  3159 D IAFDDBManager: syncDBType(): mCurDBIndex=1, curDBVer=5
01-25 19:08:32.002  4640  4771 I HoneySpace.TopTaskSource: onTaskFocusChanged(): taskId = 31302
01-25 19:08:32.002  4640  4771 I HoneySpace.TopTaskSource: onTaskMovedToFront : taskId = 31302
01-25 19:08:32.002  4640  4771 I HoneySpace.TopTaskSource: onTaskMovedToFront : taskId = 31302
01-25 19:08:32.002  4640  2941 I HoneySpace.RecentTasks: onRecentTasksChanged
01-25 19:08:32.002  2829  3121 I ActivityManager: com.samsung.android.lool is exempt from freezer
01-25 19:08:32.003  4640  4773 I HoneySpace.TopTaskUseCase: topTasks 31302 ComponentInfo{com.sec.android.app.launcher/com.sec.android.app.launcher.Launcher}
01-25 19:08:32.003  2829  3121 D CompatibilityChangeReporter: Compat change id reported: 135634846; UID 1000; state: DISABLED
