--------- beginning of main
01-25 17:40:20.857 25301  9309 I NearbyPresence: (REDACTED) %s verified [==] new request %s equals to the old request
01-25 17:40:20.858 25301  9309 I NearbyPresence: (REDACTED) %s verified [==] new request %s equals to the old request
01-25 17:40:20.888  1919 10945 I sensors-hal: ssc_conn_event_cb:869, SCHED_FIFO(10) for qmi_cbk
01-25 17:40:20.888  1919 10945 I sensors-hal: handle_sns_std_sensor_event:90, light_cct: ts = 510590763250137 ns; value = [27, 27, 236, 234, 14, 69, 4, 3, 24965, 6]
01-25 17:40:20.889  1919  1919 I sensors-hal: activate:285, com.samsung.sensor.light_cct/1511 en=0
01-25 17:40:20.889  1919  1919 I sensors-hal: ~ssc_qmi:63, ~ssc_qmi
01-25 17:40:20.889  1919  1919 I sensors-hal: activate:303, com.samsung.sensor.light_cct/1511 en=0 completed
01-25 17:40:20.890  2829  3966 D SensorManager: unregisterListener :: com.samsung.android.displaysolution.EyeComfortSolutionService$2@a5e9e7f
01-25 17:40:20.891  1875  2041 E minksocket: MinkIPC_QRTR_Service: client with node 1 port 462e went down
01-25 17:40:20.891  1875  2046 E minksocket: MinkIPC_QRTR_Service: client with node 1 port 462e went down
01-25 17:40:20.974  1838  1838 I Zygote  : Process 10186 exited due to signal 9 (Killed)
01-25 17:40:20.978  2829  3132 I libprocessgroup: Successfully killed process cgroup uid 10590 pid 10186 in 17ms
--------- beginning of system
01-25 17:40:21.071 10023 10023 I SDHMS:LOAD: type: LoadsFreqs, value: 0:60:4:1823232:3360000:0:1719935:2803200:0:316:475:0
01-25 17:40:21.514  2829  5012 D FreecessController: br.com.Inter.CDPro(state: Initial -> Frozen, Reason: JOB_ADD)
01-25 17:40:21.515  2829  5012 D FreecessController: FZ : br.com.Inter.CDPro(9976)
01-25 17:40:21.518  2829  5012 D ActivityManager: FCA:FCA recordedFileRss = 0, and changeinRss = 166148
01-25 17:40:21.519  2829  5012 D FreecessController: FZ : br.com.Inter.CDPro(0), reason: Bg
01-25 17:40:21.525  2829  5012 I PowerManagerService: [PWL] SetWakeLockEnableDisable uid = 10370 , disable= true
01-25 17:40:21.525  2829  5012 I PowerManagerService: [PWL] can not change uid =  10370
01-25 17:40:21.525  2829  5012 W LocationManagerService: onFreezeStateChanged, uid[10370]=true
01-25 17:40:21.539  2829  5012 D FreecessController: br.com.portoseguro.experienciacliente.mundoporto(state: Initial -> Frozen, Reason: JOB_ADD)
01-25 17:40:21.540  2829  5012 D FreecessController: It has not been able to freeze yet. name=br.com.portoseguro.experienciacliente.mundoporto, uid=10590
01-25 17:40:21.540  2829  5012 D FreecessController: br.com.portoseguro.experienciacliente.mundoporto(state: Frozen -> Initial, Reason: Bg)
01-25 17:40:21.618 25301  9309 I NearbyMediums: Found Fast Ble Advertisements :
01-25 17:40:21.618 25301  9309 I NearbyMediums: BleAdvertisement { version=2, socketVersion=2, isFast=true, serviceIdHash=null, data=[ 0x23 0x54 0x4a 0x45 0x54 0x11 0x32 0xf7 0x0c 0x5d 0xcb 0x28 0x80 0xfc 0xfe 0xfd 0x32 0x3b 0x4c 0x92 0xbf 0xa8 0xc1 ], deviceToken=[ 0xa2 0x68 ], rxAdvertisement=null } : 5 times.
01-25 17:40:21.618 25301  9309 I NearbyMediums: Total 5 fast advertisements from 1 unique advertisers.
01-25 17:40:21.714  2829  3602 D ActivityManager: FCA:Reclamation for pid: 6994
01-25 17:40:21.739  1067  1067 D io_stats: !@   8,0 r 25811186 744855431 w 24383405 290873100 d 1501044 275251872 f 440960 2156934 iot 17763936 0 th 0 0 0 pt 0 inp 0 0 295590.646
01-25 17:40:21.759  2829  3602 D ActivityManager: FCA:Reclamation for pid: 11773
01-25 17:40:21.773  2829  3602 D ActivityManager: FCA:Reclamation for pid: 5429
01-25 17:40:21.853  4158  4158 D SecPowerUI.Notification: showChargingNotice oldChargingType : 8 / currentChargingType : 8, oldChargingTime : 1245000 / mChargingTime : 1245000
01-25 17:40:21.853  4158  4158 D SecPowerUI.Notification: showChargingNotice There is no change about charging status, so return!
01-25 17:40:22.168  1919  9842 I sensors-hal: handle_sns_std_sensor_event:436, [SSC_LIGHT] P: 27(27),m:13,c:291,b:69,c0:24582,l:27,f(r):98,u(bl):100,j:15
01-25 17:40:22.288  2829  3127 E Watchdog: !@Sync: 9847 heap: 133 / 148 FD: 1470 [2025-01-25 17:40:22.287]
01-25 17:40:22.760  2829  5012 D FreecessController: com.facebook.katana(state: Initial -> Frozen, Reason: JOB_ADD)
01-25 17:40:22.762  2829  5012 D FreecessController: FZ : com.facebook.katana(2720)
01-25 17:40:22.765  2829  5012 D ActivityManager: FCA:FCA recordedFileRss = 91168, and changeinRss = 15784
01-25 17:40:22.767  2829  5012 D FreecessController: FZ : com.facebook.katana(0), reason: Bg
01-25 17:40:22.775  2829  5012 I PowerManagerService: [PWL] SetWakeLockEnableDisable uid = 10364 , disable= true
01-25 17:40:22.775  2829  5012 I PowerManagerService: [PWL] can not change uid =  10364
01-25 17:40:22.775  2829  5012 W LocationManagerService: onFreezeStateChanged, uid[10364]=true
01-25 17:40:22.857  9969 10165 W SQLiteLog: (28) double-quoted string literal: "4b4b63f2-f51f-472e-bd23-e63253f36547"
01-25 17:40:22.858  9969 10165 W SQLiteLog: (28) double-quoted string literal: "f4e2ae9c-f6f2-4c1a-9974-1562de6c1c04"
01-25 17:40:22.858  9969 10165 W SQLiteLog: (28) double-quoted string literal: "2a294295-dd05-41ae-9cec-f1eee1ecfa66"
01-25 17:40:22.858  9969 10165 W SQLiteLog: (28) double-quoted string literal: "82b05037-6b6f-4151-85f6-7948b8afda7a"
01-25 17:40:22.858  9969 10165 W SQLiteLog: (28) double-quoted string literal: "e5860fd4-ac84-42d6-9dd5-36fdea6a71c8"
01-25 17:40:22.858  9969 10165 W SQLiteLog: (28) double-quoted string literal: "15edfe0a-9428-4a01-9744-3824a8f9c217"
01-25 17:40:22.858  9969 10165 W SQLiteLog: (28) double-quoted string literal: "301eb304-bccd-46a3-99fc-6cc957acbf03"
01-25 17:40:22.858  9969 10165 W SQLiteLog: (28) double-quoted string literal: "f0d6adcc-c726-4ac5-8f6d-811c2e4e5662"
01-25 17:40:22.858  9969 10165 W SQLiteLog: (28) double-quoted string literal: "0c0d0ba5-a61e-47b3-b27b-65875540c3f8"
01-25 17:40:22.858  9969 10165 W SQLiteLog: (28) double-quoted string literal: "5286fce9-b3f9-4b88-8070-c992086c836c"
01-25 17:40:22.858  9969 10165 W SQLiteLog: (28) double-quoted string literal: "50a20cd2-2992-4767-b818-a0153f24e969"
01-25 17:40:22.858  9969 10165 W SQLiteLog: (28) double-quoted string literal: "d9a15a1d-9b09-41e4-bebe-a727c24e056e"
01-25 17:40:22.858  9969 10165 W SQLiteLog: (28) double-quoted string literal: "66e90a01-8d2b-4743-b62a-76b1a4a50761"
01-25 17:40:22.858  9969 10165 W SQLiteLog: (28) double-quoted string literal: "0e4a20a5-9a15-4265-bbd3-0dd49945992f"
01-25 17:40:22.858  9969 10165 W SQLiteLog: (28) double-quoted string literal: "3a1ef81f-7947-439f-931f-c3ad8fd78584"
01-25 17:40:22.858  9969 10165 W SQLiteLog: (28) double-quoted string literal: "0963262b-d391-4561-a04c-a7ec1af4c28c"
01-25 17:40:22.858  9969 10165 W SQLiteLog: (28) double-quoted string literal: "e1438b77-0ca7-43d4-a7e3-49f935be9ad5"
01-25 17:40:22.858  9969 10165 W SQLiteLog: (28) double-quoted string literal: "3311f40b-440d-4305-a987-c273be77571b"
01-25 17:40:22.858  9969 10165 W SQLiteLog: (28) double-quoted string literal: "66840bd4-d541-4a38-b76e-0dd8d146b6c2"
01-25 17:40:22.858  9969 10165 W SQLiteLog: (28) double-quoted string literal: "3dbff15a-1cdd-4432-a403-33e6c71ff9b6"
01-25 17:40:22.858  9969 10165 W SQLiteLog: (28) double-quoted string literal: "1ba89981-125b-444e-8a6c-2e2d77f06cae"
01-25 17:40:22.858  9969 10165 W SQLiteLog: (28) double-quoted string literal: "ccd72dc9-9ac1-4f22-8a0d-c80ffecea714"
01-25 17:40:22.859  9969 10165 W SQLiteLog: (28) double-quoted string literal: "64677d31-351f-4de7-ba1c-c281dff2e65d"
01-25 17:40:22.859  9969 10165 W SQLiteLog: (28) double-quoted string literal: "8a714d44-5e15-4128-b064-755044e9bcf1"
01-25 17:40:22.859  9969 10165 W SQLiteLog: (28) double-quoted string literal: "21e09a94-07fe-45e2-bf29-45abf7533f96"
01-25 17:40:22.859  9969 10165 W SQLiteLog: (28) double-quoted string literal: "e6caa5ed-1386-430c-bf0b-77aa068b67f8"
01-25 17:40:22.859  9969 10165 W SQLiteLog: (28) double-quoted string literal: "35211828-70d1-4674-81e5-d3d067e61cb3"
01-25 17:40:22.859  9969 10165 W SQLiteLog: (28) double-quoted string literal: "25a3a2f3-e1d6-4031-9a15-e351df6ca950"
01-25 17:40:22.859  9969 10165 W SQLiteLog: (28) double-quoted string literal: "8a1463a6-c597-4b96-9cc9-2c9c1e726471"
01-25 17:40:22.859  9969 10165 W SQLiteLog: (28) double-quoted string literal: "ee2cb120-f9ac-4193-b673-3a6690bc72b5"
01-25 17:40:22.864  2829  4072 D NetdEventListenerService: DNS Requested by 132, 10233, 23
01-25 17:40:22.865 21724 25797 D TrafficStats: tagSocket(210) with statsTag=0x3300, statsUid=10369
01-25 17:40:22.868 21724 25797 D TrafficStats: tagSocket(210) with statsTag=0x3300, statsUid=10369
01-25 17:40:22.872 21724 10951 W FA-SVC  : Gms url request failed, app: com.bradesco, CONFIG, m.kq: Exception in CronetUrlRequest: net::ERR_CONNECTION_REFUSED, ErrorCode=7, InternalErrorCode=-102, Retryable=false
01-25 17:40:22.885 25301  9588 W NetworkScheduler: Error inserting flex_time=1809000 job_id=-1 period=3620000 source=16 requires_charging=0 preferred_network_type=1 target_class=com.google.android.gms.measurement.PackageMeasurementTaskService user_id=0 target_package=com.google.android.gms tag=Measurement.PackageMeasurementTaskService.UPLOAD_TASK_TAG task_type=0 required_idleness_state=0 service_kind=0 source_version=245034000 persistence_level=1 preferred_charging_state=1 required_network_type=0 runtime=1737837622880 retry_strategy={"maximum_backoff_seconds":{"3600":0},"initial_backoff_seconds":{"30":0},"retry_policy":{"0":0}} last_runtime=0 [CONTEXT service_id=218 ]
01-25 17:40:22.885 25301  9588 W NetworkScheduler: android.database.sqlite.SQLiteConstraintException: UNIQUE constraint failed: pending_ops.tag, pending_ops.target_class, pending_ops.target_package, pending_ops.user_id (code 2067 SQLITE_CONSTRAINT_UNIQUE[2067])
01-25 17:40:22.885 25301  9588 W NetworkScheduler: 	at android.database.sqlite.SQLiteConnection.nativeExecuteForLastInsertedRowId(Native Method)
01-25 17:40:22.885 25301  9588 W NetworkScheduler: 	at android.database.sqlite.SQLiteConnection.executeForLastInsertedRowId(SQLiteConnection.java:1294)
01-25 17:40:22.885 25301  9588 W NetworkScheduler: 	at android.database.sqlite.SQLiteSession.executeForLastInsertedRowId(SQLiteSession.java:790)
01-25 17:40:22.885 25301  9588 W NetworkScheduler: 	at android.database.sqlite.SQLiteStatement.executeInsert(SQLiteStatement.java:89)
01-25 17:40:22.885 25301  9588 W NetworkScheduler: 	at android.database.sqlite.SQLiteDatabase.insertWithOnConflict(SQLiteDatabase.java:2436)
01-25 17:40:22.885 25301  9588 W NetworkScheduler: 	at android.database.sqlite.SQLiteDatabase.insertOrThrow(SQLiteDatabase.java:2331)
01-25 17:40:22.885 25301  9588 W NetworkScheduler: 	at dlmr.d(:com.google.android.gms@245034029@24.50.34 (190400-713002902):727)
01-25 17:40:22.885 25301  9588 W NetworkScheduler: 	at dlkh.n(:com.google.android.gms@245034029@24.50.34 (190400-713002902):29)
01-25 17:40:22.885 25301  9588 W NetworkScheduler: 	at dlkh.u(:com.google.android.gms@245034029@24.50.34 (190400-713002902):360)
01-25 17:40:22.885 25301  9588 W NetworkScheduler: 	at dlkh.h(:com.google.android.gms@245034029@24.50.34 (190400-713002902):51)
01-25 17:40:22.885 25301  9588 W NetworkScheduler: 	at dlfb.run(:com.google.android.gms@245034029@24.50.34 (190400-713002902):72)
01-25 17:40:22.885 25301  9588 W NetworkScheduler: 	at apvb.c(:com.google.android.gms@245034029@24.50.34 (190400-713002902):50)
01-25 17:40:22.885 25301  9588 W NetworkScheduler: 	at apvb.run(:com.google.android.gms@245034029@24.50.34 (190400-713002902):76)
01-25 17:40:22.885 25301  9588 W NetworkScheduler: 	at java.util.concurrent.ThreadPoolExecutor.runWorker(ThreadPoolExecutor.java:1145)
01-25 17:40:22.885 25301  9588 W NetworkScheduler: 	at java.util.concurrent.ThreadPoolExecutor$Worker.run(ThreadPoolExecutor.java:644)
01-25 17:40:22.885 25301  9588 W NetworkScheduler: 	at aqam.run(:com.google.android.gms@245034029@24.50.34 (190400-713002902):8)
01-25 17:40:22.885 25301  9588 W NetworkScheduler: 	at java.lang.Thread.run(Thread.java:1012)
01-25 17:40:22.953  2829  6045 D SemWifiUsabilityStatsMonitor: onWifiUsabilityStats - seqNum 21100, isSameBssidAndFreq true
01-25 17:40:23.519  2829  3602 D ActivityManager: FCA:Reclamation for pid: 9976
01-25 17:40:23.638  4158  4158 D StatusBarIconController: ignoring old pipeline callbacks, because the new mobile icons are enabled
01-25 17:40:23.739  1067  1067 D io_stats: !@   8,0 r 25811511 744856771 w 24383603 290874028 d 1501044 275251872 f 440963 2156948 iot 17764084 0 th 0 0 0 pt 0 inp 0 0 295592.647
01-25 17:40:23.740  1067  1067 D io_stats: !@ Read_top(KB): gle.android.gms(21724) 1244 f2fs_ckpt-254:5(4875) 92 sh(10946) 68
01-25 17:40:23.740  1067  1067 D io_stats: !@ Write_top(KB): f2fs_ckpt-254:5(4875) 496 soft.appmanager(10450) 192 android.youtube(9969) 88
01-25 17:40:23.814  2829  4379 W libc    : Access denied finding property "persist.debug.user_mode_emulation"
01-25 17:40:23.815  2829  4379 V UserSystemPackageInstaller: dumpPackageWhitelistProblems(): using mode 5
01-25 17:40:24.016 10023 11531 I SDHMS:C : SIOP:: AP:427 BAT:377 USB:366 CHG:421 PA:408 CP:-200 WIFI:403 CF:387 BLK:0 SUBBAT:0 SKIN:375 SKINF:375 SKINB:366 LRP:375 LRP2:375 LRF2:375 LRB2:366 AP2:375 CHG2:374 WIFI2:371 UANT2:371 DANT2:365 RCV2:368 SPK2:367 FCAM:365 UPSPK:385 DNSPK:366 VAP02:413 VWIFI:394 AMB:362 AMB2:319 AVGCUR:-477
01-25 17:40:24.278  4158  4158 D StatusBarIconController: ignoring old pipeline callbacks, because the new mobile icons are enabled
01-25 17:40:24.290  9050  9112 I bash    : (REDACTED) getHotwordActive::active query: %s, watch: %s, devices connected: %s
01-25 17:40:24.388 10623 10637 W ndboxAppCordova: ApkAssets: Deleting an ApkAssets object '<empty> and /data/app/~~csm7hMd9SIgmMfIk_WLXUw==/com.google.android.webview-vNirgsnPv40aWpuAbf8oxA==/base.apk' with 1 weak references
01-25 17:40:24.389 10623 10637 W System  : A resource failed to call release. 
01-25 17:40:24.409  1919  9842 I sensors-hal: handle_sns_std_sensor_event:436, [SSC_LIGHT] P: 44(44),m:13,c:291,b:69,c0:29904,l:43,f(r):98,u(bl):100,j:18
01-25 17:40:24.409  1919  3900 I sensors-hal: ssc_conn_event_cb:901, event[0] sensor:Light seamless  Wakeup, msg_id=1025, ts=9803504814189
01-25 17:40:24.409  1919  3900 I sensors-hal: handle_sns_client_event:46, light_seamless ts=510594287315241 ns, 44,40,2147483647, M:0,0, S:0,0
01-25 17:40:24.417  2829  3123 D RefreshRateModeManager: onBrightnessChangedLocked, brightness=69, lux=44.0
01-25 17:40:24.502  2829  5012 D FreecessController: com.google.android.youtube(state: Initial -> Frozen, Reason: JOB_ADD)
01-25 17:40:24.505  2829  5012 D FreecessController: FZ : com.google.android.youtube(9969)
01-25 17:40:24.508  2829  5012 D ActivityManager: FCA:FCA recordedFileRss = 0, and changeinRss = 143160
01-25 17:40:24.510  2829  5012 D FreecessController: FZ : com.google.android.youtube(0), reason: Bg
01-25 17:40:24.518  2829  5012 I PowerManagerService: [PWL] SetWakeLockEnableDisable uid = 10252 , disable= true
01-25 17:40:24.518  2829  5012 I PowerManagerService: [PWL] can not change uid =  10252
01-25 17:40:24.518  2829  5012 W LocationManagerService: onFreezeStateChanged, uid[10252]=true
01-25 17:40:24.653  1248  9961 I keystore2: system/security/keystore2/src/watchdog.rs:319 - Watchdog thread idle -> terminating. Have a great day.
01-25 17:40:24.699  2829  5012 D FreecessController: com.whatsapp(10301) is important[18]
01-25 17:40:24.745  2829  3636 D InputReader: Btn_touch(4): value=1 when=295593.651277
01-25 17:40:24.745  2829  3636 I InputReader: Touch event's action is 0x0 (id=6, t=0) [pCnt=1, s=0.25337 ] when=295593.651277
01-25 17:40:24.747  2829  3635 I InputDispatcher: Delivering touch to (4158): action: 0x4, f=0x0, d=0, '2f88cfd', t=1 
01-25 17:40:24.747  2829  3635 I InputDispatcher: Delivering touch to (10623): action: 0x0, f=0x0, d=0, '1c8085f', t=1 
01-25 17:40:24.747  2829  3635 D PowerManagerService: [api] userActivityFromNative : touch displayId=0 eventTime=295593651
01-25 17:40:24.748  2829  3635 D PowerManagerService: UserActivityStateListenerState: 1
01-25 17:40:24.748  4640  4640 I HoneySpace.GestureInputHandler: inputConsumers = [com.honeyspace.gesture.inputconsumer.InputConsumer$Companion$NO_OP$1@28f8d2f]
01-25 17:40:24.749 10623 10623 I ViewRootImpl@2f84628[MainActivity]: ViewPostIme pointer 0
01-25 17:40:24.749  4640  4640 I HoneySpace.InputSession: inputConsumers = NO_OP
01-25 17:40:24.750  4640  4640 I HoneySpace.InputSession: open
01-25 17:40:24.750  2829  3121 I GestureDetector: obtain mCurrentDownEvent. id: 537202707 caller: com.android.server.wm.SystemGesturesPointerEventListener.onPointerEvent:204 com.android.server.wm.PointerEventDispatcher.onInputEvent:53 android.view.InputEventReceiver.dispatchInputEvent:337 
01-25 17:40:24.750  2829  3121 I GestureDetector: obtain mCurrentDownEvent. id: 537202707 caller: com.android.server.wm.SystemPerformancePointerEventListener.onPointerEvent:89 com.android.server.wm.PointerEventDispatcher.onInputEvent:53 android.view.InputEventReceiver.dispatchInputEvent:337 
01-25 17:40:24.751  2829  3121 I GestureDetector: obtain mCurrentMotionEventRaw. action: 2 id: 546116931
01-25 17:40:24.751  2829  3121 I GestureDetector: obtain mCurrentMotionEventRaw. action: 2 id: 546116931
01-25 17:40:24.752 10023 10023 I SemDvfsHyPerManager: acquire hyper - TATouchBoost/10023@28, type = 1090523139
01-25 17:40:24.753  1928  1949 I HYPER-HAL: [RequestManager.cpp]acquire(): Acquired ID : 50516354  [10023 / 28]    HINT :      list : [TABoost / 1] [TIMEOUT / 1500] 
01-25 17:40:24.755  2031  2222 I VSyncReactor: Current= 120, Period= 120, Distance= 0
01-25 17:40:24.763  2031  2222 I VSyncReactor: Current= 120, Period= 120, Distance= 120
01-25 17:40:24.769  2829  3602 D ActivityManager: FCA:Reclamation for pid: 2720
01-25 17:40:24.783  2829  3636 D InputReader: Btn_touch(4): value=0 when=295593.690967
01-25 17:40:24.783  2829  3636 I InputReader: Touch event's action is 0x1 (id=6, t=0) [pCnt=1, s=] when=295593.690967
01-25 17:40:24.783  2829  3635 I InputDispatcher: Delivering touch to (10623): action: 0x1, f=0x0, d=0, '1c8085f', t=1 
01-25 17:40:24.783  4640  4640 I HoneySpace.GestureInputHandler: reset
01-25 17:40:24.783  4640  4640 I HoneySpace.InputSession: close
01-25 17:40:24.784 10623 10623 I ViewRootImpl@2f84628[MainActivity]: ViewPostIme pointer 1
01-25 17:40:24.792 10623 10791 D PluginManager: getPlugin - put: VonagePlugin
01-25 17:40:24.808 10623 10791 D nativeloader: Load /data/app/~~pWr_tEtlPRo5x_F4T-GB6Q==/com.outsystemscloud.lucasgv.SandboxAppCordova-HmmVIwGhRfTKTZXN4_0r4A==/base.apk!/lib/arm64-v8a/libopentok.so using ns clns-4 from class loader (caller=/data/app/~~pWr_tEtlPRo5x_F4T-GB6Q==/com.outsystemscloud.lucasgv.SandboxAppCordova-HmmVIwGhRfTKTZXN4_0r4A==/base.apk): ok
01-25 17:40:24.813 10623 10791 I BluetoothAdapter: BluetoothAdapter() : com.outsystemscloud.lucasgv.SandboxAppCordova
01-25 17:40:24.824  2829  4379 V AS.AudioDeviceBroker: startBluetoothScoForClient, uid: 10437
01-25 17:40:24.824  2829  3974 V AS.AudioDeviceBroker: onSetCommunicationDeviceForClient: CommunicationDeviceInfo mCb=android.os.BinderProxy@c71836e mUid=10437 mDevice=[AudioDeviceAttributes: role:output type:bt_sco addr: name: profiles:[] descriptors:[]] mOn=true mScoAudioMode=-1 mIsPrivileged=false mEventSource=startBluetoothSco()) from u/pid:10437/10623
01-25 17:40:24.824  2829  3974 V AS.AudioDeviceBroker: setCommunicationRouteForClient: device: AudioDeviceAttributes: role:output type:bt_sco addr: name: profiles:[] descriptors:[], eventSource: startBluetoothSco()) from u/pid:10437/10623
01-25 17:40:24.824  2829  3974 I AS.AudioDeviceBroker: setCommunicationRouteForClient for uid: 10437 device: AudioDeviceAttributes: role:output type:bt_sco addr: name: profiles:[] descriptors:[] isPrivileged: false from API: startBluetoothSco()) from u/pid:10437/10623
01-25 17:40:24.824  2829  3974 V AS.AudioDeviceBroker: requestedCommunicationDevice: null mAudioModeOwner: AudioModeInfo: mMode=MODE_NORMAL, mPid=0, mUid=0
01-25 17:40:24.824  2829  3974 V AS.AudioDeviceBroker: requestedCommunicationDevice: AudioDeviceAttributes: role:output type:bt_sco addr: name: profiles:[] descriptors:[] mAudioModeOwner: AudioModeInfo: mMode=MODE_NORMAL, mPid=0, mUid=0
01-25 17:40:24.824  2829  3974 W AS.BtHelper: requestScoState: no active device while connecting, mScoAudioMode=0
01-25 17:40:24.824  2829  3974 W AS.AudioDeviceBroker: setCommunicationRouteForClient: failure to start BT SCO for uid: 10437
01-25 17:40:24.824  2829  3974 V AS.AudioDeviceBroker: requestedCommunicationDevice: null mAudioModeOwner: AudioModeInfo: mMode=MODE_NORMAL, mPid=0, mUid=0
01-25 17:40:24.824  2829  3974 V AS.AudioDeviceBroker: requestedCommunicationDevice: null mAudioModeOwner: AudioModeInfo: mMode=MODE_NORMAL, mPid=0, mUid=0
01-25 17:40:24.824  2829  3974 V AS.AudioDeviceBroker: requestedCommunicationDevice: null mAudioModeOwner: AudioModeInfo: mMode=MODE_NORMAL, mPid=0, mUid=0
01-25 17:40:24.824  2829  3974 V AS.AudioDeviceBroker: updateCommunicationRoute, preferredCommunicationDevice: null eventSource: startBluetoothSco()) from u/pid:10437/10623
01-25 17:40:24.824  2829  3974 V AS.AudioDeviceBroker: requestedCommunicationDevice: null mAudioModeOwner: AudioModeInfo: mMode=MODE_NORMAL, mPid=0, mUid=0
01-25 17:40:24.825  2829  3974 I MicModeManager: setCommunicationDevice() deviceType: 1
01-25 17:40:24.825  2829  3974 I MicModeManager: updateAudioDevice() audioMode: 0, curDevice: 1
01-25 17:40:24.825  2829  3974 I MicModeManager: isMicModeSupported() MicModeType: 1, audioMode: 0, curDevice: 1, translationState: false, dexState: false, smartViewState: false, gameChatState: false, wifiCallState: false, videoCallState: false
01-25 17:40:24.825  2829  3974 D KNOX_MDM_SettingsProvider: isChangeAllowed() : name = mic_mode_enable
01-25 17:40:24.825  2829  3974 V AS.AudioDeviceBroker: requestedCommunicationDevice: null mAudioModeOwner: AudioModeInfo: mMode=MODE_NORMAL, mPid=0, mUid=0
01-25 17:40:24.825  2829  3974 E AS.AudioDeviceBroker: mCommunicationDeviceUpdateCount already 0 in MSG_L_SET_COMMUNICATION_DEVICE_FOR_CLIENT
01-25 17:40:24.825  2012  3284 D AudioFlinger: ro.audio.silent is ignored since no output device is set
01-25 17:40:24.825  2829  3974 I Telecom : SamsungTelecomServiceImpl : isInCall - callingPackage : android / callingUser : UserHandle{0} / hasCrossUserAccess : true
01-25 17:40:24.826  2012  3293 D AudioFlinger: ro.audio.silent is ignored since no output device is set
01-25 17:40:24.827  2012  3304 D AudioFlinger: ro.audio.silent is ignored since no output device is set
01-25 17:40:24.827  2829  5889 V AS.AudioDeviceBroker: setSpeakerphoneOn, on: true uid: 10437
01-25 17:40:24.827  2829  3974 V AS.AudioDeviceBroker: onSetCommunicationDeviceForClient: CommunicationDeviceInfo mCb=android.os.BinderProxy@c71836e mUid=10437 mDevice=[AudioDeviceAttributes: role:output type:speaker addr: name: profiles:[] descriptors:[]] mOn=true mScoAudioMode=-1 mIsPrivileged=false mEventSource=setSpeakerphoneOn(true) from u/pid:10437/10623 Package Name:com.outsystemscloud.lucasgv.SandboxAppCordova
01-25 17:40:24.828  2829  3974 V AS.AudioDeviceBroker: setCommunicationRouteForClient: device: AudioDeviceAttributes: role:output type:speaker addr: name: profiles:[] descriptors:[], eventSource: setSpeakerphoneOn(true) from u/pid:10437/10623 Package Name:com.outsystemscloud.lucasgv.SandboxAppCordova
01-25 17:40:24.828  2829  3974 I AS.AudioDeviceBroker: setCommunicationRouteForClient for uid: 10437 device: AudioDeviceAttributes: role:output type:speaker addr: name: profiles:[] descriptors:[] isPrivileged: false from API: setSpeakerphoneOn(true) from u/pid:10437/10623 Package Name:com.outsystemscloud.lucasgv.SandboxAppCordova
01-25 17:40:24.828  2829  3974 V AS.AudioDeviceBroker: requestedCommunicationDevice: null mAudioModeOwner: AudioModeInfo: mMode=MODE_NORMAL, mPid=0, mUid=0
01-25 17:40:24.828  2829  3974 V AS.AudioDeviceBroker: requestedCommunicationDevice: AudioDeviceAttributes: role:output type:speaker addr: name: profiles:[] descriptors:[] mAudioModeOwner: AudioModeInfo: mMode=MODE_NORMAL, mPid=0, mUid=0
01-25 17:40:24.828  2829  3974 V AS.AudioDeviceBroker: requestedCommunicationDevice: AudioDeviceAttributes: role:output type:speaker addr: name: profiles:[] descriptors:[] mAudioModeOwner: AudioModeInfo: mMode=MODE_NORMAL, mPid=0, mUid=0
01-25 17:40:24.828  2829  3974 V AS.AudioDeviceBroker: requestedCommunicationDevice: AudioDeviceAttributes: role:output type:speaker addr: name: profiles:[] descriptors:[] mAudioModeOwner: AudioModeInfo: mMode=MODE_NORMAL, mPid=0, mUid=0
01-25 17:40:24.828  2829  3974 V AS.AudioDeviceBroker: requestedCommunicationDevice: AudioDeviceAttributes: role:output type:speaker addr: name: profiles:[] descriptors:[] mAudioModeOwner: AudioModeInfo: mMode=MODE_NORMAL, mPid=0, mUid=0
01-25 17:40:24.828  2829  3974 V AS.AudioDeviceBroker: updateCommunicationRoute, preferredCommunicationDevice: AudioDeviceAttributes: role:output type:speaker addr: name: profiles:[] descriptors:[] eventSource: setSpeakerphoneOn(true) from u/pid:10437/10623 Package Name:com.outsystemscloud.lucasgv.SandboxAppCordova
01-25 17:40:24.828  2012  4079 V APM_AudioPolicyManager: setDevicesRoleForStrategy() strategy=14 role=1 AUDIO_DEVICE_OUT_SPEAKER, @:
01-25 17:40:24.828  2012  4079 V APM_AudioPolicyManager: selectOutput new bestOutput 13 criteria 0 100 0 0 0 0 4 2 
01-25 17:40:24.828  2012  4079 V APM_AudioPolicyManager: selectOutput new bestOutput 29 criteria 0 100 0 0 0 1 4 0 
01-25 17:40:24.828  2012  4079 V APM_AudioPolicyManager: selectOutput new bestOutput 13 criteria 0 100 0 0 0 0 4 2 
01-25 17:40:24.828  2012  4079 V APM_AudioPolicyManager: selectOutput new bestOutput 29 criteria 0 100 0 0 0 1 4 0 
01-25 17:40:24.828  2012  4079 V APM_AudioPolicyManager: selectOutput new bestOutput 13 criteria 0 100 0 0 0 0 4 2 
01-25 17:40:24.828  2012  4079 V APM_AudioPolicyManager: selectOutput new bestOutput 29 criteria 0 100 0 0 0 1 4 0 
01-25 17:40:24.828  2012  4079 V APM_AudioPolicyManager: selectOutput new bestOutput 13 criteria 0 100 0 0 0 0 4 2 
01-25 17:40:24.828  2012  4079 V APM_AudioPolicyManager: selectOutput new bestOutput 77 criteria 0 199 0 0 0 0 4 0 
01-25 17:40:24.828  2012  4079 V APM_AudioPolicyManager: selectOutput new bestOutput 13 criteria 0 100 0 0 0 0 4 2 
01-25 17:40:24.828  2012  4079 V APM_AudioPolicyManager: selectOutput new bestOutput 77 criteria 0 199 0 0 0 0 4 0 
01-25 17:40:24.828  2012  4079 V APM_AudioPolicyManager: checkOutputForAttributes: strategy 14, moving from output 13 to output 13
01-25 17:40:24.829 10623 10791 V [com.opentok.android]: ***** OpenTok Android SDK | Version/Revision: android-2.25.0/d4431ca9bcd213d5f2faa19289fa919cfeac7e97 | Library built on: Apr  4 2023 | CA bundle version: Tue Jan 10 04:12:06 2023 GMT | Copyright 2023 Vonage | https://www.vonage.com/legal/communications-apis/terms-of-use/
01-25 17:40:24.829  2012  4079 V APM_AudioPolicyManager: getNewOutputDevices selected devices AUDIO_DEVICE_NONE
01-25 17:40:24.829  2012  4079 V APM_AudioPolicyManager: setOutputDevices device AUDIO_DEVICE_NONE delayMs 100
01-25 17:40:24.829  2012  4079 V APM_AudioPolicyManager: setOutputDevices() prevDevice {AUDIO_DEVICE_OUT_SPEAKER, @:}
01-25 17:40:24.830  2012  4079 V APM_AudioPolicyManager: setOutputDevices setting same device AUDIO_DEVICE_NONE or null device, force=0, patch handle=1050
01-25 17:40:24.830  2012  4079 V APM_AudioPolicyManager: getNewOutputDevices selected devices AUDIO_DEVICE_NONE
01-25 17:40:24.830  2012  4079 V APM_AudioPolicyManager: setOutputDevices device AUDIO_DEVICE_NONE delayMs 0
01-25 17:40:24.830  2012  4079 V APM_AudioPolicyManager: setOutputDevices() prevDevice {AUDIO_DEVICE_OUT_SPEAKER, @:}
01-25 17:40:24.830  2012  4079 V APM_AudioPolicyManager: setOutputDevices setting same device AUDIO_DEVICE_NONE or null device, force=0, patch handle=1144
01-25 17:40:24.830  2012  4079 V APM_AudioPolicyManager: getNewOutputDevices selected devices AUDIO_DEVICE_NONE
01-25 17:40:24.830  2012  4079 V APM_AudioPolicyManager: setOutputDevices device AUDIO_DEVICE_NONE delayMs 0
01-25 17:40:24.830  2012  4079 V APM_AudioPolicyManager: setOutputDevices() prevDevice {AUDIO_DEVICE_OUT_SPEAKER, @:}
01-25 17:40:24.830  2012  4079 V APM_AudioPolicyManager: setOutputDevices setting same device AUDIO_DEVICE_NONE or null device, force=0, patch handle=1289
01-25 17:40:24.830  2012  4079 V APM_AudioPolicyManager: getNewOutputDevices selected devices AUDIO_DEVICE_NONE
01-25 17:40:24.830  2012  4079 V APM_AudioPolicyManager: setOutputDevices device AUDIO_DEVICE_NONE delayMs 0
01-25 17:40:24.830  2012  4079 V APM_AudioPolicyManager: setOutputDevices() prevDevice {AUDIO_DEVICE_OUT_SPEAKER, @:}
01-25 17:40:24.830  2012  4079 V APM_AudioPolicyManager: setOutputDevices changing device to AUDIO_DEVICE_NONE
01-25 17:40:24.830  2012  4079 V APM_AudioPolicyManager: checkAndSetVolume: output 37, stream 10, index 9, devices 0x2, volume 0.063096
01-25 17:40:24.831  2012  4079 V APM_AudioPolicyManager: checkAndSetVolume: output 37, stream 4, index 15, devices 0x2, volume 1.000000
01-25 17:40:24.831  2012  4079 V APM_AudioPolicyManager: checkAndSetVolume: output 37, stream 8, index 0, devices 0x2, volume 0.000000
01-25 17:40:24.831  2012  4079 V APM_AudioPolicyManager: checkAndSetVolume: output 37, stream 3, index 8, devices 0x2, volume 0.053088
01-25 17:40:24.832  2012  4079 V APM_AudioPolicyManager: checkAndSetVolume: output 37, stream 5, index 0, devices 0x2, volume 0.000000
01-25 17:40:24.832  2012  4079 V APM_AudioPolicyManager: checkAndSetVolume: output 37, stream 2, index 0, devices 0x2, volume 0.000000
01-25 17:40:24.832  2012  4079 V APM_AudioPolicyManager: checkAndSetVolume: output 37, stream 1, index 0, devices 0x2, volume 0.000000
01-25 17:40:24.832  2012  4079 V APM_AudioPolicyManager: checkAndSetVolume: output 37, stream 9, index 8, devices 0x2, volume 0.251189
01-25 17:40:24.832  2012  4079 V APM_AudioPolicyManager: checkAndSetVolume: output 37, stream 0, index 4, devices 0x2, volume 0.500000
01-25 17:40:24.833  2012  4079 V APM_AudioPolicyManager: checkAndSetVolume: output 37, stream 11, index 7, devices 0x2, volume 0.044668
01-25 17:40:24.833  2012  4079 V APM_AudioPolicyManager: getNewOutputDevices selected devices AUDIO_DEVICE_NONE
01-25 17:40:24.833  2012  4079 V APM_AudioPolicyManager: setOutputDevices device AUDIO_DEVICE_NONE delayMs 0
01-25 17:40:24.833  2012  4079 V APM_AudioPolicyManager: setOutputDevices() prevDevice {AUDIO_DEVICE_OUT_SPEAKER, @:}
01-25 17:40:24.833  2012  4079 V APM_AudioPolicyManager: setOutputDevices setting same device AUDIO_DEVICE_NONE or null device, force=0, patch handle=1038
01-25 17:40:24.833  2012  4079 V APM_AudioPolicyManager: getNewOutputDevices selected devices AUDIO_DEVICE_NONE
01-25 17:40:24.833  2012  4079 V APM_AudioPolicyManager: setOutputDevices device AUDIO_DEVICE_NONE delayMs 0
01-25 17:40:24.833  2012  4079 V APM_AudioPolicyManager: setOutputDevices() prevDevice {AUDIO_DEVICE_OUT_TELEPHONY_TX, @:}
01-25 17:40:24.833  2012  4079 V APM_AudioPolicyManager: setOutputDevices changing device to AUDIO_DEVICE_NONE
01-25 17:40:24.833  2012  4079 V APM_AudioPolicyManager: checkAndSetVolume: output 69, stream 10, index 9, devices 0x10000, volume 1.000000
01-25 17:40:24.833  2012  4079 V APM_AudioPolicyManager: checkAndSetVolume: output 69, stream 4, index 15, devices 0x10000, volume 1.000000
01-25 17:40:24.833  2012  4079 V APM_AudioPolicyManager: checkAndSetVolume: output 69, stream 8, index 0, devices 0x10000, volume 1.000000
01-25 17:40:24.834  2012  4079 V APM_AudioPolicyManager: checkAndSetVolume: output 69, stream 3, index 8, devices 0x10000, volume 1.000000
01-25 17:40:24.834  2012  4079 V APM_AudioPolicyManager: checkAndSetVolume: output 69, stream 5, index 0, devices 0x10000, volume 1.000000
01-25 17:40:24.834  2012  4079 V APM_AudioPolicyManager: checkAndSetVolume: output 69, stream 2, index 0, devices 0x10000, volume 1.000000
01-25 17:40:24.834  2012  4079 V APM_AudioPolicyManager: checkAndSetVolume: output 69, stream 1, index 0, devices 0x10000, volume 1.000000
01-25 17:40:24.835  2012  4079 V APM_AudioPolicyManager: checkAndSetVolume: output 69, stream 9, index 8, devices 0x10000, volume 1.000000
01-25 17:40:24.835  2012  4079 V APM_AudioPolicyManager: checkAndSetVolume: output 69, stream 0, index 4, devices 0x10000, volume 1.000000
01-25 17:40:24.835  2012  4079 V APM_AudioPolicyManager: checkAndSetVolume: output 69, stream 11, index 7, devices 0x10000, volume 1.000000
01-25 17:40:24.835  2012  4079 V APM_AudioPolicyManager: getNewOutputDevices selected devices AUDIO_DEVICE_NONE
01-25 17:40:24.835  2012  4079 V APM_AudioPolicyManager: setOutputDevices device AUDIO_DEVICE_NONE delayMs 0
01-25 17:40:24.835  2012  4079 V APM_AudioPolicyManager: setOutputDevices() prevDevice {AUDIO_DEVICE_OUT_SPEAKER, @:}
01-25 17:40:24.835  2012  4079 V APM_AudioPolicyManager: setOutputDevices setting same device AUDIO_DEVICE_NONE or null device, force=0, patch handle=1057
01-25 17:40:24.835  2012  4079 V APM_AudioPolicyManager: getNewOutputDevices selected devices AUDIO_DEVICE_NONE
01-25 17:40:24.835  2012  4079 V APM_AudioPolicyManager: setOutputDevices device AUDIO_DEVICE_NONE delayMs 0
01-25 17:40:24.835  2012  4079 V APM_AudioPolicyManager: setOutputDevices() prevDevice {AUDIO_DEVICE_OUT_TELEPHONY_TX, @:}
01-25 17:40:24.836  2012  4079 V APM_AudioPolicyManager: setOutputDevices changing device to AUDIO_DEVICE_NONE
01-25 17:40:24.836  2012  4079 V APM_AudioPolicyManager: checkAndSetVolume: output 85, stream 10, index 9, devices 0x10000, volume 1.000000
01-25 17:40:24.836  2012  4079 V APM_AudioPolicyManager: checkAndSetVolume: output 85, stream 4, index 15, devices 0x10000, volume 1.000000
01-25 17:40:24.836  2012  4079 V APM_AudioPolicyManager: checkAndSetVolume: output 85, stream 8, index 0, devices 0x10000, volume 1.000000
01-25 17:40:24.836  2012  4079 V APM_AudioPolicyManager: checkAndSetVolume: output 85, stream 3, index 8, devices 0x10000, volume 1.000000
01-25 17:40:24.837  2012  4079 V APM_AudioPolicyManager: checkAndSetVolume: output 85, stream 5, index 0, devices 0x10000, volume 1.000000
01-25 17:40:24.837  2012  4079 V APM_AudioPolicyManager: checkAndSetVolume: output 85, stream 2, index 0, devices 0x10000, volume 1.000000
01-25 17:40:24.837  2012  4079 V APM_AudioPolicyManager: checkAndSetVolume: output 85, stream 1, index 0, devices 0x10000, volume 1.000000
01-25 17:40:24.837  2012  4079 V APM_AudioPolicyManager: checkAndSetVolume: output 85, stream 9, index 8, devices 0x10000, volume 1.000000
01-25 17:40:24.837  2012  4079 V APM_AudioPolicyManager: checkAndSetVolume: output 85, stream 0, index 4, devices 0x10000, volume 1.000000
01-25 17:40:24.837  2012  4079 V APM_AudioPolicyManager: checkAndSetVolume: output 85, stream 11, index 7, devices 0x10000, volume 1.000000
01-25 17:40:24.838  2012  2177 V APM_AudioPolicyManager: setDevicesRoleForStrategy() strategy=17 role=1 AUDIO_DEVICE_OUT_SPEAKER, @:
01-25 17:40:24.839  2012  2177 V APM_AudioPolicyManager: getNewOutputDevices selected devices AUDIO_DEVICE_NONE
01-25 17:40:24.839  2012  2177 V APM_AudioPolicyManager: setOutputDevices device AUDIO_DEVICE_NONE delayMs 0
01-25 17:40:24.839  2012  2177 V APM_AudioPolicyManager: setOutputDevices() prevDevice {AUDIO_DEVICE_OUT_SPEAKER, @:}
01-25 17:40:24.839  2012  2177 V APM_AudioPolicyManager: setOutputDevices setting same device AUDIO_DEVICE_NONE or null device, force=0, patch handle=1050
01-25 17:40:24.839  2012  2177 V APM_AudioPolicyManager: getNewOutputDevices selected devices AUDIO_DEVICE_NONE
01-25 17:40:24.839  2012  2177 V APM_AudioPolicyManager: setOutputDevices device AUDIO_DEVICE_NONE delayMs 0
01-25 17:40:24.839  2012  2177 V APM_AudioPolicyManager: setOutputDevices() prevDevice {AUDIO_DEVICE_OUT_SPEAKER, @:}
01-25 17:40:24.839  2012  2177 V APM_AudioPolicyManager: setOutputDevices setting same device AUDIO_DEVICE_NONE or null device, force=0, patch handle=1144
01-25 17:40:24.839  2012  2177 V APM_AudioPolicyManager: getNewOutputDevices selected devices AUDIO_DEVICE_NONE
01-25 17:40:24.839  2012  2177 V APM_AudioPolicyManager: setOutputDevices device AUDIO_DEVICE_NONE delayMs 0
01-25 17:40:24.839  2012  2177 V APM_AudioPolicyManager: setOutputDevices() prevDevice {AUDIO_DEVICE_OUT_SPEAKER, @:}
01-25 17:40:24.840  2012  2177 V APM_AudioPolicyManager: setOutputDevices setting same device AUDIO_DEVICE_NONE or null device, force=0, patch handle=1289
01-25 17:40:24.840  2012  2177 V APM_AudioPolicyManager: getNewOutputDevices selected devices AUDIO_DEVICE_NONE
01-25 17:40:24.840  2012  2177 V APM_AudioPolicyManager: setOutputDevices device AUDIO_DEVICE_NONE delayMs 0
01-25 17:40:24.840  2012  2177 V APM_AudioPolicyManager: setOutputDevices() prevDevice {AUDIO_DEVICE_OUT_SPEAKER, @:}
01-25 17:40:24.840  2012  2177 V APM_AudioPolicyManager: setOutputDevices changing device to AUDIO_DEVICE_NONE
01-25 17:40:24.840  2012  2177 V APM_AudioPolicyManager: checkAndSetVolume: output 37, stream 10, index 9, devices 0x2, volume 0.063096
01-25 17:40:24.840  2012  2177 V APM_AudioPolicyManager: checkAndSetVolume: output 37, stream 4, index 15, devices 0x2, volume 1.000000
01-25 17:40:24.840  2012  2177 V APM_AudioPolicyManager: checkAndSetVolume: output 37, stream 8, index 0, devices 0x2, volume 0.000000
01-25 17:40:24.840  2012  2177 V APM_AudioPolicyManager: checkAndSetVolume: output 37, stream 3, index 8, devices 0x2, volume 0.053088
01-25 17:40:24.841  2012  2177 V APM_AudioPolicyManager: checkAndSetVolume: output 37, stream 5, index 0, devices 0x2, volume 0.000000
01-25 17:40:24.841  2012  2177 V APM_AudioPolicyManager: checkAndSetVolume: output 37, stream 2, index 0, devices 0x2, volume 0.000000
01-25 17:40:24.841  2012  2177 V APM_AudioPolicyManager: checkAndSetVolume: output 37, stream 1, index 0, devices 0x2, volume 0.000000
01-25 17:40:24.841  2012  2177 V APM_AudioPolicyManager: checkAndSetVolume: output 37, stream 9, index 8, devices 0x2, volume 0.251189
01-25 17:40:24.841  2012  2177 V APM_AudioPolicyManager: checkAndSetVolume: output 37, stream 0, index 4, devices 0x2, volume 0.500000
01-25 17:40:24.841  2012  2177 V APM_AudioPolicyManager: checkAndSetVolume: output 37, stream 11, index 7, devices 0x2, volume 0.044668
01-25 17:40:24.841  2012  2177 V APM_AudioPolicyManager: getNewOutputDevices selected devices AUDIO_DEVICE_NONE
01-25 17:40:24.841  2012  2177 V APM_AudioPolicyManager: setOutputDevices device AUDIO_DEVICE_NONE delayMs 0
01-25 17:40:24.841  2012  2177 V APM_AudioPolicyManager: setOutputDevices() prevDevice {AUDIO_DEVICE_OUT_SPEAKER, @:}
01-25 17:40:24.842  2012  2177 V APM_AudioPolicyManager: setOutputDevices setting same device AUDIO_DEVICE_NONE or null device, force=0, patch handle=1038
01-25 17:40:24.842  2012  2177 V APM_AudioPolicyManager: getNewOutputDevices selected devices AUDIO_DEVICE_NONE
01-25 17:40:24.842  2012  2177 V APM_AudioPolicyManager: setOutputDevices device AUDIO_DEVICE_NONE delayMs 0
01-25 17:40:24.842  2012  2177 V APM_AudioPolicyManager: setOutputDevices() prevDevice {AUDIO_DEVICE_OUT_TELEPHONY_TX, @:}
01-25 17:40:24.842  2012  2177 V APM_AudioPolicyManager: setOutputDevices changing device to AUDIO_DEVICE_NONE
01-25 17:40:24.842  2012  2177 V APM_AudioPolicyManager: checkAndSetVolume: output 69, stream 10, index 9, devices 0x10000, volume 1.000000
01-25 17:40:24.842  2012  2177 V APM_AudioPolicyManager: checkAndSetVolume: output 69, stream 4, index 15, devices 0x10000, volume 1.000000
01-25 17:40:24.842  2012  2177 V APM_AudioPolicyManager: checkAndSetVolume: output 69, stream 8, index 0, devices 0x10000, volume 1.000000
01-25 17:40:24.843  2012  2177 V APM_AudioPolicyManager: checkAndSetVolume: output 69, stream 3, index 8, devices 0x10000, volume 1.000000
01-25 17:40:24.843  2012  2177 V APM_AudioPolicyManager: checkAndSetVolume: output 69, stream 5, index 0, devices 0x10000, volume 1.000000
01-25 17:40:24.843  2012  2177 V APM_AudioPolicyManager: checkAndSetVolume: output 69, stream 2, index 0, devices 0x10000, volume 1.000000
01-25 17:40:24.843  2012  2177 V APM_AudioPolicyManager: checkAndSetVolume: output 69, stream 1, index 0, devices 0x10000, volume 1.000000
01-25 17:40:24.843  2012  2177 V APM_AudioPolicyManager: checkAndSetVolume: output 69, stream 9, index 8, devices 0x10000, volume 1.000000
01-25 17:40:24.843  2012  2177 V APM_AudioPolicyManager: checkAndSetVolume: output 69, stream 0, index 4, devices 0x10000, volume 1.000000
01-25 17:40:24.843  2012  2177 V APM_AudioPolicyManager: checkAndSetVolume: output 69, stream 11, index 7, devices 0x10000, volume 1.000000
01-25 17:40:24.844  2012  2177 V APM_AudioPolicyManager: getNewOutputDevices selected devices AUDIO_DEVICE_NONE
01-25 17:40:24.844  2012  2177 V APM_AudioPolicyManager: setOutputDevices device AUDIO_DEVICE_NONE delayMs 0
01-25 17:40:24.844  2012  2177 V APM_AudioPolicyManager: setOutputDevices() prevDevice {AUDIO_DEVICE_OUT_SPEAKER, @:}
01-25 17:40:24.844  2012  2177 V APM_AudioPolicyManager: setOutputDevices setting same device AUDIO_DEVICE_NONE or null device, force=0, patch handle=1057
01-25 17:40:24.844  2012  2177 V APM_AudioPolicyManager: getNewOutputDevices selected devices AUDIO_DEVICE_NONE
01-25 17:40:24.844  2012  2177 V APM_AudioPolicyManager: setOutputDevices device AUDIO_DEVICE_NONE delayMs 0
01-25 17:40:24.844  2012  2177 V APM_AudioPolicyManager: setOutputDevices() prevDevice {AUDIO_DEVICE_OUT_TELEPHONY_TX, @:}
01-25 17:40:24.844  2012  2177 V APM_AudioPolicyManager: setOutputDevices changing device to AUDIO_DEVICE_NONE
01-25 17:40:24.844  2012  2177 V APM_AudioPolicyManager: checkAndSetVolume: output 85, stream 10, index 9, devices 0x10000, volume 1.000000
01-25 17:40:24.844  2012  2177 V APM_AudioPolicyManager: checkAndSetVolume: output 85, stream 4, index 15, devices 0x10000, volume 1.000000
01-25 17:40:24.844  2012  2177 V APM_AudioPolicyManager: checkAndSetVolume: output 85, stream 8, index 0, devices 0x10000, volume 1.000000
01-25 17:40:24.845  2012  2177 V APM_AudioPolicyManager: checkAndSetVolume: output 85, stream 3, index 8, devices 0x10000, volume 1.000000
01-25 17:40:24.845  2012  2177 V APM_AudioPolicyManager: checkAndSetVolume: output 85, stream 5, index 0, devices 0x10000, volume 1.000000
01-25 17:40:24.845  2012  2177 V APM_AudioPolicyManager: checkAndSetVolume: output 85, stream 2, index 0, devices 0x10000, volume 1.000000
01-25 17:40:24.845  2012  2177 V APM_AudioPolicyManager: checkAndSetVolume: output 85, stream 1, index 0, devices 0x10000, volume 1.000000
01-25 17:40:24.845  2012  2177 V APM_AudioPolicyManager: checkAndSetVolume: output 85, stream 9, index 8, devices 0x10000, volume 1.000000
01-25 17:40:24.845  2012  2177 V APM_AudioPolicyManager: checkAndSetVolume: output 85, stream 0, index 4, devices 0x10000, volume 1.000000
01-25 17:40:24.846  2012  2177 V APM_AudioPolicyManager: checkAndSetVolume: output 85, stream 11, index 7, devices 0x10000, volume 1.000000
01-25 17:40:24.846 10623 10791 W PluginManager: THREAD WARNING: exec() call to VonagePlugin.connectToSession blocked the main thread for 54ms. Plugin should use CordovaInterface.getThreadPool().
01-25 17:40:24.846  2012  4079 V APM_AudioPolicyManager: setForceUse() usage 7, config 0, mPhoneState 0
01-25 17:40:24.846  2012  4079 W APM_AudioPolicyManager: setForceUse() usage 7, config 0 is already set
01-25 17:40:24.846  2829  3974 V AS.AudioDeviceBroker: requestedCommunicationDevice: AudioDeviceAttributes: role:output type:speaker addr: name: profiles:[] descriptors:[] mAudioModeOwner: AudioModeInfo: mMode=MODE_NORMAL, mPid=0, mUid=0
01-25 17:40:24.846  2829  3974 I MicModeManager: setCommunicationDevice() deviceType: 2
01-25 17:40:24.846  2829  3974 I MicModeManager: updateAudioDevice() audioMode: 0, curDevice: 2
01-25 17:40:24.846  2829  3974 I MicModeManager: isMicModeSupported() MicModeType: 1, audioMode: 0, curDevice: 2, translationState: false, dexState: false, smartViewState: false, gameChatState: false, wifiCallState: false, videoCallState: false
01-25 17:40:24.846  2829  3974 D KNOX_MDM_SettingsProvider: isChangeAllowed() : name = mic_mode_enable
01-25 17:40:24.846  2829  3974 V AS.AudioDeviceBroker: requestedCommunicationDevice: AudioDeviceAttributes: role:output type:speaker addr: name: profiles:[] descriptors:[] mAudioModeOwner: AudioModeInfo: mMode=MODE_NORMAL, mPid=0, mUid=0
01-25 17:40:24.846  2829  3974 E AS.AudioDeviceBroker: mCommunicationDeviceUpdateCount already 0 in MSG_L_SET_COMMUNICATION_DEVICE_FOR_CLIENT
01-25 17:40:24.847  2829  3974 I Telecom : SamsungTelecomServiceImpl : isInCall - callingPackage : android / callingUser : UserHandle{0} / hasCrossUserAccess : true
01-25 17:40:24.847  2829  2829 I Telecom : SamsungCallAudioRouteStateMachine: isSpeakerPhoneChangedByTelecom - modeOwner : android: CARSM.mSPCR@i90
01-25 17:40:24.847  2829  2829 V AS.AudioDeviceBroker: requestedCommunicationDevice: AudioDeviceAttributes: role:output type:speaker addr: name: profiles:[] descriptors:[] mAudioModeOwner: AudioModeInfo: mMode=MODE_NORMAL, mPid=0, mUid=0
01-25 17:40:24.847  2829  4946 I Telecom : CallAudioRouteStateMachine: Message received: SPEAKER_ON=1006, arg1=0: CARSM.mSPCR->CARSM.pM_SPEAKER_ON@i90
01-25 17:40:24.847  2829  4946 I Telecom : QuiescentEarpieceRoute: Processing message SPEAKER_ON: CARSM.mSPCR->CARSM.pM_SPEAKER_ON@i90
01-25 17:40:24.849  2829  4379 D SGM:GameManager: identifyForegroundApp. com.outsystemscloud.lucasgv.SandboxAppCordova, mCurrentUserId: 0, callerUserId: 0
01-25 17:40:24.849  2829  4379 D SGM:PkgDataHelper: getGamePkgData(). com.outsystemscloud.lucasgv.SandboxAppCordova
01-25 17:40:24.849 22201 22379 I PolicyManager: [#CMH#] Is foreground game app: false
01-25 17:40:24.854  2012  4655 V APM_AudioPolicyManager: setForceUse() usage 7, config 0, mPhoneState 0
01-25 17:40:24.854  2012  4655 W APM_AudioPolicyManager: setForceUse() usage 7, config 0 is already set
01-25 17:40:24.878  2031  2155 D RenderEngine: [SEC_GC_CMN_SF_EFFECTS] drawLayersInternal,1279, Rendering layer  at index 0
01-25 17:40:24.878  2031  2155 D RenderEngine: [SEC_GC_CMN_SF_EFFECTS] drawLayersInternal,1279, Rendering layer com.outsystemscloud.lucasgv.SandboxAppCordova/com.outsystemscloud.lucasgv.SandboxAppCordova.MainActivity$_10623#42528 at index 1
01-25 17:40:24.979  2031  2155 D RenderEngine: [SEC_GC_CMN_SF_EFFECTS] drawLayersInternal,1279, Rendering layer  at index 0
01-25 17:40:24.979  2031  2155 D RenderEngine: [SEC_GC_CMN_SF_EFFECTS] drawLayersInternal,1279, Rendering layer com.outsystemscloud.lucasgv.SandboxAppCordova/com.outsystemscloud.lucasgv.SandboxAppCordova.MainActivity$_10623#42528 at index 1
01-25 17:40:25.050  2829  2829 I GestureDetector: handleMessage TAP
01-25 17:40:25.051  2829  3121 I GestureDetector: handleMessage TAP
01-25 17:40:25.079  2031  2155 D RenderEngine: [SEC_GC_CMN_SF_EFFECTS] drawLayersInternal,1279, Rendering layer  at index 0
01-25 17:40:25.079  2031  2155 D RenderEngine: [SEC_GC_CMN_SF_EFFECTS] drawLayersInternal,1279, Rendering layer com.outsystemscloud.lucasgv.SandboxAppCordova/com.outsystemscloud.lucasgv.SandboxAppCordova.MainActivity$_10623#42528 at index 1
01-25 17:40:25.116  2829  4072 D NetdEventListenerService: DNS Requested by 132, 10437, 267
01-25 17:40:25.116  2829  4072 D NetdEventListenerService: DNS Requested by 132, 10437, 268
01-25 17:40:25.409  2829  3131 I ActivityManager: Changes in 10049 5 to 15, 56 to 0
01-25 17:40:25.413  4520  4520 D HidDeviceService: handleMessage(): msg.what=8
01-25 17:40:25.525  2829  4072 D NetdEventListenerService: DNS Requested by 132, 10437, 313
01-25 17:40:25.741  1067  1067 D io_stats: !@   8,0 r 25811566 744858591 w 24383828 290875876 d 1501044 275251872 f 440967 2156968 iot 17764212 0 th 0 0 0 pt 0 inp 0 0 295594.649
01-25 17:40:25.967  2829  6045 D SemWifiUsabilityStatsMonitor: onWifiUsabilityStats - seqNum 21101, isSameBssidAndFreq true
01-25 17:40:25.967  2829  4028 I SemWifiLinkQualityMonitor: Link stat: 632 / 4 / 1,36 (38) / 1297 / -52.0 || 100.0 : 1297,00 / 0.5 : 0,74 / 0.55 : 0,01 / G (G) || 0,08 ms / 101,75 Mbps / N || 0 / N / 0 N / 0 Y
01-25 17:40:25.990  2031  2222 I VSyncReactor: Current= 120, Period= 120, Distance= 1
01-25 17:40:25.998  2031  2222 I VSyncReactor: Current= 120, Period= 120, Distance= 120
01-25 17:40:26.001 28295 28295 I BadgeCountReceiver: onReceive: Intent { act=android.intent.action.BADGE_COUNT_UPDATE flg=0x1000010 cmp=com.sec.android.provider.badge/.BadgeCountReceiver (has extras) }
01-25 17:40:26.002 28295  6914 I BadgeCountReceiver: UpdateTask START: PendingResult hashCode: 177763464
01-25 17:40:26.002 28295  6914 I BadgeCountReceiver: packageName: com.whatsapp, className: com.whatsapp.Main, count: 27
01-25 17:40:26.005 28295  6914 I BadgeProvider: sendNotify [uri]: content://com.sec.badge/apps, [notify]: null
01-25 17:40:26.005  2829  4291 I ActivityManager: Changes in 10049 11 to 5, 0 to 56
01-25 17:40:26.005 28295  6914 I BadgeProvider: update, [calling package]: com.sec.android.provider.badge, [uri]: content://com.sec.badge/apps, [uri.query]: null, [BadgeCount]: badgecount=27, [UpdateCount]: 1
01-25 17:40:26.005 28295  6914 I BadgeCountReceiver: UpdateTask END: PendingResult hashCode: 177763464
01-25 17:40:26.011  4520  4520 D HidDeviceService: handleMessage(): msg.what=8
01-25 17:40:26.011 28295 28310 I BadgeProvider: query, [calling package]: com.sec.android.app.launcher, [selection]: null
01-25 17:40:26.012  4640 12348 I HoneySpace.BadgeDataSourceImpl: Badge Provider update. PK(p='com.linkedin.android', u=UserHandle{0}): 27 -> 24
01-25 17:40:26.013  4640 12348 I HoneySpace.BadgeDataSourceImpl: Get notification count. PK(p='com.linkedin.android', u=UserHandle{0}) - forceBadgeCount: false, notification listener: 26, badge provider: 24
01-25 17:40:26.013  4640 12348 I HoneySpace.BadgeDataSourceImpl: Badge Provider update. PK(p='com.linkedin.android', u=UserHandle{0}): 24 -> 27
