01-25 19:33:53.288  2012 29572 V APM_AudioPolicyManager: checkAndSetVolume: output 85, stream 5, index 0, devices 0x10000, volume 1.000000
01-25 19:33:53.288  2012 29572 V APM_AudioPolicyManager: checkAndSetVolume: output 85, stream 2, index 0, devices 0x10000, volume 1.000000
01-25 19:33:53.288  2012 29572 V APM_AudioPolicyManager: checkAndSetVolume: output 85, stream 1, index 0, devices 0x10000, volume 1.000000
01-25 19:33:53.288  2012 29572 V APM_AudioPolicyManager: checkAndSetVolume: output 85, stream 9, index 8, devices 0x10000, volume 1.000000
01-25 19:33:53.289  2012 29572 V APM_AudioPolicyManager: checkAndSetVolume: output 85, stream 0, index 4, devices 0x10000, volume 1.000000
01-25 19:33:53.289  2012 29572 V APM_AudioPolicyManager: checkAndSetVolume: output 85, stream 11, index 7, devices 0x10000, volume 1.000000
01-25 19:33:53.289  2829  3974 V AS.AudioDeviceBroker: requestedCommunicationDevice: AudioDeviceAttributes: role:output type:speaker addr: name: profiles:[] descriptors:[] mAudioModeOwner: AudioModeInfo: mMode=MODE_NORMAL, mPid=0, mUid=0
01-25 19:33:53.289  2829  3974 I MicModeManager: setCommunicationDevice() deviceType: 2
01-25 19:33:53.289  2829  3974 I MicModeManager: updateAudioDevice() audioMode: 0, curDevice: 2
01-25 19:33:53.289  2829  3974 I MicModeManager: isMicModeSupported() MicModeType: 1, audioMode: 0, curDevice: 2, translationState: false, dexState: false, smartViewState: false, gameChatState: false, wifiCallState: false, videoCallState: false
01-25 19:33:53.290  2829  3974 D KNOX_MDM_SettingsProvider: isChangeAllowed() : name = mic_mode_enable
01-25 19:33:53.290  2829  3974 V AS.AudioDeviceBroker: requestedCommunicationDevice: AudioDeviceAttributes: role:output type:speaker addr: name: profiles:[] descriptors:[] mAudioModeOwner: AudioModeInfo: mMode=MODE_NORMAL, mPid=0, mUid=0
01-25 19:33:53.290  2829  3974 E AS.AudioDeviceBroker: mCommunicationDeviceUpdateCount already 0 in MSG_L_SET_COMMUNICATION_DEVICE_FOR_CLIENT
01-25 19:33:53.290 27694 27830 W PluginManager: THREAD WARNING: exec() call to VonagePlugin.connectToSession blocked the main thread for 57ms. Plugin should use CordovaInterface.getThreadPool().
01-25 19:33:53.290  2829  3974 I Telecom : SamsungTelecomServiceImpl : isInCall - callingPackage : android / callingUser : UserHandle{0} / hasCrossUserAccess : true
01-25 19:33:53.290  2829  2829 I Telecom : SamsungCallAudioRouteStateMachine: isSpeakerPhoneChangedByTelecom - modeOwner : android: CARSM.mSPCR@kT0
01-25 19:33:53.290  2829  2829 V AS.AudioDeviceBroker: requestedCommunicationDevice: AudioDeviceAttributes: role:output type:speaker addr: name: profiles:[] descriptors:[] mAudioModeOwner: AudioModeInfo: mMode=MODE_NORMAL, mPid=0, mUid=0
01-25 19:33:53.291  2829  4946 I Telecom : CallAudioRouteStateMachine: Message received: SPEAKER_ON=1006, arg1=0: CARSM.mSPCR->CARSM.pM_SPEAKER_ON@kT0
01-25 19:33:53.291  2829  4072 D NetdEventListenerService: DNS Requested by 132, 10446, 2
01-25 19:33:53.291  2829  4946 I Telecom : QuiescentEarpieceRoute: Processing message SPEAKER_ON: CARSM.mSPCR->CARSM.pM_SPEAKER_ON@kT0
01-25 19:33:53.292  4520  5508 D BtGatt.GattService: onScanResult to scannerId: 11- eventType=0x10, addressType=1, address=XX:XX:XX:XX:6F:9B, primaryPhy=1, secondaryPhy=0, advertisingSid=0xff, txPower=127, rssi=-77, periodicAdvInt=0x0
01-25 19:33:53.293  2829  4072 D NetdEventListenerService: DNS Requested by 132, 10446, 2
01-25 19:33:53.302  2012  9228 V APM_AudioPolicyManager: setForceUse() usage 7, config 0, mPhoneState 0
01-25 19:33:53.302  2012  9228 W APM_AudioPolicyManager: setForceUse() usage 7, config 0 is already set
01-25 19:33:53.310  2012  9228 V APM_AudioPolicyManager: setForceUse() usage 7, config 0, mPhoneState 0
01-25 19:33:53.310  2012  9228 W APM_AudioPolicyManager: setForceUse() usage 7, config 0 is already set
01-25 19:33:53.320  2031  2155 D RenderEngine: [SEC_GC_CMN_SF_EFFECTS] drawLayersInternal,1279, Rendering layer  at index 0
01-25 19:33:53.320  2031  2155 D RenderEngine: [SEC_GC_CMN_SF_EFFECTS] drawLayersInternal,1279, Rendering layer com.outsystemscloud.lucasgv.SandboxAppCordova/com.outsystemscloud.lucasgv.SandboxAppCordova.MainActivity$_27694#46286 at index 1
01-25 19:33:53.330  1904  5478 I vendor.qti.bluetooth@1.1-ibs_handler: ProcessIbsCmd: Received IBS_SLEEP_IND: 0xFE
01-25 19:33:53.359  2829  3233 D PowerManagerService: displayReady: false groupId=0
01-25 19:33:53.359  2829  3233 D DisplayPowerController2[0]: animateScreenStateChange: target=ON, mIsEnabled=true
01-25 19:33:53.359  2829  3233 D PowerManagerService: displayReady: true groupId=0
01-25 19:33:53.391  2829  4072 D NetdEventListenerService: DNS Requested by 132, 10446, 1
01-25 19:33:53.420  2031  2155 D RenderEngine: [SEC_GC_CMN_SF_EFFECTS] drawLayersInternal,1279, Rendering layer  at index 0
01-25 19:33:53.421  2031  2155 D RenderEngine: [SEC_GC_CMN_SF_EFFECTS] drawLayersInternal,1279, Rendering layer com.outsystemscloud.lucasgv.SandboxAppCordova/com.outsystemscloud.lucasgv.SandboxAppCordova.MainActivity$_27694#46286 at index 1
01-25 19:33:53.492  2829  2829 I GestureDetector: handleMessage TAP
01-25 19:33:53.492  2829  3121 I GestureDetector: handleMessage TAP
01-25 19:33:53.522  2031  2155 D RenderEngine: [SEC_GC_CMN_SF_EFFECTS] drawLayersInternal,1279, Rendering layer  at index 0
01-25 19:33:53.522  2031  2155 D RenderEngine: [SEC_GC_CMN_SF_EFFECTS] drawLayersInternal,1279, Rendering layer com.outsystemscloud.lucasgv.SandboxAppCordova/com.outsystemscloud.lucasgv.SandboxAppCordova.MainActivity$_27694#46286 at index 1
01-25 19:33:53.558  2829  3233 D PowerManagerService: displayReady: false groupId=0
01-25 19:33:53.559  2829  3233 D DisplayPowerController2[0]: animateScreenStateChange: target=ON, mIsEnabled=true
01-25 19:33:53.559  2829  3233 D PowerManagerService: displayReady: true groupId=0
01-25 19:33:53.738  1919 23415 I sensors-hal: handle_sns_std_sensor_event:436, [SSC_LIGHT] P: 29(29),m:13,c:291,b:67,c0:25776,l:33,f(r):98,u(bl):100,j:8
01-25 19:33:53.759  2829  3233 D PowerManagerService: displayReady: false groupId=0
01-25 19:33:53.759  2829  3233 D DisplayPowerController2[0]: animateScreenStateChange: target=ON, mIsEnabled=true
01-25 19:33:53.760  2829  3233 D PowerManagerService: displayReady: true groupId=0
01-25 19:33:53.960  2829  3233 D PowerManagerService: displayReady: false groupId=0
01-25 19:33:53.961  2829  3233 D DisplayPowerController2[0]: animateScreenStateChange: target=ON, mIsEnabled=true
01-25 19:33:53.961  2829  3233 D PowerManagerService: displayReady: true groupId=0
01-25 19:33:54.021  2829  4072 D NetdEventListenerService: DNS Requested by 132, 10446, 2
01-25 19:33:54.149  1904  5484 I vendor.qti.bluetooth@1.1-ibs_handler: DeviceSleep: TX Awake, Sending SLEEP_IND
01-25 19:33:54.149  1904  5484 D vendor.qti.bluetooth@1.1-ibs_handler: SerialClockVote: vote for UART CLK OFF
01-25 19:33:54.162  2829  3233 D PowerManagerService: displayReady: false groupId=0
01-25 19:33:54.162  2829  3233 D DisplayPowerController2[0]: animateScreenStateChange: target=ON, mIsEnabled=true
01-25 19:33:54.163  2829  3233 D PowerManagerService: displayReady: true groupId=0
01-25 19:33:54.184  1067  1067 D io_stats: !@   8,0 r 26761768 767236220 w 24949406 301395172 d 1556559 283878476 f 450179 2201640 iot 18347184 0 th 0 0 0 pt 0 inp 0 0 302403.091
01-25 19:33:54.191  2829  3602 D ActivityManager: FCA:Reclamation for pid: 27721
01-25 19:33:54.227  2829  5012 D FreecessController: com.whatsapp(10301) is important[18]
01-25 19:33:54.300  1904  4711 D vendor.qti.bluetooth@1.1-wake_lock: Release wakelock is released 
01-25 19:33:54.312 10023 11531 I SDHMS:C : SIOP:: AP:444 BAT:384 USB:369 CHG:437 PA:433 CP:-200 WIFI:433 CF:406 BLK:0 SUBBAT:0 SKIN:395 SKINF:395 SKINB:390 LRP:395 LRP2:395 LRF2:395 LRB2:390 AP2:395 CHG2:390 WIFI2:395 UANT2:394 DANT2:370 RCV2:389 SPK2:371 FCAM:368 UPSPK:400 DNSPK:367 VAP02:477 VWIFI:425 AMB:361 AMB2:321 AVGCUR:-482
01-25 19:33:54.317 27694 27830 D CompatibilityChangeReporter: Compat change id reported: 236825255; UID 10446; state: ENABLED
01-25 19:33:54.330 27694 27694 E VonagePlugin: Erro ao processar as dimenses do continer: Value {"left":0,"top":234.00001525878906,"width":412.0000305175781,"height":100.00000762939453} of type java.lang.String cannot be converted to JSONObject
01-25 19:33:54.331 27694 27694 I chromium: [INFO:CONSOLE(576)] "Connected to session", source: https://lucasgv.outsystemscloud.com/SandboxAppCordova/scripts/SandboxAppCordova.MainFlow.Screen1.mvc.js?5A2u8GAasjUNuDHh1Vg9bQ (576)
01-25 19:33:54.335  2411 22206 I CameraService: CameraService::connect call (PID 27694 "com.outsystemscloud.lucasgv.SandboxAppCordova", camera ID 1) and Camera API version 2
01-25 19:33:54.335  2411 22206 I CameraService: isUidActiveLocked E: uid 10446, callingPackage com.outsystemscloud.lucasgv.SandboxAppCordova, isRegistered true
01-25 19:33:54.335  2411 22206 I CameraService: isUidActiveLocked: start to wait until com.outsystemscloud.lucasgv.SandboxAppCordova gets into active.
01-25 19:33:54.336  2411 22206 I CameraService: isUidActiveLocked X: uid 10446, callingPackage com.outsystemscloud.lucasgv.SandboxAppCordova, isActive true.
01-25 19:33:54.336  2829  4898 I EDMNativeHelperService: isCameraEnabled
01-25 19:33:54.336  2829  4898 D EDMNativeHelper: isCameraEnabled
01-25 19:33:54.336  2829  4898 D EDMNativeHelper: checking for camera in EnterpriseDeviceManagerService
01-25 19:33:54.336  2829  4898 D EnterpriseDeviceManagerService: isCameraEnabledNative
01-25 19:33:54.336  2829  4898 D EnterpriseDeviceManagerService: checking for camera in restriction policy
01-25 19:33:54.336  2829  4898 D RestrictionPolicy: isCameraEnabled ret(true) userId(0) cxtInfo.mCallerUid(10446) cxtInfo.mContainerId(0)
01-25 19:33:54.337  2411 22206 I CameraService: CameraService::validateClientPermissionsLocked is ok : calling pid 27694, calling uid 10446, client com.outsystemscloud.lucasgv.SandboxAppCordova , cameraservice pid=2411, device user 0, currently allowed device users: 0
01-25 19:33:54.337  2411 22206 I CameraService: CameraService::handleEvictionsLocked
01-25 19:33:54.337  2411 22206 I CameraService: wouldEvictLocked: [incoming client] owner = 27694, priority-score=0, cost=51, returnIncompatibleClients=false
01-25 19:33:54.337  2411 22206 I CameraService: wouldEvictLocked: [cost info] current cost=0, adding cost=51, total cost=51, max cost=100
01-25 19:33:54.337  2411 22206 I CameraService: wouldEvictLocked: [highestPriority] owner=27694, score=0
01-25 19:33:54.337  2411 22206 I CameraFlashlight: prepareDeviceOpen: prepare for device open(cameraId=1)
01-25 19:33:54.337  2411 22206 I Camera2ClientBase: Camera 1: Opened. Client: com.outsystemscloud.lucasgv.SandboxAppCordova (PID 27694, UID 10446)
01-25 19:33:54.337  2411 22206 I CameraDeviceClient: CameraDeviceClient 1: Opened
01-25 19:33:54.337  2411 22206 I cameraserver: isNoSALoggingPackage: com.outsystemscloud.lucasgv.SandboxAppCordova is a third party package.
01-25 19:33:54.337  2411 22206 I CameraService: makeClient: Camera2 API, override to portrait 0
01-25 19:33:54.338  2411 22206 I CameraService: service.camera.client set to com.outsystemscloud.lucasgv.SandboxAppCordova
01-25 19:33:54.338  2829  4898 I CameraManagerGlobal: Camera 1 facing CAMERA_FACING_FRONT state now CAMERA_STATE_OPENING for client com.outsystemscloud.lucasgv.SandboxAppCordova API Level 2 User Id 0
01-25 19:33:54.338  4158  4227 I CameraManagerGlobal: Camera 1 facing CAMERA_FACING_FRONT state now CAMERA_STATE_OPENING for client com.outsystemscloud.lucasgv.SandboxAppCordova API Level 2 User Id 0
01-25 19:33:54.338  2411 22206 I Camera2ClientBase: initializeImpl: Initializing client for camera 1
01-25 19:33:54.338  2411 22206 D ijt/Camera3-RequestInjector: RequestInjector[1] Mapper created
01-25 19:33:54.338  2411 22206 I Camera3-Device: Camera3Device: Created device for camera 1
01-25 19:33:54.338  2411 22206 I AidlCamera3-Device: new AidlCamera3Device E
01-25 19:33:54.338  2411 22206 I AidlCamera3-Device: SEH CameraDeviceCallback extension configure E
01-25 19:33:54.338  2411 22206 I AidlCamera3-Device: SEH CameraDeviceCallback extension configured X
01-25 19:33:54.338  2411 22206 I AidlCamera3-Device: new AidlCamera3Device X
01-25 19:33:54.338  2411 22206 D AidlCamera3-Device: CameraPerf: initialize E
01-25 19:33:54.338  2411 22206 D AidlCamera3-Device: initialize: mInterfaceLock.lock()
01-25 19:33:54.338  2411 22206 D CameraProviderManager: CameraPerf: openAidlSession E
01-25 19:33:54.338 27694 27849 I CameraManagerGlobal: Camera 1 facing CAMERA_FACING_FRONT state now CAMERA_STATE_OPENING for client com.outsystemscloud.lucasgv.SandboxAppCordova API Level 2 User Id 0
01-25 19:33:54.338 17429 19963 I CameraManagerGlobal: Camera 1 facing CAMERA_FACING_FRONT state now CAMERA_STATE_OPENING for client com.outsystemscloud.lucasgv.SandboxAppCordova API Level 2 User Id 0
01-25 19:33:54.338  4549  4563 I CameraManagerGlobal: Camera 1 facing CAMERA_FACING_FRONT state now CAMERA_STATE_OPENING for client com.outsystemscloud.lucasgv.SandboxAppCordova API Level 2 User Id 0
01-25 19:33:54.338  1959  2106 I Samsung_CameraDevice_impl: [CAMKPI] camera3->open : E
01-25 19:33:54.338 17849 17909 I CameraManagerGlobal: Camera 1 facing CAMERA_FACING_FRONT state now CAMERA_STATE_OPENING for client com.outsystemscloud.lucasgv.SandboxAppCordova API Level 2 User Id 0
01-25 19:33:54.338  1959  2106 I Unihal  : UniDebugLog.cpp: __unihal_log_status_update: 60: UpdateLogStatus 0000000d ERR 1 PERF 0 WARN 4 INFO 8 DEBUG 0 DUMP 0 STRACE 0 META 0
01-25 19:33:54.339  1959  2106 I Unihal  : UniHal3InterfaceEntry.cpp: uni_open_camera_hardware: 593: [UNIKPI][1] UniHAL->open: E
01-25 19:33:54.339  1959  2106 I Unihal  : UniHal3InterfaceEntry.cpp: uni_open_camera_hardware: 596: UNIHAL_VERSION = "3.0"
01-25 19:33:54.339  1959  2106 I Unihal  : CameraDevice.cpp: OpenCameraHardware_v3: 400: name : 1 camera id : 1
01-25 19:33:54.338 17851 18334 I CameraManagerGlobal: Camera 1 facing CAMERA_FACING_FRONT state now CAMERA_STATE_OPENING for client com.outsystemscloud.lucasgv.SandboxAppCordova API Level 2 User Id 0
01-25 19:33:54.339  1959  2106 I Unihal  : CameraDevice.cpp: OpenCameraHardware_v3: 423: [UNIKPI][1] VndHAL->open: E
01-25 19:33:54.339 27155 27173 I CameraManagerGlobal: Camera 1 facing CAMERA_FACING_FRONT state now CAMERA_STATE_OPENING for client com.outsystemscloud.lucasgv.SandboxAppCordova API Level 2 User Id 0
01-25 19:33:54.339 25689 27120 I CameraManagerGlobal: Camera 1 facing CAMERA_FACING_FRONT state now CAMERA_STATE_OPENING for client com.outsystemscloud.lucasgv.SandboxAppCordova API Level 2 User Id 0
01-25 19:33:54.339 11685 14721 I CameraManagerGlobal: Camera 1 facing CAMERA_FACING_FRONT state now CAMERA_STATE_OPENING for client com.outsystemscloud.lucasgv.SandboxAppCordova API Level 2 User Id 0
01-25 19:33:54.340  9872  9906 I CameraManagerGlobal: Camera 1 facing CAMERA_FACING_FRONT state now CAMERA_STATE_OPENING for client com.outsystemscloud.lucasgv.SandboxAppCordova API Level 2 User Id 0
01-25 19:33:54.340 10023 10717 I CameraManagerGlobal: Camera 1 facing CAMERA_FACING_FRONT state now CAMERA_STATE_OPENING for client com.outsystemscloud.lucasgv.SandboxAppCordova API Level 2 User Id 0
01-25 19:33:54.340  2829  3622 I RequestInjectorService: Camera is opening. Start VT Camera Setting. cameraId(1), displayId(0)
01-25 19:33:54.340  1959  2106 I CHI     : [SS_LOW ]: [CHI         ]: chxextensionmodule.cpp: ExecuteMemBoost: 23871: Set MemBoost(2) by 0
01-25 19:33:54.341  1947  1947 I SDM     : ResourceImpl::SetMaxBandwidthMode: new bandwidth mode=1
01-25 19:33:54.341  2829  4898 I CameraManagerGlobal: onCameraDeviceStateChangedLocked: post device state update
01-25 19:33:54.341  2829  4898 I CameraManagerGlobal: onCameraDeviceStateChangedLocked: post device state update
01-25 19:33:54.343 10023 10717 I CameraManagerGlobal: onCameraDeviceStateChangedLocked: post device state update
01-25 19:33:54.343 10023 10717 I CameraManagerGlobal: onCameraDeviceStateChangedLocked: post device state update
01-25 19:33:54.343  1959  2106 I Unihal  : CameraDevice.cpp: OpenCameraHardware_v3: 423: [UNIKPI][1] VndHAL->open: X
01-25 19:33:54.343  1959  2106 I Unihal  : UniState.cpp: transitState: 102: Transiting to state 1
01-25 19:33:54.343  1959  2106 I Unihal  : ParameterManager.cpp: SetCharacteristics: 212: Registered camera characteristics successfully : cameraId=1, characteristics=0xb40000797b4fdf00
01-25 19:33:54.344  1959  2106 I Unihal  : UniHal3InterfaceEntry.cpp: uni_open_camera_hardware: 593: [UNIKPI][1] UniHAL->open: X
01-25 19:33:54.344  1959  2106 I Samsung_CameraDevice_impl: [CAMKPI] camera3->open : X
01-25 19:33:54.344  1959  2106 I Unihal  : UniState.cpp: transitState: 102: Transiting to state 2
01-25 19:33:54.353  1959  2106 I SCH_AidlCameraDeviceSession: SEH CameraDevice callback extension acquired.
01-25 19:33:54.353  1959  2106 I SCH_AidlCameraDeviceSession: SEH Success to set CameraDeviceSession Extention
01-25 19:33:54.354  2411 22206 D CameraProviderManager: CameraPerf: openAidlSession X (15ms)
01-25 19:33:54.355  2411 22206 D AidlCamera3-Device: CameraPerf: initialize X (17ms)
01-25 19:33:54.355  2411 22206 D Camera3-Device: CameraPerf: initializeCommonLocked: E
01-25 19:33:54.356  2411 22206 I Camera3-Status: addComponent: Adding new component 0 - InflightRequests
01-25 19:33:54.356  2411 22206 I Camera3-Status: addComponent: Adding new component 1 - BufferRequestSM
01-25 19:33:54.356  2411 22206 I Camera3-Status: addComponent: Adding new component 2 - RequestThread
01-25 19:33:54.356 27155 27155 W VSET/ObserveCameraStateService: onCreate
01-25 19:33:54.356  2411 22206 D Camera3-Device: initializeCommonLocked mTimestampOffset = 215000971310368ns.
01-25 19:33:54.356 27155 27155 I VSET/ObserveCameraStateService: initAppRepository 
01-25 19:33:54.356  2411 22206 D Camera3-Device: CameraPerf: initializeCommonLocked: X (1ms)
01-25 19:33:54.356  2411 22206 I CameraService: startCameraOps: Start camera ops, package name = com.outsystemscloud.lucasgv.SandboxAppCordova, client UID = 10446
01-25 19:33:54.357 27155 27155 I VSET/VSETFeature: isDefaultOffCounty: BR
01-25 19:33:54.357 27155 27155 I VSET/VSETPreference: getVSETEnabled: update first lunch time false
01-25 19:33:54.357 27155 27155 I VSET/VSETFeature: isDefaultOffCounty: BR
01-25 19:33:54.357 27155 27155 I VSET/VSETPreference: getVSETEnabled: update first lunch time false
01-25 19:33:54.357 27155 27155 I VSET/AppInfoRepository: setVideoCallEffectsEnabled: true
01-25 19:33:54.359  2411 22206 I CameraService: increaseCamConnRef: ref=1
01-25 19:33:54.360  2031  2155 D RenderEngine: [SEC_GC_CMN_SF_EFFECTS] drawLayersInternal,1279, Rendering layer  at index 0
01-25 19:33:54.360  2031  2155 D RenderEngine: [SEC_GC_CMN_SF_EFFECTS] drawLayersInternal,1279, Rendering layer com.outsystemscloud.lucasgv.SandboxAppCordova/com.outsystemscloud.lucasgv.SandboxAppCordova.MainActivity$_27694#46286 at index 1
01-25 19:33:54.361  2411 22206 I CameraService: increaseCamConnRef: service.camera.running set to 1
01-25 19:33:54.361  2411 22206 I CameraService: Translate updateStatus callback for camera id 1
01-25 19:33:54.361  2411 22206 I CameraService:  to 1
01-25 19:33:54.362   915   915 I hwservicemanager: getTransport: Cannot find entry vendor.samsung.hardware.biometrics.face@2.0::ISehBiometricsFace/default in either framework or device VINTF manifest.
01-25 19:33:54.363  2829  4898 D KNOX_MDM_SettingsProvider: isChangeAllowed() : name = vset_enabled
01-25 19:33:54.363  1922 19222 I sec_fr_SehFace: SehFace::getServicePid
01-25 19:33:54.363  1922 19222 I sec_fr_SehFace: FaceServicePID : 1922
01-25 19:33:54.363  2411 22206 E cameraserver: isBiometricsFaceService : face AIDL HAL Pid(1922) is not same with callingPid(1970)
01-25 19:33:54.363 10023 10717 I CameraManagerGlobal: postSingleUpdate device: camera id 1 status STATUS_NOT_AVAILABLE
01-25 19:33:54.363 17849 17909 I CameraManagerGlobal: postSingleUpdate device: camera id 1 status STATUS_NOT_AVAILABLE
01-25 19:33:54.363 10023 10717 I CameraManagerGlobal: postSingleUpdate device: camera id 1 status STATUS_NOT_AVAILABLE
01-25 19:33:54.364 17851 18334 I CameraManagerGlobal: postSingleUpdate device: camera id 1 status STATUS_NOT_AVAILABLE
01-25 19:33:54.364  2411 22206 E Camera2-FrameProcessorBase: FrameProcessorBase: created
01-25 19:33:54.364 27694 27849 I CameraManagerGlobal: postSingleUpdate device: camera id 1 status STATUS_NOT_AVAILABLE
01-25 19:33:54.364  2411 22206 E Camera2-FrameProcessorBase: registerListener: Registering listener for frame id range 0 - 2147483647
01-25 19:33:54.364 25689 27120 I CameraManagerGlobal: postSingleUpdate device: camera id 1 status STATUS_NOT_AVAILABLE
01-25 19:33:54.364  1928  1949 I HYPER-HAL: [RequestManager.cpp]releaseLocked(): Released ID : 50506302
01-25 19:33:54.364  2411 22206 I CameraService: connectHelper: overrideCameraMuteMode = false, isCameraPrivacyEnabled = false
01-25 19:33:54.364  2411 22206 I Camera3-Device: setCameraMute, enabled = false, supported = true
01-25 19:33:54.364  2411 22206 I CameraService: CameraService::finishConnectLocked E
01-25 19:33:54.364  2411 22206 I CameraService: wouldEvictLocked: [incoming client] owner = 27694, priority-score=0, cost=51, returnIncompatibleClients=false
01-25 19:33:54.364  2411 22206 I CameraService: wouldEvictLocked: [cost info] current cost=0, adding cost=51, total cost=51, max cost=100
01-25 19:33:54.364  2411 22206 I CameraService: wouldEvictLocked: [highestPriority] owner=27694, score=0
01-25 19:33:54.364  2829  3233 D PowerManagerService: displayReady: false groupId=0
01-25 19:33:54.364 27155 27155 I VSET/FloatingMenuStatusPreferenceLiveData: setPreferenceValue: 4
01-25 19:33:54.364 27155 27155 I VSET/ObserveCameraStateService: initViewModels: X
01-25 19:33:54.365 27155 27155 I VSET/AudioStateManagerImpl: start: 
01-25 19:33:54.365 27155 27155 I VSET/AudioStateManagerImpl: isInitialized: not initialized. 
01-25 19:33:54.365  2829  3167 D BatteryExternalStatsWorker: update stats : camera-on (64)
01-25 19:33:54.365 27155 27155 I VSET/ObserveCameraStateService: onCreate : unihal 3.0
01-25 19:33:54.365  2829  3167 D BatteryExternalStatsWorker: mStats lock released
01-25 19:33:54.365  2829  3167 D BatteryExternalStatsWorker: done updateExternalStatsLocked
01-25 19:33:54.365  2829  3622 I CameraService_worker: DeviceInjector, onSemCameraDeviceRawStatus 1 -2
01-25 19:33:54.365 27155 27155 I VSET/ObserveCameraStateService: onStartCommand : unihal 3.0
01-25 19:33:54.365  2829  4332 D BatteryStatsService: set setWirelessPowerSharingExternelEvent
01-25 19:33:54.365 27155 27155 I VSET/ObserveCameraStateService: initAppRepository is created already
01-25 19:33:54.365  2829  4332 I BatteryService: setWirelessPowerSharingExternelEvent packageNum: 1 value: 1
01-25 19:33:54.365  2829  4332 I BatteryService: setWirelessPowerSharingExternelEventInternal packageNum: 1 value: 1
01-25 19:33:54.365  2829  4332 I BatteryService: fileWriteInt : /sys/class/power_supply/battery/ext_event  value : 1
01-25 19:33:54.365 27155 27155 I VSET/ObserveCameraStateService: onStartCommand: true
01-25 19:33:54.365  2829  4379 I CameraManagerGlobal: postSingleUpdate device: camera id 1 status STATUS_NOT_AVAILABLE
01-25 19:33:54.365  2411 22206 I CameraService: addAndEvict: push the client(owner 27694, priorityScore 0, state 2) to mClients
01-25 19:33:54.365  2411 22206 I CameraService: CameraService::finishConnectLocked X
01-25 19:33:54.365 27155 27155 I VSET/SettingsActivity: ActivateSettingActivityForSupportedCases: true / maintenanceModefalse
01-25 19:33:54.365  2411 22206 I CameraDeviceClient: notifyAppPackageName
01-25 19:33:54.365  2411 22206 D AidlCamera3-Device: CameraPerf: setParameters E
01-25 19:33:54.365  2829  4379 I CameraManagerGlobal: postSingleUpdate device: camera id 1 status STATUS_NOT_AVAILABLE
01-25 19:33:54.366  1959  2106 I Unihal  : UniHal3InterfaceEntry.cpp: uni_set_parameters: 465: set_parameters : pkgName=com.outsystemscloud.lucasgv.SandboxAppCordova;
01-25 19:33:54.366  2829  4898 D PackageManager: setEnabledSetting : userId = 0 packageName = com.samsung.android.vtcamerasettings cmp = com.samsung.android.vtcamerasettings.settings.SettingsActivity newState = 1 callingPackage = com.samsung.android.vtcamerasettings
01-25 19:33:54.366  2411 22206 D AidlCamera3-Device: CameraPerf: setParameters X (0ms)
01-25 19:33:54.366  2411 22206 I CameraService: Notified package name to HAL.
01-25 19:33:54.366  2411 22206 I CameraServiceProxyWrapper: updateProxyDeviceState: notifyCameraState for Camera ID 1, newState 0, facing 1, clientName com.outsystemscloud.lucasgv.SandboxAppCordova, apiLevel 2
01-25 19:33:54.366  1959 27974 I CHI     : [SS_LOW ]: [CHI_FAST_AEC]: chxextensionmodule.cpp: ChxFastAecRunUseCase: 15526: [CAMKPI] FastAecThread: E
01-25 19:33:54.366 17849 17909 I CameraManagerGlobal: Camera 1 facing CAMERA_FACING_FRONT state now CAMERA_STATE_OPEN for client com.outsystemscloud.lucasgv.SandboxAppCordova API Level 2 User Id 0
01-25 19:33:54.366  1959 27974 I CHI     : [SS_LOW ]: [CHI_FAST_AEC]: chxextensionmodule.cpp: ChxFastAecConfigureStreams: 15558: [CAMKPI] ChxFastAecConfigureStreams: E
01-25 19:33:54.366  2411 22206 I cameraserver: isNoSALoggingPackage: com.outsystemscloud.lucasgv.SandboxAppCordova is a third party package.
01-25 19:33:54.366  1959 27974 I CHI     : [SS_INFO]: [SS_LOG_LEVEL]: 1, [DEVELOPER_LOG_LEVEL]: 0
01-25 19:33:54.366  1959 27974 I CHI     : [SS_LOW ]: [CHI         ]: chxusecaseutils.cpp: SecGetMatchingUsecase: 6633: use samsug camera = 0, use factoy camera = 0, use shooting mode = 0 = numPhysicalCameras = 1
01-25 19:33:54.366  2411 22206 D cameraserver: FGS Logger Transaction failed
01-25 19:33:54.366  2411 22206 D cameraserver: -129
01-25 19:33:54.366 25689 27120 I CameraManagerGlobal: Camera 1 facing CAMERA_FACING_FRONT state now CAMERA_STATE_OPEN for client com.outsystemscloud.lucasgv.SandboxAppCordova API Level 2 User Id 0
01-25 19:33:54.366 27694 27849 I CameraManagerGlobal: Camera 1 facing CAMERA_FACING_FRONT state now CAMERA_STATE_OPEN for client com.outsystemscloud.lucasgv.SandboxAppCordova API Level 2 User Id 0
01-25 19:33:54.366 17851 18334 I CameraManagerGlobal: Camera 1 facing CAMERA_FACING_FRONT state now CAMERA_STATE_OPEN for client com.outsystemscloud.lucasgv.SandboxAppCordova API Level 2 User Id 0
01-25 19:33:54.366 27155 27626 I CameraManagerGlobal: Camera 1 facing CAMERA_FACING_FRONT state now CAMERA_STATE_OPEN for client com.outsystemscloud.lucasgv.SandboxAppCordova API Level 2 User Id 0
01-25 19:33:54.366 17429 19963 I CameraManagerGlobal: Camera 1 facing CAMERA_FACING_FRONT state now CAMERA_STATE_OPEN for client com.outsystemscloud.lucasgv.SandboxAppCordova API Level 2 User Id 0
01-25 19:33:54.366  1928  1949 I HYPER-HAL: [RequestManager.cpp]releaseLocked(): Released ID : 50516354
01-25 19:33:54.366 11685 21857 I CameraManagerGlobal: Camera 1 facing CAMERA_FACING_FRONT state now CAMERA_STATE_OPEN for client com.outsystemscloud.lucasgv.SandboxAppCordova API Level 2 User Id 0
01-25 19:33:54.367  4549  4571 I CameraManagerGlobal: Camera 1 facing CAMERA_FACING_FRONT state now CAMERA_STATE_OPEN for client com.outsystemscloud.lucasgv.SandboxAppCordova API Level 2 User Id 0
01-25 19:33:54.367  1959 27974 I CHI     : [SS_LOW ]: [CHI         ]: chxextensionmodule.cpp: ExecuteMemBoost: 23871: Set MemBoost(2) by 1
01-25 19:33:54.367  1959 27974 I CHI     : [SS_LOW ]: [CHI         ]: chxusecaseutils.cpp: SecGetMatchingUsecase: 6915: Matching Usecase id = SecFastAec
01-25 19:33:54.367  1959 27974 I CHI     : [SS_LOW ]: [CHI         ]: chxusecaseutils.cpp: SecGetMatchingUsecase: 6633: use samsug camera = 0, use factoy camera = 0, use shooting mode = 0 = numPhysicalCameras = 1
01-25 19:33:54.367  1959 27974 I CHI     : [SS_LOW ]: [CHI         ]: chxextensionmodule.cpp: ExecuteMemBoost: 23871: Set MemBoost(2) by 1
01-25 19:33:54.367  1959 27974 I CHI     : [SS_LOW ]: [CHI         ]: chxusecaseutils.cpp: SecGetMatchingUsecase: 6915: Matching Usecase id = SecFastAec
01-25 19:33:54.367 10023 10717 I CameraManagerGlobal: Camera 1 facing CAMERA_FACING_FRONT state now CAMERA_STATE_OPEN for client com.outsystemscloud.lucasgv.SandboxAppCordova API Level 2 User Id 0
01-25 19:33:54.367  1959 27974 I CHI     : [SS_LOW ]: [CHI         ]: chxsecperf.cpp: AcquirePerfLock: 1014: OverheatLevel [0~6](0xFFFFFFFF)
01-25 19:33:54.367 10023 10717 I CameraManagerGlobal: onCameraDeviceStateChangedLocked: post device state update
01-25 19:33:54.367  1959 27974 I CHI     : [SS_LOW ]: [CHI         ]: chxsecperf.cpp: AcquireHyperVInt: 1355: AcquireHyperVInt : maxlimit[3360000], minlimit[2092800], duration[3000]
01-25 19:33:54.367  2411 22206 D AidlCamera3-Device: CameraPerf: constructDefaultRequestSettings templateId: 1 E
01-25 19:33:54.367  9872  9906 I CameraManagerGlobal: Camera 1 facing CAMERA_FACING_FRONT state now CAMERA_STATE_OPEN for client com.outsystemscloud.lucasgv.SandboxAppCordova API Level 2 User Id 0
01-25 19:33:54.367 10023 10717 I CameraManagerGlobal: onCameraDeviceStateChangedLocked: post device state update
01-25 19:33:54.366  2829  3233 D DisplayPowerController2[0]: animateScreenStateChange: target=ON, mIsEnabled=true
01-25 19:33:54.367  2829  4898 D ApplicationPolicy: getApplicationStateEnabled : pkg = com.samsung.android.vtcamerasettings userId : 0
01-25 19:33:54.367  1959 27974 I CHI     : [SS_LOW ]: [CHI         ]: chxextensionmodule.cpp: ExecuteMemBoost: 23871: Set MemBoost(2) by 0
01-25 19:33:54.367  2411 22206 D AidlCamera3-Device: CameraPerf: constructDefaultRequestSettings X (0ms)
01-25 19:33:54.367  2829  6771 I AudioManager: setParameters keyValuePairs = cameraFacing=front
01-25 19:33:54.367  2829  4332 I CameraManagerGlobal: Camera 1 facing CAMERA_FACING_FRONT state now CAMERA_STATE_OPEN for client com.outsystemscloud.lucasgv.SandboxAppCordova API Level 2 User Id 0
01-25 19:33:54.367  1959 27974 I CHI     : [SS_LOW ]: [CHI         ]: chxsecperf.cpp: AcquirePerfLock: 1157:  0] OPEN_CAMERA (1000)
01-25 19:33:54.368  2829  4332 I CameraManagerGlobal: onCameraDeviceStateChangedLocked: post device state update
01-25 19:33:54.368  2829  4332 I CameraManagerGlobal: onCameraDeviceStateChangedLocked: post device state update
01-25 19:33:54.368  2829  4898 D ApplicationPolicy: getApplicationComponentState : pkg = com.samsung.android.vtcamerasettings userId : 0
01-25 19:33:54.368  2829  3233 D PowerManagerService: displayReady: true groupId=0
01-25 19:33:54.368  2411  9615 D Camera3-Device: waitUntilDrained: mInterfaceLock.unlock()
01-25 19:33:54.368  1928  1949 I HYPER-HAL: [RequestManager.cpp]acquire(): Acquired ID : 1925706  [1959 / 3]    HINT :      list : [CPUMaxFreq / 3360000] [CPUMinFreq / 2092800] [TIMEOUT / 3000] 
01-25 19:33:54.369 27155 27155 I VSET/ObserveCameraStateService: onStartCommand: update SALogging status
01-25 19:33:54.369 27155 27155 I VSET/VSETFeature: isDefaultOffCounty: BR
01-25 19:33:54.369 27155 27155 I VSET/VSETPreference: getVSETEnabled: update first lunch time false
01-25 19:33:54.369  1895  1945 D AHAL: AudioDevice: SetParameters: 1799: enter
01-25 19:33:54.369  1895  1945 D AHAL: AudioVoice: VoiceSetParameters: 171: Enter
01-25 19:33:54.369  1895  1945 D AHAL: AudioVoice: VoiceSetParameters: 416: Exit ret: 0
01-25 19:33:54.369  1895  1945 D AHAL: hfp: hfp_set_parameters: 447: enter
01-25 19:33:54.369  1895  1945 D AHAL: AudioDevice: SetParameters: 2521: exit: cameraFacing=front
01-25 19:33:54.369  1895  1945 I Audio_a2dpsink_hw: adev_set_parameters: kevpairs=[cameraFacing=front]
01-25 19:33:54.370 27155 27155 I VSET/AppInfoRepository: isSupportedP: ---, false
01-25 19:33:54.370 27155 27155 I VSET/ObserveCameraStateService: updateAppInfoRepository: E 
01-25 19:33:54.370 27155 27155 I VSET/ObserveCameraStateService: initAppRepository is created already
01-25 19:33:54.370 10008 10008 W ContextImpl: Calling a method in the system process without a qualified user: android.app.ContextImpl.startService:1960 android.content.ContextWrapper.startService:842 android.content.ContextWrapper.startService:842 com.sec.android.diagmonagent.sa.receiver.CFLogReceiver.onReceive:56 android.app.ActivityThread.handleReceiver:4981 
01-25 19:33:54.370  2829  6771 I CameraService_proxy: Notify nfc service : camera open was(false) -> now(true) = polling(false)
01-25 19:33:54.370  4158  4227 I CameraManagerGlobal: Camera 1 facing CAMERA_FACING_FRONT state now CAMERA_STATE_OPEN for client com.outsystemscloud.lucasgv.SandboxAppCordova API Level 2 User Id 0
01-25 19:33:54.370   913   913 I lmkd    : check camkillboostmode : 0 , ionheap: 111357, pid : 27694, index : 2 , camprocall/provider/server size : (78930, 16255, 3632), available : 879131, heap_pool : 4863, kreclaimable : 162774, init_cam : 0
01-25 19:33:54.370   913   913 I lmkd    : check CAMERA OPEN -138027, memlimit: 39414, other_free: 93648, saved_ion_idle_camera: 3956, cameraprocsize: 78930, kgsl: 0, vmallocapi: 92769, diff_available: -22101 
01-25 19:33:54.370   913   913 I lmkd    : check finished camerakillboostmode
01-25 19:33:54.370  2411  9615 D CameraDeviceClient: createStream E
01-25 19:33:54.370  2411  9615 D SessionConfigUtils: createSurfaceFromGbp E: logicalCameraId=1, isStreamInfoValid=0, useCase=0, option=0x0, mirrorMode=0
01-25 19:33:54.371  2411  9615 D SessionConfigUtils: createSurfaceFromGbp: consumer usage flag: 3, useAsync: 0
01-25 19:33:54.371  4551  5837 D NfcService: setReaderMode: uid=1000, packageName: com.samsung.android.keycustomizationinfobackupservice, flags: 4096
01-25 19:33:54.371 27155 27155 I VSET/VisionServerHelper: isUpdatedApp: last app : 420011000, installed app : 420011000
01-25 19:33:54.371 27155 27155 I VSET/VisionServerHelper: isNeedUpdated: fast request
01-25 19:33:54.371 27155 27155 I VSET/ObserveCameraStateService: requestStopService
01-25 19:33:54.371 27155 27155 I VSET/RemoteCameraStatusPreferenceLiveData: updatePreferenceValue: !!!
01-25 19:33:54.371 27155 27155 I VSET/ObserveCameraStateService: getRemoteCameraStatusPreferenceLiveData: null
01-25 19:33:54.371 27155 27155 W VSET/ObserveCameraStateService: getRemoteCameraStatusPreferenceLiveData: maybe not ready.
01-25 19:33:54.371 27155 27155 I VSET/RemoteCameraStatusPreferenceLiveData: setPreferenceValue: null
01-25 19:33:54.372  2411  9615 D SessionConfigUtils: createSurfaceFromGbp: width=640, height=480, format=35, dataSpace=146931712
01-25 19:33:54.372  2411  9615 D SessionConfigUtils: roundBufferDimensionNearest  inWidth=640 inHeight=480, outWidth=640 outHeight=480 X
01-25 19:33:54.372  2411  9615 D SessionConfigUtils: createSurfaceFromGbp X
01-25 19:33:54.373 27155 27155 I VSET/RemoteCameraStatusPreferenceLiveData: onActive start observer
01-25 19:33:54.373 27155 27155 I VSET/ObserveCameraStateService: getFloatingViewStatusLiveData: 4
01-25 19:33:54.373 10008 10008 W ContextImpl: Calling a method in the system process without a qualified user: android.app.ContextImpl.startService:1960 android.content.ContextWrapper.startService:842 android.content.ContextWrapper.startService:842 com.sec.android.diagmonagent.sa.receiver.CFLogReceiver.onReceive:56 android.app.ActivityThread.handleReceiver:4981 
01-25 19:33:54.373  2411  9615 D Camera3-Device: createStream: mInterfaceLock.lock()
01-25 19:33:54.373  2411  9615 D Camera3-Device: createStream: Camera 1: Creating new stream 0: 640 x 480, format 0x23(YUV_420_888), dataspace 146931712 rotation 0 consumer usage 0, isShared 0, physicalCameraId , isMultiResolution 0 dynamicRangeProfile 0x1, streamUseCase 0, option 0x0, timestampBase 0, mirrorMode 0, colorSpace -1, useReadoutTimestamp 0
01-25 19:33:54.374  2411  9615 D Camera3-Device: createStream: mInterfaceLock.unlock()
01-25 19:33:54.374  2411  9615 D CameraDeviceClient: createStream: Camera 1: Successfully created a new stream ID 0 for output surface (640 x 480) with format 0x23.
01-25 19:33:54.374  2411  9615 D Camera3-Device: setStreamTransform: mInterfaceLock.lock()
01-25 19:33:54.374  2411  9615 D CameraDeviceClient: createStream X
01-25 19:33:54.374  2411 22206 D Camera3-Device: filterParamsAndConfigureLocked : operatingMode=0
01-25 19:33:54.374  2411 22206 D Camera3-Device: CameraPerf: configureStreamsLocked: Camera 1: Stream configuration E
01-25 19:33:54.375  2411 22206 I AidlCamera3-Device: configureStreams Before configuration Stream[0] : [640 x 480], usage: 0x3
01-25 19:33:54.375  1959  2106 I Samsung_CameraDeviceSession_impl: [CAMKPI] camera3->configure_streams : E
01-25 19:33:54.375  1959  2106 I Unihal  : UniHal3InterfaceEntry.cpp: uni_configure_streams: 288: [UNIKPI][1] UniHAL->configure_streams: E
01-25 19:33:54.375  1959  2106 I Unihal  : UniHal3InterfaceEntry.cpp: uni_configure_streams: 298: operation_mode: 0, num_streams: 1, session_param: 0xb40000797b2db800
01-25 19:33:54.375  1959  2106 I Unihal  : UniHal3InterfaceEntry.cpp: uni_configure_streams: 303: stream[0]: stream(0xb400007a30043768) : streamId(0x0), scenarioType(PREVIEWCB), format(0x23), grallocUsage(0x3), size(640x480), streamType(0), option(0x0), maxBuffers(0), priv(0x0), dataspace(146931712), rotation(0), fps(0, 0), physCamId(), groupId(-1), sensorPixelModes(0), multi_resolution_input_image(0), stream_use_case(0), dynamic_range_profile(1), stream_timestamp(0), reserved Ptr(0x0, 0x0, 0x0, 0x0, 0x0, 0x0)
01-25 19:33:54.375  1959  2106 I Unihal  : UniState.cpp: transitState: 102: Transiting to state 3
01-25 19:33:54.375  1959  2106 I Unihal  : CameraHalUnit.cpp: ConfigureStreams: 264: cameraId=1, GetIsAlreadyCreated=0 m_isSetParamNull=0
01-25 19:33:54.375  1959  2106 I Unihal  : ScenarioManager.cpp: IsSupported3rdPartyApp: 1712: SAMSUNG_ANDROID_CONTROL_UNIHAL_ENABLE_MODE doesn't exist.
01-25 19:33:54.375  1959  2106 I Unihal  : ScenarioManager.cpp: IsSupported3rdPartyVideoHdr: 1322: SAMSUNG_ANDROID_UNIHAL_VIDEO_MODE doesn't exist.
01-25 19:33:54.375  1959  2106 I Unihal  : ScenarioManager.cpp: IsSupported3rdPartyPersonalImprinting: 1484: 3rdParty Personal Imprinting supported: FALSE
01-25 19:33:54.375  1959  2106 I Unihal  : ScenarioManager.cpp: IsSupported3rdPartyMoire: 1459: 3rdParty Moire supported: FALSE
01-25 19:33:54.375  1959  2106 I Unihal  : ScenarioManager.cpp: IsSupported3rdPartyAutoFraming: 2076: SAMSUNG_ANDROID_UNIHAL_VIDEO_MODE doesn't exist.
01-25 19:33:54.375  1959  2106 I Unihal  : ScenarioManager.cpp: IsSupported3rdPartyVDIS: 1195: PARAMETER_ANDROID_CONTROL_VIDEO_STABILIZATION_MODE: 0
01-25 19:33:54.375  1959  2106 I Unihal  : ScenarioManager.cpp: IsSupported3rdPartyVDIS: 1285: 3rdParty VDIS supported(UniHAL): FALSE
01-25 19:33:54.375  1959  2106 I Unihal  : ScenarioManager.cpp: IsSupported3rdPartyVideoHdr: 1322: SAMSUNG_ANDROID_UNIHAL_VIDEO_MODE doesn't exist.
01-25 19:33:54.375  1959  2106 I Unihal  : ScenarioManager.cpp: IsSupported3rdPartySdkVdis: 1414: SAMSUNG_ANDROID_UNIHAL_VIDEO_MODE doesn't exist.
01-25 19:33:54.375  1959  2106 I Unihal  : ScenarioManager.cpp: IsAllowed3rdParty: 2431: 3rd-party bypass is applied to this application.
01-25 19:33:54.375  1959  2106 I Unihal  : ScenarioManager.cpp: FindScenarioInfo: 2467: Scenario Lib Path : /vendor/lib64/unihal_scenario.so
01-25 19:33:54.375  1959  2106 I Unihal  : ScenarioManager.cpp: FindScenarioInfo: 2481: Current shootingMode=0x0001000c(UNI_SHOOTING_MODE_3RD_PARTY_BYPASS), cameraId=1(FRONT_FULL)
01-25 19:33:54.375  1959  2106 I Unihal  : ScenarioManager.cpp: FindScenarioInfo: 2489: No Scenario is found for shootingMode(UNI_SHOOTING_MODE_3RD_PARTY_BYPASS)
01-25 19:33:54.375  1959  2106 I Unihal  : ScenarioManager.cpp: CheckEnableCondition: 2746: Unihal is disabled. : isSamsungCamera=false, isFactoryTest=false, isGalaxyRaw = false, isAllowed3rdParty=true, foundScenario=false, isValidStreamConfiguration=false, isSamsungVdisEnabled=false, isSamsungSelfieToneTo3rdParty=true, isTestPatternMode=false, shootingMode=UNI_SHOOTING_MODE_3RD_PARTY_BYPASS
01-25 19:33:54.375  1959  2106 I Unihal  : FwkCaptureManager.cpp: Release: 165: Already released
01-25 19:33:54.375  1959  2106 I Unihal  : CameraHalUnit.cpp: ConfigureStreams: 303: Unihal is bypass mode in current scenario.
01-25 19:33:54.375  1959  2106 I Unihal  : CameraDevice.cpp: ConfigureStreams: 96: [UNIKPI][1] VndHAL->configure_streams: E
01-25 19:33:54.375  1959  2106 E CHI     : [SS_ERR ]: [CHI         ]: chxextensionmodule.cpp: SecSetSessionParams: 21505: [SESSION_PARAM] Get SpecialImageQualityPolicy Meta Failed!
01-25 19:33:54.375  1959  2106 E CHI     : [SS_ERR ]: [CHI         ]: chxextensionmodule.cpp: SecSetSessionParams: 21518: [SESSION_PARAM] Get fastCaptureOption Meta Failed!
01-25 19:33:54.375  1959  2106 E CHI     : [SS_ERR ]: [CHI         ]: chxextensionmodule.cpp: SecSetSessionParams: 21547: [SESSION_PARAM] Get externalLensType Meta Failed!
01-25 19:33:54.375  1959  2106 E CHI     : [SS_ERR ]: [CHI         ]: chxextensionmodule.cpp: SecSetSessionParams: 21560: [SESSION_PARAM] Get adaptivePixelMode Meta Failed!
01-25 19:33:54.377  1959 27980 I SS_3A   :  INFO: AWB: CreateAWBAlgorithm: 684: statsStreamInitConfig operationMode 1
01-25 19:33:54.377  1959 27980 I SS_3A   :  INFO: AWB: CreateAWBAlgorithm: 608: StaticAWB algo sizeOfParam for CHISTATSHANDLE is 24
01-25 19:33:54.377  1959 27980 I SS_3A   :  INFO: AWB: CreateAWBAlgorithm: 617: Lens Facing = 0
01-25 19:33:54.377  1959 27980 I SS_3A   :  INFO: AWB: CreateAWBAlgorithm: 665: StaticAWB algo create: overrideCameraOpen is 32
01-25 19:33:54.377  1959 27980 I SS_3A   :  INFO: AWB: CreateAWBAlgorithm: 675: cameraInfo algoRole 0, cameraId 5
01-25 19:33:54.377  1959 27980 I SS_3A   :  INFO: AWB: TsCommonFillSensorIdMap: 26: Already filled, cameraId(5) driverSensorId(12)
01-25 19:33:54.377  1959 27980 I SS_3A   :  INFO: AWB: CreateAWBAlgorithm: 702: CreateAWBAlgorithm (refcnt:0 cameraId 5 OverrideCameraOpen 1 lensFacing 0 pAWBSingletonWrapper->pAWB 0x0
01-25 19:33:54.377  1959 27980 I SS_3A   :  INFO: AWB: CreateAWBAlgorithm: 732: Create AWBAlgorithm, pAWB 0xb400007947ad43a0
01-25 19:33:54.377  1959 27980 I SS_3A   :  INFO: AWB: LoadAlgorithmAndSymbols: 498: [DBG_APEX] ApexIQBasePath: /apex/com.samsung.android.camera.qciq/
01-25 19:33:54.377  1959 27980 I SS_3A   :  INFO: AWB: LoadAlgorithmAndSymbols: 500: [DBG_APEX] loadApex: 0
01-25 19:33:54.377  1959 27980 I SS_3A   :  INFO: AWB: LoadAlgorithmAndSymbols: 544: [DBG_APEX] Loading AWB lib: libTsAwbFront_DM3.so
01-25 19:33:54.377  1959 27980 I SS_3A   :  INFO: AWB: LoadAlgorithmAndSymbols: 574: pInstance->hAWBAlgorithm 0xb40000793672a100
01-25 19:33:54.377  1959 27980 I SS_3A   :  INFO: AWB: TsAwb_get_cal_data_front: 127: module[0] 361 742 745 375
01-25 19:33:54.377  1959 27980 I SS_3A   :  INFO: AWB: TsAwb_get_cal_data_front: 129: module[0] RG 0.485541 , BG 0.504371
01-25 19:33:54.377  1959 27980 I SS_3A   :  INFO: AWB: TsAwb_init_with_mode: 168: TuningVersion 0xED1A0428
01-25 19:33:54.377  1959 27980 I SS_3A   :  INFO: AWB: TsAwb_init_with_mode: 212: [eLensType 0] Adjust_gain = 0.985368, 1.010038
01-25 19:33:54.377  1959 27980 I SS_3A   :  INFO: AEC: AECAlgoSetNodeInterface: 1022: AEC vendorTagBase 0x80d40000
01-25 19:33:54.377  1959 27980 I SS_3A   :  INFO: AEC: AECAlgoSetNodeInterface: 1032: AWB vendorTagBase 0x80d60000
01-25 19:33:54.377  1959 27980 I SS_3A   :  INFO: AEC: AECAlgoSetNodeInterface: 1042: AF vendorTagBase 0x80d50000
01-25 19:33:54.377  1959 27980 I SS_3A   :  INFO: AEC: CreateAEC: 699: StaticAEC algo sizeOfParam for CHISTATSHANDLE is 24
01-25 19:33:54.377  1959 27980 I SS_3A   :  INFO: AEC: CreateAEC: 713: AEC_VendorTag:: Lens Facing = 0 chiSessionHandle = 0xb4000079485ea488
01-25 19:33:54.377  1959 27980 I SS_3A   :  INFO: AEC: CreateAEC: 783: StaticAEC algo create: camera open mask 32 
01-25 19:33:54.377  1959 27980 I SS_3A   :  INFO: AEC: CreateAEC: 693: aec_camera_info 0 5
01-25 19:33:54.377  1959 27980 I SS_3A   :  INFO: AEC: CreateAEC: 790: flicker CSC:60 
01-25 19:33:54.377  1959 27980 I SS_3A   :  INFO: AEC: TsCommonFillSensorIdMap: 26: Already filled, cameraId(5) driverSensorId(12)
01-25 19:33:54.377  1959 27980 I SS_3A   :  INFO: AEC: CreateAEC: 808: CreateAECAlgorithm (refcnt:0 cameraId 5 OverrideCameraOpen 1 lensFacing 0 pAECSingletonWrapper->pAECSingleton 0x0 [sensor:S5K3LU]
01-25 19:33:54.377  1959 27980 I SS_3A   :  INFO: AEC: LoadAlgorithmAndSymbols: 512: [DBG_APEX] ApexIQBasePath: /apex/com.samsung.android.camera.qciq/
01-25 19:33:54.377  1959 27980 I SS_3A   :  INFO: AEC: LoadAlgorithmAndSymbols: 514: [DBG_APEX] loadApex: 0
01-25 19:33:54.378  1959 27980 I SS_3A   :  INFO: AEC: LoadAlgorithmAndSymbols: 561: [DBG_APEX] Loading AEC lib: /vendor/lib64/camera/components/libTsAeFront_dm3.so
01-25 19:33:54.378  1959 27980 I SS_3A   :  INFO: AEC: TsAecFront_init: 595: enableGTMChannelToggle= 1 
01-25 19:33:54.378  1959 27980 I SS_3A   :  INFO: AEC: TsAecFront_load_lib: 256: TsAec_ptr 0xfcc7a5308e199ec9
01-25 19:33:54.378  1959 27980 I SS_3A   :  INFO: AEC: LoadAlgorithmAndSymbols: 598: [AEC] Custom Algo handle 0xb4000079478196c0 
01-25 19:33:54.378  1959 27980 I SS_3A   :  INFO: AEC: CreateAEC: 878: CreateAECAlgorithm 0xb400007947ad43f0 libName libTsAeFront_dm3.so sensorName S5K3LU
01-25 19:33:54.380  1959 27974 I CHI     : [SS_LOW ]: [CHI         ]: chxextensionmodule.cpp: InitializeOverrideSession: 7995: [DUAL_MODE_DBG] m_isFrontCameraOpened=1
01-25 19:33:54.380  1959 27974 I CHI     : [SS_LOW ]: [CHI_FAST_AEC]: chxextensionmodule.cpp: ChxFastAecConfigureStreams: 15593: [CAMKPI] ChxFastAecConfigureStreams: X
01-25 19:33:54.380  1959 27974 I CHI     : [SS_LOW ]: [CHI_FAST_AEC]: chxextensionmodule.cpp: ChxFastAecProcessRequest: 15603: [CAMKPI] ChxFastAecProcessRequest: E
01-25 19:33:54.381  1959  2106 I CHI     : [SS_INFO]: [SS_LOG_LEVEL]: 1, [DEVELOPER_LOG_LEVEL]: 0
01-25 19:33:54.381  1959 27974 I CHI     : [SS_LOW ]: [CHI         ]: chxutils.cpp: FillTuningModeDebug: 6887: [FRONT_FULL] sensorModeIndex 7  Sensor:NORMAL(0)  usecase:Third_party_preview(8)  feature1:ADRC(2)  feature2:None(0)  scene:None(0)   [chxsecusecasefastaec.cpp]
01-25 19:33:54.390  1959  2106 E CHIUSECASE: [ERROR  ] chifeature2hwmultiframe.cpp:5262 SetMFNRBufferCount() MMF BLENDING BufferCount : 5 / [11293556]
01-25 19:33:54.508  1959  3782 I SS_3A   :  INFO: AWB: TsAwb_get_input_metadata: 420: curr_shot_mode 0, prev_shot_mode 1
01-25 19:33:54.508  1959  3786 I SS_3A   :  INFO: AEC: TsAecFront_Set_Exp_Table: 565: [Exp_Table::Front] [F] Shooting=-1, ExpDiagram=4|7, m_video=0, m_fdae=0, rec=0, hfr=0, lightcon=0
01-25 19:33:54.508  1959  3782 I SS_3A   :  INFO: AWB: TsAwb_init_with_mode: 168: TuningVersion 0xED1A0428
01-25 19:33:54.508  1959  3786 I SS_3A   :  INFO: AEC: TSAecFront_set_param: 1120: OpMode 3 StartMode 1
01-25 19:33:54.508  1959  3786 I SS_3A   :  INFO: AEC: TSAecFront_set_param: 1409: [F] hdrConfig (0, 1, 0, 1)
01-25 19:33:54.508  1959  3782 I SS_3A   :  INFO: AWB: TsAwb_init_with_mode: 212: [eLensType 0] Adjust_gain = 0.985368, 1.010038
01-25 19:33:54.508  1959  3786 I SS_3A   :  INFO: AEC: TSAecFront_set_param: 1339: AEL 0
01-25 19:33:54.508  1959  3782 I SS_3A   :  INFO: AWB: TsAwb_parse_stats: 1984: [stats_dbg] statsBayerGrid startupMode = StatisticsStartUpInvalid, exit now
01-25 19:33:54.508  1959  3786 I SS_3A   :  INFO: AEC: TSAecFront_set_param: 1312: AECManualSetting mode=0 ISOValue=50 exposureTime=36505 gain=0.000
01-25 19:33:54.508  1959  3786 I SS_3A   :  INFO: AEC: TsAecGetAeStatisticsData: 6767: [F][1] StatisticsStartUpInvalid: 1
01-25 19:33:54.508  1959  3786 I SS_3A   :  INFO: AEC: TsAecGetVendorTagInfo: 5651: pCaptureIntent=1 recordinghint 0
01-25 19:33:54.508  1959  3786 I SS_3A   :  INFO: AEC: TsAecFront_Set_Exp_Table: 565: [Exp_Table::Front] [F] Shooting=0, ExpDiagram=4|7, m_video=0, m_fdae=0, rec=0, hfr=0, lightcon=0
01-25 19:33:54.508  1959  3786 I SS_3A   :  INFO: AEC: TsAecGetVendorTagInfo: 6046: aeMode 1
01-25 19:33:54.508  1959  3786 I SS_3A   :  INFO: AEC: TsAec_process_get_aec_info: 2583: [F][1] algo_out Av=2.273 g=1.000 e_t=0.00452 LLS=0x0 Ev=12.031 Bv=7.031 PEv=12.031 Cvgd=0 lux=152, lls=0x0, drc=1.000 wide=0 Vo=0.000
01-25 19:33:54.508  1959  3782 I SS_3A   :  INFO: AWB: TsAwb_process_preview: 3028: [1]TsAwb_gain_front=1.766,1.00,1.809,  BV=0.000, lux=0, CT=4755, CT2=4755, TG=0, Ch_g=1.042, I/V=0.000, LT=0, PsnIdx=0
01-25 19:33:54.508  1959  3786 I vendor.samsung.hardware.camera.provider-service_64: S5K3LU index=7, fll=2554(2554), shift(c=0, f=0), l(1385, 0x20, 0x100), s(7, 0x20, 0x100) enS=0 b=2 modeCaps=0x10000, maxA=16.00
01-25 19:33:54.510  2829  4072 D NetdEventListenerService: DNS Requested by 132, 10446, 1
01-25 19:33:54.512  2829  4072 D NetdEventListenerService: DNS Requested by 132, 10446, 2
01-25 19:33:54.512  2829  4072 D NetdEventListenerService: DNS Requested by 132, 10446, 3
01-25 19:33:54.512  2829  4072 D NetdEventListenerService: DNS Requested by 132, 10446, 3
01-25 19:33:54.517  1959  3785 I SS_3A   :  INFO: AWB: TsAwb_parse_stats: 1984: [stats_dbg] statsBayerGrid startupMode = StatisticsStartUpInvalid, exit now
01-25 19:33:54.517  1959  3784 I SS_3A   :  INFO: AEC: TsAecGetAeStatisticsData: 6767: [F][2] StatisticsStartUpInvalid: 1
01-25 19:33:54.518  1959  3785 I SS_3A   :  INFO: AWB: TsAwb_process_preview: 3028: [2]TsAwb_gain_front=1.757,1.00,1.749,  BV=7.031, lux=152, CT=4878, CT2=4878, TG=0, Ch_g=1.047, I/V=0.000, LT=0, PsnIdx=0
01-25 19:33:54.518  1959  3785 I SS_3A   :  INFO: AEC: TsAecGetAeStatisticsData: 6767: [F][3] StatisticsStartUpInvalid: 1
01-25 19:33:54.518  1959  3784 I SS_3A   :  INFO: AWB: TsAwb_parse_stats: 1984: [stats_dbg] statsBayerGrid startupMode = StatisticsStartUpInvalid, exit now
01-25 19:33:54.519  1959  3784 I SS_3A   :  INFO: AWB: TsAwb_process_preview: 3028: [3]TsAwb_gain_front=1.757,1.00,1.749,  BV=7.031, lux=152, CT=4878, CT2=4878, TG=0, Ch_g=1.052, I/V=0.000, LT=0, PsnIdx=0
01-25 19:33:54.538  1959  3785 I SS_3A   :  INFO: AEC: TsAec_parse_aec_bg_stats: 5048: TSAEC_STATS 4ch Bhist is StartUpInvalid.
