01-25 16:55:54.256 12001 12114 E AndroidRuntime: 	at android.hardware.camera2.CameraManager.throwAsPublicException(CameraManager.java:2019)
01-25 16:55:54.256 12001 12114 E AndroidRuntime: 	at android.hardware.camera2.CameraManager.openCameraDeviceUserAsync(CameraManager.java:989)
01-25 16:55:54.256 12001 12114 E AndroidRuntime: 	at android.hardware.camera2.CameraManager.openCameraForUid(CameraManager.java:1274)
01-25 16:55:54.256 12001 12114 E AndroidRuntime: 	at android.hardware.camera2.CameraManager.openCameraForUid(CameraManager.java:1296)
01-25 16:55:54.256 12001 12114 E AndroidRuntime: 	at android.hardware.camera2.CameraManager.openCamera(CameraManager.java:1094)
01-25 16:55:54.256 12001 12114 E AndroidRuntime: 	at com.opentok.android.Camera2VideoCapturer.initCamera(Unknown Source:59)
01-25 16:55:54.256 12001 12114 E AndroidRuntime: 	at com.opentok.android.Camera2VideoCapturer.doInit(Unknown Source:19)
01-25 16:55:54.256 12001 12114 E AndroidRuntime: 	at com.opentok.android.Camera2VideoCapturer.init(Unknown Source:15)
01-25 16:55:54.256 12001 12114 E AndroidRuntime: 	at com.opentok.android.PublisherKit.b(Unknown Source:4)
01-25 16:55:54.256 12001 12114 E AndroidRuntime: 	at com.opentok.android.PublisherKit.$r8$lambda$NVQ_orQtpQuuz8-c02oYWYEwbeA(Unknown Source:0)
01-25 16:55:54.256 12001 12114 E AndroidRuntime: 	at com.opentok.android.PublisherKit$$ExternalSyntheticLambda0.run(Unknown Source:2)
01-25 16:55:54.256 12001 12114 E AndroidRuntime: 	at android.os.Handler.handleCallback(Handler.java:958)
01-25 16:55:54.256 12001 12114 E AndroidRuntime: 	at android.os.Handler.dispatchMessage(Handler.java:99)
01-25 16:55:54.256 12001 12114 E AndroidRuntime: 	at android.os.Looper.loopOnce(Looper.java:230)
01-25 16:55:54.256 12001 12114 E AndroidRuntime: 	at android.os.Looper.loop(Looper.java:319)
01-25 16:55:54.256 12001 12114 E AndroidRuntime: 	at android.os.HandlerThread.run(HandlerThread.java:67)
01-25 16:55:54.256 12001 12114 E AndroidRuntime: Caused by: android.os.ServiceSpecificException: validateClientPermissionsLocked:1625: Caller "com.outsystemscloud.lucasgv.SandboxAppCordova" (PID 10435, UID 12001) cannot open camera "1" without camera permission (code 1)
01-25 16:55:54.256 12001 12114 E AndroidRuntime: 	at android.os.Parcel.createExceptionOrNull(Parcel.java:3083)
01-25 16:55:54.256 12001 12114 E AndroidRuntime: 	at android.os.Parcel.createException(Parcel.java:3053)
01-25 16:55:54.256 12001 12114 E AndroidRuntime: 	at android.os.Parcel.readException(Parcel.java:3036)
01-25 16:55:54.256 12001 12114 E AndroidRuntime: 	at android.os.Parcel.readException(Parcel.java:2978)
01-25 16:55:54.256 12001 12114 E AndroidRuntime: 	at android.hardware.ICameraService$Stub$Proxy.connectDevice(ICameraService.java:883)
01-25 16:55:54.256 12001 12114 E AndroidRuntime: 	at android.hardware.camera2.CameraManager.openCameraDeviceUserAsync(CameraManager.java:964)
01-25 16:55:54.256 12001 12114 E AndroidRuntime: 	... 14 more
01-25 16:55:54.257 12001 12114 E OSCrashHandler: A fatal error has occurred. Please contact OutSystems support: validateClientPermissionsLocked:1625: Caller "com.outsystemscloud.lucasgv.SandboxAppCordova" (PID 10435, UID 12001) cannot open camera "1" without camera permission
01-25 16:55:54.257 12001 12114 E OSCrashHandler: java.lang.SecurityException: validateClientPermissionsLocked:1625: Caller "com.outsystemscloud.lucasgv.SandboxAppCordova" (PID 10435, UID 12001) cannot open camera "1" without camera permission
01-25 16:55:54.257 12001 12114 E OSCrashHandler: 	at android.hardware.camera2.CameraManager.throwAsPublicException(CameraManager.java:2019)
01-25 16:55:54.257 12001 12114 E OSCrashHandler: 	at android.hardware.camera2.CameraManager.openCameraDeviceUserAsync(CameraManager.java:989)
01-25 16:55:54.257 12001 12114 E OSCrashHandler: 	at android.hardware.camera2.CameraManager.openCameraForUid(CameraManager.java:1274)
01-25 16:55:54.257 12001 12114 E OSCrashHandler: 	at android.hardware.camera2.CameraManager.openCameraForUid(CameraManager.java:1296)
01-25 16:55:54.257 12001 12114 E OSCrashHandler: 	at android.hardware.camera2.CameraManager.openCamera(CameraManager.java:1094)
01-25 16:55:54.257 12001 12114 E OSCrashHandler: 	at com.opentok.android.Camera2VideoCapturer.initCamera(Unknown Source:59)
01-25 16:55:54.257 12001 12114 E OSCrashHandler: 	at com.opentok.android.Camera2VideoCapturer.doInit(Unknown Source:19)
01-25 16:55:54.257 12001 12114 E OSCrashHandler: 	at com.opentok.android.Camera2VideoCapturer.init(Unknown Source:15)
01-25 16:55:54.257 12001 12114 E OSCrashHandler: 	at com.opentok.android.PublisherKit.b(Unknown Source:4)
01-25 16:55:54.257 12001 12114 E OSCrashHandler: 	at com.opentok.android.PublisherKit.$r8$lambda$NVQ_orQtpQuuz8-c02oYWYEwbeA(Unknown Source:0)
01-25 16:55:54.257 12001 12114 E OSCrashHandler: 	at com.opentok.android.PublisherKit$$ExternalSyntheticLambda0.run(Unknown Source:2)
01-25 16:55:54.257 12001 12114 E OSCrashHandler: 	at android.os.Handler.handleCallback(Handler.java:958)
01-25 16:55:54.257 12001 12114 E OSCrashHandler: 	at android.os.Handler.dispatchMessage(Handler.java:99)
01-25 16:55:54.257 12001 12114 E OSCrashHandler: 	at android.os.Looper.loopOnce(Looper.java:230)
01-25 16:55:54.257 12001 12114 E OSCrashHandler: 	at android.os.Looper.loop(Looper.java:319)
01-25 16:55:54.257 12001 12114 E OSCrashHandler: 	at android.os.HandlerThread.run(HandlerThread.java:67)
01-25 16:55:54.257 12001 12114 E OSCrashHandler: Caused by: android.os.ServiceSpecificException: validateClientPermissionsLocked:1625: Caller "com.outsystemscloud.lucasgv.SandboxAppCordova" (PID 10435, UID 12001) cannot open camera "1" without camera permission (code 1)
01-25 16:55:54.257 12001 12114 E OSCrashHandler: 	at android.os.Parcel.createExceptionOrNull(Parcel.java:3083)
01-25 16:55:54.257 12001 12114 E OSCrashHandler: 	at android.os.Parcel.createException(Parcel.java:3053)
01-25 16:55:54.257 12001 12114 E OSCrashHandler: 	at android.os.Parcel.readException(Parcel.java:3036)
01-25 16:55:54.257 12001 12114 E OSCrashHandler: 	at android.os.Parcel.readException(Parcel.java:2978)
01-25 16:55:54.257 12001 12114 E OSCrashHandler: 	at android.hardware.ICameraService$Stub$Proxy.connectDevice(ICameraService.java:883)
01-25 16:55:54.257 12001 12114 E OSCrashHandler: 	at android.hardware.camera2.CameraManager.openCameraDeviceUserAsync(CameraManager.java:964)
01-25 16:55:54.257 12001 12114 E OSCrashHandler: 	... 14 more
01-25 16:55:54.264  2829  6764 D Debug   : low && ship && 3rdparty app crash, do not dump
01-25 16:55:54.264  2829 12300 I DropBoxManagerService: add tag=data_app_crash isTagEnabled=true flags=0x2
01-25 16:55:54.265  2829 12301 W ActivityManager: crash : com.outsystemscloud.lucasgv.SandboxAppCordova,10435
01-25 16:55:54.266  2829  6764 W ActivityTaskManager:   Force finishing activity com.outsystemscloud.lucasgv.SandboxAppCordova/.MainActivity
01-25 16:55:54.266  2829  6764 D WindowManager: Transition is created, t=TransitionRecord{56aecd1 id=-1 type=CLOSE flags=0x10}, caller=com.android.server.wm.TransitionController.createTransition:339 com.android.server.wm.TransitionController.requestTransitionIfNeeded:824 com.android.server.wm.TransitionController.requestTransitionIfNeeded:730 com.android.server.wm.DisplayContent.requestTransitionAndLegacyPrepare:6986 com.android.server.wm.DisplayContent.requestTransitionAndLegacyPrepare:6979 
01-25 16:55:54.266  2829  6764 D WindowManager: SyncGroup is created, id=2569, name=Transition, caller=com.android.server.wm.BLASTSyncEngine$SyncGroup.<init>:0 com.android.server.wm.BLASTSyncEngine.prepareSyncSet:523 com.android.server.wm.BLASTSyncEngine.startSyncSet:528 com.android.server.wm.Transition.startCollecting:704 com.android.server.wm.TransitionController.moveToCollecting:360 com.android.server.wm.TransitionController.createTransition:341 com.android.server.wm.TransitionController.requestTransitionIfNeeded:824 
01-25 16:55:54.266  2829  6764 W WindowManager: setSyncMethod, id=2569, method=0, caller=com.android.server.wm.Transition.startCollecting:706 com.android.server.wm.TransitionController.moveToCollecting:360 com.android.server.wm.TransitionController.createTransition:341 
01-25 16:55:54.267  2829  6764 V WindowManager: Start collecting in Transition: TransitionRecord{56aecd1 id=2569 type=CLOSE flags=0x10}, caller=com.android.server.wm.TransitionController.createTransition:341 com.android.server.wm.TransitionController.requestTransitionIfNeeded:824 com.android.server.wm.TransitionController.requestTransitionIfNeeded:730 com.android.server.wm.DisplayContent.requestTransitionAndLegacyPrepare:6986 com.android.server.wm.DisplayContent.requestTransitionAndLegacyPrepare:6979 
01-25 16:55:54.267  2829  6764 V WindowManager: Requesting StartTransition: TransitionRecord{56aecd1 id=2569 type=CLOSE flags=0x10}, caller=com.android.server.wm.TransitionController.requestTransitionIfNeeded:824 com.android.server.wm.TransitionController.requestTransitionIfNeeded:730 com.android.server.wm.DisplayContent.requestTransitionAndLegacyPrepare:6986 com.android.server.wm.DisplayContent.requestTransitionAndLegacyPrepare:6979 com.android.server.wm.Task.finishTopCrashedActivityLocked:6892 
01-25 16:55:54.268  4158  4206 V WindowManagerShell: Transition requested: android.os.BinderProxy@393723c TransitionRequestInfo { type = CLOSE, triggerTask = null, remoteTransition = null, displayChange = null }
01-25 16:55:54.268  2829  6764 D ActivityTaskManager: scheduleTopResumedActivityChanged, onTop=false, r=ActivityRecord{73125a0 u0 com.outsystemscloud.lucasgv.SandboxAppCordova/.MainActivity t31773 f}}, caller=com.android.server.wm.ActivityTaskSupervisor.updateTopResumedActivityIfNeeded:2873 com.android.server.wm.TaskDisplayArea.positionChildTaskAt:569 com.android.server.wm.TaskDisplayArea.positionChildAt:485 com.android.server.wm.WindowContainer.positionChildAt:993 com.android.server.wm.Task.positionChildAt:3373 com.android.server.wm.Task.moveToFront:6140 
01-25 16:55:54.269  2829  6764 D SGM:FgCheckThread: TaskStackListener.onTaskFocusChanged(), taskId=31773, focused=false
01-25 16:55:54.269  2829  6764 D SGM:FgCheckThread: TaskStackListener.onTaskFocusChanged(), taskId=31302, focused=true
01-25 16:55:54.269  2829  6764 D SGM:FgCheckThread:   sendRunningComponentFocus(), pkgName: com.sec.android.app.launcher, userId: 0
01-25 16:55:54.269  2829  3656 D SGM:FgCheckThread: onLooperPrepared(), msg: MSG_TASK_FOCUSED, pkgName: com.sec.android.app.launcher, userId: 0
01-25 16:55:54.269  2829  3656 D SGM:FgCheckThread: handleTaskFocused().
01-25 16:55:54.269  2829  3656 D SGM:FgCheckThread: sendFocusOutConditionally() - mPrevNotiPkg: (unknown), userId: 0
01-25 16:55:54.269  2829  3656 D SGM:FgCheckThread:   handleTaskFocused(), pkgName: com.sec.android.app.launcher, userID:0 mResumedPkgMap does not containsKey.
01-25 16:55:54.270  2829  3972 D AS.MultiSoundManager: mForegroundUid = 10139
01-25 16:55:54.270  2829  6764 D InputDispatcher: Focused application(0): ActivityRecord{b7f1d01 u0 com.sec.android.app.launcher/.activities.LauncherActivity t31302}
01-25 16:55:54.271  2829  6764 V WindowManager: Changing focus from Window{e8d13c5 u0 com.outsystemscloud.lucasgv.SandboxAppCordova/com.outsystemscloud.lucasgv.SandboxAppCordova.MainActivity} to null displayId=0 Callers=com.android.server.wm.RootWindowContainer.updateFocusedWindowLocked:581 com.android.server.wm.WindowManagerService.updateFocusedWindowLocked:6910 com.android.server.wm.ActivityTaskManagerService.setLastResumedActivityUncheckLocked:6164 com.android.server.wm.ActivityRecord.moveFocusableActivityToTop:4165 
01-25 16:55:54.271  2829  6764 V SystemKeyManager: updateFocusedWindow() is called, 
01-25 16:55:54.271  2829  6764 D SGM:FgCheckThread: TaskStackListener.onTaskFocusChanged(), taskId=31773, focused=false
01-25 16:55:54.271  2829  6764 D SGM:FgCheckThread: TaskStackListener.onTaskFocusChanged(), taskId=31302, focused=true
01-25 16:55:54.271  2829  6764 D SGM:FgCheckThread:   sendRunningComponentFocus(), pkgName: com.sec.android.app.launcher, userId: 0
01-25 16:55:54.271  2829  3656 D SGM:FgCheckThread: onLooperPrepared(), msg: MSG_TASK_FOCUSED, pkgName: com.sec.android.app.launcher, userId: 0
01-25 16:55:54.271  2829  3656 D SGM:FgCheckThread: handleTaskFocused().
01-25 16:55:54.271  2829  3972 D AS.MultiSoundManager: mForegroundUid = 10139
01-25 16:55:54.271  2829  3656 D SGM:FgCheckThread:   handleTaskFocused(), pkgName: com.sec.android.app.launcher, userID:0 mResumedPkgMap does not containsKey.
01-25 16:55:54.271  2829  6764 V WindowManager: Collecting in transition 2569: Task{323f559 #31773 type=standard A=10435:com.outsystemscloud.lucasgv.SandboxAppCordova}, caller=com.android.server.wm.Transition.collect:753 com.android.server.wm.Transition.collectExistenceChange:936 com.android.server.wm.TransitionController.collectExistenceChange:1025 com.android.server.wm.TransitionController.requestCloseTransitionIfNeeded:963 com.android.server.wm.ActivityRecord.finishIfPossible:4361 
01-25 16:55:54.271  2829  6764 D WindowManager: prepareSync <SYNC_STATE_WAITING_FOR_DRAW>, mPrepareSyncSeqId=0, win=Window{e8d13c5 u0 com.outsystemscloud.lucasgv.SandboxAppCordova/com.outsystemscloud.lucasgv.SandboxAppCordova.MainActivity}
01-25 16:55:54.272  2829  6764 V WindowManager: Collecting in transition 2569: ActivityRecord{73125a0 u0 com.outsystemscloud.lucasgv.SandboxAppCordova/.MainActivity t31773 f}}, caller=com.android.server.wm.Transition.collect:753 com.android.server.wm.TransitionController.collect:975 com.android.server.wm.ActivityRecord.setVisibility:6429 com.android.server.wm.ActivityRecord.setVisibility:6381 com.android.server.wm.ActivityRecord.finishIfPossible:4440 
01-25 16:55:54.272  2829  6764 D WindowManager: VisibleRequested updated, r=ActivityRecord{73125a0 u0 com.outsystemscloud.lucasgv.SandboxAppCordova/.MainActivity t31773 f}}
01-25 16:55:54.277  2031  2155 D RenderEngine: [SEC_GC_CMN_SF_EFFECTS] drawLayersInternal,1279, Rendering layer  at index 0
01-25 16:55:54.277  2031  2155 D RenderEngine: [SEC_GC_CMN_SF_EFFECTS] drawLayersInternal,1279, Rendering layer com.outsystemscloud.lucasgv.SandboxAppCordova/com.outsystemscloud.lucasgv.SandboxAppCordova.MainActivity$_12001#41243 at index 1
01-25 16:55:54.278 12001 12114 I Process : Sending signal. PID: 12001 SIG: 9
01-25 16:55:54.278  2829  2856 V WindowManager: Starting Transition 2569, caller=com.android.server.wm.WindowOrganizerController.startTransition:384 com.android.server.wm.WindowOrganizerController.startTransition:315 android.window.IWindowOrganizerController$Stub.onTransact:257 
01-25 16:55:54.279  2829  2856 V Transition:  allReady query: used=true, override=false, defer=0, states=Display{#0 state=ON size=1440x3088 ROTATION_0}:false
01-25 16:55:54.284  2031  2222 I VSyncReactor: Current= 120, Period= 120, Distance= 1
01-25 16:55:54.285 10008 10008 W DMASA[D]: [d]Diagnostic is not agreed
01-25 16:55:54.288  4640  4771 I HoneySpace.TopTaskSource: onTaskMovedToFront : taskId = 31302
01-25 16:55:54.288  2829  3121 D ActivityManager: !@AM_BOOT_PROGRESS , ensureBootCompleted booting:false /enableScreen:false /caller:com.android.server.am.ActivityManagerService$UiHandler.handleMessage:2042 android.os.Handler.dispatchMessage:106 
01-25 16:55:54.288  9872  9944 I [AirCmd]_ActivitySwitchDetector: onTaskFocusChanged : taskId=31302, componentName=ComponentInfo{com.sec.android.app.launcher/com.sec.android.app.launcher.Launcher}
01-25 16:55:54.288  9872  9944 I [AirCmd]_ActivitySwitchDetector: onTaskFocusChanged :mTopMostActivity = ComponentInfo{com.outsystemscloud.lucasgv.SandboxAppCordova/com.outsystemscloud.lucasgv.SandboxAppCordova.MainActivity}
01-25 16:55:54.289  9872  9944 I [AirCmd]_CallbackRepeater: stopRepeat : isWorking=false
01-25 16:55:54.289  9872  9944 I [AirCmd]_MediaControlStateMonitor: isForegroundAppSupportsMediaButton : mediaSession is empty
01-25 16:55:54.290  9872  9944 E [AirCmd]_MediaControlStateMonitor: getActiveNotificationPackageName : notification service monitor is null
01-25 16:55:54.290  9872  9944 I [AirCmd]_ButtonEventDetectionThread: enableDoubleClickDetection: enabled= false
01-25 16:55:54.290  4640  7154 I HoneySpace.RecentTasks: onRecentTasksChanged
01-25 16:55:54.291  4640  4771 I HoneySpace.TopTaskSource: onTaskFocusChanged(): taskId = 31302
01-25 16:55:54.292  2031  2031 I BpBinder: onLastStrongRef automatically unlinking death recipients: 
01-25 16:55:54.292  4640  4771 I HoneySpace.TopTaskSource: onTaskFocusChanged(): taskId = 31302
01-25 16:55:54.292  4640  4771 I HoneySpace.TopTaskSource: onTaskMovedToFront : taskId = 31302
01-25 16:55:54.292  9872  9944 I [AirCmd]_ActivitySwitchDetector: onTaskFocusChanged : taskId=31302, componentName=ComponentInfo{com.sec.android.app.launcher/com.sec.android.app.launcher.Launcher}
01-25 16:55:54.292  4640  4771 I HoneySpace.TopTaskSource: onTaskMovedToFront : taskId = 31302
01-25 16:55:54.292  4640  4773 I HoneySpace.TopTaskUseCase: topTasks 31302 ComponentInfo{com.sec.android.app.launcher/com.sec.android.app.launcher.Launcher}
01-25 16:55:54.293  2031  2222 I VSyncReactor: Current= 120, Period= 120, Distance= 120
01-25 16:55:54.293  2829  6769 D InputDispatcher: Focus left window (0): e8d13c5 com.outsystemscloud.lucasgv.SandboxAppCordova/com.outsystemscloud.lucasgv.SandboxAppCordova.MainActivity
01-25 16:55:54.301 10023 10023 I SDHMS:BarTender:Gatherer:AppError: update AppError : uid=10435, pkg=com.outsystemscloud.lucasgv.SandboxAppCordova, errorType=crash
01-25 16:55:54.304 10023 10023 I SDHMS:BarTender:Analyzer:AppError: analyze app error : uid=10435, pkg=com.outsystemscloud.lucasgv.SandboxAppCordova, appErrorCount=5
01-25 16:55:54.307  2829  5652 D InputMethodManagerService: removeClient
01-25 16:55:54.308  2829  5652 D InputTransport: Input channel destroyed: 'ClientS', fd=1243
01-25 16:55:54.308  2829  5652 I ImeTracker: com.outsystemscloud.lucasgv.SandboxAppCordova:d38b7cba: onRequestHide at ORIGIN_SERVER_HIDE_INPUT reason HIDE_REMOVE_CLIENT
01-25 16:55:54.308  2829  5652 D InputMethodManagerService: setWindowStateInner, windowToken=android.os.BinderProxy@aa34a3c, state=ImeTargetWindowState{ imeToken android.os.Binder@e4333c imeFocusChanged true hasEditorFocused false requestedImeVisible false imeDisplayId 0 softInputModeState STATE_UNSPECIFIED|ADJUST_RESIZE|IS_FORWARD_NAVIGATION isStartInputByGainFocus true}
01-25 16:55:54.308  2829  5652 I ImeTracker: com.outsystemscloud.lucasgv.SandboxAppCordova:d38b7cba: onCancelled at PHASE_SERVER_SHOULD_HIDE
01-25 16:55:54.308  2829  5652 V InputMethodManagerService: hideCurrentInputLocked : canceled, shouldHideSoftInput=false, mInputShown=false, mImeWindowVis=0
01-25 16:55:54.308  2829  4379 I WindowManager: WIN DEATH: Window{e8d13c5 u0 com.outsystemscloud.lucasgv.SandboxAppCordova/com.outsystemscloud.lucasgv.SandboxAppCordova.MainActivity}
01-25 16:55:54.308  2829  4379 D InputTransport: Input channel destroyed: 'e8d13c5', fd=1154
01-25 16:55:54.308  2829  4379 W InputManager-JNI: Input channel object 'e8d13c5 com.outsystemscloud.lucasgv.SandboxAppCordova/com.outsystemscloud.lucasgv.SandboxAppCordova.MainActivity (client)' was disposed without first being removed with the input manager!
01-25 16:55:54.308  2829  4379 D InputTransport: Input channel destroyed: 'e8d13c5', fd=1231
01-25 16:55:54.308  9821  9821 D InputTransport: Input channel destroyed: 'ClientS', fd=152
01-25 16:55:54.308  2829  4379 V WindowManager: Remove Window{e8d13c5 u0 com.outsystemscloud.lucasgv.SandboxAppCordova/com.outsystemscloud.lucasgv.SandboxAppCordova.MainActivity}: mSurfaceController=Surface(name=com.outsystemscloud.lucasgv.SandboxAppCordova/com.outsystemscloud.lucasgv.SandboxAppCordova.MainActivity$_12001)/@0x52e48c5 mAnimatingExit=false mRemoveOnExit=false mHasSurface=true surfaceShowing=true animating=false app-animation=false mDisplayFrozen=false callers=com.android.server.wm.WindowState$DeathRecipient.binderDied:3698 android.os.IBinder$DeathRecipient.binderDied:325 android.os.BinderProxy.sendDeathNotice:781 <bottom of call stack> <bottom of call stack> <bottom of call stack> 
01-25 16:55:54.308  5011  5011 I adbd    : Remote process closed the socket (on MSG_PEEK)
01-25 16:55:54.308  2031  2145 I SurfaceFlinger: id=41246 Removed Surface(name=55a08b8 Splash Screen com.outsystemscloud.lucasgv.SandboxAppCordova)/@0x67f7d01 - animation-leash of starting_reveal#41246 (170)
01-25 16:55:54.308  2012 30717 I AudioFlinger: removeDlbCodecCallback pid:12001 type:-1
01-25 16:55:54.308  2829  5892 I ActivityManager: Process com.outsystemscloud.lucasgv.SandboxAppCordova (pid 12001) has died: fg  TOP (199,3816)
01-25 16:55:54.309  2829  3974 W AS.AudioDeviceBroker: Communication client died
01-25 16:55:54.309  2829  3974 V AS.AudioDeviceBroker: setCommunicationRouteForClient: device: null, eventSource: onCommunicationRouteClientDied
01-25 16:55:54.309  2829  3974 I AS.AudioDeviceBroker: setCommunicationRouteForClient for uid: 10435 device: null isPrivileged: false from API: onCommunicationRouteClientDied
01-25 16:55:54.309  2829  3974 V AS.AudioDeviceBroker: requestedCommunicationDevice: AudioDeviceAttributes: role:output type:speaker addr: name: profiles:[] descriptors:[] mAudioModeOwner: AudioModeInfo: mMode=MODE_NORMAL, mPid=0, mUid=0
01-25 16:55:54.309  2829  3974 V AS.AudioDeviceBroker: requestedCommunicationDevice: null mAudioModeOwner: AudioModeInfo: mMode=MODE_NORMAL, mPid=0, mUid=0
01-25 16:55:54.309  2829  3974 V AS.AudioDeviceBroker: requestedCommunicationDevice: null mAudioModeOwner: AudioModeInfo: mMode=MODE_NORMAL, mPid=0, mUid=0
01-25 16:55:54.309  2829  3974 V AS.AudioDeviceBroker: requestedCommunicationDevice: null mAudioModeOwner: AudioModeInfo: mMode=MODE_NORMAL, mPid=0, mUid=0
01-25 16:55:54.309  2829  3974 V AS.AudioDeviceBroker: requestedCommunicationDevice: null mAudioModeOwner: AudioModeInfo: mMode=MODE_NORMAL, mPid=0, mUid=0
01-25 16:55:54.309  2829  3974 V AS.AudioDeviceBroker: updateCommunicationRoute, preferredCommunicationDevice: null eventSource: onCommunicationRouteClientDied
01-25 16:55:54.309  2031  2031 I Layer   : id=41246 Destroyed Surface(name=55a08b8 Splash Screen com.outsystemscloud.lucasgv.SandboxAppCordova)/@0x67f7d01 - animation-leash of starting_reveal#41246
01-25 16:55:54.310  2829  3151 I libprocessgroup: Successfully killed process cgroup uid 10435 pid 12001 in 0ms
01-25 16:55:54.310  2829  3953 D ConnectivityService: releasing NetworkRequest [ REQUEST id=31866, [ Capabilities: INTERNET&NOT_RESTRICTED&TRUSTED&NOT_VCN_MANAGED Uid: 10435 RequestorUid: 10435 RequestorPkg: com.outsystemscloud.lucasgv.SandboxAppCordova UnderlyingNetworks: Null] ] (release request)
01-25 16:55:54.310  2829  3953 D ConnectivityService:  Removing from current network [132 WIFI], leaving 207 requests.
01-25 16:55:54.310  2012 30717 V APM_AudioPolicyManager: clearDevicesRoleForStrategy() strategy=14 role=1
01-25 16:55:54.311  2829  5892 I ActivityManager: Killing 12077:com.google.android.webview:sandboxed_process0:org.chromium.content.app.SandboxedProcessService0:0/u0a435i565 (adj 0): isolated not needed
01-25 16:55:54.311  2012 30717 V APM_AudioPolicyManager: selectOutput new bestOutput 13 criteria 0 100 0 0 0 0 4 2 
01-25 16:55:54.311  2012 30717 V APM_AudioPolicyManager: selectOutput new bestOutput 29 criteria 0 100 0 0 0 1 4 0 
01-25 16:55:54.311  2012 30717 V APM_AudioPolicyManager: selectOutput new bestOutput 13 criteria 0 100 0 0 0 0 4 2 
01-25 16:55:54.311  2012 30717 V APM_AudioPolicyManager: selectOutput new bestOutput 29 criteria 0 100 0 0 0 1 4 0 
01-25 16:55:54.311  2012 30717 V APM_AudioPolicyManager: selectOutput new bestOutput 13 criteria 0 100 0 0 0 0 4 2 
01-25 16:55:54.311  2012 30717 V APM_AudioPolicyManager: selectOutput new bestOutput 29 criteria 0 100 0 0 0 1 4 0 
01-25 16:55:54.311  2012 30717 V APM_AudioPolicyManager: selectOutput new bestOutput 13 criteria 0 100 0 0 0 0 4 2 
01-25 16:55:54.311  2012 30717 V APM_AudioPolicyManager: selectOutput new bestOutput 77 criteria 0 199 0 0 0 0 4 0 
01-25 16:55:54.311  2012 30717 V APM_AudioPolicyManager: selectOutput new bestOutput 13 criteria 0 100 0 0 0 0 4 2 
01-25 16:55:54.311  2012 30717 V APM_AudioPolicyManager: selectOutput new bestOutput 77 criteria 0 199 0 0 0 0 4 0 
01-25 16:55:54.311  2012 30717 V APM_AudioPolicyManager: checkOutputForAttributes: strategy 14, moving from output 13 to output 13
01-25 16:55:54.311 21724 21724 D BoundBrokerSvc: onUnbind: Intent { act=com.google.android.gms.safebrowsing.SafeBrowsingService.START dat=chimera-action:/... cmp=com.google.android.gms/.chimera.GmsBoundBrokerService }
01-25 16:55:54.312  2829  5892 I ActivityManager: Changes in 99565 3 to 19, 56 to 0
01-25 16:55:54.312  2829  3121 D PkgPredictorService-SecIpmManagerServiceImpl: onForegroundActivitiesChanged pid:4640 uid:10139
01-25 16:55:54.313  2829  3121 D NetworkPolicy: already checked 10139
01-25 16:55:54.313  2012 30717 V APM_AudioPolicyManager: getNewOutputDevices selected devices AUDIO_DEVICE_NONE
01-25 16:55:54.313  2012 30717 V APM_AudioPolicyManager: setOutputDevices device AUDIO_DEVICE_NONE delayMs 100
01-25 16:55:54.313  2829  4928 V PkgPredictorService-SecIpmManagerServiceImpl: discard foreground app:com.sec.android.app.launcher 1|true
01-25 16:55:54.313  2012 30717 V APM_AudioPolicyManager: setOutputDevices() prevDevice {AUDIO_DEVICE_OUT_SPEAKER, @:}
01-25 16:55:54.313  2012 30717 V APM_AudioPolicyManager: setOutputDevices setting same device AUDIO_DEVICE_NONE or null device, force=0, patch handle=1050
01-25 16:55:54.313  2012 30717 V APM_AudioPolicyManager: getNewOutputDevices selected devices AUDIO_DEVICE_NONE
01-25 16:55:54.313  2012 30717 V APM_AudioPolicyManager: setOutputDevices device AUDIO_DEVICE_NONE delayMs 0
01-25 16:55:54.313  2012 30717 V APM_AudioPolicyManager: setOutputDevices() prevDevice {AUDIO_DEVICE_OUT_SPEAKER, @:}
01-25 16:55:54.313  2829  5892 V WindowManager: Collecting in transition 2569: Task{323f559 #31773 type=standard A=10435:com.outsystemscloud.lucasgv.SandboxAppCordova}, caller=com.android.server.wm.Transition.collect:753 com.android.server.wm.TransitionController.collect:975 com.android.server.wm.TransitionController.requestCloseTransitionIfNeeded:967 com.android.server.wm.ActivityRecord.handleAppDied:5182 com.android.server.wm.WindowProcessController.handleAppDied:1480 
01-25 16:55:54.313  2829  5892 V WindowManager: Cleaning splash screen token=ActivityRecord{73125a0 u0 com.outsystemscloud.lucasgv.SandboxAppCordova/.MainActivity t31773 f}}
01-25 16:55:54.313  2829  5892 V WindowManager: Collecting in transition 2569: ActivityRecord{73125a0 u0 com.outsystemscloud.lucasgv.SandboxAppCordova/.MainActivity t31773 f}}, caller=com.android.server.wm.Transition.collect:753 com.android.server.wm.TransitionController.collect:975 com.android.server.wm.ActivityRecord.onRemovedFromDisplay:5272 com.android.server.wm.DisplayContent.removeAppToken:1892 com.android.server.wm.ActivityRecord.removeFromHistory:4899 
01-25 16:55:54.313 17849 22220 I SAMSUNGWALLET: [Hint_ProcessStatusChange] fg Change, pid : 4640 , isNotify : false , isForeground : true , fg list : [4640, 12001, 25689]
01-25 16:55:54.313  2829  5892 I SemDvfsHyPerManager: acquire hyper - AMS_APP_HOME/2829@33, type = -999
01-25 16:55:54.314 17849 20347 I SAMSUNGWALLET: [Hint_ProcessStatusChange] fg Change, pid : 4640 , isNotify : true , isForeground : true , fg list : [4640, 12001, 25689]
01-25 16:55:54.314  2012 30717 V APM_AudioPolicyManager: setOutputDevices setting same device AUDIO_DEVICE_NONE or null device, force=0, patch handle=1144
01-25 16:55:54.314  2012 30717 V APM_AudioPolicyManager: getNewOutputDevices selected devices AUDIO_DEVICE_NONE
01-25 16:55:54.314  2012 30717 V APM_AudioPolicyManager: setOutputDevices device AUDIO_DEVICE_NONE delayMs 0
01-25 16:55:54.314  2012 30717 V APM_AudioPolicyManager: setOutputDevices() prevDevice {AUDIO_DEVICE_OUT_SPEAKER, @:}
01-25 16:55:54.314  2012 30717 V APM_AudioPolicyManager: setOutputDevices setting same device AUDIO_DEVICE_NONE or null device, force=0, patch handle=1289
01-25 16:55:54.314  2012 30717 V APM_AudioPolicyManager: getNewOutputDevices selected devices AUDIO_DEVICE_NONE
01-25 16:55:54.314  2012 30717 V APM_AudioPolicyManager: setOutputDevices device AUDIO_DEVICE_NONE delayMs 0
01-25 16:55:54.314  2012 30717 V APM_AudioPolicyManager: setOutputDevices() prevDevice {AUDIO_DEVICE_OUT_SPEAKER, @:}
01-25 16:55:54.315  2012 30717 V APM_AudioPolicyManager: setOutputDevices changing device to AUDIO_DEVICE_NONE
01-25 16:55:54.315  2012 30717 V APM_AudioPolicyManager: checkAndSetVolume: output 37, stream 10, index 9, devices 0x2, volume 0.063096
01-25 16:55:54.315  2012 30717 V APM_AudioPolicyManager: checkAndSetVolume: output 37, stream 4, index 15, devices 0x2, volume 1.000000
01-25 16:55:54.315  2012 30717 V APM_AudioPolicyManager: checkAndSetVolume: output 37, stream 8, index 0, devices 0x2, volume 0.000000
01-25 16:55:54.315  1928  1949 I HYPER-HAL: [RequestManager.cpp]acquire(): Acquired ID : 4096986  [2829 / 33]    HINT : AMS_APP_HOME    list : 
01-25 16:55:54.316  2829  3121 D DisplayManagerService: Drop pending events for gone uid 10435
01-25 16:55:54.316  2829  5892 D ActivityManagerPerformance: AMP_acquire() HOME
01-25 16:55:54.317  2411 22206 I CameraService: onUidStateChanged: uid=10233, procState is changed. (3 -> 5)
01-25 16:55:54.317  2829  5892 V WindowManager: Collecting in transition 2569: ActivityRecord{b7f1d01 u0 com.sec.android.app.launcher/.activities.LauncherActivity t31302}, caller=com.android.server.wm.Transition.collect:753 com.android.server.wm.TransitionController.collect:975 com.android.server.wm.ActivityRecord.setVisibility:6429 com.android.server.wm.ActivityRecord.setVisibility:6381 com.android.server.wm.TaskFragment.resumeTopActivity:1741 
01-25 16:55:54.317  2829  5892 D WindowManager: prepareSync <SYNC_STATE_WAITING_FOR_DRAW>, mPrepareSyncSeqId=0, win=Window{b516886 u0 com.sec.android.app.launcher/com.sec.android.app.launcher.activities.LauncherActivity}
01-25 16:55:54.317  2829  5892 V WindowManager: Setting visibility of Window{b516886 u0 com.sec.android.app.launcher/com.sec.android.app.launcher.activities.LauncherActivity}: true, caller=com.android.server.wm.WindowContainer.sendAppVisibilityToClients:1305 com.android.server.wm.WindowToken.setClientVisible:454 com.android.server.wm.ActivityRecord.setClientVisible:8235 com.android.server.wm.ActivityRecord.setVisibility:6532 com.android.server.wm.ActivityRecord.setVisibility:6381 
01-25 16:55:54.317  1838  1838 I Zygote  : Process 12001 exited due to signal 9 (Killed)
01-25 16:55:54.317  2829  5892 D ActivityTaskManager: scheduleTopResumedActivityChanged, onTop=true, r=ActivityRecord{b7f1d01 u0 com.sec.android.app.launcher/.activities.LauncherActivity t31302}, caller=com.android.server.wm.ActivityTaskSupervisor.scheduleTopResumedActivityStateIfNeeded:2904 com.android.server.wm.ActivityTaskSupervisor.updateTopResumedActivityIfNeeded:2896 com.android.server.wm.TaskFragment.setResumedActivity:580 com.android.server.wm.TaskFragment.onActivityStateChanged:904 com.android.server.wm.ActivityRecord.setState:6892 com.android.server.wm.TaskFragment.resumeTopActivity:1756 
01-25 16:55:54.318  2829  5892 V WindowManager: rotationForOrientation(orient=SCREEN_ORIENTATION_NOSENSOR (5), last=ROTATION_0 (0)); user=ROTATION_0 (0) USER_ROTATION_LOCKED
01-25 16:55:54.318  2829  5892 D WindowManager: rotationForOrientation, orientationSource=ActivityRecord{b7f1d01 u0 com.sec.android.app.launcher/.activities.LauncherActivity t31302}
01-25 16:55:54.318  2829  5892 V WindowManager: Computed rotation=ROTATION_0 (0) for display id=0 based on lastOrientation=SCREEN_ORIENTATION_NOSENSOR (5) and oldRotation=ROTATION_0 (0), caller=com.android.server.wm.DisplayRotation.updateOrientation:525 com.android.server.wm.DisplayContent.updateOrientation:2181 com.android.server.wm.DisplayContent.updateOrientation:2097 com.android.server.wm.RootWindowContainer.ensureVisibilityAndConfig:2083 com.android.server.wm.TaskFragment.resumeTopActivity:1779 com.android.server.wm.TaskFragment.resumeTopActivity:1387 
01-25 16:55:54.318  2829  5892 V WindowManager: Collecting in transition 2569: ActivityRecord{b7f1d01 u0 com.sec.android.app.launcher/.activities.LauncherActivity t31302}, caller=com.android.server.wm.Transition.collect:753 com.android.server.wm.TransitionController.collect:975 com.android.server.wm.ActivityRecord.setVisibility:6429 com.android.server.wm.ActivityRecord.setVisibility:6381 com.android.server.wm.ActivityRecord.completeResumeLocked:7499 
01-25 16:55:54.318  2829  5892 V Transition:  allReady query: used=true, override=false, defer=0, states=Display{#0 state=ON size=1440x3088 ROTATION_0}:true
01-25 16:55:54.318  2829  5892 D WindowManagerServiceExt: notifyOccludeChangeNotice: reset caller=com.android.server.wm.ActivityRecord.completeResumeLocked:7556 com.android.server.wm.TaskFragment.resumeTopActivity:1876 com.android.server.wm.TaskFragment.resumeTopActivity:1387 com.android.server.wm.Task.resumeTopActivityInnerLocked:6560 com.android.server.wm.Task.resumeTopActivityUncheckedLocked:6447 
01-25 16:55:54.318  4640  4640 I ViewRootImpl@5d4fed7[LauncherActivity]: stopped(false) old = true
01-25 16:55:54.319  4520  4520 D HidDeviceService: handleMessage(): msg.what=8
01-25 16:55:54.319  4520  4520 D HidDeviceService: handleMessage(): msg.what=8
01-25 16:55:54.319  4640  4640 I HoneySpace.Launcher: !@Boot_EBS_D: Launcher.onStart()
01-25 16:55:54.319 17849 22220 I SAMSUNGWALLET: [Hint_ProcessStatusChange] invoke foreground activities changed - onProcessDied pid:12001 uid : 10435
01-25 16:55:54.319  2829  5892 D WindowManager: SyncGroup 2569:  Unfinished container: ActivityRecord{b7f1d01 u0 com.sec.android.app.launcher/.activities.LauncherActivity t31302} mSyncState=2
01-25 16:55:54.320 10023 10023 I SemDvfsHyPerManager: acquire hyper - APP_START_HOME/10023@22, type = -999
01-25 16:55:54.320 10023 10023 I S0      : limitCPUFreq:: freq = -1
01-25 16:55:54.320  2829  5892 I ActivityManager: Changes in 10139 5 to 2, 56 to 63
01-25 16:55:54.321  1928  1949 I HYPER-HAL: [RequestManager.cpp]acquire(): Acquired ID : 50456057  [10023 / 22]    HINT : APP_START    list : [KERNEL_APP_START_NOTIFY / 0] [TIMEOUT / 1500] 
01-25 16:55:54.321  4640  4640 I HoneySpace.Launcher: !@Boot_EBS_D: Launcher.onResume()
01-25 16:55:54.321  2012 30717 V APM_AudioPolicyManager: checkAndSetVolume: output 37, stream 3, index 8, devices 0x2, volume 0.053088
01-25 16:55:54.321  4640  4640 I HoneySpace.Launcher: updateLauncherShowing false -> true
01-25 16:55:54.321  2012 30717 V APM_AudioPolicyManager: checkAndSetVolume: output 37, stream 5, index 0, devices 0x2, volume 0.000000
01-25 16:55:54.321  4640  4640 I HoneySpace.ShellTransitionManager: myHomeResumed
01-25 16:55:54.321  2012 30717 V APM_AudioPolicyManager: checkAndSetVolume: output 37, stream 2, index 0, devices 0x2, volume 0.000000
01-25 16:55:54.321  2012 30717 V APM_AudioPolicyManager: checkAndSetVolume: output 37, stream 1, index 0, devices 0x2, volume 0.000000
01-25 16:55:54.322  2829  5193 I AppWidgetServiceImpl: startListening callbacks : com.android.internal.appwidget.IAppWidgetHost$Stub$Proxy@c3f321a
01-25 16:55:54.322  2829  3121 D ScreenCurtainController: onForegroundActivitiesChanged: com.sec.android.app.launcher
01-25 16:55:54.322  4640  4640 I SearchHoneyPot: onViewCreated: onResume
01-25 16:55:54.322  4328  4328 I Zygote  : Process 12077 exited cleanly (0)
01-25 16:55:54.322 13692 14683 I Rubin   : [80] ac.a.c(Unknown Source) : Notify com.samsung.android.rubin.inferenceengine.contextanalytics.engine.loggers.AppUsageLogger's database is updated.
01-25 16:55:54.322 11685 27235 I Routine@Core[4.7.03.3]: ActivityWatcherListenerImpl: onStopComponent: componentName - com.outsystemscloud.lucasgv.SandboxAppCordova, userId: 0
01-25 16:55:54.322  4640 18946 I HoneySpace.PredictionDataSourceImpl: requestPredictionUpdate 0 true
01-25 16:55:54.323 11685 27235 I Routine@Core[4.7.03.3]: Pref: removeSharedPrefsData() key=condition_launch_app_data_resume_pkg
01-25 16:55:54.323  2012 30717 V APM_AudioPolicyManager: checkAndSetVolume: output 37, stream 9, index 8, devices 0x2, volume 0.251189
01-25 16:55:54.323  2012 30717 V APM_AudioPolicyManager: checkAndSetVolume: output 37, stream 0, index 3, devices 0x2, volume 0.375000
01-25 16:55:54.323  4640 28955 I HoneySpace.SPayHandler: same state show=false currentDefaultPage=false
01-25 16:55:54.323  1928  1949 I HYPER-HAL: [RequestManager.cpp]releaseLocked(): Released ID : 50255327
01-25 16:55:54.323  4640 18946 I HoneySpace.PredictionDataSourceImpl: requestPredictionUpdate 1 true
01-25 16:55:54.324  2012 30717 V APM_AudioPolicyManager: checkAndSetVolume: output 37, stream 11, index 7, devices 0x2, volume 0.044668
01-25 16:55:54.324  2012 30717 V APM_AudioPolicyManager: getNewOutputDevices selected devices AUDIO_DEVICE_NONE
01-25 16:55:54.324  2012 30717 V APM_AudioPolicyManager: setOutputDevices device AUDIO_DEVICE_NONE delayMs 0
01-25 16:55:54.324  2012 30717 V APM_AudioPolicyManager: setOutputDevices() prevDevice {AUDIO_DEVICE_OUT_SPEAKER, @:}
01-25 16:55:54.324  2012 30717 V APM_AudioPolicyManager: setOutputDevices setting same device AUDIO_DEVICE_NONE or null device, force=0, patch handle=1038
01-25 16:55:54.324  2012 30717 V APM_AudioPolicyManager: getNewOutputDevices selected devices AUDIO_DEVICE_NONE
01-25 16:55:54.324  2012 30717 V APM_AudioPolicyManager: setOutputDevices device AUDIO_DEVICE_NONE delayMs 0
01-25 16:55:54.324  2012 30717 V APM_AudioPolicyManager: setOutputDevices() prevDevice {AUDIO_DEVICE_OUT_TELEPHONY_TX, @:}
01-25 16:55:54.324  2012 30717 V APM_AudioPolicyManager: setOutputDevices changing device to AUDIO_DEVICE_NONE
01-25 16:55:54.324  2012 30717 V APM_AudioPolicyManager: checkAndSetVolume: output 69, stream 10, index 9, devices 0x10000, volume 1.000000
01-25 16:55:54.324  2012 30717 V APM_AudioPolicyManager: checkAndSetVolume: output 69, stream 4, index 15, devices 0x10000, volume 1.000000
01-25 16:55:54.324  2012 30717 V APM_AudioPolicyManager: checkAndSetVolume: output 69, stream 8, index 0, devices 0x10000, volume 1.000000
01-25 16:55:54.324  2012 30717 V APM_AudioPolicyManager: checkAndSetVolume: output 69, stream 3, index 8, devices 0x10000, volume 1.000000
01-25 16:55:54.325  2829  6762 D SGM:GameManager: identifyForegroundApp. com.sec.android.app.launcher, mCurrentUserId: 0, callerUserId: 0
01-25 16:55:54.325  2829  6762 D SGM:PkgDataHelper: getGamePkgData(). com.sec.android.app.launcher
01-25 16:55:54.325  2829  3123 D EnterpriseDeviceManagerService: isMdmAdminPresentInternal() : MDM Admin Found - com.samsung.android.kgclient
01-25 16:55:54.326  2012 30717 V APM_AudioPolicyManager: checkAndSetVolume: output 69, stream 5, index 0, devices 0x10000, volume 1.000000
01-25 16:55:54.326  2829  3123 D SGM:FgCheckThread: noteResumeComponent(), received pkgName: com.sec.android.app.launcher, userId: 0
01-25 16:55:54.326  2829  3167 D BatteryExternalStatsWorker: update stats : remove-uid (1)
01-25 16:55:54.326  4640  4640 I ViewRootImpl@5d4fed7[LauncherActivity]: destroyHardwareResources: Callers=android.view.ViewRootImpl.performTraversals:3989 android.view.ViewRootImpl.doTraversal:3345 android.view.ViewRootImpl$TraversalRunnable.run:11437 android.view.Choreographer$CallbackRecord.run:1690 android.view.Choreographer$CallbackRecord.run:1699 android.view.Choreographer.doCallbacks:1154 android.view.Choreographer.doFrame:1080 android.view.Choreographer$FrameDisplayEventReceiver.run:1647 android.os.Handler.handleCallback:958 android.os.Handler.dispatchMessage:99 
01-25 16:55:54.326  2829  3998 I CocktailBarManagerServiceContainer: handleMessage: entry what = 5
01-25 16:55:54.326  2829  3656 D SGM:FgCheckThread: onLooperPrepared(), msg: MSG_APP_RESUME, pkgName: com.sec.android.app.launcher, userid: 0
01-25 16:55:54.326  2829  3656 D SGM:FgCheckThread: handleResume().
01-25 16:55:54.326  2012 30717 V APM_AudioPolicyManager: checkAndSetVolume: output 69, stream 2, index 0, devices 0x10000, volume 1.000000
01-25 16:55:54.326  2012 30717 V APM_AudioPolicyManager: checkAndSetVolume: output 69, stream 1, index 0, devices 0x10000, volume 1.000000
01-25 16:55:54.327  2829  6762 V WindowManager: Relayout Window{b516886 u0 com.sec.android.app.launcher/com.sec.android.app.launcher.activities.LauncherActivity}: viewVisibility=8 req=1440x3088 ty=1 d0
01-25 16:55:54.327  2829  3123 I GameSDK@LifeCycle: noteResumeComponent(): package name  : com.sec.android.app.launcher
01-25 16:55:54.327  2012 30717 V APM_AudioPolicyManager: checkAndSetVolume: output 69, stream 9, index 8, devices 0x10000, volume 1.000000
01-25 16:55:54.327  2012 30717 V APM_AudioPolicyManager: checkAndSetVolume: output 69, stream 0, index 3, devices 0x10000, volume 1.000000
01-25 16:55:54.327 21724 21724 D BoundBrokerSvc: onUnbind: Intent { act=com.google.android.gms.safetynet.service.START pkg=com.google.android.gms }
01-25 16:55:54.327  2012 30717 V APM_AudioPolicyManager: checkAndSetVolume: output 69, stream 11, index 7, devices 0x10000, volume 1.000000
01-25 16:55:54.327  2012 30717 V APM_AudioPolicyManager: getNewOutputDevices selected devices AUDIO_DEVICE_NONE
01-25 16:55:54.327  2012 30717 V APM_AudioPolicyManager: setOutputDevices device AUDIO_DEVICE_NONE delayMs 0
01-25 16:55:54.327  2012 30717 V APM_AudioPolicyManager: setOutputDevices() prevDevice {AUDIO_DEVICE_OUT_SPEAKER, @:}
01-25 16:55:54.327  2829  6762 D WindowManager: SyncGroup 2569:  Unfinished container: ActivityRecord{b7f1d01 u0 com.sec.android.app.launcher/.activities.LauncherActivity t31302} mSyncState=2
01-25 16:55:54.327  2012 30717 V APM_AudioPolicyManager: setOutputDevices setting same device AUDIO_DEVICE_NONE or null device, force=0, patch handle=1057
01-25 16:55:54.327  2829  3656 D SGM:FgCheckThread: sendFocusOutConditionally() - mPrevNotiPkg: (unknown), userId: 0
01-25 16:55:54.327  2012 30717 V APM_AudioPolicyManager: getNewOutputDevices selected devices AUDIO_DEVICE_NONE
01-25 16:55:54.327  2012 30717 V APM_AudioPolicyManager: setOutputDevices device AUDIO_DEVICE_NONE delayMs 0
01-25 16:55:54.327  2012 30717 V APM_AudioPolicyManager: setOutputDevices() prevDevice {AUDIO_DEVICE_OUT_TELEPHONY_TX, @:}
01-25 16:55:54.327  2829  3656 D SGM:FgCheckThread:   handleResume(). pkgName: com.sec.android.app.launcher, userId: 0, isTunableApp: null
01-25 16:55:54.327  2829  3656 D SGM:FgCheckThread: notifyFocusInOut(). of pkg: com.sec.android.app.launcher, type: 4, isTunableApp: false, userId: 0
01-25 16:55:54.327  2829  3656 D SGM:FgCheckThread:   notifyFocusInOut(). unexpected mPrevNotiType: -1
01-25 16:55:54.327  2829  3656 D SGM:SystemHelper: callReleaseBlock needReleaseBlock:false
01-25 16:55:54.328  2012 30717 V APM_AudioPolicyManager: setOutputDevices changing device to AUDIO_DEVICE_NONE
01-25 16:55:54.328  2012 30717 V APM_AudioPolicyManager: checkAndSetVolume: output 85, stream 10, index 9, devices 0x10000, volume 1.000000
01-25 16:55:54.328  2012 30717 V APM_AudioPolicyManager: checkAndSetVolume: output 85, stream 4, index 15, devices 0x10000, volume 1.000000
01-25 16:55:54.328 17849 20578 I SAMSUNGWALLET: [Hint_SimpleHintProcessMonitor] isHomePackageRunning topPkgName = com.sec.android.app.launcher, topClsName = com.sec.android.app.launcher.Launcher, return true , se : true
01-25 16:55:54.328  2012 30717 V APM_AudioPolicyManager: checkAndSetVolume: output 85, stream 8, index 0, devices 0x10000, volume 1.000000
01-25 16:55:54.328  2829  6762 V WindowManager: Relayout hash=b516886, pid=4640, syncId=-1: mAttrs={(0,0)(fillxfill) sim={adjust=nothing forwardNavigation} layoutInDisplayCutoutMode=shortEdges ty=BASE_APPLICATION fmt=TRANSPARENT wanim=0x10302f2
01-25 16:55:54.328  2829  6762 V WindowManager:   fl=81910100
01-25 16:55:54.328  2829  6762 V WindowManager:   pfl=1e008040
01-25 16:55:54.328  2829  6762 V WindowManager:   bhv=SHOW_TRANSIENT_BARS_BY_SWIPE
01-25 16:55:54.328  2829  6762 V WindowManager:   fitSides= naviIconColor=0}
01-25 16:55:54.328  4640  4640 I ViewRootImpl@5d4fed7[LauncherActivity]: Relayout returned: old=(0,0,1440,3088) new=(0,0,1440,3088) relayoutAsync=false req=(1440,3088)8 dur=2 res=0x400 s={false 0x0} ch=false seqId=0
01-25 16:55:54.328  4640  4640 I ViewRootImpl@5d4fed7[LauncherActivity]: handleAppVisibility mAppVisible = false visible = true
01-25 16:55:54.328  2829  4898 D SGM:GameManager: identifyGamePackage. com.sec.android.app.launcher, mCurrentUserId: 0, callerUserId: 0, callingMethodInfo: com.samsung.android.game.IGameManagerService$Stub.onTransact(IGameManagerService.java:233)
01-25 16:55:54.328  2829  4898 D SGM:PkgDataHelper: getGamePkgData(). com.sec.android.app.launcher
01-25 16:55:54.329  2012 30717 V APM_AudioPolicyManager: checkAndSetVolume: output 85, stream 3, index 8, devices 0x10000, volume 1.000000
01-25 16:55:54.328 17851 17851 I civb    : onStart
01-25 16:55:54.329 17851 17851 I civb    : onResume
01-25 16:55:54.329  2012 30717 V APM_AudioPolicyManager: checkAndSetVolume: output 85, stream 5, index 0, devices 0x10000, volume 1.000000
01-25 16:55:54.329  2012 30717 V APM_AudioPolicyManager: checkAndSetVolume: output 85, stream 2, index 0, devices 0x10000, volume 1.000000
01-25 16:55:54.329  2012 30717 V APM_AudioPolicyManager: checkAndSetVolume: output 85, stream 1, index 0, devices 0x10000, volume 1.000000
01-25 16:55:54.329  2012 30717 V APM_AudioPolicyManager: checkAndSetVolume: output 85, stream 9, index 8, devices 0x10000, volume 1.000000
01-25 16:55:54.329  2012 30717 V APM_AudioPolicyManager: checkAndSetVolume: output 85, stream 0, index 3, devices 0x10000, volume 1.000000
01-25 16:55:54.329  2829  3151 I libprocessgroup: Successfully killed process cgroup uid 99565 pid 12077 in 0ms
01-25 16:55:54.329  2829  3123 D SGM:GameManager: identifyGamePackage. com.sec.android.app.launcher, mCurrentUserId: 0, callerUserId: 0, callingMethodInfo: com.samsung.android.game.SemGameManager.isGamePackage(SemGameManager.java:111)
01-25 16:55:54.329  2829  3123 D SGM:PkgDataHelper: getGamePkgData(). com.sec.android.app.launcher
01-25 16:55:54.329  2829  3123 D SGM:SemGameManager: isGamePackage(), pkgName=com.sec.android.app.launcher, ret=false
01-25 16:55:54.329 13692 14683 I Rubin   : [80] com.samsung.android.rubin.inferenceengine.contextanalytics.engine.monitors.moment.exercise.ExercisingWithCmhMonitor.isSatisfiedByCmh(Unknown Source) : isSatisfiedByCmh is false
01-25 16:55:54.330  2012 30717 V APM_AudioPolicyManager: checkAndSetVolume: output 85, stream 11, index 7, devices 0x10000, volume 1.000000
01-25 16:55:54.331 11685 24005 I Routine@Core[4.7.03.3]: ModeOrderObserver: ModeOrderObserver:onChange: uri content://com.samsung.android.app.routines.routineprovider/preference
01-25 16:55:54.331  2012  9228 V APM_AudioPolicyManager: clearDevicesRoleForStrategy() strategy=17 role=1
01-25 16:55:54.331  2012  9228 V APM_AudioPolicyManager: getNewOutputDevices selected devices AUDIO_DEVICE_NONE
01-25 16:55:54.331  2012  9228 V APM_AudioPolicyManager: setOutputDevices device AUDIO_DEVICE_NONE delayMs 0
01-25 16:55:54.331  2012  9228 V APM_AudioPolicyManager: setOutputDevices() prevDevice {AUDIO_DEVICE_OUT_SPEAKER, @:}
01-25 16:55:54.332  2012  9228 V APM_AudioPolicyManager: setOutputDevices setting same device AUDIO_DEVICE_NONE or null device, force=0, patch handle=1050
01-25 16:55:54.332  2012  9228 V APM_AudioPolicyManager: getNewOutputDevices selected devices AUDIO_DEVICE_NONE
01-25 16:55:54.332  2012  9228 V APM_AudioPolicyManager: setOutputDevices device AUDIO_DEVICE_NONE delayMs 0
01-25 16:55:54.332  2012  9228 V APM_AudioPolicyManager: setOutputDevices() prevDevice {AUDIO_DEVICE_OUT_SPEAKER, @:}
01-25 16:55:54.332  2012  9228 V APM_AudioPolicyManager: setOutputDevices setting same device AUDIO_DEVICE_NONE or null device, force=0, patch handle=1144
01-25 16:55:54.332  2012  9228 V APM_AudioPolicyManager: getNewOutputDevices selected devices AUDIO_DEVICE_NONE
01-25 16:55:54.332  2012  9228 V APM_AudioPolicyManager: setOutputDevices device AUDIO_DEVICE_NONE delayMs 0
01-25 16:55:54.332  2012  9228 V APM_AudioPolicyManager: setOutputDevices() prevDevice {AUDIO_DEVICE_OUT_SPEAKER, @:}
01-25 16:55:54.332  2012  9228 V APM_AudioPolicyManager: setOutputDevices setting same device AUDIO_DEVICE_NONE or null device, force=0, patch handle=1289
01-25 16:55:54.332  2012  9228 V APM_AudioPolicyManager: getNewOutputDevices selected devices AUDIO_DEVICE_NONE
01-25 16:55:54.332  2012  9228 V APM_AudioPolicyManager: setOutputDevices device AUDIO_DEVICE_NONE delayMs 0
01-25 16:55:54.332  2012  9228 V APM_AudioPolicyManager: setOutputDevices() prevDevice {AUDIO_DEVICE_OUT_SPEAKER, @:}
01-25 16:55:54.332  2012  9228 V APM_AudioPolicyManager: setOutputDevices changing device to AUDIO_DEVICE_NONE
01-25 16:55:54.332  2012  9228 V APM_AudioPolicyManager: checkAndSetVolume: output 37, stream 10, index 9, devices 0x2, volume 0.063096
01-25 16:55:54.332  2012  9228 V APM_AudioPolicyManager: checkAndSetVolume: output 37, stream 4, index 15, devices 0x2, volume 1.000000
01-25 16:55:54.332  2012  9228 V APM_AudioPolicyManager: checkAndSetVolume: output 37, stream 8, index 0, devices 0x2, volume 0.000000
01-25 16:55:54.333 17849 17849 I SAMSUNGWALLET: [Hint_PayHintService] Hint Status - already invisible, skip hide : [4000000] - 4000000
01-25 16:55:54.333 11685 27235 I Routine@Core[4.7.03.3]: ActivityWatcherListenerImpl: onResumeComponent: componentName - com.sec.android.app.launcher, com.sec.android.app.launcher.Launcher, userId: 0
01-25 16:55:54.334  2012  9228 V APM_AudioPolicyManager: checkAndSetVolume: output 37, stream 3, index 8, devices 0x2, volume 0.053088
01-25 16:55:54.334  2411  4336 I CameraService: onUidStateChanged: uid=10236, procState is changed. (5 -> 3)
01-25 16:55:54.335 11685 27235 I Routine@Core[4.7.03.3]: Pref: putSharedPrefsData: key=condition_launch_app_data_resume_pkg, data.size=68
