01-25 20:01:41.094  2829  3972 D BluetoothA2dp: getActiveDevice()
01-25 20:01:41.095  2829  3972 D AS.AudioService: isBluetoothDualModeActive=false
01-25 20:01:41.096  2829  3972 D KNOX_MDM_SettingsProvider: isChangeAllowed() : name = volume_assistant_ble_headset
01-25 20:01:41.096  2829  3972 D BluetoothA2dp: getActiveDevice()
01-25 20:01:41.097  2829  3972 D AS.AudioService: isBluetoothDualModeActive=false
01-25 20:01:41.097  2829  3972 D KNOX_MDM_SettingsProvider: isChangeAllowed() : name = volume_music_ble_headset
01-25 20:01:41.097  2829  3972 D BluetoothA2dp: getActiveDevice()
01-25 20:01:41.098  2829  3972 D AS.AudioService: isBluetoothDualModeActive=false
01-25 20:01:41.098  2829  3972 D KNOX_MDM_SettingsProvider: isChangeAllowed() : name = volume_music_ble_headset
01-25 20:01:41.098  1959  3785 I SS_3A   :  INFO:  AF: TsAf_get_metadata: 1149: [TsAf_Range] range_sensor_data is NULL
01-25 20:01:41.098  2829  3972 D BluetoothA2dp: getActiveDevice()
01-25 20:01:41.099  2829  3972 D AS.AudioService: isBluetoothDualModeActive=false
01-25 20:01:41.099  2829  3972 D KNOX_MDM_SettingsProvider: isChangeAllowed() : name = volume_ring_ble_headset
01-25 20:01:41.100  2829  3972 D BluetoothA2dp: getActiveDevice()
01-25 20:01:41.101  2829  3972 D AS.AudioService: isBluetoothDualModeActive=false
01-25 20:01:41.101  2829  3972 D KNOX_MDM_SettingsProvider: isChangeAllowed() : name = volume_bluetooth_sco_ble_headset
01-25 20:01:41.101  2829  3972 D BluetoothA2dp: getActiveDevice()
01-25 20:01:41.102  2829  3972 D AS.AudioService: isBluetoothDualModeActive=false
01-25 20:01:41.102  2829  3972 D KNOX_MDM_SettingsProvider: isChangeAllowed() : name = volume_notification_ble_headset
01-25 20:01:41.102  2829  3972 D BluetoothA2dp: getActiveDevice()
01-25 20:01:41.103  2829  3972 D AS.AudioService: isBluetoothDualModeActive=false
01-25 20:01:41.103  2829  3972 D KNOX_MDM_SettingsProvider: isChangeAllowed() : name = volume_alarm_ble_headset
01-25 20:01:41.107  2829  3972 D BluetoothA2dp: getActiveDevice()
01-25 20:01:41.107  2411  9615 I Camera3-Status: markComponent: Component 1 is now active - BufferRequestSM
01-25 20:01:41.107  2411  9615 I Camera3-Status: markComponent: Component 1 is now idle - BufferRequestSM
01-25 20:01:41.108  2829  3972 D AS.AudioService: isBluetoothDualModeActive=false
01-25 20:01:41.108  2829  3972 D KNOX_MDM_SettingsProvider: isChangeAllowed() : name = volume_music_ble_broadcast
01-25 20:01:41.108  2829  3972 D KNOX_MDM_SettingsProvider: isChangeAllowed() : name = volume_music_ble_headset
01-25 20:01:41.110  2829  3972 D BluetoothA2dp: getActiveDevice()
01-25 20:01:41.111  2829  3972 D AS.AudioService: isBluetoothDualModeActive=false
01-25 20:01:41.111  2829  3972 D KNOX_MDM_SettingsProvider: isChangeAllowed() : name = volume_ring_ble_headset
01-25 20:01:41.111  2031  2155 D RenderEngine: [SEC_GC_CMN_SF_EFFECTS] drawLayersInternal,1279, Rendering layer  at index 0
01-25 20:01:41.111  2031  2155 D RenderEngine: [SEC_GC_CMN_SF_EFFECTS] drawLayersInternal,1279, Rendering layer com.outsystemscloud.lucasgv.SandboxAppCordova/com.outsystemscloud.lucasgv.SandboxAppCordova.MainActivity$_22904#47686 at index 1
01-25 20:01:41.112  2829  3972 D BluetoothA2dp: getActiveDevice()
01-25 20:01:41.113  2829  3972 D AS.AudioService: isBluetoothDualModeActive=false
01-25 20:01:41.113  2829  3972 D KNOX_MDM_SettingsProvider: isChangeAllowed() : name = volume_system_ble_headset
01-25 20:01:41.113  2829  3972 D BluetoothA2dp: getActiveDevice()
01-25 20:01:41.114  2829  3972 D AS.AudioService: isBluetoothDualModeActive=false
01-25 20:01:41.114  2829  3972 D KNOX_MDM_SettingsProvider: isChangeAllowed() : name = volume_voice_ble_headset
01-25 20:01:41.115  2829  3972 D BluetoothA2dp: getActiveDevice()
01-25 20:01:41.116  2829  3972 D AS.AudioService: isBluetoothDualModeActive=false
01-25 20:01:41.116  2829  3972 D KNOX_MDM_SettingsProvider: isChangeAllowed() : name = volume_voice_ble_headset
01-25 20:01:41.131  1959  3782 I SS_3A   :  INFO:  AF: TsAf_get_metadata: 1149: [TsAf_Range] range_sensor_data is NULL
01-25 20:01:41.138  2411  9615 I Camera3-Status: markComponent: Component 1 is now active - BufferRequestSM
01-25 20:01:41.138  2411  9615 I Camera3-Status: markComponent: Component 1 is now idle - BufferRequestSM
01-25 20:01:41.164  1959  3782 I SS_3A   :  INFO:  AF: TsAf_get_metadata: 1149: [TsAf_Range] range_sensor_data is NULL
01-25 20:01:41.165  1959  3782 E AF_DEBUG: AfHistory_PrintData(1014) : REWRAMSGF0A0_4 0 A011E 40C2560 0 2011E 40C25B8 0 2011E 40C25B8 0 2011E 40C25B8 0 2011E 40C24AE 0 2011E 40C23A4 0 2011E 40C229A 0 2011E 40C229A 0 2011E 40C23A4 0 2011E 40C24AE 
01-25 20:01:41.165  1959  3782 E AF_DEBUG: AfHistory_PrintData(1020) : DUMPLOGINDEX_4 38880540 1539836416 39101595 623380992 53283424 616565248 53925221 248515072 53247353 125831680 52926524 125831168 52403306 1479019008 52553257 2143291904 52904864 1544030720 53114584 1146620416 -54 
01-25 20:01:41.181  2411  9615 I Camera3-Status: markComponent: Component 1 is now active - BufferRequestSM
01-25 20:01:41.181  2411  9615 I Camera3-Status: markComponent: Component 1 is now idle - BufferRequestSM
01-25 20:01:41.198  1959  3784 I SS_3A   :  INFO:  AF: TsAf_get_metadata: 1149: [TsAf_Range] range_sensor_data is NULL
01-25 20:01:41.199 17039 17039 D BoundBrokerSvc: onUnbind: Intent { act=com.google.android.gms.measurement.START pkg=com.google.android.gms }
01-25 20:01:41.206  2411  9615 I Camera3-Status: markComponent: Component 1 is now active - BufferRequestSM
01-25 20:01:41.207  2411  9615 I Camera3-Status: markComponent: Component 1 is now idle - BufferRequestSM
01-25 20:01:41.210  2031  2155 D RenderEngine: [SEC_GC_CMN_SF_EFFECTS] drawLayersInternal,1279, Rendering layer  at index 0
01-25 20:01:41.210  1067  1067 D io_stats: !@   8,0 r 27066694 774600804 w 25120463 305101020 d 1576592 287197060 f 453169 2216091 iot 18527680 0 th 0 0 0 pt 0 inp 0 0 304070.118
01-25 20:01:41.211  2031  2155 D RenderEngine: [SEC_GC_CMN_SF_EFFECTS] drawLayersInternal,1279, Rendering layer com.outsystemscloud.lucasgv.SandboxAppCordova/com.outsystemscloud.lucasgv.SandboxAppCordova.MainActivity$_22904#47686 at index 1
01-25 20:01:41.211  1067  1067 D io_stats: !@ Read_top(KB): binder:1959_2(1959) 3680 ndboxAppCordova(22904) 1736 com.whatsapp(18215) 820
01-25 20:01:41.211  1067  1067 D io_stats: !@ Write_top(KB): kworker/u16:3(19118) 4604 f2fs_ckpt-254:5(4875) 624 id.diagmonagent(10008) 180
01-25 20:01:41.231  1959  3783 I SS_3A   :  INFO:  AF: TsAf_get_metadata: 1149: [TsAf_Range] range_sensor_data is NULL
01-25 20:01:41.239  2411  9615 I Camera3-Status: markComponent: Component 1 is now active - BufferRequestSM
01-25 20:01:41.239  2411  9615 I Camera3-Status: markComponent: Component 1 is now idle - BufferRequestSM
01-25 20:01:41.245  2829  3549 W libc    : Access denied finding property "persist.debug.user_mode_emulation"
01-25 20:01:41.246  2829  3549 V UserSystemPackageInstaller: dumpPackageWhitelistProblems(): using mode 5
01-25 20:01:41.254  1959  3783 E IS_ALGO : IS0523: V3: is_valid_frame_time(2024): Gyro: frame_id 21: Last requested timestamp (519076037034) is larger than received timestamp (519076036399). Delta [usec] = 635
01-25 20:01:41.254  1959  3781 E IS_ALGO : IS0523: V3: is_valid_frame_time(2024): Gyro: frame_id 21: Last requested timestamp (519076037034) is larger than received timestamp (519076036399). Delta [usec] = 635
01-25 20:01:41.265  1959  3783 I SS_3A   :  INFO:  AF: TsAf_get_metadata: 1149: [TsAf_Range] range_sensor_data is NULL
01-25 20:01:41.280  2411  9615 I Camera3-Status: markComponent: Component 1 is now active - BufferRequestSM
01-25 20:01:41.280  2411  9615 I Camera3-Status: markComponent: Component 1 is now idle - BufferRequestSM
01-25 20:01:41.298  1959  3783 I SS_3A   :  INFO:  AF: TsAf_get_metadata: 1149: [TsAf_Range] range_sensor_data is NULL
01-25 20:01:41.300  2411  9615 I Camera3-Status: markComponent: Component 1 is now active - BufferRequestSM
01-25 20:01:41.300  2411  9615 I Camera3-Status: markComponent: Component 1 is now idle - BufferRequestSM
01-25 20:01:41.310  2031  2155 D RenderEngine: [SEC_GC_CMN_SF_EFFECTS] drawLayersInternal,1279, Rendering layer  at index 0
01-25 20:01:41.311  2031  2155 D RenderEngine: [SEC_GC_CMN_SF_EFFECTS] drawLayersInternal,1279, Rendering layer com.outsystemscloud.lucasgv.SandboxAppCordova/com.outsystemscloud.lucasgv.SandboxAppCordova.MainActivity$_22904#47686 at index 1
01-25 20:01:41.317  1919  3900 I sensors-hal: ssc_conn_event_cb:901, event[0] sensor:Light seamless  Wakeup, msg_id=1025, ts=9966259721471
01-25 20:01:41.317  1919  3900 I sensors-hal: handle_sns_client_event:46, light_seamless ts=519071105399613 ns, 41,40,2147483647, M:0,0, S:0,0
01-25 20:01:41.320  2829  3123 D RefreshRateModeManager: onBrightnessChangedLocked, brightness=68, lux=41.0
01-25 20:01:41.320 22934 23344 E GoogleApiManager: Failed to get service from broker. 
01-25 20:01:41.320 22934 23344 E GoogleApiManager: java.lang.SecurityException: Unknown calling package name 'com.google.android.gms'.
01-25 20:01:41.320 22934 23344 E GoogleApiManager: 	at android.os.Parcel.createExceptionOrNull(Parcel.java:3069)
01-25 20:01:41.320 22934 23344 E GoogleApiManager: 	at android.os.Parcel.createException(Parcel.java:3053)
01-25 20:01:41.320 22934 23344 E GoogleApiManager: 	at android.os.Parcel.readException(Parcel.java:3036)
01-25 20:01:41.320 22934 23344 E GoogleApiManager: 	at android.os.Parcel.readException(Parcel.java:2978)
01-25 20:01:41.320 22934 23344 E GoogleApiManager: 	at apef.a(:com.google.android.gms@245034029@24.50.34 (190400-713002902):36)
01-25 20:01:41.320 22934 23344 E GoogleApiManager: 	at apcm.z(:com.google.android.gms@245034029@24.50.34 (190400-713002902):143)
01-25 20:01:41.320 22934 23344 E GoogleApiManager: 	at aokj.run(:com.google.android.gms@245034029@24.50.34 (190400-713002902):54)
01-25 20:01:41.320 22934 23344 E GoogleApiManager: 	at android.os.Handler.handleCallback(Handler.java:958)
01-25 20:01:41.320 22934 23344 E GoogleApiManager: 	at android.os.Handler.dispatchMessage(Handler.java:99)
01-25 20:01:41.320 22934 23344 E GoogleApiManager: 	at bvmf.my(:com.google.android.gms@245034029@24.50.34 (190400-713002902):1)
01-25 20:01:41.320 22934 23344 E GoogleApiManager: 	at bvmf.dispatchMessage(:com.google.android.gms@245034029@24.50.34 (190400-713002902):5)
01-25 20:01:41.320 22934 23344 E GoogleApiManager: 	at android.os.Looper.loopOnce(Looper.java:230)
01-25 20:01:41.320 22934 23344 E GoogleApiManager: 	at android.os.Looper.loop(Looper.java:319)
01-25 20:01:41.320 22934 23344 E GoogleApiManager: 	at android.os.HandlerThread.run(HandlerThread.java:67)
01-25 20:01:41.331  1959  3785 I SS_3A   :  INFO:  AF: TsAf_get_metadata: 1149: [TsAf_Range] range_sensor_data is NULL
01-25 20:01:41.341  2411  9615 I Camera3-Status: markComponent: Component 1 is now active - BufferRequestSM
01-25 20:01:41.342  2411  9615 I Camera3-Status: markComponent: Component 1 is now idle - BufferRequestSM
01-25 20:01:41.365  1959  3784 I SS_3A   :  INFO:  AF: TsAf_get_metadata: 1149: [TsAf_Range] range_sensor_data is NULL
01-25 20:01:41.381  2411  9615 I Camera3-Status: markComponent: Component 1 is now active - BufferRequestSM
01-25 20:01:41.381  2411  9615 I Camera3-Status: markComponent: Component 1 is now idle - BufferRequestSM
01-25 20:01:41.398  1959  3784 I SS_3A   :  INFO:  AF: TsAf_get_metadata: 1149: [TsAf_Range] range_sensor_data is NULL
01-25 20:01:41.400  2411  9615 I Camera3-Status: markComponent: Component 1 is now active - BufferRequestSM
01-25 20:01:41.400  2411  9615 I Camera3-Status: markComponent: Component 1 is now idle - BufferRequestSM
01-25 20:01:41.411  2031  2155 D RenderEngine: [SEC_GC_CMN_SF_EFFECTS] drawLayersInternal,1279, Rendering layer  at index 0
01-25 20:01:41.411  2031  2155 D RenderEngine: [SEC_GC_CMN_SF_EFFECTS] drawLayersInternal,1279, Rendering layer com.outsystemscloud.lucasgv.SandboxAppCordova/com.outsystemscloud.lucasgv.SandboxAppCordova.MainActivity$_22904#47686 at index 1
01-25 20:01:41.431  1959  3783 I SS_3A   :  INFO:  AF: TsAf_get_metadata: 1149: [TsAf_Range] range_sensor_data is NULL
01-25 20:01:41.442  2411  9615 I Camera3-Status: markComponent: Component 1 is now active - BufferRequestSM
01-25 20:01:41.442  2411  9615 I Camera3-Status: markComponent: Component 1 is now idle - BufferRequestSM
01-25 20:01:41.465  1959  3781 I SS_3A   :  INFO:  AF: TsAf_get_metadata: 1149: [TsAf_Range] range_sensor_data is NULL
01-25 20:01:41.471  2411  9615 I Camera3-Status: markComponent: Component 1 is now active - BufferRequestSM
01-25 20:01:41.472  2411  9615 I Camera3-Status: markComponent: Component 1 is now idle - BufferRequestSM
01-25 20:01:41.477  1919  3900 I sensors-hal: ssc_conn_event_cb:901, event[0] sensor:Light seamless  Wakeup, msg_id=1025, ts=9966262796313
01-25 20:01:41.477  1919  3900 I sensors-hal: handle_sns_client_event:46, light_seamless ts=519071265547634 ns, 39,40,2147483647, M:0,0, S:0,0
01-25 20:01:41.480  2829  3123 D RefreshRateModeManager: onBrightnessChangedLocked, brightness=68, lux=39.0
01-25 20:01:41.498  1959  3783 I SS_3A   :  INFO:  AF: TsAf_get_metadata: 1149: [TsAf_Range] range_sensor_data is NULL
01-25 20:01:41.499  1959  3783 E AF_DEBUG: AfHistory_PrintData(1014) : REWRAMSGF0A0_4 0 2011E 40C25B8 0 2011E 40C26C2 0 2011E 40C27CC 0 2011E 40C28D6 0 2011E 40C29E0 0 2011E 40C2AEA 0 2011E 40C2BF4 0 2011E 40C2CFE 0 1E011E 40C2E08 0 1E011E 40C2E08 
01-25 20:01:41.499  1959  3783 E AF_DEBUG: AfHistory_PrintData(1020) : DUMPLOGINDEX_4 53559446 408422400 53224144 1163397632 52765510 356518400 52634402 1561332224 52495987 2143291904 52988855 125831680 52182791 2143291904 53270183 125831680 52332389 125831680 51872736 125831680 -73 
01-25 20:01:41.502  2411  9615 I Camera3-Status: markComponent: Component 1 is now active - BufferRequestSM
01-25 20:01:41.503  2411  9615 I Camera3-Status: markComponent: Component 1 is now idle - BufferRequestSM
01-25 20:01:41.512  2031  2155 D RenderEngine: [SEC_GC_CMN_SF_EFFECTS] drawLayersInternal,1279, Rendering layer  at index 0
01-25 20:01:41.512  2031  2155 D RenderEngine: [SEC_GC_CMN_SF_EFFECTS] drawLayersInternal,1279, Rendering layer com.outsystemscloud.lucasgv.SandboxAppCordova/com.outsystemscloud.lucasgv.SandboxAppCordova.MainActivity$_22904#47686 at index 1
01-25 20:01:41.531  1959  3782 I SS_3A   :  INFO:  AF: TsAf_get_metadata: 1149: [TsAf_Range] range_sensor_data is NULL
01-25 20:01:41.542  2411  9615 I Camera3-Status: markComponent: Component 1 is now active - BufferRequestSM
01-25 20:01:41.542  2411  9615 I Camera3-Status: markComponent: Component 1 is now idle - BufferRequestSM
01-25 20:01:41.565  1959  3781 I SS_3A   :  INFO:  AF: TsAf_get_metadata: 1149: [TsAf_Range] range_sensor_data is NULL
01-25 20:01:41.571  2411  9615 I Camera3-Status: markComponent: Component 1 is now active - BufferRequestSM
01-25 20:01:41.571  2411  9615 I Camera3-Status: markComponent: Component 1 is now idle - BufferRequestSM
01-25 20:01:41.579  2829  3972 E SensorService: pacakge com.samsung.android.server.audio.SensorHandleThread/android.uid.system:1000 is in earsense allow list.
01-25 20:01:41.579  2829  3972 D SensorService: Required app com.samsung.android.server.audio.SensorHandleThread/android.uid.system:1000 is in the list, need to enable proximity sensor
01-25 20:01:41.579  2829  3972 D SensorService: [EARPROXIMITY] first client, resuming earsense
01-25 20:01:41.580  1919  1919 I sensors-hal: set_config:65, no need to adjust sample_period_ns due to reporting_mode = 2
01-25 20:01:41.580  1919  1919 I sensors-hal: batch:369, com.samsung.sensor.call_gesture/1582, period=1000000, max_latency=0 request completed
01-25 20:01:41.580  1919  1919 I sensors-hal: activate:285, com.samsung.sensor.call_gesture/1582 en=1
01-25 20:01:41.580  1919  1919 I sensors-hal: acquire_ssc_interface:114, acquire_ssc_interface with sensor_id 10 , conn_type 1 
01-25 20:01:41.580  1919  1919 I sensors-hal: acquire_ssc_interface:117, returning _shared_instance[SHARED_ON_CHANGE_WAKEUP].conn - wakeup 
01-25 20:01:41.580  1919  1919 I sensors-hal: acquire_shared_instance:148, re-use existing connection for type 1 
01-25 20:01:41.580  1919  1919 I sensors-hal: register_cb:305, register_cb start this=0xb400007dcc0ec600x
01-25 20:01:41.580  1919  1919 I sensors-hal: register_cb:321, register_cb End with succes
01-25 20:01:41.580  1919  1919 I sensors-hal: send_sensor_config_request:658, dt=call_gesture: convert sample_period=1000000 to batch_period=1000
01-25 20:01:41.580  1919  1919 I sensors-hal: send_sync_sensor_request:521, send sync request
01-25 20:01:41.580  1919  1919 I sensors-hal: send_sync_sensor_request:531, send_sync_sensor_request before send_request for call_gesture with SUID low=11039279335387321412 high=1320970896291267344
01-25 20:01:41.580  1919  1919 I sensors-hal: send_request:330, send_request start this=0xb400007dcc0ec600x 
01-25 20:01:41.580  1919  1919 I sensors-hal: send_request:415, send_request completed, this=0xb400007dcc0ec600x
01-25 20:01:41.580  1919  1919 I sensors-hal: send_sync_sensor_request:552, wait for notification of response
01-25 20:01:41.581  1919  3900 I sensors-hal: ssc_conn_resp_cb:941, resp_value = 0 for call_gesture 
01-25 20:01:41.582  1919  3900 I sensors-hal: handle_resp_cb:517, handle_resp_cb Ended this=0xb400007dcc0ec600x
01-25 20:01:41.582  1919  1919 I sensors-hal: send_sync_sensor_request:558, takes 1 ms to receive the response with 0
01-25 20:01:41.582  1919  3900 I sensors-hal: ssc_conn_event_cb:901, event[0] sensor:Light seamless  Wakeup, msg_id=1025, ts=9966265865814
01-25 20:01:41.582  1919  3900 I sensors-hal: handle_sns_client_event:46, light_seamless ts=519071425417478 ns, 40,40,2147483647, M:0,0, S:0,0
01-25 20:01:41.582  1919  1919 I sensors-hal: activate:303, com.samsung.sensor.call_gesture/1582 en=1 completed
01-25 20:01:41.582  2829  3972 I SensorService: [EARPROXIMITY]Enable Call-Gesture ~
01-25 20:01:41.582  2829  3972 I SensorService: [EARPROXIMITY]Enable Ear ~
01-25 20:01:41.583  1919  1919 I sensors-hal: set_config:65, no need to adjust sample_period_ns due to reporting_mode = 2
01-25 20:01:41.583  1919  1919 I sensors-hal: batch:369, android.sensor.light/51, period=100000000, max_latency=0 request completed
01-25 20:01:41.583  1919  1919 I sensors-hal: activate:285, android.sensor.light/51 en=1
01-25 20:01:41.583  1919  1919 I sensors-hal: acquire_ssc_interface:114, acquire_ssc_interface with sensor_id 32 , conn_type 0 
01-25 20:01:41.583  1919  1919 I sensors-hal: acquire_ssc_interface:120, returning _shared_instance[SHARED_ON_CHANGE_NO_WAKEUP].conn - non-wakeup
01-25 20:01:41.583  1919  1919 I sensors-hal: acquire_shared_instance:148, re-use existing connection for type 0 
01-25 20:01:41.583  1919  1919 I sensors-hal: register_cb:305, register_cb start this=0xb400007dcc1ba200x
01-25 20:01:41.583  1919  1919 I sensors-hal: register_cb:321, register_cb End with succes
01-25 20:01:41.583  1919  1919 I sensors-hal: send_sensor_config_request:658, dt=ambient_light: convert sample_period=100000000 to batch_period=100000
01-25 20:01:41.583  1919  1919 I sensors-hal: send_sync_sensor_request:521, send sync request
01-25 20:01:41.583  1919  1919 I sensors-hal: send_sync_sensor_request:531, send_sync_sensor_request before send_request for ambient_light with SUID low=1103175175223494815 high=14038004250674766477
01-25 20:01:41.583  1919  1919 I sensors-hal: send_request:330, send_request start this=0xb400007dcc1ba200x 
01-25 20:01:41.583  1919  1919 I sensors-hal: send_request:415, send_request completed, this=0xb400007dcc1ba200x
01-25 20:01:41.583  1919  1919 I sensors-hal: send_sync_sensor_request:552, wait for notification of response
01-25 20:01:41.584  1919  5700 I sensors-hal: ssc_conn_resp_cb:941, resp_value = 0 for ambient_light 
01-25 20:01:41.584  1919  5700 I sensors-hal: handle_resp_cb:517, handle_resp_cb Ended this=0xb400007dcc1ba200x
01-25 20:01:41.584  1919  1919 I sensors-hal: send_sync_sensor_request:558, takes 1 ms to receive the response with 0
01-25 20:01:41.584  1919  1919 I sensors-hal: activate:303, android.sensor.light/51 en=1 completed
01-25 20:01:41.584  2829  3972 I SensorService: [EARPROXIMITY]Enable motion sensors
01-25 20:01:41.585  1919  1919 I SensorsGrip: TouchProximity::enable: 1 0
01-25 20:01:41.586  1919  1919 I SensorsGrip: HALL IC::enable: 1 0
01-25 20:01:41.586  1919  1919 I SensorsGrip: HallIC: setInitialState nfc_cover_status: 0
01-25 20:01:41.586  1919  1919 I SensorsGrip: HallIC: setInitialState: 0
01-25 20:01:41.586  2829  3972 I SensorService: [EARPROXIMITY] Enable touchProximity Sensor ~
01-25 20:01:41.586  2829  3972 I SensorService: [EARPROXIMITY] activateEarProximity enable 1 , proximity on 1, callgesture on 0 
01-25 20:01:41.586  2829  3972 I SensorService: [EARPROXIMITY] Enabled Ir ProximitySensor true
01-25 20:01:41.586  1919  1919 I sensors-hal: set_config:65, no need to adjust sample_period_ns due to reporting_mode = 2
01-25 20:01:41.586  1919  1919 I sensors-hal: batch:369, com.samsung.sensor.physical_proximity/1562, period=1000000, max_latency=0 request completed
01-25 20:01:41.586  2011  2011 I SSC_DAEMON: physical_sensor_test_req_msg Sensor type :4, Msg type:15
01-25 20:01:41.586  1919  1919 I sensors-hal: activate:285, com.samsung.sensor.physical_proximity/1562 en=1
01-25 20:01:41.586  1919  1919 I sensors-hal: activate:186, [SSC_PROX] proximity activate
01-25 20:01:41.586  1919  1919 I sensors-hal: acquire_ssc_interface:114, acquire_ssc_interface with sensor_id 19 , conn_type 1 
01-25 20:01:41.586  1919  1919 I sensors-hal: acquire_ssc_interface:117, returning _shared_instance[SHARED_ON_CHANGE_WAKEUP].conn - wakeup 
01-25 20:01:41.586  1919  1919 I sensors-hal: acquire_shared_instance:148, re-use existing connection for type 1 
01-25 20:01:41.586  1919  1919 I sensors-hal: register_cb:305, register_cb start this=0xb400007dcc0ec600x
01-25 20:01:41.586  1919  1919 I sensors-hal: register_cb:321, register_cb End with succes
01-25 20:01:41.586  1919  1919 I sensors-hal: send_sensor_config_request:658, dt=proximity: convert sample_period=1000000 to batch_period=1000
01-25 20:01:41.586  1919  1919 I sensors-hal: send_sync_sensor_request:521, send sync request
01-25 20:01:41.586  1919  1919 I sensors-hal: send_sync_sensor_request:531, send_sync_sensor_request before send_request for proximity with SUID low=9749538381237420104 high=11887594591207503025
01-25 20:01:41.586  1919  1919 I sensors-hal: send_request:330, send_request start this=0xb400007dcc0ec600x 
01-25 20:01:41.586  1919  1919 I sensors-hal: send_request:415, send_request completed, this=0xb400007dcc0ec600x
01-25 20:01:41.586  1919  1919 I sensors-hal: send_sync_sensor_request:552, wait for notification of response
01-25 20:01:41.587  1919  3900 I sensors-hal: ssc_conn_resp_cb:941, resp_value = 0 for proximity 
01-25 20:01:41.587  1919  3900 I sensors-hal: handle_resp_cb:517, handle_resp_cb Ended this=0xb400007dcc0ec600x
01-25 20:01:41.587  1919  1919 I sensors-hal: send_sync_sensor_request:558, takes 0 ms to receive the response with 0
01-25 20:01:41.587  1919  1919 I sensors-hal: activate:303, com.samsung.sensor.physical_proximity/1562 en=1 completed
01-25 20:01:41.587  2829  3972 I SensorService: [EARPROXIMITY]Enable Ir Proximity Sensor
01-25 20:01:41.587  2829  3972 D SensorManager: registerListener :: 1600479602, Palm Proximity Sensor version 2, 200000, 0, Thread[SensorHandleThread,5,main]
01-25 20:01:41.588  2829  3972 D SemContextService: lock : registerCallback
01-25 20:01:41.588  2829  3972 W CAE     : registerCallback(ContextAwareService.java:188) - [regi 01] Mutex is locked for TEST_FLAT_MOTION
01-25 20:01:41.588  2829  3972 W CAE     : registerCallback(ContextAwareService.java:195) - [regi 04]  com.samsung.android.contextaware.ContextAwareManager$CaListenerDelegate@230c143
01-25 20:01:41.588  2829  3972 W CAE     : getListener(ListenerListManager.java:127) - [getListener1]  com.samsung.android.contextaware.ContextAwareManager$CaListenerDelegate@230c143
01-25 20:01:41.588  2829  3972 W CAE     : getListener(ListenerListManager.java:128) - [getListener2]  com.samsung.android.contextaware.manager.ContextAwareService$Listener@e8766f2
01-25 20:01:41.588  2829  3972 V CAE     : start(ContextProvider.java:128)
01-25 20:01:41.588  2829  3972 V CAE     : clear(TestFlatMotionRunner.java:126)
01-25 20:01:41.588  2829  3972 V CAE     : enable(TestFlatMotionRunner.java:102)
01-25 20:01:41.589  2829  3570 E SensorService: [EARPROXIMITY] Update the first event 
01-25 20:01:41.589  2829  3893 D SensorService: setSContextDataLocked ints length 2 , byte length 4
01-25 20:01:41.589  2829  3893 D SensorService: setSContextDataLocked 17b1
01-25 20:01:41.589  2829  3123 D RefreshRateModeManager: onBrightnessChangedLocked, brightness=68, lux=40.0
01-25 20:01:41.590  1919  1919 I sensors-hal: inject_sensor_data:413, handle 1501 send inject
01-25 20:01:41.590  1919  1919 I sensors-hal: sendContextData:286, sensor hal 4, (0xb1, 0x17, 0x0, 0x0)
01-25 20:01:41.590  1919  1919 I sensors-hal: sendContextData:345, enable:177, handle:8, algo:26279936
01-25 20:01:41.590  1919  1919 I sensors-hal: is_restrict_mode:143, mode:normal
01-25 20:01:41.590  1919  1919 I sensors-hal: sendContextData:108, device_position 4
01-25 20:01:41.590  1919  1919 I sensors-hal: acquire_ssc_interface:114, acquire_ssc_interface with sensor_id 49 , conn_type 2 
01-25 20:01:41.591  1919  1919 I sensors-hal: acquire_ssc_interface:124, returning _shared_instance[SHARED_SENSORHUBS].conn
01-25 20:01:41.591  1919  1919 I sensors-hal: acquire_shared_instance:148, re-use existing connection for type 2 
01-25 20:01:41.591  1919  1919 I sensors-hal: register_cb:305, register_cb start this=0xb400007dcc05ba00x
01-25 20:01:41.591  1919  1919 I sensors-hal: register_cb:321, register_cb End with succes
01-25 20:01:41.591  1919  1919 I sensors-hal: create_sensor_config_request:48, device_position create_sensor_config_request
01-25 20:01:41.591  1919  1919 I sensors-hal: send_sensor_config_request:658, dt=device_position: convert sample_period=0 to batch_period=0
01-25 20:01:41.591  1919  1919 I sensors-hal: send_sync_sensor_request:521, send sync request
01-25 20:01:41.591  1919  1919 I sensors-hal: send_sync_sensor_request:531, send_sync_sensor_request before send_request for device_position with SUID low=11077485164857655296 high=1320970896291267344
01-25 20:01:41.591  1919  1919 I sensors-hal: send_request:330, send_request start this=0xb400007dcc05ba00x 
01-25 20:01:41.591  1919  1919 I sensors-hal: send_request:415, send_request completed, this=0xb400007dcc05ba00x
01-25 20:01:41.591  1919  1919 I sensors-hal: send_sync_sensor_request:552, wait for notification of response
01-25 20:01:41.591  1919  3889 I sensors-hal: ssc_conn_resp_cb:941, resp_value = 0 for device_position 
01-25 20:01:41.591  1919  3889 I sensors-hal: handle_resp_cb:517, handle_resp_cb Ended this=0xb400007dcc05ba00x
01-25 20:01:41.591  1919  1919 I sensors-hal: send_sync_sensor_request:558, takes 0 ms to receive the response with 0
01-25 20:01:41.592  2829  3972 D CAE     : getFaultDetectionResult(TestFlatMotionRunner.java:139) - true
01-25 20:01:41.592  2829  3972 I CAE     : notifyCmdProcessResultObserver(ContextProvider.java:627) - CheckResult = 0, Cause = Success
01-25 20:01:41.593  1919  5700 I sensors-hal: ssc_conn_event_cb:869, SCHED_FIFO(10) for qmi_cbk
01-25 20:01:41.593  2011  3752 I SSC_DAEMON: light_msg(4/15): option - 10
01-25 20:01:41.594  2829  3972 D CAE     : doCommendProcess(ContextAwareService.java:396) - complete notify the operation result.
01-25 20:01:41.594  2829  3972 I CAE     : displayUsedCountForService(ContextAwareService.java:460) - totalCnt = 1, serviceCount = 1, subCollectionCount = 0
01-25 20:01:41.594  2829  3972 D CAE     : showListenerList(ContextAwareService.java:325) - ===== Context Aware Service List =====
01-25 20:01:41.594  2829  3972 I CAE     : showListenerList(ContextAwareService.java:334) - Listener : com.samsung.android.contextaware.manager.ContextAwareService$Listener@e8766f2, Service : ACTIVITY_TRACKER_BATCH(1)
01-25 20:01:41.594  2829  3972 I CAE     : showListenerList(ContextAwareService.java:334) - Listener : com.samsung.android.contextaware.manager.ContextAwareService$Listener@e8766f2, Service : PEDOMETER(1)
01-25 20:01:41.594  2829  3972 I CAE     : showListenerList(ContextAwareService.java:334) - Listener : com.samsung.android.contextaware.manager.ContextAwareService$Listener@e8766f2, Service : SLOCATION_RUNNER(1)
01-25 20:01:41.594  2829  3972 I CAE     : showListenerList(ContextAwareService.java:334) - Listener : com.samsung.android.contextaware.manager.ContextAwareService$Listener@e8766f2, Service : CH_LOC_TRIGGER(1)
01-25 20:01:41.594  2829  3972 I CAE     : showListenerList(ContextAwareService.java:334) - Listener : com.samsung.android.contextaware.manager.ContextAwareService$Listener@e8766f2, Service : FREE_FALL_DETECTION(1)
01-25 20:01:41.594  2829  3972 I CAE     : showListenerList(ContextAwareService.java:334) - Listener : com.samsung.android.contextaware.manager.ContextAwareService$Listener@e8766f2, Service : TEST_FLAT_MOTION(1)
01-25 20:01:41.594  2829  3972 I CAE     : showListenerList(ContextAwareService.java:334) - Listener : com.samsung.android.contextaware.manager.ContextAwareService$Listener@e8766f2, Service : SENSOR_STATUS_CHECK_RUNNER(1)
01-25 20:01:41.594  2829  3972 W CAE     : registerCallback(ContextAwareService.java:209) - [regi 02] Mutex is unlocked for TEST_FLAT_MOTION
01-25 20:01:41.594  2829  3972 E SemContext.CaeProvider: setAttribute() : attribute is null!
01-25 20:01:41.594  2829  3972 D SemContextService: 	.registerCallback : 8, client= android
01-25 20:01:41.594  2829  3972 D SemContextService: unlock : registerCallback
01-25 20:01:41.594  2829  3972 D SemContextManager:   .registerListener : listener = Thread[SensorHandleThread,5,main], service=Device Position
01-25 20:01:41.595  2012  2176 I AudioFlinger: monoMixMode[0] for haptic playback
01-25 20:01:41.595  2012  2176 I SecAudioParamFlinger: proximity_sensor_parameter: sensorValue=0;ampLPowerOn=1;curOutDevice=2
01-25 20:01:41.598  1959  3783 I SS_3A   :  INFO:  AF: TsAf_get_metadata: 1149: [TsAf_Range] range_sensor_data is NULL
01-25 20:01:41.600  2411  9615 I Camera3-Status: markComponent: Component 1 is now active - BufferRequestSM
01-25 20:01:41.600  2411  9615 I Camera3-Status: markComponent: Component 1 is now idle - BufferRequestSM
01-25 20:01:41.631  1959  3784 I SS_3A   :  INFO:  AF: TsAf_get_metadata: 1149: [TsAf_Range] range_sensor_data is NULL
01-25 20:01:41.636  2012  2176 V APM_AudioPolicyManager: setAppState(portId:1415, state:2)
01-25 20:01:41.642  2411  9615 I Camera3-Status: markComponent: Component 1 is now active - BufferRequestSM
01-25 20:01:41.643  2411  9615 I Camera3-Status: markComponent: Component 1 is now idle - BufferRequestSM
01-25 20:01:41.665  1959  3785 I SS_3A   :  INFO:  AF: TsAf_get_metadata: 1149: [TsAf_Range] range_sensor_data is NULL
01-25 20:01:41.666  1959  3785 E AF_DEBUG: AfStageErrorEnd(4550) : [cam_id_4][AF_INFO] Final Lens position 1376  AF VERSION(0xD561) touch(x y : 0 0) roi( sx sy ex ey : 1616 1116 2384 1884 ) sensor(w h 4000 3000) af cal(1376 -1 2000 2208) exception(0x2000) af_restart_from(0x0) ob(-1) sky(0) hb(0) moon(0) noMotion(0) moire(0) source(0) offset(0)
01-25 20:01:41.666  1959  3785 E AF_DEBUG: UpdateAfStatus(179) : [cam_id_4] AF status 0x2 -> 0x4, called from : UpdateAfStatusAtError(4493)  
01-25 20:01:41.666  1959  3785 E AF_DEBUG: LogPrintAfResult(37) : [cam_id_4] ver(0xD561) | cur_position 1376 , bv -55 , af_method 1 , roi_type 0, fd_cnt 0
01-25 20:01:41.666  1959  3785 I SS_3A   :  INFO:  AF: TsAf_update_focus_status: 3052: [cam_id_4 for Af Lib] Update output status! new status: 0x4 prev_status: 0x2
01-25 20:01:41.671  2411  9615 I Camera3-Status: markComponent: Component 1 is now active - BufferRequestSM
01-25 20:01:41.672  2411  9615 I Camera3-Status: markComponent: Component 1 is now idle - BufferRequestSM
01-25 20:01:41.698  1959  3782 I SS_3A   :  INFO:  AF: TsAf_get_metadata: 1149: [TsAf_Range] range_sensor_data is NULL
01-25 20:01:41.699  1959  3782 E AF_DEBUG: AfHistory_PrintData(1014) : REWRAMSGF0A0_4 0 1E011E 40C2BF4 0 1E011E 40C29E0 0 1E011E 40C27CC 0 1E011E 40C2560 0 18011E 40C4560 0 0 0 0 0 0 0 0 0 0 0 0 0 0 0 
01-25 20:01:41.699  1959  3782 E AF_DEBUG: AfHistory_PrintData(1020) : DUMPLOGINDEX_4 52787057 125831680 52046072 125831680 52763103 125831680 53325410 286787584 0 876612096 0 0 0 0 0 0 0 0 0 0 -55 
01-25 20:01:41.702  1919  5700 I sensors-hal: handle_sns_std_sensor_event:137, [SSC_LIGHT] A: 41(41),m:13,c:292,b:68,c0:1,l:9,r:774,bl:0,j:17
01-25 20:01:41.715  2411  9615 I Camera3-Status: markComponent: Component 1 is now active - BufferRequestSM
01-25 20:01:41.715  2411  9615 I Camera3-Status: markComponent: Component 1 is now idle - BufferRequestSM
01-25 20:01:41.732  1959  3781 I SS_3A   :  INFO:  AF: TsAf_get_metadata: 1149: [TsAf_Range] range_sensor_data is NULL
01-25 20:01:41.743  2411  9615 I Camera3-Status: markComponent: Component 1 is now active - BufferRequestSM
01-25 20:01:41.743  2411  9615 I Camera3-Status: markComponent: Component 1 is now idle - BufferRequestSM
01-25 20:01:41.765  1959  3785 I SS_3A   :  INFO:  AF: TsAf_get_metadata: 1149: [TsAf_Range] range_sensor_data is NULL
01-25 20:01:41.775  2411  9615 I Camera3-Status: markComponent: Component 1 is now active - BufferRequestSM
01-25 20:01:41.775  2411  9615 I Camera3-Status: markComponent: Component 1 is now idle - BufferRequestSM
01-25 20:01:41.798  1959  3781 I SS_3A   :  INFO:  AF: TsAf_get_metadata: 1149: [TsAf_Range] range_sensor_data is NULL
01-25 20:01:41.812  2411  9615 I Camera3-Status: markComponent: Component 1 is now active - BufferRequestSM
01-25 20:01:41.813  2411  9615 I Camera3-Status: markComponent: Component 1 is now idle - BufferRequestSM
01-25 20:01:41.832  1959  3783 I SS_3A   :  INFO:  AF: TsAf_get_metadata: 1149: [TsAf_Range] range_sensor_data is NULL
01-25 20:01:41.834  2411  9615 I Camera3-Status: markComponent: Component 1 is now active - BufferRequestSM
01-25 20:01:41.834  2411  9615 I Camera3-Status: markComponent: Component 1 is now idle - BufferRequestSM
01-25 20:01:41.842  1904  5484 I vendor.qti.bluetooth@1.1-ibs_handler: DeviceSleep: TX Awake, Sending SLEEP_IND
01-25 20:01:41.842  1904  5484 D vendor.qti.bluetooth@1.1-ibs_handler: SerialClockVote: vote for UART CLK OFF
01-25 20:01:41.844  1919  3889 I sensors-hal: ssc_conn_event_cb:869, SCHED_FIFO(10) for qmi_cbk
01-25 20:01:41.844  1919  3889 I sensors-hal: ssc_conn_event_cb:901, event[0] sensor:device_position  Wakeup, msg_id=1025, ts=9966271583643
01-25 20:01:41.844  1919  3889 I sensors-hal: handle_sns_client_event:78, device_position_event: msgid:1025
01-25 20:01:41.844  1919  3889 I sensors-hal: handle_sns_client_event:97, device_position_event: 1
01-25 20:01:41.846  2829  3887 D CAE     : onGetSensorHubData(SensorHubParserProvider.java:92) - onGetSensorHubData Event [event buffer len :4], AP_WAKEUP
01-25 20:01:41.846  2829  3887 I CAE     : parse(SensorHubParserProvider.java:193) - buffer size = 4
01-25 20:01:41.846  2829  3887 I CAE     : parse(SensorHubParserProvider.java:204) - 1, 1, 23, 1,
01-25 20:01:41.846  2829  3887 D CAE     : display(ContextProvider.java:375) - ================= TEST_FLAT_MOTION =================
01-25 20:01:41.846  2829  3887 I CAE     : display(ContextProvider.java:391) - Action=[1]
01-25 20:01:41.847  2829  3884 D SemContextService: Service.updateContext() : service = Device Position
01-25 20:01:41.847  2829  2829 D SemContextManager: onSemContextChanged() : event = Device Position
01-25 20:01:41.847  1895 16913 V sec_audio_hw: sec_dev_set_parameters : l_hw_flat_motion_state=1
01-25 20:01:41.847  1895 16913 D AHAL: AudioDevice: SetParameters: 1799: enter
01-25 20:01:41.847  1895 16913 D AHAL: AudioVoice: VoiceSetParameters: 171: Enter
01-25 20:01:41.847  1895 16913 D AHAL: AudioVoice: VoiceSetParameters: 416: Exit ret: 0
01-25 20:01:41.847  1895 16913 D AHAL: Effect: send_soundbooster_flatmotion: 654: flatmotion : 1
01-25 20:01:41.847  1895 16913 D AHAL: Effect: send_custom_payload_effect: 244: Enter with tag(0xc00000a) size(4) paramId SB_PARAMS_FLATMOTION(0x10001f05)
01-25 20:01:41.847  1895 16913 I PAL: ResourceManager: setParameter: 10453: PAL_PARAM_ID_UIEFFECT SB_PARAMS_FLATMOTION(0x10001f05)
01-25 20:01:41.848  1895 16913 I PAL: API: pal_gef_rw_param: 1205: set global parameter 4, status -22
01-25 20:01:41.848  1895 16913 D AHAL: Effect: send_custom_payload_effect: 250: Exit with tag(0xc00000a) size(4) 
01-25 20:01:41.848  1895 16913 D AHAL: Effect: send_soundbooster_flatmotion: 661: Exit
01-25 20:01:41.848  1895 16913 D AHAL: hfp: hfp_set_parameters: 447: enter
01-25 20:01:41.848  1895 16913 D AHAL: AudioDevice: SetParameters: 2521: exit: l_hw_flat_motion_state=1
01-25 20:01:41.848  1895 16913 I Audio_a2dpsink_hw: adev_set_parameters: kevpairs=[l_hw_flat_motion_state=1]
01-25 20:01:41.862  1919  5700 I sensors-hal: handle_sns_std_sensor_event:137, [SSC_LIGHT] A: 36(36),m:13,c:292,b:68,c0:1,l:0,r:776,bl:0,j:11
01-25 20:01:41.862  1919  3900 I sensors-hal: ssc_conn_event_cb:901, event[0] sensor:Light seamless  Wakeup, msg_id=1025, ts=9966271914900
01-25 20:01:41.862  1919  3900 I sensors-hal: handle_sns_client_event:46, light_seamless ts=519071740474041 ns, 36,40,2147483647, M:0,0, S:0,0
01-25 20:01:41.865  1959  3784 I SS_3A   :  INFO:  AF: TsAf_get_metadata: 1149: [TsAf_Range] range_sensor_data is NULL
01-25 20:01:41.866  2829  3123 D RefreshRateModeManager: onBrightnessChangedLocked, brightness=68, lux=36.0
01-25 20:01:41.874  2411  9615 I Camera3-Status: markComponent: Component 1 is now active - BufferRequestSM
01-25 20:01:41.875  2411  9615 I Camera3-Status: markComponent: Component 1 is now idle - BufferRequestSM
01-25 20:01:41.898  1959  3783 I SS_3A   :  INFO:  AF: TsAf_get_metadata: 1149: [TsAf_Range] range_sensor_data is NULL
01-25 20:01:41.899  1919  3900 I sensors-hal: ssc_conn_event_cb:869, SCHED_FIFO(10) for qmi_cbk
01-25 20:01:41.899  1919  3900 I sensors-hal: ssc_conn_event_cb:901, event[0] sensor:TMD4913 Proximity  Wakeup, msg_id=769, ts=9966272608916
01-25 20:01:41.899  1919  3900 I sensors-hal: handle_sns_client_event:132, [SSC_PROX] prox_event: near_far=2, distance=9.000000, raw=778, base=777, lux=11, thd=827, m=10000, ts=519071776620707
01-25 20:01:41.902  2829  3570 D SensorService: to ignore 9.0
01-25 20:01:41.914  2411  9615 I Camera3-Status: markComponent: Component 1 is now active - BufferRequestSM
01-25 20:01:41.914  2411  9615 I Camera3-Status: markComponent: Component 1 is now idle - BufferRequestSM
01-25 20:01:41.928  2829  3233 D PowerManagerService: UserActivityStateListenerState: 0
01-25 20:01:41.932  1959  3784 I SS_3A   :  INFO:  AF: TsAf_get_metadata: 1149: [TsAf_Range] range_sensor_data is NULL
01-25 20:01:41.934  2411  9615 I Camera3-Status: markComponent: Component 1 is now active - BufferRequestSM
01-25 20:01:41.935  2411  9615 I Camera3-Status: markComponent: Component 1 is now idle - BufferRequestSM
01-25 20:01:41.961  1919  3297 D SensorsFlicker: Als_common::readEvents, enabled : 1, data : 0.000000, 0.000000, 0.000000, 0.000000, 0.000000, 67344.000000, 4096000.000000
01-25 20:01:41.965  1959  3782 I SS_3A   :  INFO:  AF: TsAf_get_metadata: 1149: [TsAf_Range] range_sensor_data is NULL
01-25 20:01:41.979  2411  9615 I Camera3-Status: markComponent: Component 1 is now active - BufferRequestSM
01-25 20:01:41.979  2411  9615 I Camera3-Status: markComponent: Component 1 is now idle - BufferRequestSM
01-25 20:01:41.992  1904  4711 D vendor.qti.bluetooth@1.1-wake_lock: Release wakelock is released 
01-25 20:01:41.998  1959  3783 I SS_3A   :  INFO:  AF: TsAf_get_metadata: 1149: [TsAf_Range] range_sensor_data is NULL
01-25 20:01:42.010  2411  9615 I Camera3-Status: markComponent: Component 1 is now active - BufferRequestSM
01-25 20:01:42.010  2411  9615 I Camera3-Status: markComponent: Component 1 is now idle - BufferRequestSM
01-25 20:01:42.022  1919  5700 I sensors-hal: handle_sns_std_sensor_event:137, [SSC_LIGHT] A: 40(40),m:13,c:292,b:68,c0:1,l:2,r:778,bl:777,j:11
01-25 20:01:42.032  1959  3784 I SS_3A   :  INFO:  AF: TsAf_get_metadata: 1149: [TsAf_Range] range_sensor_data is NULL
01-25 20:01:42.042  2411  9615 I Camera3-Status: markComponent: Component 1 is now active - BufferRequestSM
01-25 20:01:42.042  2411  9615 I Camera3-Status: markComponent: Component 1 is now idle - BufferRequestSM
01-25 20:01:42.065  1959  3782 I SS_3A   :  INFO:  AF: TsAf_get_metadata: 1149: [TsAf_Range] range_sensor_data is NULL
01-25 20:01:42.080  2411  9615 I Camera3-Status: markComponent: Component 1 is now active - BufferRequestSM
01-25 20:01:42.080  2411  9615 I Camera3-Status: markComponent: Component 1 is now idle - BufferRequestSM
01-25 20:01:42.099  1959  3782 I SS_3A   :  INFO:  AF: TsAf_get_metadata: 1149: [TsAf_Range] range_sensor_data is NULL
01-25 20:01:42.100  2411  9615 I Camera3-Status: markComponent: Component 1 is now active - BufferRequestSM
01-25 20:01:42.100  2411  9615 I Camera3-Status: markComponent: Component 1 is now idle - BufferRequestSM
01-25 20:01:42.112  1919  3900 I sensors-hal: ssc_conn_event_cb:901, event[0] sensor:Light seamless  Wakeup, msg_id=1025, ts=9966274983525
01-25 20:01:42.112  1919  3900 I sensors-hal: handle_sns_client_event:46, light_seamless ts=519071900298259 ns, 40,40,2147483647, M:0,0, S:0,0
01-25 20:01:42.116  2829  3123 D RefreshRateModeManager: onBrightnessChangedLocked, brightness=68, lux=40.0
01-25 20:01:42.132  1959  3783 I SS_3A   :  INFO:  AF: TsAf_get_metadata: 1149: [TsAf_Range] range_sensor_data is NULL
01-25 20:01:42.142  2411  9615 I Camera3-Status: markComponent: Component 1 is now active - BufferRequestSM
01-25 20:01:42.142  2411  9615 I Camera3-Status: markComponent: Component 1 is now idle - BufferRequestSM
01-25 20:01:42.165  1959  3783 I SS_3A   :  INFO:  AF: TsAf_get_metadata: 1149: [TsAf_Range] range_sensor_data is NULL
01-25 20:01:42.180  2411  9615 I Camera3-Status: markComponent: Component 1 is now active - BufferRequestSM
01-25 20:01:42.180  2411  9615 I Camera3-Status: markComponent: Component 1 is now idle - BufferRequestSM
01-25 20:01:42.184  1919 23557 I sensors-hal: handle_sns_client_event:689, [0][17] gyro_sample_cal(3) [ 0.000, 0.000,-0.001] bias[-0.009,-0.003,-0.013] 519072008460603
01-25 20:01:42.199  1959  3783 I SS_3A   :  INFO:  AF: TsAf_get_metadata: 1149: [TsAf_Range] range_sensor_data is NULL
01-25 20:01:42.211  2411  9615 I Camera3-Status: markComponent: Component 1 is now active - BufferRequestSM
01-25 20:01:42.211  2411  9615 I Camera3-Status: markComponent: Component 1 is now idle - BufferRequestSM
01-25 20:01:42.232  1959  3781 I SS_3A   :  INFO:  AF: TsAf_get_metadata: 1149: [TsAf_Range] range_sensor_data is NULL
01-25 20:01:42.239  2411  9615 I Camera3-Status: markComponent: Component 1 is now active - BufferRequestSM
01-25 20:01:42.239  2411  9615 I Camera3-Status: markComponent: Component 1 is now idle - BufferRequestSM
01-25 20:01:42.265  1959  3782 I SS_3A   :  INFO:  AF: TsAf_get_metadata: 1149: [TsAf_Range] range_sensor_data is NULL
01-25 20:01:42.279  2411  9615 I Camera3-Status: markComponent: Component 1 is now active - BufferRequestSM
01-25 20:01:42.279  2411  9615 I Camera3-Status: markComponent: Component 1 is now idle - BufferRequestSM
01-25 20:01:42.299  1959  3784 I SS_3A   :  INFO:  AF: TsAf_get_metadata: 1149: [TsAf_Range] range_sensor_data is NULL
01-25 20:01:42.310  2411  9615 I Camera3-Status: markComponent: Component 1 is now active - BufferRequestSM
01-25 20:01:42.310  2411  9615 I Camera3-Status: markComponent: Component 1 is now idle - BufferRequestSM
01-25 20:01:42.332  1959  3783 I SS_3A   :  INFO:  AF: TsAf_get_metadata: 1149: [TsAf_Range] range_sensor_data is NULL
01-25 20:01:42.334  4158  4158 D StatusBarIconController: ignoring old pipeline callbacks, because the new mobile icons are enabled
01-25 20:01:42.338  2012  2176 V APM_AudioPolicyManager: setAppState(portId:1415, state:2)
01-25 20:01:42.338 28295 28295 I BadgeCountReceiver: onReceive: Intent { act=android.intent.action.BADGE_COUNT_UPDATE flg=0x1000010 cmp=com.sec.android.provider.badge/.BadgeCountReceiver (has extras) }
01-25 20:01:42.339 28295  6914 I BadgeCountReceiver: UpdateTask START: PendingResult hashCode: 47202690
01-25 20:01:42.339 28295  6914 I BadgeCountReceiver: packageName: com.whatsapp, className: com.whatsapp.Main, count: 30
01-25 20:01:42.341  2829  3549 I ActivityManager: Changes in 10049 11 to 5, 0 to 56
01-25 20:01:42.342  1919  3900 I sensors-hal: ssc_conn_event_cb:901, event[0] sensor:Light seamless  Wakeup, msg_id=1025, ts=9966281125585
01-25 20:01:42.342  1919  3900 I sensors-hal: handle_sns_client_event:46, light_seamless ts=519072220197218 ns, 39,40,2147483647, M:0,0, S:0,0
01-25 20:01:42.342 28295  6914 I BadgeProvider: sendNotify [uri]: content://com.sec.badge/apps, [notify]: null
01-25 20:01:42.342  4520  4520 D HidDeviceService: handleMessage(): msg.what=8
01-25 20:01:42.343 28295  6914 I BadgeProvider: update, [calling package]: com.sec.android.provider.badge, [uri]: content://com.sec.badge/apps, [uri.query]: null, [BadgeCount]: badgecount=30, [UpdateCount]: 1
01-25 20:01:42.343 28295  6914 I BadgeCountReceiver: UpdateTask END: PendingResult hashCode: 47202690
01-25 20:01:42.343  2411  9615 I Camera3-Status: markComponent: Component 1 is now active - BufferRequestSM
01-25 20:01:42.343  2411  9615 I Camera3-Status: markComponent: Component 1 is now idle - BufferRequestSM
01-25 20:01:42.344  2829  3123 D RefreshRateModeManager: onBrightnessChangedLocked, brightness=68, lux=39.0
01-25 20:01:42.344  2012  2176 V APM_AudioPolicyManager: setAppState(portId:1415, state:2)
01-25 20:01:42.346 28295  7355 I BadgeProvider: query, [calling package]: com.sec.android.app.launcher, [selection]: null
01-25 20:01:42.348  4640 12348 I HoneySpace.BadgeDataSourceImpl: Badge Provider update. PK(p='com.linkedin.android', u=UserHandle{0}): 27 -> 24
01-25 20:01:42.348  4640 12348 I HoneySpace.BadgeDataSourceImpl: Get notification count. PK(p='com.linkedin.android', u=UserHandle{0}) - forceBadgeCount: false, notification listener: 26, badge provider: 24
01-25 20:01:42.348  4640 12348 I HoneySpace.BadgeDataSourceImpl: Badge Provider update. PK(p='com.linkedin.android', u=UserHandle{0}): 24 -> 27
01-25 20:01:42.348  4640 12348 I HoneySpace.BadgeDataSourceImpl: Get notification count. PK(p='com.linkedin.android', u=UserHandle{0}) - forceBadgeCount: false, notification listener: 26, badge provider: 27
01-25 20:01:42.348  4640 20023 I HoneySpace.BadgeDataSourceImpl: Get notification count. PK(p='com.itau', u=UserHandle{0}) - forceBadgeCount: false, notification listener: 2, badge provider: 0
01-25 20:01:42.348  4640 24013 I HoneySpace.PackageEventOperator: [ApplistViewModel] badge count is updated. com.linkedin.android/.authenticator.LaunchActivityDefault#UserHandle{0}|185 : 24
01-25 20:01:42.348  4640 20023 I HoneySpace.BadgeDataSourceImpl: Get notification count. PK(p='br.com.Inter.CDPro', u=UserHandle{0}) - forceBadgeCount: false, notification listener: 1, badge provider: 0
01-25 20:01:42.348  4640 20023 I HoneySpace.BadgeDataSourceImpl: Get notification count. PK(p='br.com.intermedium', u=UserHandle{0}) - forceBadgeCount: false, notification listener: 1, badge provider: 0
01-25 20:01:42.348  4640 24013 I HoneySpace.BadgeDataSourceImpl: Get notification count. PK(p='com.google.android.googlequicksearchbox', u=UserHandle{0}) - forceBadgeCount: false, notification listener: 9, badge provider: 0
01-25 20:01:42.348  4640 24013 I HoneySpace.BadgeDataSourceImpl: Get notification count. PK(p='com.google.android.gm', u=UserHandle{0}) - forceBadgeCount: false, notification listener: 10, badge provider: 0
01-25 20:01:42.348  4640 20023 I HoneySpace.BadgeDataSourceImpl: Get notification count. PK(p='com.itau', u=UserHandle{0}) - forceBadgeCount: false, notification listener: 2, badge provider: 0
01-25 20:01:42.348  4640 24013 I HoneySpace.BadgeDataSourceImpl: Get notification count. PK(p='com.google.android.apps.photos', u=UserHandle{0}) - forceBadgeCount: false, notification listener: 2, badge provider: 0
01-25 20:01:42.348  4640 24013 I HoneySpace.PackageEventOperator: [ApplistViewModel] badge count is updated. com.linkedin.android/.authenticator.LaunchActivityDefault#UserHandle{0}|185 : 27
01-25 20:01:42.348  4640 24013 I HoneySpace.BadgeDataSourceImpl: Get notification count. PK(p='com.google.android.googlequicksearchbox', u=UserHandle{0}) - forceBadgeCount: false, notification listener: 9, badge provider: 0
01-25 20:01:42.348  4640 24013 I HoneySpace.BadgeDataSourceImpl: Get notification count. PK(p='com.google.android.gm', u=UserHandle{0}) - forceBadgeCount: false, notification listener: 10, badge provider: 0
01-25 20:01:42.348  4640 24013 I HoneySpace.BadgeDataSourceImpl: Get notification count. PK(p='com.google.android.apps.photos', u=UserHandle{0}) - forceBadgeCount: false, notification listener: 2, badge provider: 0
01-25 20:01:42.348  4640 20023 I HoneySpace.BadgeDataSourceImpl: Get notification count. PK(p='br.com.Inter.CDPro', u=UserHandle{0}) - forceBadgeCount: false, notification listener: 1, badge provider: 0
01-25 20:01:42.348  4640 20023 I HoneySpace.BadgeDataSourceImpl: Get notification count. PK(p='br.com.intermedium', u=UserHandle{0}) - forceBadgeCount: false, notification listener: 1, badge provider: 0
01-25 20:01:42.351 28295  7355 I BadgeProvider: query, [calling package]: com.sec.android.app.launcher, [selection]: null
01-25 20:01:42.352  4640 12348 I HoneySpace.BadgeDataSourceImpl: Badge Provider update. PK(p='com.linkedin.android', u=UserHandle{0}): 27 -> 24
01-25 20:01:42.352  4640 12348 I HoneySpace.BadgeDataSourceImpl: Get notification count. PK(p='com.linkedin.android', u=UserHandle{0}) - forceBadgeCount: false, notification listener: 26, badge provider: 24
