01-25 16:40:51.806  2829  3905 D MultiInternetWifiNetworkFactory: got request NetworkRequest [ REQUEST id=31744, [ Capabilities: INTERNET&NOT_RESTRICTED&TRUSTED&NOT_VCN_MANAGED Uid: 10301 RequestorUid: 10301 RequestorPkg: com.whatsapp UnderlyingNetworks: Null] ]
01-25 16:40:51.806  2829  3953 D ConnectivityService: Rematched networks [computed 1ms] [applied 0ms] [issued 2]
01-25 16:40:51.807  2829  3953 D ConnectivityService: NetworkReassignment :
01-25 16:40:51.807  2829  3953 D ConnectivityService:   31744 : null → 132
01-25 16:40:51.810 18215 18266 D WM-Processor: Work WorkGenerationalId(workSpecId=f97ba738-34a2-405d-90b6-a6bb94a7876f, generation=0) is already enqueued for processing
01-25 16:40:51.814 18215 18215 D WM-WorkerWrapper: Starting work for com.whatsapp.messaging.xmpp.XmppLifecycleWorker
01-25 16:40:51.822 28295 28295 I BadgeCountReceiver: onReceive: Intent { act=android.intent.action.BADGE_COUNT_UPDATE flg=0x1000010 cmp=com.sec.android.provider.badge/.BadgeCountReceiver (has extras) }
01-25 16:40:51.822 28295  6914 I BadgeCountReceiver: UpdateTask START: PendingResult hashCode: 132266827
01-25 16:40:51.822 28295  6914 I BadgeCountReceiver: packageName: com.whatsapp, className: com.whatsapp.Main, count: 37
01-25 16:40:51.825 28295  6914 I BadgeProvider: sendNotify [uri]: content://com.sec.badge/apps, [notify]: null
01-25 16:40:51.825 28295  6914 I BadgeProvider: update, [calling package]: com.sec.android.provider.badge, [uri]: content://com.sec.badge/apps, [uri.query]: null, [BadgeCount]: badgecount=37, [UpdateCount]: 1
01-25 16:40:51.825 28295  6914 I BadgeCountReceiver: UpdateTask END: PendingResult hashCode: 132266827
01-25 16:40:51.827 28295  7354 I BadgeProvider: query, [calling package]: com.sec.android.app.launcher, [selection]: null
01-25 16:40:51.827  4640 12348 I HoneySpace.BadgeDataSourceImpl: Badge Provider update. PK(p='com.linkedin.android', u=UserHandle{0}): 27 -> 24
01-25 16:40:51.828  4640 12348 I HoneySpace.BadgeDataSourceImpl: Get notification count. PK(p='com.linkedin.android', u=UserHandle{0}) - forceBadgeCount: false, notification listener: 26, badge provider: 24
01-25 16:40:51.828  4640 12348 I HoneySpace.BadgeDataSourceImpl: Badge Provider update. PK(p='com.linkedin.android', u=UserHandle{0}): 24 -> 27
01-25 16:40:51.828  4640 12348 I HoneySpace.BadgeDataSourceImpl: Get notification count. PK(p='com.linkedin.android', u=UserHandle{0}) - forceBadgeCount: false, notification listener: 26, badge provider: 27
01-25 16:40:51.828  4640 18944 I HoneySpace.BadgeDataSourceImpl: Get notification count. PK(p='com.itau', u=UserHandle{0}) - forceBadgeCount: false, notification listener: 2, badge provider: 0
01-25 16:40:51.828  4640 18944 I HoneySpace.BadgeDataSourceImpl: Get notification count. PK(p='br.com.Inter.CDPro', u=UserHandle{0}) - forceBadgeCount: false, notification listener: 1, badge provider: 0
01-25 16:40:51.828  4640 18944 I HoneySpace.BadgeDataSourceImpl: Get notification count. PK(p='br.com.intermedium', u=UserHandle{0}) - forceBadgeCount: false, notification listener: 1, badge provider: 0
01-25 16:40:51.828  4640 18944 I HoneySpace.BadgeDataSourceImpl: Get notification count. PK(p='com.itau', u=UserHandle{0}) - forceBadgeCount: false, notification listener: 2, badge provider: 0
01-25 16:40:51.828  4640 18944 I HoneySpace.BadgeDataSourceImpl: Get notification count. PK(p='br.com.Inter.CDPro', u=UserHandle{0}) - forceBadgeCount: false, notification listener: 1, badge provider: 0
01-25 16:40:51.828  4640 18944 I HoneySpace.BadgeDataSourceImpl: Get notification count. PK(p='br.com.intermedium', u=UserHandle{0}) - forceBadgeCount: false, notification listener: 1, badge provider: 0
01-25 16:40:51.828  4640 18943 I HoneySpace.PackageEventOperator: [ApplistViewModel] badge count is updated. com.linkedin.android/.authenticator.LaunchActivityDefault#UserHandle{0}|185 : 24
01-25 16:40:51.828  4640 18943 I HoneySpace.BadgeDataSourceImpl: Get notification count. PK(p='com.google.android.googlequicksearchbox', u=UserHandle{0}) - forceBadgeCount: false, notification listener: 9, badge provider: 0
01-25 16:40:51.828  4640 18943 I HoneySpace.BadgeDataSourceImpl: Get notification count. PK(p='com.google.android.gm', u=UserHandle{0}) - forceBadgeCount: false, notification listener: 8, badge provider: 0
01-25 16:40:51.828  4640 18943 I HoneySpace.BadgeDataSourceImpl: Get notification count. PK(p='com.google.android.apps.photos', u=UserHandle{0}) - forceBadgeCount: false, notification listener: 2, badge provider: 0
01-25 16:40:51.829  4640 18943 I HoneySpace.PackageEventOperator: [ApplistViewModel] badge count is updated. com.linkedin.android/.authenticator.LaunchActivityDefault#UserHandle{0}|185 : 27
01-25 16:40:51.829  4640 18943 I HoneySpace.BadgeDataSourceImpl: Get notification count. PK(p='com.google.android.googlequicksearchbox', u=UserHandle{0}) - forceBadgeCount: false, notification listener: 9, badge provider: 0
01-25 16:40:51.829  4640 18943 I HoneySpace.BadgeDataSourceImpl: Get notification count. PK(p='com.google.android.gm', u=UserHandle{0}) - forceBadgeCount: false, notification listener: 8, badge provider: 0
01-25 16:40:51.829  4640 18943 I HoneySpace.BadgeDataSourceImpl: Get notification count. PK(p='com.google.android.apps.photos', u=UserHandle{0}) - forceBadgeCount: false, notification listener: 2, badge provider: 0
01-25 16:40:51.830 28295  7354 I BadgeProvider: query, [calling package]: com.sec.android.app.launcher, [selection]: null
01-25 16:40:51.831  4640 12348 I HoneySpace.BadgeDataSourceImpl: Badge Provider update. PK(p='com.linkedin.android', u=UserHandle{0}): 27 -> 24
01-25 16:40:51.831  4640 12348 I HoneySpace.BadgeDataSourceImpl: Get notification count. PK(p='com.linkedin.android', u=UserHandle{0}) - forceBadgeCount: false, notification listener: 26, badge provider: 24
01-25 16:40:51.831  4640 12348 I HoneySpace.BadgeDataSourceImpl: Badge Provider update. PK(p='com.linkedin.android', u=UserHandle{0}): 24 -> 27
01-25 16:40:51.831  4640 12348 I HoneySpace.BadgeDataSourceImpl: Get notification count. PK(p='com.linkedin.android', u=UserHandle{0}) - forceBadgeCount: false, notification listener: 26, badge provider: 27
01-25 16:40:51.831  4640 16436 I HoneySpace.BadgeDataSourceImpl: Get notification count. PK(p='com.itau', u=UserHandle{0}) - forceBadgeCount: false, notification listener: 2, badge provider: 0
01-25 16:40:51.831  4640 16436 I HoneySpace.BadgeDataSourceImpl: Get notification count. PK(p='br.com.Inter.CDPro', u=UserHandle{0}) - forceBadgeCount: false, notification listener: 1, badge provider: 0
01-25 16:40:51.831  4640 16436 I HoneySpace.BadgeDataSourceImpl: Get notification count. PK(p='br.com.intermedium', u=UserHandle{0}) - forceBadgeCount: false, notification listener: 1, badge provider: 0
01-25 16:40:51.831  4640 28953 I HoneySpace.PackageEventOperator: [ApplistViewModel] badge count is updated. com.linkedin.android/.authenticator.LaunchActivityDefault#UserHandle{0}|185 : 24
01-25 16:40:51.831  4640 16436 I HoneySpace.BadgeDataSourceImpl: Get notification count. PK(p='com.itau', u=UserHandle{0}) - forceBadgeCount: false, notification listener: 2, badge provider: 0
01-25 16:40:51.831  4640 16436 I HoneySpace.BadgeDataSourceImpl: Get notification count. PK(p='br.com.Inter.CDPro', u=UserHandle{0}) - forceBadgeCount: false, notification listener: 1, badge provider: 0
01-25 16:40:51.831  4640 16436 I HoneySpace.BadgeDataSourceImpl: Get notification count. PK(p='br.com.intermedium', u=UserHandle{0}) - forceBadgeCount: false, notification listener: 1, badge provider: 0
01-25 16:40:51.831  4640 28953 I HoneySpace.BadgeDataSourceImpl: Get notification count. PK(p='com.google.android.googlequicksearchbox', u=UserHandle{0}) - forceBadgeCount: false, notification listener: 9, badge provider: 0
01-25 16:40:51.831  4640 28953 I HoneySpace.BadgeDataSourceImpl: Get notification count. PK(p='com.google.android.gm', u=UserHandle{0}) - forceBadgeCount: false, notification listener: 8, badge provider: 0
01-25 16:40:51.831  4640 28953 I HoneySpace.BadgeDataSourceImpl: Get notification count. PK(p='com.google.android.apps.photos', u=UserHandle{0}) - forceBadgeCount: false, notification listener: 2, badge provider: 0
01-25 16:40:51.832  4640 28953 I HoneySpace.PackageEventOperator: [ApplistViewModel] badge count is updated. com.linkedin.android/.authenticator.LaunchActivityDefault#UserHandle{0}|185 : 27
01-25 16:40:51.832  4640 28953 I HoneySpace.BadgeDataSourceImpl: Get notification count. PK(p='com.google.android.googlequicksearchbox', u=UserHandle{0}) - forceBadgeCount: false, notification listener: 9, badge provider: 0
01-25 16:40:51.832  4640 28953 I HoneySpace.BadgeDataSourceImpl: Get notification count. PK(p='com.google.android.gm', u=UserHandle{0}) - forceBadgeCount: false, notification listener: 8, badge provider: 0
01-25 16:40:51.832  4640 28953 I HoneySpace.BadgeDataSourceImpl: Get notification count. PK(p='com.google.android.apps.photos', u=UserHandle{0}) - forceBadgeCount: false, notification listener: 2, badge provider: 0
01-25 16:40:51.940 10023 10336 I S0      : limitCPUFreq:: freq = 2726400
01-25 16:40:51.941 10023 10336 I SemDvfsHyPerManager: acquire hyper - SIOP_ARM_MAX/10023@2, type = 301993986
01-25 16:40:51.942  1928  1949 I HYPER-HAL: [RequestManager.cpp]acquire(): Acquired ID : 50255327  [10023 / 2]    HINT :      list : [CPUMaxFreq / 2726400] 
01-25 16:40:51.963  2829  6045 D SemWifiUsabilityStatsMonitor: onWifiUsabilityStats - seqNum 20529, isSameBssidAndFreq true
01-25 16:40:51.963  2829  4028 I SemWifiLinkQualityMonitor: Link stat: 898 / 10 / 1,60 (32) / 1200 / -50.0 || 100.0 : 1200,00 / 0.5 : 0,63 / 0.55 : 0,01 / B (G) || 0,23 ms / 34,52 Mbps / N || 0 / N / 0 N / 0 Y
01-25 16:40:52.091  1919  3900 I sensors-hal: ssc_conn_event_cb:901, event[0] sensor:Light seamless  Wakeup, msg_id=1025, ts=9734916317734
01-25 16:40:52.091  1919  3900 I sensors-hal: handle_sns_client_event:46, light_seamless ts=507021969793322 ns, 46,40,2147483647, M:0,0, S:0,0
01-25 16:40:52.095  2829  3123 D RefreshRateModeManager: onBrightnessChangedLocked, brightness=71, lux=46.0
01-25 16:40:52.661  1919  1919 I sensors-hal: set_config:61, sample_period_ns is adjusted to 200000000 based on min/max delay_ns
01-25 16:40:52.661  1919  1919 I sensors-hal: batch:369, com.samsung.sensor.light_cct/1511, period=200000000, max_latency=0 request completed
01-25 16:40:52.662  1919  1919 I sensors-hal: activate:285, com.samsung.sensor.light_cct/1511 en=1
01-25 16:40:52.662  1919  1919 I sensors-hal: acquire_ssc_interface:114, acquire_ssc_interface with sensor_id 13 , conn_type 3 
01-25 16:40:52.663  1875  2041 E minksocket: MinkIPC_QRTR_Service: client with node 1 port 4132 went down
01-25 16:40:52.663  1875  2046 E minksocket: MinkIPC_QRTR_Service: client with node 1 port 4132 went down
01-25 16:40:52.664  1875  2041 E minksocket: MinkIPC_QRTR_Service: client with node 1 port 4134 went down
01-25 16:40:52.665  1875  2046 E minksocket: MinkIPC_QRTR_Service: client with node 1 port 4134 went down
01-25 16:40:52.666  1875  2046 E minksocket: MinkIPC_QRTR_Service: client with node 1 port 4135 went down
01-25 16:40:52.666  1875  2041 E minksocket: MinkIPC_QRTR_Service: client with node 1 port 4135 went down
01-25 16:40:52.667  1919  1919 I sensors-hal: ssc_qmi:36, ssc_qmi
01-25 16:40:52.667  1919  1919 I sensors-hal: register_cb:305, register_cb start this=0xb400007dcc1ba000x
01-25 16:40:52.667  1919  1919 I sensors-hal: register_cb:321, register_cb End with succes
01-25 16:40:52.667  1919  1919 I sensors-hal: send_sync_sensor_request:521, send sync request
01-25 16:40:52.667  1919  1919 I sensors-hal: send_sync_sensor_request:531, send_sync_sensor_request before send_request for light_cct with SUID low=17242558634497898280 high=6270869527188043453
01-25 16:40:52.667  1919  1919 I sensors-hal: send_request:330, send_request start this=0xb400007dcc1ba000x 
01-25 16:40:52.667  1919  1919 I sensors-hal: send_request:415, send_request completed, this=0xb400007dcc1ba000x
01-25 16:40:52.667  1919  1919 I sensors-hal: send_sync_sensor_request:552, wait for notification of response
01-25 16:40:52.667  1875  2041 E minksocket: MinkIPC_QRTR_Service: client with node 1 port 4136 went down
01-25 16:40:52.667  1875  2046 E minksocket: MinkIPC_QRTR_Service: client with node 1 port 4136 went down
01-25 16:40:52.669  1919 32603 I sensors-hal: ssc_conn_resp_cb:941, resp_value = 0 for light_cct 
01-25 16:40:52.669  1919 32603 I sensors-hal: handle_resp_cb:517, handle_resp_cb Ended this=0xb400007dcc1ba000x
01-25 16:40:52.669  1919  1919 I sensors-hal: send_sync_sensor_request:558, takes 1 ms to receive the response with 0
01-25 16:40:52.669  1919  1919 I sensors-hal: activate:303, com.samsung.sensor.light_cct/1511 en=1 completed
01-25 16:40:52.669  2829  3966 D SensorManager: registerListener :: 1511, TMD4913 Light CCT  Non-wakeup, 200000, 0, com.samsung.android.displaysolution.EyeComfortSolutionService$2@a5e9e7f
01-25 16:40:52.719  1928 32597 I HYPER-HAL: [RequestManager.cpp]releaseLocked(): Released ID : 50516354
01-25 16:40:52.731  1919 32603 I sensors-hal: ssc_conn_event_cb:869, SCHED_FIFO(10) for qmi_cbk
01-25 16:40:52.731  1919 32603 I sensors-hal: handle_sns_std_sensor_event:90, light_cct: ts = 507022606189677 ns; value = [65, 65, 162, 161, 52, 71, 4, 9, 30165, 11]
01-25 16:40:52.732  1919  1919 I sensors-hal: activate:285, com.samsung.sensor.light_cct/1511 en=0
01-25 16:40:52.733  1919  1919 I sensors-hal: ~ssc_qmi:63, ~ssc_qmi
01-25 16:40:52.733  1919  1919 I sensors-hal: activate:303, com.samsung.sensor.light_cct/1511 en=0 completed
01-25 16:40:52.733  2829  3966 D SensorManager: unregisterListener :: com.samsung.android.displaysolution.EyeComfortSolutionService$2@a5e9e7f
01-25 16:40:52.733  1875  2041 E minksocket: MinkIPC_QRTR_Service: client with node 1 port 4138 went down
01-25 16:40:52.734  1875  2046 E minksocket: MinkIPC_QRTR_Service: client with node 1 port 4138 went down
01-25 16:40:52.816 25301 32595 I NearbyMediums: Found Fast Ble Advertisements :
01-25 16:40:52.816 25301 32595 I NearbyMediums: BleAdvertisement { version=2, socketVersion=2, isFast=true, serviceIdHash=null, data=[ 0x23 0x36 0x35 0x33 0x51 0x11 0x32 0x4f 0x56 0x40 0xa7 0x62 0x30 0x12 0xcc 0x26 0x1c 0x0e 0x96 0x36 0xc6 0x75 0x53 ], deviceToken=[ 0xa2 0x68 ], rxAdvertisement=null } : 3 times.
01-25 16:40:52.816 25301 32595 I NearbyMediums: Total 3 fast advertisements from 1 unique advertisers.
01-25 16:40:52.832  2031  2222 I VSyncReactor: Current= 120, Period= 120, Distance= 0
01-25 16:40:52.840  2031  2222 I VSyncReactor: Current= 120, Period= 120, Distance= 120
01-25 16:40:52.846 28295 28295 I BadgeCountReceiver: onReceive: Intent { act=android.intent.action.BADGE_COUNT_UPDATE flg=0x1000010 cmp=com.sec.android.provider.badge/.BadgeCountReceiver (has extras) }
01-25 16:40:52.846 28295  6914 I BadgeCountReceiver: UpdateTask START: PendingResult hashCode: 6703400
01-25 16:40:52.846 28295  6914 I BadgeCountReceiver: packageName: com.whatsapp, className: com.whatsapp.Main, count: 37
01-25 16:40:52.848 28295  6914 I BadgeProvider: sendNotify [uri]: content://com.sec.badge/apps, [notify]: null
01-25 16:40:52.848 28295  6914 I BadgeProvider: update, [calling package]: com.sec.android.provider.badge, [uri]: content://com.sec.badge/apps, [uri.query]: null, [BadgeCount]: badgecount=37, [UpdateCount]: 1
01-25 16:40:52.848 28295  6914 I BadgeCountReceiver: UpdateTask END: PendingResult hashCode: 6703400
01-25 16:40:52.849 28295  7354 I BadgeProvider: query, [calling package]: com.sec.android.app.launcher, [selection]: null
01-25 16:40:52.850  4640 12348 I HoneySpace.BadgeDataSourceImpl: Badge Provider update. PK(p='com.linkedin.android', u=UserHandle{0}): 27 -> 24
01-25 16:40:52.850  4640 12348 I HoneySpace.BadgeDataSourceImpl: Get notification count. PK(p='com.linkedin.android', u=UserHandle{0}) - forceBadgeCount: false, notification listener: 26, badge provider: 24
01-25 16:40:52.850  4640 12348 I HoneySpace.BadgeDataSourceImpl: Badge Provider update. PK(p='com.linkedin.android', u=UserHandle{0}): 24 -> 27
01-25 16:40:52.850  4640 12348 I HoneySpace.BadgeDataSourceImpl: Get notification count. PK(p='com.linkedin.android', u=UserHandle{0}) - forceBadgeCount: false, notification listener: 26, badge provider: 27
01-25 16:40:52.850  4640  4753 I HoneySpace.BadgeDataSourceImpl: Get notification count. PK(p='com.itau', u=UserHandle{0}) - forceBadgeCount: false, notification listener: 2, badge provider: 0
01-25 16:40:52.850  4640  4753 I HoneySpace.BadgeDataSourceImpl: Get notification count. PK(p='br.com.Inter.CDPro', u=UserHandle{0}) - forceBadgeCount: false, notification listener: 1, badge provider: 0
01-25 16:40:52.850  4640  4753 I HoneySpace.BadgeDataSourceImpl: Get notification count. PK(p='br.com.intermedium', u=UserHandle{0}) - forceBadgeCount: false, notification listener: 1, badge provider: 0
01-25 16:40:52.850  4640  4753 I HoneySpace.BadgeDataSourceImpl: Get notification count. PK(p='com.itau', u=UserHandle{0}) - forceBadgeCount: false, notification listener: 2, badge provider: 0
01-25 16:40:52.850  4640  4753 I HoneySpace.BadgeDataSourceImpl: Get notification count. PK(p='br.com.Inter.CDPro', u=UserHandle{0}) - forceBadgeCount: false, notification listener: 1, badge provider: 0
01-25 16:40:52.850  4640  4753 I HoneySpace.BadgeDataSourceImpl: Get notification count. PK(p='br.com.intermedium', u=UserHandle{0}) - forceBadgeCount: false, notification listener: 1, badge provider: 0
01-25 16:40:52.850  4640 18945 I HoneySpace.PackageEventOperator: [ApplistViewModel] badge count is updated. com.linkedin.android/.authenticator.LaunchActivityDefault#UserHandle{0}|185 : 24
01-25 16:40:52.850  4640 18945 I HoneySpace.BadgeDataSourceImpl: Get notification count. PK(p='com.google.android.googlequicksearchbox', u=UserHandle{0}) - forceBadgeCount: false, notification listener: 9, badge provider: 0
01-25 16:40:52.850  4640 18945 I HoneySpace.BadgeDataSourceImpl: Get notification count. PK(p='com.google.android.gm', u=UserHandle{0}) - forceBadgeCount: false, notification listener: 8, badge provider: 0
01-25 16:40:52.850  4640 18945 I HoneySpace.BadgeDataSourceImpl: Get notification count. PK(p='com.google.android.apps.photos', u=UserHandle{0}) - forceBadgeCount: false, notification listener: 2, badge provider: 0
01-25 16:40:52.850  4640 18945 I HoneySpace.PackageEventOperator: [ApplistViewModel] badge count is updated. com.linkedin.android/.authenticator.LaunchActivityDefault#UserHandle{0}|185 : 27
01-25 16:40:52.851  4640 18945 I HoneySpace.BadgeDataSourceImpl: Get notification count. PK(p='com.google.android.googlequicksearchbox', u=UserHandle{0}) - forceBadgeCount: false, notification listener: 9, badge provider: 0
01-25 16:40:52.851  4640 18945 I HoneySpace.BadgeDataSourceImpl: Get notification count. PK(p='com.google.android.gm', u=UserHandle{0}) - forceBadgeCount: false, notification listener: 8, badge provider: 0
01-25 16:40:52.851  4640 18945 I HoneySpace.BadgeDataSourceImpl: Get notification count. PK(p='com.google.android.apps.photos', u=UserHandle{0}) - forceBadgeCount: false, notification listener: 2, badge provider: 0
01-25 16:40:52.852 28295  7354 I BadgeProvider: query, [calling package]: com.sec.android.app.launcher, [selection]: null
01-25 16:40:52.853  4640 12348 I HoneySpace.BadgeDataSourceImpl: Badge Provider update. PK(p='com.linkedin.android', u=UserHandle{0}): 27 -> 24
01-25 16:40:52.853  4640 12348 I HoneySpace.BadgeDataSourceImpl: Get notification count. PK(p='com.linkedin.android', u=UserHandle{0}) - forceBadgeCount: false, notification listener: 26, badge provider: 24
01-25 16:40:52.853  4640 18946 I HoneySpace.BadgeDataSourceImpl: Get notification count. PK(p='com.itau', u=UserHandle{0}) - forceBadgeCount: false, notification listener: 2, badge provider: 0
01-25 16:40:52.853  4640 18946 I HoneySpace.BadgeDataSourceImpl: Get notification count. PK(p='br.com.Inter.CDPro', u=UserHandle{0}) - forceBadgeCount: false, notification listener: 1, badge provider: 0
01-25 16:40:52.853  4640 18946 I HoneySpace.BadgeDataSourceImpl: Get notification count. PK(p='br.com.intermedium', u=UserHandle{0}) - forceBadgeCount: false, notification listener: 1, badge provider: 0
01-25 16:40:52.853  4640 16436 I HoneySpace.PackageEventOperator: [ApplistViewModel] badge count is updated. com.linkedin.android/.authenticator.LaunchActivityDefault#UserHandle{0}|185 : 24
01-25 16:40:52.853  4640 16436 I HoneySpace.BadgeDataSourceImpl: Get notification count. PK(p='com.google.android.googlequicksearchbox', u=UserHandle{0}) - forceBadgeCount: false, notification listener: 9, badge provider: 0
01-25 16:40:52.853  4640 16436 I HoneySpace.BadgeDataSourceImpl: Get notification count. PK(p='com.google.android.gm', u=UserHandle{0}) - forceBadgeCount: false, notification listener: 8, badge provider: 0
01-25 16:40:52.853  4640 16436 I HoneySpace.BadgeDataSourceImpl: Get notification count. PK(p='com.google.android.apps.photos', u=UserHandle{0}) - forceBadgeCount: false, notification listener: 2, badge provider: 0
01-25 16:40:52.853  4640 12348 I HoneySpace.BadgeDataSourceImpl: Badge Provider update. PK(p='com.linkedin.android', u=UserHandle{0}): 24 -> 27
01-25 16:40:52.853  4640 12348 I HoneySpace.BadgeDataSourceImpl: Get notification count. PK(p='com.linkedin.android', u=UserHandle{0}) - forceBadgeCount: false, notification listener: 26, badge provider: 27
01-25 16:40:52.853  4640 18910 I HoneySpace.BadgeDataSourceImpl: Get notification count. PK(p='com.itau', u=UserHandle{0}) - forceBadgeCount: false, notification listener: 2, badge provider: 0
01-25 16:40:52.853  4640 18910 I HoneySpace.BadgeDataSourceImpl: Get notification count. PK(p='br.com.Inter.CDPro', u=UserHandle{0}) - forceBadgeCount: false, notification listener: 1, badge provider: 0
01-25 16:40:52.853  4640 18910 I HoneySpace.BadgeDataSourceImpl: Get notification count. PK(p='br.com.intermedium', u=UserHandle{0}) - forceBadgeCount: false, notification listener: 1, badge provider: 0
01-25 16:40:52.853  4640 15987 I HoneySpace.PackageEventOperator: [ApplistViewModel] badge count is updated. com.linkedin.android/.authenticator.LaunchActivityDefault#UserHandle{0}|185 : 27
01-25 16:40:52.853  4640 15987 I HoneySpace.BadgeDataSourceImpl: Get notification count. PK(p='com.google.android.googlequicksearchbox', u=UserHandle{0}) - forceBadgeCount: false, notification listener: 9, badge provider: 0
01-25 16:40:52.853  4640 15987 I HoneySpace.BadgeDataSourceImpl: Get notification count. PK(p='com.google.android.gm', u=UserHandle{0}) - forceBadgeCount: false, notification listener: 8, badge provider: 0
01-25 16:40:52.853  4640 15987 I HoneySpace.BadgeDataSourceImpl: Get notification count. PK(p='com.google.android.apps.photos', u=UserHandle{0}) - forceBadgeCount: false, notification listener: 2, badge provider: 0
01-25 16:40:53.061  2829  2850 I system_server: Background concurrent mark compact GC freed 32MB AllocSpace bytes, 2(40KB) LOS objects, 16% free, 122MB/146MB, paused 2.051ms,6.301ms total 327.959ms
01-25 16:40:53.144 10023 10023 I SDHMS:LOAD: type: LoadsFreqs, value: 0:2:0:891264:2092800:864000:981887:2457600:614400:220:220:220
01-25 16:40:53.211  1919 30517 I sensors-hal: handle_sns_std_sensor_event:436, [SSC_LIGHT] P: 65(65),m:13,c:135,b:71,c0:30135,l:65,f(r):98,u(bl):100,j:47
01-25 16:40:53.356  4158  4158 D SecPowerUI.Notification: showChargingNotice oldChargingType : 8 / currentChargingType : 8, oldChargingTime : 438000 / mChargingTime : 438000
01-25 16:40:53.356  4158  4158 D SecPowerUI.Notification: showChargingNotice There is no change about charging status, so return!
01-25 16:40:53.449  1067  1067 D io_stats: !@   8,0 r 25332372 733814287 w 24096391 285566768 d 1479248 270638788 f 436344 2134318 iot 17484668 0 th 0 0 0 pt 0 inp 0 0 292022.357
01-25 16:40:53.450  1067  1067 D io_stats: !@ Read_top(KB): earchbox:search(17851) 184 com.whatsapp(18215) 68 e.process.gapps(32577) 28
01-25 16:40:53.450  1067  1067 D io_stats: !@ Write_top(KB): com.whatsapp(18215) 608 .gms.persistent(25301) 424 kworker/u16:4(24645) 348
01-25 16:40:53.884 10023 11531 I SDHMS:C : SIOP:: AP:435 BAT:382 USB:374 CHG:413 PA:399 CP:-200 WIFI:400 CF:391 BLK:0 SUBBAT:0 SKIN:381 SKINF:381 SKINB:372 LRP:381 LRP2:381 LRF2:381 LRB2:372 AP2:381 CHG2:380 WIFI2:378 UANT2:377 DANT2:371 RCV2:375 SPK2:373 FCAM:374 UPSPK:394 DNSPK:374 VAP02:419 VWIFI:408 AMB:369 AMB2:327 AVGCUR:-12
01-25 16:40:53.993  2829  4055 D WifiConnectivityMonitor: start WCM Poll.
01-25 16:40:54.216  2829  3233 D PowerManagerService: UserActivityStateListenerState: 0
01-25 16:40:54.251  2031  2222 I VSyncReactor: Current= 120, Period= 120, Distance= 1
01-25 16:40:54.259  2031  2222 I VSyncReactor: Current= 120, Period= 120, Distance= 120
01-25 16:40:54.306 21724 21724 D BoundBrokerSvc: onUnbind: Intent { act=com.google.android.gms.feedback.internal.IFeedbackService dat=chimera-action:/... cmp=com.google.android.gms/.chimera.GmsBoundBrokerService }
01-25 16:40:54.425  2829  2850 I system_server: Background concurrent mark compact GC freed 32MB AllocSpace bytes, 2(40KB) LOS objects, 16% free, 122MB/146MB, paused 1.910ms,7.033ms total 337.324ms
01-25 16:40:54.980  2829  6045 D SemWifiUsabilityStatsMonitor: onWifiUsabilityStats - seqNum 20530, isSameBssidAndFreq true
01-25 16:40:55.452  1067  1067 D io_stats: !@   8,0 r 25332373 733814291 w 24096582 285568204 d 1479280 270642120 f 436346 2134336 iot 17484728 0 th 0 0 0 pt 0 inp 0 0 292024.360
01-25 16:40:55.515 32098 32201 W System.err: java.lang.ClassNotFoundException: com.example.vonageplugin.VonagePlugin
01-25 16:40:55.515 32098 32201 W System.err: 	at java.lang.Class.classForName(Native Method)
01-25 16:40:55.515 32098 32201 W System.err: 	at java.lang.Class.forName(Class.java:607)
01-25 16:40:55.515 32098 32201 W System.err: 	at java.lang.Class.forName(Class.java:512)
01-25 16:40:55.515 32098 32201 W System.err: 	at org.apache.cordova.PluginManager.instantiatePlugin(PluginManager.java:566)
01-25 16:40:55.515 32098 32201 W System.err: 	at org.apache.cordova.PluginManager.getPlugin(PluginManager.java:185)
01-25 16:40:55.515 32098 32201 W System.err: 	at org.apache.cordova.PluginManager.exec(PluginManager.java:138)
01-25 16:40:55.515 32098 32201 W System.err: 	at org.apache.cordova.CordovaBridge.jsExec(CordovaBridge.java:59)
01-25 16:40:55.515 32098 32201 W System.err: 	at org.apache.cordova.engine.SystemExposedJsApi.exec(SystemExposedJsApi.java:41)
01-25 16:40:55.515 32098 32201 W System.err: 	at android.os.MessageQueue.nativePollOnce(Native Method)
01-25 16:40:55.515 32098 32201 W System.err: 	at android.os.MessageQueue.next(MessageQueue.java:335)
01-25 16:40:55.515 32098 32201 W System.err: 	at android.os.Looper.loopOnce(Looper.java:187)
01-25 16:40:55.515 32098 32201 W System.err: 	at android.os.Looper.loop(Looper.java:319)
01-25 16:40:55.515 32098 32201 W System.err: 	at android.os.HandlerThread.run(HandlerThread.java:67)
01-25 16:40:55.515 32098 32201 W System.err: Caused by: java.lang.ClassNotFoundException: Didn't find class "com.example.vonageplugin.VonagePlugin" on path: DexPathList[[zip file "/data/app/~~7s-S-vdODBa2ONJguF80zA==/com.outsystemscloud.lucasgv.SandboxAppCordova-dl3BiKLJLwpGsCOiI1A17g==/base.apk"],nativeLibraryDirectories=[/data/app/~~7s-S-vdODBa2ONJguF80zA==/com.outsystemscloud.lucasgv.SandboxAppCordova-dl3BiKLJLwpGsCOiI1A17g==/lib/arm64, /data/app/~~7s-S-vdODBa2ONJguF80zA==/com.outsystemscloud.lucasgv.SandboxAppCordova-dl3BiKLJLwpGsCOiI1A17g==/base.apk!/lib/arm64-v8a, /system/lib64, /system_ext/lib64]]
01-25 16:40:55.515 32098 32201 W System.err: 	at dalvik.system.BaseDexClassLoader.findClass(BaseDexClassLoader.java:259)
01-25 16:40:55.515 32098 32201 W System.err: 	at java.lang.ClassLoader.loadClass(ClassLoader.java:637)
01-25 16:40:55.515 32098 32201 W System.err: 	at java.lang.ClassLoader.loadClass(ClassLoader.java:573)
01-25 16:40:55.515 32098 32201 W System.err: 	... 13 more
01-25 16:40:55.515 32098 32201 I System.out: Error adding plugin com.example.vonageplugin.VonagePlugin.
01-25 16:40:55.515 32098 32201 W System.err: java.lang.NullPointerException: Attempt to invoke virtual method 'void org.apache.cordova.CordovaPlugin.privateInitialize(java.lang.String, org.apache.cordova.CordovaInterface, org.apache.cordova.CordovaWebView, org.apache.cordova.CordovaPreferences)' on a null object reference
01-25 16:40:55.515 32098 32201 W System.err: 	at org.apache.cordova.PluginManager.getPlugin(PluginManager.java:187)
01-25 16:40:55.515 32098 32201 W System.err: 	at org.apache.cordova.PluginManager.exec(PluginManager.java:138)
01-25 16:40:55.515 32098 32201 W System.err: 	at org.apache.cordova.CordovaBridge.jsExec(CordovaBridge.java:59)
01-25 16:40:55.515 32098 32201 W System.err: 	at org.apache.cordova.engine.SystemExposedJsApi.exec(SystemExposedJsApi.java:41)
01-25 16:40:55.515 32098 32201 W System.err: 	at android.os.MessageQueue.nativePollOnce(Native Method)
01-25 16:40:55.515 32098 32201 W System.err: 	at android.os.MessageQueue.next(MessageQueue.java:335)
01-25 16:40:55.515 32098 32201 W System.err: 	at android.os.Looper.loopOnce(Looper.java:187)
01-25 16:40:55.515 32098 32201 W System.err: 	at android.os.Looper.loop(Looper.java:319)
01-25 16:40:55.515 32098 32201 W System.err: 	at android.os.HandlerThread.run(HandlerThread.java:67)
01-25 16:40:55.516 32098 32201 I Debugger: Couldn't evaluate variable with key 'gaGxzKsRVUW7UwkBL7SdFA', that was evaluated in the context of the action with the key 'aeaqv5t3N0igBXpEYuPVTA' at stack level '2' of callContextId '42'.
01-25 16:40:55.518 32098 32201 I Debugger: Couldn't evaluate variable with key 'vBA3Ps_d5kahAxEn9GxpKQ', that was evaluated in the context of the action with the key 'aeaqv5t3N0igBXpEYuPVTA' at stack level '2' of callContextId '42'.
01-25 16:40:55.519 32098 32201 I Debugger: Couldn't evaluate variable with key 'bkj7dAAMNESt9W+Bzuoywg', that was evaluated in the context of the action with the key 'aeaqv5t3N0igBXpEYuPVTA' at stack level '2' of callContextId '42'.
01-25 16:40:55.519  2031  2222 I VSyncReactor: Current= 120, Period= 120, Distance= 1
01-25 16:40:55.528  2031  2222 I VSyncReactor: Current= 120, Period= 120, Distance= 120
01-25 16:40:55.544  2031  2222 I VSyncReactor: Current= 120, Period= 120, Distance= 40
01-25 16:40:55.548  2031  2155 D RenderEngine: [SEC_GC_CMN_SF_EFFECTS] drawLayersInternal,1279, Rendering layer  at index 0
01-25 16:40:55.548  2031  2155 D RenderEngine: [SEC_GC_CMN_SF_EFFECTS] drawLayersInternal,1279, Rendering layer com.outsystemscloud.lucasgv.SandboxAppCordova/com.outsystemscloud.lucasgv.SandboxAppCordova.MainActivity$_32098#40782 at index 1
01-25 16:40:55.553  2031  2222 I VSyncReactor: Current= 120, Period= 120, Distance= 120
01-25 16:40:55.649  2031  2155 D RenderEngine: [SEC_GC_CMN_SF_EFFECTS] drawLayersInternal,1279, Rendering layer  at index 0
01-25 16:40:55.649  2031  2155 D RenderEngine: [SEC_GC_CMN_SF_EFFECTS] drawLayersInternal,1279, Rendering layer com.outsystemscloud.lucasgv.SandboxAppCordova/com.outsystemscloud.lucasgv.SandboxAppCordova.MainActivity$_32098#40782 at index 1
01-25 16:40:55.749  2031  2155 D RenderEngine: [SEC_GC_CMN_SF_EFFECTS] drawLayersInternal,1279, Rendering layer  at index 0
01-25 16:40:55.749  2031  2155 D RenderEngine: [SEC_GC_CMN_SF_EFFECTS] drawLayersInternal,1279, Rendering layer com.outsystemscloud.lucasgv.SandboxAppCordova/com.outsystemscloud.lucasgv.SandboxAppCordova.MainActivity$_32098#40782 at index 1
01-25 16:40:55.751  1904  5478 I vendor.qti.bluetooth@1.1-ibs_handler: ProcessIbsCmd: Received IBS_WAKE_IND: 0xFD
01-25 16:40:55.752  1904  5478 D vendor.qti.bluetooth@1.1-ibs_handler: SerialClockVote: vote for UART CLK ON
01-25 16:40:55.752  1904  5478 D vendor.qti.bluetooth@1.1-wake_lock: Acquire wakelock is acquired 
01-25 16:40:55.752  1904  5478 I vendor.qti.bluetooth@1.1-ibs_handler: ProcessIbsCmd: Writing IBS_WAKE_ACK
01-25 16:40:55.758  2829  2850 I system_server: Background concurrent mark compact GC freed 32MB AllocSpace bytes, 2(40KB) LOS objects, 16% free, 123MB/147MB, paused 1.990ms,9.695ms total 340.125ms
01-25 16:40:55.760  4520  5508 D BtGatt.GattService: onScanResult to scannerId: 12- eventType=0x10, addressType=1, address=XX:XX:XX:XX:4F:3E, primaryPhy=1, secondaryPhy=0, advertisingSid=0xff, txPower=127, rssi=-78, periodicAdvInt=0x0
01-25 16:40:55.803  1904  5478 I vendor.qti.bluetooth@1.1-ibs_handler: ProcessIbsCmd: Received IBS_SLEEP_IND: 0xFE
01-25 16:40:55.803  1904  5478 D vendor.qti.bluetooth@1.1-ibs_handler: SerialClockVote: vote for UART CLK OFF
01-25 16:40:55.897  2829  3131 I ActivityManager: Changes in 10049 5 to 15, 56 to 0
01-25 16:40:55.898  4520  4520 D HidDeviceService: handleMessage(): msg.what=8
01-25 16:40:55.953  1904  4711 D vendor.qti.bluetooth@1.1-wake_lock: Release wakelock is released 
01-25 16:40:56.096 32577 32605 D ProfileInstaller: Installing profile for com.google.android.gsf
01-25 16:40:56.251  1919 30517 I sensors-hal: handle_sns_std_sensor_event:436, [SSC_LIGHT] P: 62(62),m:13,c:291,b:71,c0:37264,l:61,f(r):98,u(bl):100,j:39
01-25 16:40:56.568  5583  5583 I wpa_supplicant: Heartbeat 19387
