--------- beginning of main
01-25 19:08:27.592  1904  5478 I vendor.qti.bluetooth@1.1-ibs_handler: ProcessIbsCmd: Received IBS_WAKE_IND: 0xFD
01-25 19:08:27.593  1904  5478 D vendor.qti.bluetooth@1.1-ibs_handler: SerialClockVote: vote for UART CLK ON
01-25 19:08:27.593  1904  5478 D vendor.qti.bluetooth@1.1-wake_lock: Acquire wakelock is acquired 
01-25 19:08:27.593  1904  5478 I vendor.qti.bluetooth@1.1-ibs_handler: ProcessIbsCmd: Writing IBS_WAKE_ACK
01-25 19:08:27.602  4520  5508 D BtGatt.GattService: onScanResult to scannerId: 11- eventType=0x10, addressType=1, address=XX:XX:XX:XX:53:4B, primaryPhy=1, secondaryPhy=0, advertisingSid=0xff, txPower=127, rssi=-74, periodicAdvInt=0x0
01-25 19:08:27.644  1904  5478 I vendor.qti.bluetooth@1.1-ibs_handler: ProcessIbsCmd: Received IBS_SLEEP_IND: 0xFE
01-25 19:08:27.644  1904  5478 D vendor.qti.bluetooth@1.1-ibs_handler: SerialClockVote: vote for UART CLK OFF
01-25 19:08:27.667  2031  2222 I VSyncReactor: Current= 120, Period= 120, Distance= 0
01-25 19:08:27.670 28295 28295 I BadgeCountReceiver: onReceive: Intent { act=android.intent.action.BADGE_COUNT_UPDATE flg=0x1000010 cmp=com.sec.android.provider.badge/.BadgeCountReceiver (has extras) }
01-25 19:08:27.670 28295  6914 I BadgeCountReceiver: UpdateTask START: PendingResult hashCode: 109493275
01-25 19:08:27.671 28295  6914 I BadgeCountReceiver: packageName: com.whatsapp, className: com.whatsapp.Main, count: 30
01-25 19:08:27.674 28295  6914 I BadgeProvider: sendNotify [uri]: content://com.sec.badge/apps, [notify]: null
01-25 19:08:27.674 28295  6914 I BadgeProvider: update, [calling package]: com.sec.android.provider.badge, [uri]: content://com.sec.badge/apps, [uri.query]: null, [BadgeCount]: badgecount=30, [UpdateCount]: 1
01-25 19:08:27.674 28295  6914 I BadgeCountReceiver: UpdateTask END: PendingResult hashCode: 109493275
01-25 19:08:27.675  2031  2222 I VSyncReactor: Current= 120, Period= 120, Distance= 120
01-25 19:08:27.677 28295 28309 I BadgeProvider: query, [calling package]: com.sec.android.app.launcher, [selection]: null
01-25 19:08:27.679  4640 12348 I HoneySpace.BadgeDataSourceImpl: Badge Provider update. PK(p='com.linkedin.android', u=UserHandle{0}): 27 -> 24
01-25 19:08:27.679  4640 12348 I HoneySpace.BadgeDataSourceImpl: Get notification count. PK(p='com.linkedin.android', u=UserHandle{0}) - forceBadgeCount: false, notification listener: 26, badge provider: 24
01-25 19:08:27.679  4640 12348 I HoneySpace.BadgeDataSourceImpl: Badge Provider update. PK(p='com.linkedin.android', u=UserHandle{0}): 24 -> 27
01-25 19:08:27.679  4640 15144 I HoneySpace.BadgeDataSourceImpl: Get notification count. PK(p='com.itau', u=UserHandle{0}) - forceBadgeCount: false, notification listener: 2, badge provider: 0
01-25 19:08:27.679  4640  2941 I HoneySpace.PackageEventOperator: [ApplistViewModel] badge count is updated. com.linkedin.android/.authenticator.LaunchActivityDefault#UserHandle{0}|185 : 24
01-25 19:08:27.679  4640 12348 I HoneySpace.BadgeDataSourceImpl: Get notification count. PK(p='com.linkedin.android', u=UserHandle{0}) - forceBadgeCount: false, notification listener: 26, badge provider: 27
01-25 19:08:27.680  4640  2941 I HoneySpace.BadgeDataSourceImpl: Get notification count. PK(p='com.google.android.googlequicksearchbox', u=UserHandle{0}) - forceBadgeCount: false, notification listener: 8, badge provider: 0
01-25 19:08:27.680  4640 15144 I HoneySpace.BadgeDataSourceImpl: Get notification count. PK(p='br.com.Inter.CDPro', u=UserHandle{0}) - forceBadgeCount: false, notification listener: 1, badge provider: 0
01-25 19:08:27.680  4640 15144 I HoneySpace.BadgeDataSourceImpl: Get notification count. PK(p='br.com.intermedium', u=UserHandle{0}) - forceBadgeCount: false, notification listener: 1, badge provider: 0
01-25 19:08:27.680  4640  2941 I HoneySpace.BadgeDataSourceImpl: Get notification count. PK(p='com.android.chrome', u=UserHandle{0}) - forceBadgeCount: false, notification listener: 1, badge provider: 0
01-25 19:08:27.680  4640  2941 I HoneySpace.BadgeDataSourceImpl: Get notification count. PK(p='com.google.android.gm', u=UserHandle{0}) - forceBadgeCount: false, notification listener: 10, badge provider: 0
01-25 19:08:27.680  4640 15144 I HoneySpace.BadgeDataSourceImpl: Get notification count. PK(p='com.itau', u=UserHandle{0}) - forceBadgeCount: false, notification listener: 2, badge provider: 0
01-25 19:08:27.680  4640 15144 I HoneySpace.BadgeDataSourceImpl: Get notification count. PK(p='br.com.Inter.CDPro', u=UserHandle{0}) - forceBadgeCount: false, notification listener: 1, badge provider: 0
01-25 19:08:27.680  4640  2941 I HoneySpace.BadgeDataSourceImpl: Get notification count. PK(p='com.google.android.apps.photos', u=UserHandle{0}) - forceBadgeCount: false, notification listener: 2, badge provider: 0
01-25 19:08:27.680  4640 15144 I HoneySpace.BadgeDataSourceImpl: Get notification count. PK(p='br.com.intermedium', u=UserHandle{0}) - forceBadgeCount: false, notification listener: 1, badge provider: 0
01-25 19:08:27.680  4640  2941 I HoneySpace.PackageEventOperator: [ApplistViewModel] badge count is updated. com.linkedin.android/.authenticator.LaunchActivityDefault#UserHandle{0}|185 : 27
01-25 19:08:27.681  4640  2941 I HoneySpace.BadgeDataSourceImpl: Get notification count. PK(p='com.google.android.googlequicksearchbox', u=UserHandle{0}) - forceBadgeCount: false, notification listener: 8, badge provider: 0
01-25 19:08:27.681  4640  2941 I HoneySpace.BadgeDataSourceImpl: Get notification count. PK(p='com.android.chrome', u=UserHandle{0}) - forceBadgeCount: false, notification listener: 1, badge provider: 0
01-25 19:08:27.681  4640  2941 I HoneySpace.BadgeDataSourceImpl: Get notification count. PK(p='com.google.android.gm', u=UserHandle{0}) - forceBadgeCount: false, notification listener: 10, badge provider: 0
01-25 19:08:27.681  4640  2941 I HoneySpace.BadgeDataSourceImpl: Get notification count. PK(p='com.google.android.apps.photos', u=UserHandle{0}) - forceBadgeCount: false, notification listener: 2, badge provider: 0
01-25 19:08:27.683 28295 28309 I BadgeProvider: query, [calling package]: com.sec.android.app.launcher, [selection]: null
01-25 19:08:27.684  4640 12348 I HoneySpace.BadgeDataSourceImpl: Badge Provider update. PK(p='com.linkedin.android', u=UserHandle{0}): 27 -> 24
01-25 19:08:27.684  4640 12348 I HoneySpace.BadgeDataSourceImpl: Get notification count. PK(p='com.linkedin.android', u=UserHandle{0}) - forceBadgeCount: false, notification listener: 26, badge provider: 24
01-25 19:08:27.684  4640 12348 I HoneySpace.BadgeDataSourceImpl: Badge Provider update. PK(p='com.linkedin.android', u=UserHandle{0}): 24 -> 27
01-25 19:08:27.684  4640 12348 I HoneySpace.BadgeDataSourceImpl: Get notification count. PK(p='com.linkedin.android', u=UserHandle{0}) - forceBadgeCount: false, notification listener: 26, badge provider: 27
01-25 19:08:27.684  4640  2945 I HoneySpace.BadgeDataSourceImpl: Get notification count. PK(p='com.itau', u=UserHandle{0}) - forceBadgeCount: false, notification listener: 2, badge provider: 0
01-25 19:08:27.684  4640  2945 I HoneySpace.BadgeDataSourceImpl: Get notification count. PK(p='br.com.Inter.CDPro', u=UserHandle{0}) - forceBadgeCount: false, notification listener: 1, badge provider: 0
01-25 19:08:27.684  4640  2945 I HoneySpace.BadgeDataSourceImpl: Get notification count. PK(p='br.com.intermedium', u=UserHandle{0}) - forceBadgeCount: false, notification listener: 1, badge provider: 0
01-25 19:08:27.684  4640  2947 I HoneySpace.PackageEventOperator: [ApplistViewModel] badge count is updated. com.linkedin.android/.authenticator.LaunchActivityDefault#UserHandle{0}|185 : 24
01-25 19:08:27.684  4640  2945 I HoneySpace.BadgeDataSourceImpl: Get notification count. PK(p='com.itau', u=UserHandle{0}) - forceBadgeCount: false, notification listener: 2, badge provider: 0
01-25 19:08:27.684  4640  2945 I HoneySpace.BadgeDataSourceImpl: Get notification count. PK(p='br.com.Inter.CDPro', u=UserHandle{0}) - forceBadgeCount: false, notification listener: 1, badge provider: 0
01-25 19:08:27.684  4640  2945 I HoneySpace.BadgeDataSourceImpl: Get notification count. PK(p='br.com.intermedium', u=UserHandle{0}) - forceBadgeCount: false, notification listener: 1, badge provider: 0
01-25 19:08:27.685  4640  2947 I HoneySpace.BadgeDataSourceImpl: Get notification count. PK(p='com.google.android.googlequicksearchbox', u=UserHandle{0}) - forceBadgeCount: false, notification listener: 8, badge provider: 0
01-25 19:08:27.685  4640  2947 I HoneySpace.BadgeDataSourceImpl: Get notification count. PK(p='com.android.chrome', u=UserHandle{0}) - forceBadgeCount: false, notification listener: 1, badge provider: 0
01-25 19:08:27.685  4640  2947 I HoneySpace.BadgeDataSourceImpl: Get notification count. PK(p='com.google.android.gm', u=UserHandle{0}) - forceBadgeCount: false, notification listener: 10, badge provider: 0
01-25 19:08:27.685  4640  2947 I HoneySpace.BadgeDataSourceImpl: Get notification count. PK(p='com.google.android.apps.photos', u=UserHandle{0}) - forceBadgeCount: false, notification listener: 2, badge provider: 0
01-25 19:08:27.685  4640  2947 I HoneySpace.PackageEventOperator: [ApplistViewModel] badge count is updated. com.linkedin.android/.authenticator.LaunchActivityDefault#UserHandle{0}|185 : 27
01-25 19:08:27.685  4640  2947 I HoneySpace.BadgeDataSourceImpl: Get notification count. PK(p='com.google.android.googlequicksearchbox', u=UserHandle{0}) - forceBadgeCount: false, notification listener: 8, badge provider: 0
01-25 19:08:27.685  4640  2947 I HoneySpace.BadgeDataSourceImpl: Get notification count. PK(p='com.android.chrome', u=UserHandle{0}) - forceBadgeCount: false, notification listener: 1, badge provider: 0
01-25 19:08:27.685  4640  2947 I HoneySpace.BadgeDataSourceImpl: Get notification count. PK(p='com.google.android.gm', u=UserHandle{0}) - forceBadgeCount: false, notification listener: 10, badge provider: 0
01-25 19:08:27.685  4640  2947 I HoneySpace.BadgeDataSourceImpl: Get notification count. PK(p='com.google.android.apps.photos', u=UserHandle{0}) - forceBadgeCount: false, notification listener: 2, badge provider: 0
--------- beginning of system
01-25 19:08:27.700  2829  3233 D PowerManagerService: displayReady: false groupId=0
01-25 19:08:27.701  2829  3233 D DisplayPowerController2[0]: animateScreenStateChange: target=ON, mIsEnabled=true
01-25 19:08:27.701  2829  3233 D PowerManagerService: displayReady: true groupId=0
01-25 19:08:27.796  1904  4711 D vendor.qti.bluetooth@1.1-wake_lock: Release wakelock is released 
01-25 19:08:27.900  2829  3233 D PowerManagerService: displayReady: false groupId=0
01-25 19:08:27.901  2829  3233 D DisplayPowerController2[0]: animateScreenStateChange: target=ON, mIsEnabled=true
01-25 19:08:27.901  2829  3233 D PowerManagerService: displayReady: true groupId=0
01-25 19:08:28.100  2829  3233 D PowerManagerService: displayReady: false groupId=0
01-25 19:08:28.101  2829  3233 D DisplayPowerController2[0]: animateScreenStateChange: target=ON, mIsEnabled=true
01-25 19:08:28.101  2829  3233 D PowerManagerService: displayReady: true groupId=0
01-25 19:08:28.301  2829  3233 D PowerManagerService: displayReady: false groupId=0
01-25 19:08:28.301  2829  3233 D DisplayPowerController2[0]: animateScreenStateChange: target=ON, mIsEnabled=true
01-25 19:08:28.302  2829  3233 D PowerManagerService: displayReady: true groupId=0
01-25 19:08:28.502  2829  3233 D PowerManagerService: displayReady: false groupId=0
01-25 19:08:28.502  2829  3233 D DisplayPowerController2[0]: animateScreenStateChange: target=ON, mIsEnabled=true
01-25 19:08:28.503  2829  3233 D PowerManagerService: displayReady: true groupId=0
01-25 19:08:28.574  2829  5012 D FreecessController: com.whatsapp(10301) is important[18]
01-25 19:08:28.702  2829  3233 D PowerManagerService: displayReady: false groupId=0
01-25 19:08:28.702  2829  3233 D DisplayPowerController2[0]: animateScreenStateChange: target=ON, mIsEnabled=true
01-25 19:08:28.703  2829  3233 D PowerManagerService: displayReady: true groupId=0
01-25 19:08:28.903  2829  3233 D PowerManagerService: displayReady: false groupId=0
01-25 19:08:28.903  2829  3233 D DisplayPowerController2[0]: animateScreenStateChange: target=ON, mIsEnabled=true
01-25 19:08:28.904  2829  3233 D PowerManagerService: displayReady: true groupId=0
01-25 19:08:28.953  2829  6045 D SemWifiUsabilityStatsMonitor: onWifiUsabilityStats - seqNum 21546, isSameBssidAndFreq true
01-25 19:08:29.104  2829  3233 D PowerManagerService: displayReady: false groupId=0
01-25 19:08:29.105  2829  3233 D DisplayPowerController2[0]: animateScreenStateChange: target=ON, mIsEnabled=true
01-25 19:08:29.105  2829  3233 D PowerManagerService: displayReady: true groupId=0
01-25 19:08:29.188  1067  1067 D io_stats: !@   8,0 r 26473046 760867403 w 24811735 298740900 d 1541449 281777212 f 447982 2190595 iot 18193596 0 th 0 0 0 pt 0 inp 0 0 300878.096
01-25 19:08:29.290  1919  1364 I sensors-hal: handle_sns_std_sensor_event:436, [SSC_LIGHT] P: 40(40),m:13,c:291,b:68,c0:27964,l:39,f(r):98,u(bl):100,j:12
01-25 19:08:29.290  1919  3900 I sensors-hal: ssc_conn_event_cb:901, event[0] sensor:Light seamless  Wakeup, msg_id=1025, ts=9904974523354
01-25 19:08:29.290  1919  3900 I sensors-hal: handle_sns_client_event:46, light_seamless ts=515879167999632 ns, 40,40,2147483647, M:0,0, S:0,0
01-25 19:08:29.295  2829  3123 D RefreshRateModeManager: onBrightnessChangedLocked, brightness=68, lux=40.0
01-25 19:08:29.304  2829  3233 D PowerManagerService: displayReady: false groupId=0
01-25 19:08:29.305  2829  3233 D DisplayPowerController2[0]: animateScreenStateChange: target=ON, mIsEnabled=true
01-25 19:08:29.305  2829  3233 D PowerManagerService: displayReady: true groupId=0
01-25 19:08:29.450  1919  3900 I sensors-hal: ssc_conn_event_cb:901, event[0] sensor:Light seamless  Wakeup, msg_id=1025, ts=9904977601926
01-25 19:08:29.450  1919  3900 I sensors-hal: handle_sns_client_event:46, light_seamless ts=515879328341924 ns, 37,40,2147483647, M:0,0, S:0,0
01-25 19:08:29.454  2829  3123 D RefreshRateModeManager: onBrightnessChangedLocked, brightness=68, lux=37.0
01-25 19:08:29.505  2829  3233 D PowerManagerService: displayReady: false groupId=0
01-25 19:08:29.505  2829  3233 D DisplayPowerController2[0]: animateScreenStateChange: target=ON, mIsEnabled=true
01-25 19:08:29.506  2829  3233 D PowerManagerService: displayReady: true groupId=0
01-25 19:08:29.703  5583  5583 I wpa_supplicant: Heartbeat 20272
01-25 19:08:29.706  2829  3233 D PowerManagerService: displayReady: false groupId=0
01-25 19:08:29.709  2829  3233 D DisplayPowerController2[0]: animateScreenStateChange: target=ON, mIsEnabled=true
01-25 19:08:29.710  2829  3233 D PowerManagerService: displayReady: true groupId=0
01-25 19:08:29.756  2829  3131 I ActivityManager: Changes in 10049 5 to 15, 56 to 0
01-25 19:08:29.761  4520  4520 D HidDeviceService: handleMessage(): msg.what=8
01-25 19:08:29.782  2829  3746 W libc    : Access denied finding property "persist.debug.user_mode_emulation"
01-25 19:08:29.786  2829  3746 V UserSystemPackageInstaller: dumpPackageWhitelistProblems(): using mode 5
01-25 19:08:29.910  2829  3233 D PowerManagerService: displayReady: false groupId=0
01-25 19:08:29.910  2829  3233 D DisplayPowerController2[0]: animateScreenStateChange: target=ON, mIsEnabled=true
01-25 19:08:29.911  2829  3233 D PowerManagerService: displayReady: true groupId=0
01-25 19:08:30.111  2829  3233 D PowerManagerService: displayReady: false groupId=0
01-25 19:08:30.112  2829  3233 D DisplayPowerController2[0]: animateScreenStateChange: target=ON, mIsEnabled=true
01-25 19:08:30.112  2829  3233 D PowerManagerService: displayReady: true groupId=0
01-25 19:08:30.312  2829  3233 D PowerManagerService: displayReady: false groupId=0
01-25 19:08:30.312  2829  3233 D DisplayPowerController2[0]: animateScreenStateChange: target=ON, mIsEnabled=true
01-25 19:08:30.312  2829  3233 D PowerManagerService: displayReady: true groupId=0
01-25 19:08:30.418  2829  3636 D InputReader: Btn_touch(4): value=1 when=300879.326000
01-25 19:08:30.419  2829  3636 I InputReader: Touch event's action is 0x0 (id=6, t=0) [pCnt=1, s=0.25736 ] when=300879.326000
01-25 19:08:30.421  2829  3635 I InputDispatcher: Delivering touch to (4158): action: 0x4, f=0x0, d=0, '2f88cfd', t=1 
01-25 19:08:30.421  2829  3635 I InputDispatcher: Delivering touch to (7518): action: 0x0, f=0x0, d=0, 'c31210 ', t=1 
01-25 19:08:30.422  2829  3635 D PowerManagerService: [api] userActivityFromNative : touch displayId=0 eventTime=300879326
01-25 19:08:30.422  2031  2222 I VSyncReactor: Current= 120, Period= 120, Distance= 0
01-25 19:08:30.422  7518  7518 I ViewRootImpl@1b1abc5[MainActivity]: ViewPostIme pointer 0
01-25 19:08:30.422  2829  3635 D PowerManagerService: UserActivityStateListenerState: 1
01-25 19:08:30.422  2829  3121 I GestureDetector: obtain mCurrentDownEvent. id: 523029592 caller: com.android.server.wm.SystemGesturesPointerEventListener.onPointerEvent:204 com.android.server.wm.PointerEventDispatcher.onInputEvent:53 android.view.InputEventReceiver.dispatchInputEvent:337 
01-25 19:08:30.423  2829  3121 I GestureDetector: obtain mCurrentDownEvent. id: 523029592 caller: com.android.server.wm.SystemPerformancePointerEventListener.onPointerEvent:89 com.android.server.wm.PointerEventDispatcher.onInputEvent:53 android.view.InputEventReceiver.dispatchInputEvent:337 
01-25 19:08:30.424  4640  4640 I HoneySpace.GestureInputHandler: inputConsumers = [com.honeyspace.gesture.inputconsumer.InputConsumer$Companion$NO_OP$1@28f8d2f]
01-25 19:08:30.425  4640  4640 I HoneySpace.InputSession: inputConsumers = NO_OP
01-25 19:08:30.425  4640  4640 I HoneySpace.InputSession: open
01-25 19:08:30.425 10023 10023 I SemDvfsHyPerManager: acquire hyper - TATouchBoost/10023@28, type = 1090523139
01-25 19:08:30.426  1928  1949 I HYPER-HAL: [RequestManager.cpp]acquire(): Acquired ID : 50516354  [10023 / 28]    HINT :      list : [TABoost / 1] [TIMEOUT / 1500] 
01-25 19:08:30.427  2829  3121 I GestureDetector: obtain mCurrentMotionEventRaw. action: 2 id: 594692794
01-25 19:08:30.427  2829  3121 I GestureDetector: obtain mCurrentMotionEventRaw. action: 2 id: 594692794
01-25 19:08:30.430  2031  2222 I VSyncReactor: Current= 120, Period= 120, Distance= 120
01-25 19:08:30.450  2829  3636 D InputReader: Btn_touch(4): value=0 when=300879.357802
01-25 19:08:30.450  2829  3636 I InputReader: Touch event's action is 0x1 (id=6, t=0) [pCnt=1, s=] when=300879.357802
01-25 19:08:30.450  2829  3635 I InputDispatcher: Delivering touch to (7518): action: 0x1, f=0x0, d=0, 'c31210 ', t=1 
01-25 19:08:30.451  4640  4640 I HoneySpace.GestureInputHandler: reset
01-25 19:08:30.451  4640  4640 I HoneySpace.InputSession: close
01-25 19:08:30.451  7518  7518 I ViewRootImpl@1b1abc5[MainActivity]: ViewPostIme pointer 1
01-25 19:08:30.460  7518  7590 D PluginManager: getPlugin - put: VonagePlugin
01-25 19:08:30.470  7518  7590 D nativeloader: Load /data/app/~~0EFzMSVb2fYUJ6GNEwOzWQ==/com.outsystemscloud.lucasgv.SandboxAppCordova-t-qi-kP-ppErkdXJvHj48A==/base.apk!/lib/arm64-v8a/libopentok.so using ns clns-4 from class loader (caller=/data/app/~~0EFzMSVb2fYUJ6GNEwOzWQ==/com.outsystemscloud.lucasgv.SandboxAppCordova-t-qi-kP-ppErkdXJvHj48A==/base.apk): ok
01-25 19:08:30.478  7518  7590 I BluetoothAdapter: BluetoothAdapter() : com.outsystemscloud.lucasgv.SandboxAppCordova
01-25 19:08:30.488  7518  7526 W ndboxAppCordova: ApkAssets: Deleting an ApkAssets object '<empty> and /data/app/~~csm7hMd9SIgmMfIk_WLXUw==/com.google.android.webview-vNirgsnPv40aWpuAbf8oxA==/base.apk' with 1 weak references
01-25 19:08:30.489  2829  3746 V AS.AudioDeviceBroker: startBluetoothScoForClient, uid: 10444
01-25 19:08:30.489  2829  3974 V AS.AudioDeviceBroker: onSetCommunicationDeviceForClient: CommunicationDeviceInfo mCb=android.os.BinderProxy@b2e91ee mUid=10444 mDevice=[AudioDeviceAttributes: role:output type:bt_sco addr: name: profiles:[] descriptors:[]] mOn=true mScoAudioMode=-1 mIsPrivileged=false mEventSource=startBluetoothSco()) from u/pid:10444/7518
01-25 19:08:30.489  2829  3974 V AS.AudioDeviceBroker: setCommunicationRouteForClient: device: AudioDeviceAttributes: role:output type:bt_sco addr: name: profiles:[] descriptors:[], eventSource: startBluetoothSco()) from u/pid:10444/7518
01-25 19:08:30.489  2829  3974 I AS.AudioDeviceBroker: setCommunicationRouteForClient for uid: 10444 device: AudioDeviceAttributes: role:output type:bt_sco addr: name: profiles:[] descriptors:[] isPrivileged: false from API: startBluetoothSco()) from u/pid:10444/7518
01-25 19:08:30.489  2829  3974 V AS.AudioDeviceBroker: requestedCommunicationDevice: null mAudioModeOwner: AudioModeInfo: mMode=MODE_NORMAL, mPid=0, mUid=0
01-25 19:08:30.489  2829  3974 V AS.AudioDeviceBroker: requestedCommunicationDevice: AudioDeviceAttributes: role:output type:bt_sco addr: name: profiles:[] descriptors:[] mAudioModeOwner: AudioModeInfo: mMode=MODE_NORMAL, mPid=0, mUid=0
01-25 19:08:30.489  2829  3974 W AS.BtHelper: requestScoState: no active device while connecting, mScoAudioMode=0
01-25 19:08:30.489  2829  3974 W AS.AudioDeviceBroker: setCommunicationRouteForClient: failure to start BT SCO for uid: 10444
01-25 19:08:30.489  2829  3974 V AS.AudioDeviceBroker: requestedCommunicationDevice: null mAudioModeOwner: AudioModeInfo: mMode=MODE_NORMAL, mPid=0, mUid=0
01-25 19:08:30.489  2829  3974 V AS.AudioDeviceBroker: requestedCommunicationDevice: null mAudioModeOwner: AudioModeInfo: mMode=MODE_NORMAL, mPid=0, mUid=0
01-25 19:08:30.489  2829  3974 V AS.AudioDeviceBroker: requestedCommunicationDevice: null mAudioModeOwner: AudioModeInfo: mMode=MODE_NORMAL, mPid=0, mUid=0
01-25 19:08:30.489  2829  3974 V AS.AudioDeviceBroker: updateCommunicationRoute, preferredCommunicationDevice: null eventSource: startBluetoothSco()) from u/pid:10444/7518
01-25 19:08:30.489  2829  3974 V AS.AudioDeviceBroker: requestedCommunicationDevice: null mAudioModeOwner: AudioModeInfo: mMode=MODE_NORMAL, mPid=0, mUid=0
01-25 19:08:30.490  2829  3974 I MicModeManager: setCommunicationDevice() deviceType: 1
01-25 19:08:30.490  2829  3974 I MicModeManager: updateAudioDevice() audioMode: 0, curDevice: 1
01-25 19:08:30.490  2829  3974 I MicModeManager: isMicModeSupported() MicModeType: 1, audioMode: 0, curDevice: 1, translationState: false, dexState: false, smartViewState: false, gameChatState: false, wifiCallState: false, videoCallState: false
01-25 19:08:30.490  2829  3974 D KNOX_MDM_SettingsProvider: isChangeAllowed() : name = mic_mode_enable
01-25 19:08:30.490  2829  3974 V AS.AudioDeviceBroker: requestedCommunicationDevice: null mAudioModeOwner: AudioModeInfo: mMode=MODE_NORMAL, mPid=0, mUid=0
01-25 19:08:30.490  2829  3974 E AS.AudioDeviceBroker: mCommunicationDeviceUpdateCount already 0 in MSG_L_SET_COMMUNICATION_DEVICE_FOR_CLIENT
01-25 19:08:30.491  2012  3284 D AudioFlinger: ro.audio.silent is ignored since no output device is set
01-25 19:08:30.492  2829  3974 I Telecom : SamsungTelecomServiceImpl : isInCall - callingPackage : android / callingUser : UserHandle{0} / hasCrossUserAccess : true
01-25 19:08:30.492  2012  3293 D AudioFlinger: ro.audio.silent is ignored since no output device is set
01-25 19:08:30.492  2012  3304 D AudioFlinger: ro.audio.silent is ignored since no output device is set
01-25 19:08:30.492  7518  7590 V [com.opentok.android]: ***** OpenTok Android SDK | Version/Revision: android-2.25.0/d4431ca9bcd213d5f2faa19289fa919cfeac7e97 | Library built on: Apr  4 2023 | CA bundle version: Tue Jan 10 04:12:06 2023 GMT | Copyright 2023 Vonage | https://www.vonage.com/legal/communications-apis/terms-of-use/
01-25 19:08:30.494  2829  3746 V AS.AudioDeviceBroker: setSpeakerphoneOn, on: true uid: 10444
01-25 19:08:30.494  2829  3974 V AS.AudioDeviceBroker: onSetCommunicationDeviceForClient: CommunicationDeviceInfo mCb=android.os.BinderProxy@b2e91ee mUid=10444 mDevice=[AudioDeviceAttributes: role:output type:speaker addr: name: profiles:[] descriptors:[]] mOn=true mScoAudioMode=-1 mIsPrivileged=false mEventSource=setSpeakerphoneOn(true) from u/pid:10444/7518 Package Name:com.outsystemscloud.lucasgv.SandboxAppCordova
01-25 19:08:30.494  2829  3974 V AS.AudioDeviceBroker: setCommunicationRouteForClient: device: AudioDeviceAttributes: role:output type:speaker addr: name: profiles:[] descriptors:[], eventSource: setSpeakerphoneOn(true) from u/pid:10444/7518 Package Name:com.outsystemscloud.lucasgv.SandboxAppCordova
01-25 19:08:30.494  2829  3974 I AS.AudioDeviceBroker: setCommunicationRouteForClient for uid: 10444 device: AudioDeviceAttributes: role:output type:speaker addr: name: profiles:[] descriptors:[] isPrivileged: false from API: setSpeakerphoneOn(true) from u/pid:10444/7518 Package Name:com.outsystemscloud.lucasgv.SandboxAppCordova
01-25 19:08:30.494  2829  3974 V AS.AudioDeviceBroker: requestedCommunicationDevice: null mAudioModeOwner: AudioModeInfo: mMode=MODE_NORMAL, mPid=0, mUid=0
01-25 19:08:30.494  2829  3974 V AS.AudioDeviceBroker: requestedCommunicationDevice: AudioDeviceAttributes: role:output type:speaker addr: name: profiles:[] descriptors:[] mAudioModeOwner: AudioModeInfo: mMode=MODE_NORMAL, mPid=0, mUid=0
01-25 19:08:30.494  2829  3974 V AS.AudioDeviceBroker: requestedCommunicationDevice: AudioDeviceAttributes: role:output type:speaker addr: name: profiles:[] descriptors:[] mAudioModeOwner: AudioModeInfo: mMode=MODE_NORMAL, mPid=0, mUid=0
01-25 19:08:30.494  2829  3974 V AS.AudioDeviceBroker: requestedCommunicationDevice: AudioDeviceAttributes: role:output type:speaker addr: name: profiles:[] descriptors:[] mAudioModeOwner: AudioModeInfo: mMode=MODE_NORMAL, mPid=0, mUid=0
01-25 19:08:30.494  2829  3974 V AS.AudioDeviceBroker: requestedCommunicationDevice: AudioDeviceAttributes: role:output type:speaker addr: name: profiles:[] descriptors:[] mAudioModeOwner: AudioModeInfo: mMode=MODE_NORMAL, mPid=0, mUid=0
01-25 19:08:30.494  2829  3974 V AS.AudioDeviceBroker: updateCommunicationRoute, preferredCommunicationDevice: AudioDeviceAttributes: role:output type:speaker addr: name: profiles:[] descriptors:[] eventSource: setSpeakerphoneOn(true) from u/pid:10444/7518 Package Name:com.outsystemscloud.lucasgv.SandboxAppCordova
01-25 19:08:30.494  2012  4655 V APM_AudioPolicyManager: setDevicesRoleForStrategy() strategy=14 role=1 AUDIO_DEVICE_OUT_SPEAKER, @:
01-25 19:08:30.495  2012  4655 V APM_AudioPolicyManager: selectOutput new bestOutput 13 criteria 0 100 0 0 0 0 4 2 
01-25 19:08:30.495  2012  4655 V APM_AudioPolicyManager: selectOutput new bestOutput 29 criteria 0 100 0 0 0 1 4 0 
01-25 19:08:30.495  2012  4655 V APM_AudioPolicyManager: selectOutput new bestOutput 13 criteria 0 100 0 0 0 0 4 2 
01-25 19:08:30.495  2012  4655 V APM_AudioPolicyManager: selectOutput new bestOutput 29 criteria 0 100 0 0 0 1 4 0 
01-25 19:08:30.495  2012  4655 V APM_AudioPolicyManager: selectOutput new bestOutput 13 criteria 0 100 0 0 0 0 4 2 
01-25 19:08:30.495  2012  4655 V APM_AudioPolicyManager: selectOutput new bestOutput 29 criteria 0 100 0 0 0 1 4 0 
01-25 19:08:30.495  2012  4655 V APM_AudioPolicyManager: selectOutput new bestOutput 13 criteria 0 100 0 0 0 0 4 2 
01-25 19:08:30.495  2012  4655 V APM_AudioPolicyManager: selectOutput new bestOutput 77 criteria 0 199 0 0 0 0 4 0 
01-25 19:08:30.495  2012  4655 V APM_AudioPolicyManager: selectOutput new bestOutput 13 criteria 0 100 0 0 0 0 4 2 
01-25 19:08:30.495  2012  4655 V APM_AudioPolicyManager: selectOutput new bestOutput 77 criteria 0 199 0 0 0 0 4 0 
01-25 19:08:30.495  2012  4655 V APM_AudioPolicyManager: checkOutputForAttributes: strategy 14, moving from output 13 to output 13
01-25 19:08:30.496  2012  4655 V APM_AudioPolicyManager: getNewOutputDevices selected devices AUDIO_DEVICE_NONE
01-25 19:08:30.496  2012  4655 V APM_AudioPolicyManager: setOutputDevices device AUDIO_DEVICE_NONE delayMs 100
01-25 19:08:30.496  2012  4655 V APM_AudioPolicyManager: setOutputDevices() prevDevice {AUDIO_DEVICE_OUT_SPEAKER, @:}
01-25 19:08:30.496  2012  4655 V APM_AudioPolicyManager: setOutputDevices setting same device AUDIO_DEVICE_NONE or null device, force=0, patch handle=1050
01-25 19:08:30.496  2012  4655 V APM_AudioPolicyManager: getNewOutputDevices selected devices AUDIO_DEVICE_NONE
01-25 19:08:30.496  2012  4655 V APM_AudioPolicyManager: setOutputDevices device AUDIO_DEVICE_NONE delayMs 0
01-25 19:08:30.496  2012  4655 V APM_AudioPolicyManager: setOutputDevices() prevDevice {AUDIO_DEVICE_OUT_SPEAKER, @:}
01-25 19:08:30.496  2012  4655 V APM_AudioPolicyManager: setOutputDevices setting same device AUDIO_DEVICE_NONE or null device, force=0, patch handle=1144
01-25 19:08:30.496  2012  4655 V APM_AudioPolicyManager: getNewOutputDevices selected devices AUDIO_DEVICE_NONE
01-25 19:08:30.496  2012  4655 V APM_AudioPolicyManager: setOutputDevices device AUDIO_DEVICE_NONE delayMs 0
01-25 19:08:30.496  2012  4655 V APM_AudioPolicyManager: setOutputDevices() prevDevice {AUDIO_DEVICE_OUT_SPEAKER, @:}
01-25 19:08:30.497  2012  4655 V APM_AudioPolicyManager: setOutputDevices setting same device AUDIO_DEVICE_NONE or null device, force=0, patch handle=1289
01-25 19:08:30.497  2012  4655 V APM_AudioPolicyManager: getNewOutputDevices selected devices AUDIO_DEVICE_NONE
01-25 19:08:30.497  2012  4655 V APM_AudioPolicyManager: setOutputDevices device AUDIO_DEVICE_NONE delayMs 0
01-25 19:08:30.497  2012  4655 V APM_AudioPolicyManager: setOutputDevices() prevDevice {AUDIO_DEVICE_OUT_SPEAKER, @:}
01-25 19:08:30.497  2012  4655 V APM_AudioPolicyManager: setOutputDevices changing device to AUDIO_DEVICE_NONE
01-25 19:08:30.497  2012  4655 V APM_AudioPolicyManager: checkAndSetVolume: output 37, stream 10, index 9, devices 0x2, volume 0.063096
01-25 19:08:30.497  2012  4655 V APM_AudioPolicyManager: checkAndSetVolume: output 37, stream 4, index 15, devices 0x2, volume 1.000000
01-25 19:08:30.497  2012  4655 V APM_AudioPolicyManager: checkAndSetVolume: output 37, stream 8, index 0, devices 0x2, volume 0.000000
01-25 19:08:30.498  2012  4655 V APM_AudioPolicyManager: checkAndSetVolume: output 37, stream 3, index 8, devices 0x2, volume 0.053088
01-25 19:08:30.498  2012  4655 V APM_AudioPolicyManager: checkAndSetVolume: output 37, stream 5, index 0, devices 0x2, volume 0.000000
01-25 19:08:30.498  2012  4655 V APM_AudioPolicyManager: checkAndSetVolume: output 37, stream 2, index 0, devices 0x2, volume 0.000000
01-25 19:08:30.498  2012  4655 V APM_AudioPolicyManager: checkAndSetVolume: output 37, stream 1, index 0, devices 0x2, volume 0.000000
01-25 19:08:30.499  2012  4655 V APM_AudioPolicyManager: checkAndSetVolume: output 37, stream 9, index 8, devices 0x2, volume 0.251189
01-25 19:08:30.499  2012  4655 V APM_AudioPolicyManager: checkAndSetVolume: output 37, stream 0, index 4, devices 0x2, volume 0.500000
01-25 19:08:30.499  2012  4655 V APM_AudioPolicyManager: checkAndSetVolume: output 37, stream 11, index 7, devices 0x2, volume 0.044668
01-25 19:08:30.499  2012  4655 V APM_AudioPolicyManager: getNewOutputDevices selected devices AUDIO_DEVICE_NONE
01-25 19:08:30.499  2012  4655 V APM_AudioPolicyManager: setOutputDevices device AUDIO_DEVICE_NONE delayMs 0
01-25 19:08:30.499  2012  4655 V APM_AudioPolicyManager: setOutputDevices() prevDevice {AUDIO_DEVICE_OUT_SPEAKER, @:}
01-25 19:08:30.499  2012  4655 V APM_AudioPolicyManager: setOutputDevices setting same device AUDIO_DEVICE_NONE or null device, force=0, patch handle=1038
01-25 19:08:30.499  2012  4655 V APM_AudioPolicyManager: getNewOutputDevices selected devices AUDIO_DEVICE_NONE
01-25 19:08:30.499  2012  4655 V APM_AudioPolicyManager: setOutputDevices device AUDIO_DEVICE_NONE delayMs 0
01-25 19:08:30.499  2012  4655 V APM_AudioPolicyManager: setOutputDevices() prevDevice {AUDIO_DEVICE_OUT_TELEPHONY_TX, @:}
01-25 19:08:30.500  2012  4655 V APM_AudioPolicyManager: setOutputDevices changing device to AUDIO_DEVICE_NONE
01-25 19:08:30.500  2012  4655 V APM_AudioPolicyManager: checkAndSetVolume: output 69, stream 10, index 9, devices 0x10000, volume 1.000000
01-25 19:08:30.500  2012  4655 V APM_AudioPolicyManager: checkAndSetVolume: output 69, stream 4, index 15, devices 0x10000, volume 1.000000
01-25 19:08:30.500  2012  4655 V APM_AudioPolicyManager: checkAndSetVolume: output 69, stream 8, index 0, devices 0x10000, volume 1.000000
01-25 19:08:30.500  2012  4655 V APM_AudioPolicyManager: checkAndSetVolume: output 69, stream 3, index 8, devices 0x10000, volume 1.000000
01-25 19:08:30.501  2012  4655 V APM_AudioPolicyManager: checkAndSetVolume: output 69, stream 5, index 0, devices 0x10000, volume 1.000000
01-25 19:08:30.501  2012  4655 V APM_AudioPolicyManager: checkAndSetVolume: output 69, stream 2, index 0, devices 0x10000, volume 1.000000
01-25 19:08:30.501  2012  4655 V APM_AudioPolicyManager: checkAndSetVolume: output 69, stream 1, index 0, devices 0x10000, volume 1.000000
01-25 19:08:30.501  2012  4655 V APM_AudioPolicyManager: checkAndSetVolume: output 69, stream 9, index 8, devices 0x10000, volume 1.000000
01-25 19:08:30.501  2012  4655 V APM_AudioPolicyManager: checkAndSetVolume: output 69, stream 0, index 4, devices 0x10000, volume 1.000000
01-25 19:08:30.502  2012  4655 V APM_AudioPolicyManager: checkAndSetVolume: output 69, stream 11, index 7, devices 0x10000, volume 1.000000
01-25 19:08:30.502  2012  4655 V APM_AudioPolicyManager: getNewOutputDevices selected devices AUDIO_DEVICE_NONE
01-25 19:08:30.502  2012  4655 V APM_AudioPolicyManager: setOutputDevices device AUDIO_DEVICE_NONE delayMs 0
01-25 19:08:30.502  2012  4655 V APM_AudioPolicyManager: setOutputDevices() prevDevice {AUDIO_DEVICE_OUT_SPEAKER, @:}
01-25 19:08:30.502  2012  4655 V APM_AudioPolicyManager: setOutputDevices setting same device AUDIO_DEVICE_NONE or null device, force=0, patch handle=1057
01-25 19:08:30.502  2012  4655 V APM_AudioPolicyManager: getNewOutputDevices selected devices AUDIO_DEVICE_NONE
01-25 19:08:30.502  2012  4655 V APM_AudioPolicyManager: setOutputDevices device AUDIO_DEVICE_NONE delayMs 0
01-25 19:08:30.502  2012  4655 V APM_AudioPolicyManager: setOutputDevices() prevDevice {AUDIO_DEVICE_OUT_TELEPHONY_TX, @:}
01-25 19:08:30.502  2012  4655 V APM_AudioPolicyManager: setOutputDevices changing device to AUDIO_DEVICE_NONE
01-25 19:08:30.502  2012  4655 V APM_AudioPolicyManager: checkAndSetVolume: output 85, stream 10, index 9, devices 0x10000, volume 1.000000
01-25 19:08:30.502  2012  4655 V APM_AudioPolicyManager: checkAndSetVolume: output 85, stream 4, index 15, devices 0x10000, volume 1.000000
01-25 19:08:30.502  2012  4655 V APM_AudioPolicyManager: checkAndSetVolume: output 85, stream 8, index 0, devices 0x10000, volume 1.000000
01-25 19:08:30.503  2012  4655 V APM_AudioPolicyManager: checkAndSetVolume: output 85, stream 3, index 8, devices 0x10000, volume 1.000000
01-25 19:08:30.503  2012  4655 V APM_AudioPolicyManager: checkAndSetVolume: output 85, stream 5, index 0, devices 0x10000, volume 1.000000
01-25 19:08:30.503  2012  4655 V APM_AudioPolicyManager: checkAndSetVolume: output 85, stream 2, index 0, devices 0x10000, volume 1.000000
01-25 19:08:30.503  2012  4655 V APM_AudioPolicyManager: checkAndSetVolume: output 85, stream 1, index 0, devices 0x10000, volume 1.000000
01-25 19:08:30.504  2012  4655 V APM_AudioPolicyManager: checkAndSetVolume: output 85, stream 9, index 8, devices 0x10000, volume 1.000000
01-25 19:08:30.504  2012  4655 V APM_AudioPolicyManager: checkAndSetVolume: output 85, stream 0, index 4, devices 0x10000, volume 1.000000
01-25 19:08:30.504  2012  4655 V APM_AudioPolicyManager: checkAndSetVolume: output 85, stream 11, index 7, devices 0x10000, volume 1.000000
01-25 19:08:30.505  2012  2176 V APM_AudioPolicyManager: setDevicesRoleForStrategy() strategy=17 role=1 AUDIO_DEVICE_OUT_SPEAKER, @:
01-25 19:08:30.505  7518  7590 W PluginManager: THREAD WARNING: exec() call to VonagePlugin.connectToSession blocked the main thread for 45ms. Plugin should use CordovaInterface.getThreadPool().
01-25 19:08:30.506  2012  2176 V APM_AudioPolicyManager: getNewOutputDevices selected devices AUDIO_DEVICE_NONE
01-25 19:08:30.506  2012  2176 V APM_AudioPolicyManager: setOutputDevices device AUDIO_DEVICE_NONE delayMs 0
01-25 19:08:30.506  2012  2176 V APM_AudioPolicyManager: setOutputDevices() prevDevice {AUDIO_DEVICE_OUT_SPEAKER, @:}
01-25 19:08:30.506  2012  2176 V APM_AudioPolicyManager: setOutputDevices setting same device AUDIO_DEVICE_NONE or null device, force=0, patch handle=1050
01-25 19:08:30.506  2012  2176 V APM_AudioPolicyManager: getNewOutputDevices selected devices AUDIO_DEVICE_NONE
01-25 19:08:30.506  2012  2176 V APM_AudioPolicyManager: setOutputDevices device AUDIO_DEVICE_NONE delayMs 0
01-25 19:08:30.506  2012  2176 V APM_AudioPolicyManager: setOutputDevices() prevDevice {AUDIO_DEVICE_OUT_SPEAKER, @:}
01-25 19:08:30.506  2012  2176 V APM_AudioPolicyManager: setOutputDevices setting same device AUDIO_DEVICE_NONE or null device, force=0, patch handle=1144
01-25 19:08:30.506  2012  2176 V APM_AudioPolicyManager: getNewOutputDevices selected devices AUDIO_DEVICE_NONE
01-25 19:08:30.506  2012  2176 V APM_AudioPolicyManager: setOutputDevices device AUDIO_DEVICE_NONE delayMs 0
01-25 19:08:30.506  2012  2176 V APM_AudioPolicyManager: setOutputDevices() prevDevice {AUDIO_DEVICE_OUT_SPEAKER, @:}
01-25 19:08:30.507  2012  2176 V APM_AudioPolicyManager: setOutputDevices setting same device AUDIO_DEVICE_NONE or null device, force=0, patch handle=1289
01-25 19:08:30.507  2012  2176 V APM_AudioPolicyManager: getNewOutputDevices selected devices AUDIO_DEVICE_NONE
01-25 19:08:30.507  2012  2176 V APM_AudioPolicyManager: setOutputDevices device AUDIO_DEVICE_NONE delayMs 0
01-25 19:08:30.507  2012  2176 V APM_AudioPolicyManager: setOutputDevices() prevDevice {AUDIO_DEVICE_OUT_SPEAKER, @:}
01-25 19:08:30.507  2012  2176 V APM_AudioPolicyManager: setOutputDevices changing device to AUDIO_DEVICE_NONE
01-25 19:08:30.507  2012  2176 V APM_AudioPolicyManager: checkAndSetVolume: output 37, stream 10, index 9, devices 0x2, volume 0.063096
01-25 19:08:30.507  2012  2176 V APM_AudioPolicyManager: checkAndSetVolume: output 37, stream 4, index 15, devices 0x2, volume 1.000000
01-25 19:08:30.507  2012  2176 V APM_AudioPolicyManager: checkAndSetVolume: output 37, stream 8, index 0, devices 0x2, volume 0.000000
01-25 19:08:30.508  2012  2176 V APM_AudioPolicyManager: checkAndSetVolume: output 37, stream 3, index 8, devices 0x2, volume 0.053088
01-25 19:08:30.508  2012  2176 V APM_AudioPolicyManager: checkAndSetVolume: output 37, stream 5, index 0, devices 0x2, volume 0.000000
01-25 19:08:30.508  2012  2176 V APM_AudioPolicyManager: checkAndSetVolume: output 37, stream 2, index 0, devices 0x2, volume 0.000000
01-25 19:08:30.508  2012  2176 V APM_AudioPolicyManager: checkAndSetVolume: output 37, stream 1, index 0, devices 0x2, volume 0.000000
01-25 19:08:30.508  2829  4072 D NetdEventListenerService: DNS Requested by 132, 10444, 2
01-25 19:08:30.509  2012  2176 V APM_AudioPolicyManager: checkAndSetVolume: output 37, stream 9, index 8, devices 0x2, volume 0.251189
01-25 19:08:30.509  2012  2176 V APM_AudioPolicyManager: checkAndSetVolume: output 37, stream 0, index 4, devices 0x2, volume 0.500000
01-25 19:08:30.509  2829  4072 D NetdEventListenerService: DNS Requested by 132, 10444, 2
01-25 19:08:30.509  2012  2176 V APM_AudioPolicyManager: checkAndSetVolume: output 37, stream 11, index 7, devices 0x2, volume 0.044668
01-25 19:08:30.509  2012  2176 V APM_AudioPolicyManager: getNewOutputDevices selected devices AUDIO_DEVICE_NONE
01-25 19:08:30.509  2012  2176 V APM_AudioPolicyManager: setOutputDevices device AUDIO_DEVICE_NONE delayMs 0
01-25 19:08:30.509  2012  2176 V APM_AudioPolicyManager: setOutputDevices() prevDevice {AUDIO_DEVICE_OUT_SPEAKER, @:}
01-25 19:08:30.510  2012  2176 V APM_AudioPolicyManager: setOutputDevices setting same device AUDIO_DEVICE_NONE or null device, force=0, patch handle=1038
01-25 19:08:30.510  2012  2176 V APM_AudioPolicyManager: getNewOutputDevices selected devices AUDIO_DEVICE_NONE
01-25 19:08:30.510  2012  2176 V APM_AudioPolicyManager: setOutputDevices device AUDIO_DEVICE_NONE delayMs 0
01-25 19:08:30.510  2012  2176 V APM_AudioPolicyManager: setOutputDevices() prevDevice {AUDIO_DEVICE_OUT_TELEPHONY_TX, @:}
01-25 19:08:30.510  2012  2176 V APM_AudioPolicyManager: setOutputDevices changing device to AUDIO_DEVICE_NONE
01-25 19:08:30.510  2012  2176 V APM_AudioPolicyManager: checkAndSetVolume: output 69, stream 10, index 9, devices 0x10000, volume 1.000000
01-25 19:08:30.510  2012  2176 V APM_AudioPolicyManager: checkAndSetVolume: output 69, stream 4, index 15, devices 0x10000, volume 1.000000
01-25 19:08:30.510  2012  2176 V APM_AudioPolicyManager: checkAndSetVolume: output 69, stream 8, index 0, devices 0x10000, volume 1.000000
01-25 19:08:30.511  2012  2176 V APM_AudioPolicyManager: checkAndSetVolume: output 69, stream 3, index 8, devices 0x10000, volume 1.000000
01-25 19:08:30.511  2012  2176 V APM_AudioPolicyManager: checkAndSetVolume: output 69, stream 5, index 0, devices 0x10000, volume 1.000000
01-25 19:08:30.511  2012  2176 V APM_AudioPolicyManager: checkAndSetVolume: output 69, stream 2, index 0, devices 0x10000, volume 1.000000
01-25 19:08:30.511  2012  2176 V APM_AudioPolicyManager: checkAndSetVolume: output 69, stream 1, index 0, devices 0x10000, volume 1.000000
01-25 19:08:30.511  2012  2176 V APM_AudioPolicyManager: checkAndSetVolume: output 69, stream 9, index 8, devices 0x10000, volume 1.000000
01-25 19:08:30.511  2012  2176 V APM_AudioPolicyManager: checkAndSetVolume: output 69, stream 0, index 4, devices 0x10000, volume 1.000000
01-25 19:08:30.512  2012  2176 V APM_AudioPolicyManager: checkAndSetVolume: output 69, stream 11, index 7, devices 0x10000, volume 1.000000
01-25 19:08:30.512  2012  2176 V APM_AudioPolicyManager: getNewOutputDevices selected devices AUDIO_DEVICE_NONE
01-25 19:08:30.512  2012  2176 V APM_AudioPolicyManager: setOutputDevices device AUDIO_DEVICE_NONE delayMs 0
01-25 19:08:30.512  2012  2176 V APM_AudioPolicyManager: setOutputDevices() prevDevice {AUDIO_DEVICE_OUT_SPEAKER, @:}
01-25 19:08:30.512  2012  2176 V APM_AudioPolicyManager: setOutputDevices setting same device AUDIO_DEVICE_NONE or null device, force=0, patch handle=1057
01-25 19:08:30.512  2012  2176 V APM_AudioPolicyManager: getNewOutputDevices selected devices AUDIO_DEVICE_NONE
01-25 19:08:30.512  2012  2176 V APM_AudioPolicyManager: setOutputDevices device AUDIO_DEVICE_NONE delayMs 0
01-25 19:08:30.512  2012  2176 V APM_AudioPolicyManager: setOutputDevices() prevDevice {AUDIO_DEVICE_OUT_TELEPHONY_TX, @:}
01-25 19:08:30.512  2012  2176 V APM_AudioPolicyManager: setOutputDevices changing device to AUDIO_DEVICE_NONE
01-25 19:08:30.512  2012  2176 V APM_AudioPolicyManager: checkAndSetVolume: output 85, stream 10, index 9, devices 0x10000, volume 1.000000
01-25 19:08:30.512  2012  2176 V APM_AudioPolicyManager: checkAndSetVolume: output 85, stream 4, index 15, devices 0x10000, volume 1.000000
01-25 19:08:30.512  2829  3233 D PowerManagerService: displayReady: false groupId=0
01-25 19:08:30.512  2012  2176 V APM_AudioPolicyManager: checkAndSetVolume: output 85, stream 8, index 0, devices 0x10000, volume 1.000000
01-25 19:08:30.512  2829  3233 D DisplayPowerController2[0]: animateScreenStateChange: target=ON, mIsEnabled=true
01-25 19:08:30.512  2829  3233 D PowerManagerService: displayReady: true groupId=0
01-25 19:08:30.513  2012  2176 V APM_AudioPolicyManager: checkAndSetVolume: output 85, stream 3, index 8, devices 0x10000, volume 1.000000
01-25 19:08:30.513  2012  2176 V APM_AudioPolicyManager: checkAndSetVolume: output 85, stream 5, index 0, devices 0x10000, volume 1.000000
01-25 19:08:30.513  2012  2176 V APM_AudioPolicyManager: checkAndSetVolume: output 85, stream 2, index 0, devices 0x10000, volume 1.000000
01-25 19:08:30.513  2012  2176 V APM_AudioPolicyManager: checkAndSetVolume: output 85, stream 1, index 0, devices 0x10000, volume 1.000000
01-25 19:08:30.514  2012  2176 V APM_AudioPolicyManager: checkAndSetVolume: output 85, stream 9, index 8, devices 0x10000, volume 1.000000
01-25 19:08:30.514  2012  2176 V APM_AudioPolicyManager: checkAndSetVolume: output 85, stream 0, index 4, devices 0x10000, volume 1.000000
01-25 19:08:30.514  2012  2176 V APM_AudioPolicyManager: checkAndSetVolume: output 85, stream 11, index 7, devices 0x10000, volume 1.000000
01-25 19:08:30.514  2829  3974 V AS.AudioDeviceBroker: requestedCommunicationDevice: AudioDeviceAttributes: role:output type:speaker addr: name: profiles:[] descriptors:[] mAudioModeOwner: AudioModeInfo: mMode=MODE_NORMAL, mPid=0, mUid=0
01-25 19:08:30.514  2829  3974 I MicModeManager: setCommunicationDevice() deviceType: 2
01-25 19:08:30.515  2829  3974 I MicModeManager: updateAudioDevice() audioMode: 0, curDevice: 2
01-25 19:08:30.515  2829  3974 I MicModeManager: isMicModeSupported() MicModeType: 1, audioMode: 0, curDevice: 2, translationState: false, dexState: false, smartViewState: false, gameChatState: false, wifiCallState: false, videoCallState: false
01-25 19:08:30.515  2829  3974 D KNOX_MDM_SettingsProvider: isChangeAllowed() : name = mic_mode_enable
01-25 19:08:30.515  2829  3974 V AS.AudioDeviceBroker: requestedCommunicationDevice: AudioDeviceAttributes: role:output type:speaker addr: name: profiles:[] descriptors:[] mAudioModeOwner: AudioModeInfo: mMode=MODE_NORMAL, mPid=0, mUid=0
01-25 19:08:30.515  2829  3974 E AS.AudioDeviceBroker: mCommunicationDeviceUpdateCount already 0 in MSG_L_SET_COMMUNICATION_DEVICE_FOR_CLIENT
01-25 19:08:30.515  2829  3974 I Telecom : SamsungTelecomServiceImpl : isInCall - callingPackage : android / callingUser : UserHandle{0} / hasCrossUserAccess : true
01-25 19:08:30.515  2012  4655 V APM_AudioPolicyManager: setForceUse() usage 7, config 0, mPhoneState 0
01-25 19:08:30.515  2012  4655 W APM_AudioPolicyManager: setForceUse() usage 7, config 0 is already set
01-25 19:08:30.516  2829  2829 I Telecom : SamsungCallAudioRouteStateMachine: isSpeakerPhoneChangedByTelecom - modeOwner : android: CARSM.mSPCR@j74
01-25 19:08:30.516  2829  2829 V AS.AudioDeviceBroker: requestedCommunicationDevice: AudioDeviceAttributes: role:output type:speaker addr: name: profiles:[] descriptors:[] mAudioModeOwner: AudioModeInfo: mMode=MODE_NORMAL, mPid=0, mUid=0
01-25 19:08:30.516  2829  4946 I Telecom : CallAudioRouteStateMachine: Message received: SPEAKER_ON=1006, arg1=0: CARSM.mSPCR->CARSM.pM_SPEAKER_ON@j74
01-25 19:08:30.516  2829  4946 I Telecom : QuiescentEarpieceRoute: Processing message SPEAKER_ON: CARSM.mSPCR->CARSM.pM_SPEAKER_ON@j74
01-25 19:08:30.523  2012  4655 V APM_AudioPolicyManager: setForceUse() usage 7, config 0, mPhoneState 0
01-25 19:08:30.523  2012  4655 W APM_AudioPolicyManager: setForceUse() usage 7, config 0 is already set
01-25 19:08:30.545  2031  2155 D RenderEngine: [SEC_GC_CMN_SF_EFFECTS] drawLayersInternal,1279, Rendering layer  at index 0
01-25 19:08:30.545  2031  2155 D RenderEngine: [SEC_GC_CMN_SF_EFFECTS] drawLayersInternal,1279, Rendering layer com.outsystemscloud.lucasgv.SandboxAppCordova/com.outsystemscloud.lucasgv.SandboxAppCordova.MainActivity$_7518#45358 at index 1
01-25 19:08:30.566  1919  5700 I sensors-hal: handle_sns_client_event:190, auto_rotation_debug_2 mode,255, type,1,0 acc,-0.278,0.163,9.806, ar,0, ver,12, pedo,1,e,1,i,3
01-25 19:08:30.616  2829  4072 D NetdEventListenerService: DNS Requested by 132, 10444, 1
01-25 19:08:30.645  2031  2155 D RenderEngine: [SEC_GC_CMN_SF_EFFECTS] drawLayersInternal,1279, Rendering layer  at index 0
01-25 19:08:30.646  2031  2155 D RenderEngine: [SEC_GC_CMN_SF_EFFECTS] drawLayersInternal,1279, Rendering layer com.outsystemscloud.lucasgv.SandboxAppCordova/com.outsystemscloud.lucasgv.SandboxAppCordova.MainActivity$_7518#45358 at index 1
01-25 19:08:30.713  2829  3233 D PowerManagerService: displayReady: false groupId=0
01-25 19:08:30.713  2829  3233 D DisplayPowerController2[0]: animateScreenStateChange: target=ON, mIsEnabled=true
01-25 19:08:30.713  2829  3233 D PowerManagerService: displayReady: true groupId=0
01-25 19:08:30.722  2829  2829 I GestureDetector: handleMessage TAP
01-25 19:08:30.723  2829  3121 I GestureDetector: handleMessage TAP
01-25 19:08:30.746  2031  2155 D RenderEngine: [SEC_GC_CMN_SF_EFFECTS] drawLayersInternal,1279, Rendering layer  at index 0
01-25 19:08:30.746  2031  2155 D RenderEngine: [SEC_GC_CMN_SF_EFFECTS] drawLayersInternal,1279, Rendering layer com.outsystemscloud.lucasgv.SandboxAppCordova/com.outsystemscloud.lucasgv.SandboxAppCordova.MainActivity$_7518#45358 at index 1
01-25 19:08:30.771  4158  4158 D SecPowerUI.Notification: showChargingNotice oldChargingType : 8 / currentChargingType : 8, oldChargingTime : 2192000 / mChargingTime : 2192000
01-25 19:08:30.771  4158  4158 D SecPowerUI.Notification: showChargingNotice There is no change about charging status, so return!
01-25 19:08:30.914  2829  3233 D PowerManagerService: displayReady: false groupId=0
01-25 19:08:30.914  2829  3233 D DisplayPowerController2[0]: animateScreenStateChange: target=ON, mIsEnabled=true
01-25 19:08:30.914  2829  3233 D PowerManagerService: displayReady: true groupId=0
01-25 19:08:31.114  2829  3233 D PowerManagerService: displayReady: false groupId=0
01-25 19:08:31.114  2829  3233 D DisplayPowerController2[0]: animateScreenStateChange: target=ON, mIsEnabled=true
01-25 19:08:31.115  2829  3233 D PowerManagerService: displayReady: true groupId=0
01-25 19:08:31.189  1067  1067 D io_stats: !@   8,0 r 26473050 760867479 w 24811942 298751200 d 1541457 281780020 f 447985 2190604 iot 18193700 0 th 0 0 0 pt 0 inp 0 0 300880.097
01-25 19:08:31.190  1067  1067 D io_stats: !@ Read_top(KB): sh(7670) 96 ocessService0:0(7554) 76 com.whatsapp(18215) 12
01-25 19:08:31.190  1067  1067 D io_stats: !@ Write_top(KB): kworker/u16:3(23093) 9536 f2fs_ckpt-254:5(4875) 384 init(1) 40
01-25 19:08:31.279  2829  4072 D NetdEventListenerService: DNS Requested by 132, 10444, 2
