01-25 18:52:14.639  1959 27367 I EVA     : File: vendor/qcom/proprietary/cv-noship/eva/3.0/src/cpu/evaDmm.cpp Line: 1363 Function: evaInitDmm() Msg:  pevaHandleDmm->pSession->nHangdumpReplayFreq = 0 
01-25 18:52:14.639  1959 27367 I DMABUFHEAPS: Using DMA-BUF heap named: qcom,system
01-25 18:52:14.639  1959 27367 I DMABUFHEAPS: Using DMA-BUF heap named: qcom,system
01-25 18:52:14.639  1959 27367 I DMABUFHEAPS: Using DMA-BUF heap named: qcom,system
01-25 18:52:14.639  1959 27367 I DMABUFHEAPS: Using DMA-BUF heap named: qcom,system
01-25 18:52:14.639  1959 27367 I DMABUFHEAPS: Using DMA-BUF heap named: qcom,system
01-25 18:52:14.639  1959 27367 I DMABUFHEAPS: Using DMA-BUF heap named: qcom,system
01-25 18:52:14.639  1959 27367 I DMABUFHEAPS: Using DMA-BUF heap named: qcom,system
01-25 18:52:14.640  1959 27367 I EVA     : File: vendor/qcom/proprietary/cv-noship/eva/3.0/src/cpu/evaDmm.cpp Line: 1879 Function: evaInitDmm() Msg: DMM Config for session: mode 4, nonWSrcWid 480, nonWSrcHgt 360, nonWFormat 16388, WSrcWid 480, WSrcHgt 360, WFormat 32785, IntMaxWid 488, IntMaxHgt 360, SGMWid 244, SGMHei 180, AlignTyp 0, DisAliCtl 0, StreamId 0
01-25 18:52:14.641  1895 13412 D DlbDlbEffect: handle_EFFECT_CMD_SET_DEVICE(device=0x00000002)
01-25 18:52:14.641  1895 13412 D DlbEffectContext: setDevice(00000002)
01-25 18:52:14.641  1895 13412 D DlbEndpointParamCache: setDevice(device=0x00000002)
01-25 18:52:14.641  1895 27359 I PAL: SessionAlsaPcm: start: 1715: Setting volume success
01-25 18:52:14.641  1895 27359 I PAL: API: pal_stream_start: 353: Exit. status 0
01-25 18:52:14.641  1895 27359 D AHAL: AudioStream: SetVoipMicModeEffectKvParams: 6682: in : voip_mic_mode 2 voip_sample_rate 48000 (pal_stream_handle_ 0xb400007ea47fb800)
01-25 18:52:14.641  1895 27359 D AHAL: Effect: send_mic_mode_params_pal: 777: tag 0xc000085 mode 2 samplerate 3
01-25 18:52:14.641  2012  3247 I AudioEffectExtendAction: setDevice_l empty address, empty name
01-25 18:52:14.642  1895 13412 I AudioSAEffectOffload: VM_updateDevice [vmDevice:0] audioDevice:0x2,isBtTypeHeadset:0
01-25 18:52:14.642  2012  3247 I AudioEffectExtendAction: setDevice_l empty address, empty name
01-25 18:52:14.642  2411  2411 I Camera3-Status: markComponent: Component 1 is now idle - BufferRequestSM
01-25 18:52:14.642  1959 27367 I EVA     : File: vendor/qcom/proprietary/cv-noship/eva/3.0/src/cpu/platform/android/evaSession.cpp Line: 394 Function: evaGetDebugEnable() Msg:  EVA Debug Logs Disabled 
01-25 18:52:14.642  1895 13412 I AHAL: AudioStream: out_update_source_metadata_v7: 1203: track count is 0
01-25 18:52:14.642  2012  3247 I AudioFlinger: reviewTrackPromotion size 0
01-25 18:52:14.642  1895 13412 D AHAL: AudioDevice: CreateAudioPatch: 451: enter: num sources 1, num_sinks 1
01-25 18:52:14.642  1895 13412 D AHAL: AudioDevice: CreateAudioPatch: 466: source role 1, source type 2
01-25 18:52:14.642  1895 13412 D AHAL: AudioDevice: CreateAudioPatch: 506: Playback patch from mix handle 13 to device 2
01-25 18:52:14.642  1895 13412 I AHAL: AudioDevice: OutGetStream: 1606: Found existing stream associated with iohandle 13
01-25 18:52:14.642  1895 13412 D AHAL: AudioVoice: RouteStream: 567: Enter
01-25 18:52:14.642  1895 13412 D AHAL: AudioVoice: RouteStream: 604: Routing is 2
01-25 18:52:14.642  1895 13412 D AHAL: AudioDevice: GetPalDeviceIds: 2721: haldeviceIds: 1
01-25 18:52:14.642  1895 13412 D AHAL: AudioDevice: GetPalDeviceIds: 2728: Found haldeviceId: 2 and PAL Device ID 3
01-25 18:52:14.642  1895 13412 D AHAL: AudioDevice: GetPalDeviceIds: 2747: devices allocated 1, pal device ids before returning 1
01-25 18:52:14.642  1895 13412 D AHAL: AudioDevice: GetPalDeviceIds: 2721: haldeviceIds: 1
01-25 18:52:14.642  1895 13412 D AHAL: AudioDevice: GetPalDeviceIds: 2728: Found haldeviceId: 80000080 and PAL Device ID 26
01-25 18:52:14.642  1895 13412 D AHAL: AudioDevice: GetPalDeviceIds: 2747: devices allocated 1, pal device ids before returning 1
01-25 18:52:14.642  1895 13412 I AHAL: SecAudioDevice: SetSpeakerMute: 943:  enable 0 speaker_mute 0
01-25 18:52:14.642  1895 13412 D AHAL: AudioVoice: RouteStream: 743: Exit ret: 0
01-25 18:52:14.642  1895 13412 D AHAL: AudioDevice: CreateAudioPatch: 576: Playback route for voip rx
01-25 18:52:14.642  1895 13412 I AHAL: AudioStream: RouteStream: 2618: enter: usecase(32: audio-playback-voip) devices 0x2, num devices 1
01-25 18:52:14.642  1895 13412 D AHAL: AudioStream: RouteStream: 2621: mAndroidOutDevices 1, mNoOfOutDevices 1
01-25 18:52:14.642  1895 13412 D AHAL: AudioDevice: GetPalDeviceIds: 2721: haldeviceIds: 1
01-25 18:52:14.642  1895 13412 D AHAL: AudioDevice: GetPalDeviceIds: 2728: Found haldeviceId: 2 and PAL Device ID 3
01-25 18:52:14.642  1895 13412 D AHAL: AudioDevice: GetPalDeviceIds: 2747: devices allocated 1, pal device ids before returning 1
01-25 18:52:14.642  1895 13412 D AHAL: AudioStream: RouteStream: 2654: noPalDevices: 1 , new_devices: 1
01-25 18:52:14.642  1895 13412 I AHAL: SecAudioDevice: SetSpeakerMute: 943:  enable 0 speaker_mute 0
01-25 18:52:14.642  1895 13412 D AHAL: AudioStream: RouteStream: 2867: exit 0
01-25 18:52:14.642  1895 13412 I AHAL: AudioStream: RouteStream: 2618: enter: usecase(1: primary-playback) devices 0x2, num devices 1
01-25 18:52:14.642  1895 13412 D AHAL: AudioStream: RouteStream: 2621: mAndroidOutDevices 1, mNoOfOutDevices 1
01-25 18:52:14.642  1895 13412 D AHAL: AudioDevice: GetPalDeviceIds: 2721: haldeviceIds: 1
01-25 18:52:14.642  1895 13412 D AHAL: AudioDevice: GetPalDeviceIds: 2728: Found haldeviceId: 2 and PAL Device ID 3
01-25 18:52:14.642  1895 13412 D AHAL: AudioDevice: GetPalDeviceIds: 2747: devices allocated 1, pal device ids before returning 1
01-25 18:52:14.642  1895 13412 D AHAL: AudioStream: RouteStream: 2654: noPalDevices: 1 , new_devices: 1
01-25 18:52:14.642  1895 13412 I AHAL: SecAudioDevice: SetSpeakerMute: 943:  enable 0 speaker_mute 0
01-25 18:52:14.642  1895 13412 D AHAL: AudioStream: RouteStream: 2867: exit 0
01-25 18:52:14.642  1895 13412 D AHAL: AudioDevice: CreateAudioPatch: 615: Exit ret: 0
01-25 18:52:14.642  2012  3247 D AudioFlinger: setCurDevice() 0x2
01-25 18:52:14.642 25648 25685 I CameraManagerGlobal: Camera 1 facing CAMERA_FACING_FRONT state now CAMERA_STATE_ACTIVE for client com.outsystemscloud.lucasgv.SandboxAppCordova API Level 2 User Id 0
01-25 18:52:14.643  1895 13412 I AHAL: AudioStream: out_update_source_metadata_v7: 1203: track count is 0
01-25 18:52:14.644  2012  2176 V APM_AudioPolicyManager: setOutputDevices() AF::createAudioPatch returned 0 patchHandle 6916 num_sources 1 num_sinks 1
01-25 18:52:14.644  2012  2176 V APM_AudioPolicyManager: checkAndSetVolume: output 13, stream 10, index 9, devices 0x2, volume 0.500000
01-25 18:52:14.645  1959 27367 I EVA     : File: vendor/qcom/proprietary/cv-noship/eva/3.0/src/cpu/evaDmm.cpp Line: 1277 Function: evaInitDmm() Msg: evaDmmDumpLevel = 0
01-25 18:52:14.645  2012  2176 V APM_AudioPolicyManager: checkAndSetVolume: output 13, stream 4, index 15, devices 0x2, volume 1.000000
01-25 18:52:14.645  1959 27367 I EVA     : File: vendor/qcom/proprietary/cv-noship/eva/3.0/src/cpu/evaDmm.cpp Line: 1363 Function: evaInitDmm() Msg:  pevaHandleDmm->pSession->nHangdumpReplayFreq = 0 
01-25 18:52:14.645  2012  2176 V APM_AudioPolicyManager: checkAndSetVolume: output 13, stream 8, index 0, devices 0x2, volume 0.500000
01-25 18:52:14.645  1959 27367 I DMABUFHEAPS: Using DMA-BUF heap named: qcom,system
01-25 18:52:14.645  1959 27367 I DMABUFHEAPS: Using DMA-BUF heap named: qcom,system
01-25 18:52:14.645  1959 27367 I DMABUFHEAPS: Using DMA-BUF heap named: qcom,system
01-25 18:52:14.645  1959 27367 I DMABUFHEAPS: Using DMA-BUF heap named: qcom,system
01-25 18:52:14.645  1959 27367 I DMABUFHEAPS: Using DMA-BUF heap named: qcom,system
01-25 18:52:14.645  1959 27367 I DMABUFHEAPS: Using DMA-BUF heap named: qcom,system
01-25 18:52:14.645  4158  4158 W View    : requestLayout() improperly called by android.widget.FrameLayout{f252f7c V.E...... ......ID 0,177-1440,3035 #7f0a0866 app:id/qs_frame} during layout: running second layout pass
01-25 18:52:14.645  1959 27367 I DMABUFHEAPS: Using DMA-BUF heap named: qcom,system
01-25 18:52:14.645  1895 27359 I PAL: Session: setEffectParametersTKV: 430: mixer set tkv status = 0
01-25 18:52:14.645  1895 27359 D AHAL: Effect: send_mic_mode_params_pal: 777: tag 0xc000087 mode 2 samplerate 3
01-25 18:52:14.646  1959 27367 I EVA     : File: vendor/qcom/proprietary/cv-noship/eva/3.0/src/cpu/evaDmm.cpp Line: 1879 Function: evaInitDmm() Msg: DMM Config for session: mode 4, nonWSrcWid 480, nonWSrcHgt 360, nonWFormat 16388, WSrcWid 480, WSrcHgt 360, WFormat 32785, IntMaxWid 488, IntMaxHgt 360, SGMWid 244, SGMHei 180, AlignTyp 0, DisAliCtl 0, StreamId 0
01-25 18:52:14.646  2031  2031 I HWComposer: [4630947093241269891] ActiveConfigToHWC, ID : 2
01-25 18:52:14.646  2031  2031 I SurfaceFlinger: No layers with votes - choose 60.00 Hz
01-25 18:52:14.646  2012  2176 V APM_AudioPolicyManager: checkAndSetVolume: output 13, stream 3, index 8, devices 0x2, volume 0.053088
01-25 18:52:14.646  1895 27359 I PAL: Session: setEffectParametersTKV: 430: mixer set tkv status = 0
01-25 18:52:14.646  1895 27359 I AHAL: SecAudioVoice: SetVoipMicModeEffect: 826: set SetVoipMicModeEffect as 2
01-25 18:52:14.646  1895 27359 D AHAL: AudioStream: ~AutoPerfLock: 196: (release) perf_lock_handle: 0x0, count: 1
01-25 18:52:14.646  1895 27359 D AHAL: AudioStream: ~AutoPerfLock: 200: Releasing perf_lock_handle: 0x0
01-25 18:52:14.646  1895 27359 I AHAL: SecAudioVoice: SetECNSForVoip: 714: Enter enable 1
01-25 18:52:14.646  1895 27359 D AGM: graph: graph_set_config: 1174 entry graph_handle 0x147534c
01-25 18:52:14.647  1895 27359 D AGM: graph: graph_set_config: 1182 exit, graph handle 0x147534c, ret 0
01-25 18:52:14.647  1895 27359 I PAL: Session: setEffectParametersNonTKV: 477: mixer set param status = 0
01-25 18:52:14.647  1895 27359 D AHAL: SecAudioVoice: SetECNSForVoip: 741: Exit
01-25 18:52:14.647  1895 27359 E ACDB    : AcdbCmdGetModuleTagData:1216 Error[19]: No tag data found
01-25 18:52:14.647  1895 27359 E gsl     : gsl_graph_set_config:3366 Get module tag data for size failed 19
01-25 18:52:14.647  1895 27359 E gsl     : gsl_set_config:1462 graph set config failed: 19
01-25 18:52:14.647  1895 27359 E AGM: graph: graph_set_config_with_tag: 1224 graph_set_config failed -19
01-25 18:52:14.647  1895 27359 E AGM: session: session_obj_set_sess_aif_params_with_tag: 1544 Error:-19 setting for sess_aif params with tags                       on sess_id:112, aif_id:5
01-25 18:52:14.647  1895 27359 E AGM: API: agm_set_params_with_tag: 544 Error:-19 setting parameters for session obj with                            session id=112
01-25 18:52:14.647  1895 27359 E PLUGIN: mixer: amp_pcm_set_param_put: 1445 amp_pcm_set_param_put: set_params failed err -19 for PCM112 setParamTag is_param_tag true
01-25 18:52:14.647  1895 27359 E PAL: SessionAlsaPcm: setConfig: 613: failed to set the tag calibration -19
01-25 18:52:14.647  1895 27359 E PAL: SessionAlsaPcm: setConfig: 696: exit status: -19 (failed)
01-25 18:52:14.647  1895 27359 E PAL: StreamPCM: addRemoveEffect: 1553: session setConfig for addRemoveEffect failed with status -19
01-25 18:52:14.647  1895 27359 E PAL: API: pal_add_remove_effect: 844: pal_add_effect failed with status -19
01-25 18:52:14.647  2012 27357 I SoundAlive_SRC384 arch64: SoundAlive_SRC384() ID = 215 GID = 216
01-25 18:52:14.647  2012 27357 I SoundAlive_SRC384 arch64: SoundAlive_SRC384: Instance 215 Init(outFs 7, InFs 7, chnum 0, outBW 0, inBW 0)
01-25 18:52:14.647  2012 27357 I Samsung_SoundAlive_SRC arch64: SRC384 version Samsung SoundAlive SRC ver320 arch64  2021.08.04 (Cppref for ARM64, ver.300.c 32bit 07_10_2016 based)
01-25 18:52:14.647  2012 27357 D SoundAliveResampler: [SoundAliveResampler] Init+++
01-25 18:52:14.647  2012 27357 I SoundAlive_SRC384 arch64: SoundAlive_SRC384: Instance 215 Init(outFs 7, InFs 8, chnum 2, outBW 3, inBW 3)
01-25 18:52:14.647  2012 27357 I Samsung_SoundAlive_SRC arch64: SRC384 version Samsung SoundAlive SRC ver320 arch64  2021.08.04 (Cppref for ARM64, ver.300.c 32bit 07_10_2016 based)
01-25 18:52:14.648  2012  2176 V APM_AudioPolicyManager: checkAndSetVolume: output 13, stream 5, index 0, devices 0x2, volume 0.000000
01-25 18:52:14.648  2012  2176 V APM_AudioPolicyManager: checkAndSetVolume: output 13, stream 2, index 0, devices 0x2, volume 0.000000
01-25 18:52:14.648  2012  2176 V APM_AudioPolicyManager: checkAndSetVolume: output 13, stream 1, index 0, devices 0x2, volume 0.000000
01-25 18:52:14.648  2012  2176 V APM_AudioPolicyManager: checkAndSetVolume: output 13, stream 9, index 8, devices 0x2, volume 0.251189
01-25 18:52:14.648  2012  2176 V APM_AudioPolicyManager: checkAndSetVolume: output 13, stream 0, index 4, devices 0x2, volume 0.500000
01-25 18:52:14.649  1895 13412 D AHAL: AudioVoice: SetVoiceVolume: 1543: Enter vol: 0.500000
01-25 18:52:14.649  1895 13412 D AHAL: AudioVoice: SetVoiceVolume: 1567: volume is cached on voice session 0
01-25 18:52:14.649  1895 13412 D AHAL: AudioVoice: SetVoiceVolume: 1567: volume is cached on voice session 1
01-25 18:52:14.649  1895 13412 D AHAL: AudioVoice: SetVoiceVolume: 1585: Exit ret: 0
01-25 18:52:14.649  2012  2176 V APM_AudioPolicyManager: checkAndSetVolume: output 13, stream 11, index 7, devices 0x2, volume 0.044668
01-25 18:52:14.649  2012  2176 V APM_AudioPolicyManager: getNewOutputDevices selected devices {AUDIO_DEVICE_OUT_SPEAKER, @:}
01-25 18:52:14.649  2012  2176 V APM_AudioPolicyManager: setOutputDevices device {AUDIO_DEVICE_OUT_SPEAKER, @:} delayMs 0
01-25 18:52:14.649  2012  2176 V APM_AudioPolicyManager: setOutputDevices() prevDevice {AUDIO_DEVICE_OUT_SPEAKER, @:}
01-25 18:52:14.649  2012  2176 V APM_AudioPolicyManager: setOutputDevices changing device to {AUDIO_DEVICE_OUT_SPEAKER, @:}
01-25 18:52:14.649  1895 13412 V sec_audio_hw: sec_stream_set_parameters(13:0) : l_volume_voice=0.500000
01-25 18:52:14.649  1895 13412 D AHAL: AudioStream: astream_out_set_parameters: 1006: enter: usecase(1: primary-playback) kvpairs: l_volume_voice=0.500000
01-25 18:52:14.649  1895 13412 D AHAL: AudioStream: SetParameters: 2878: enter 
01-25 18:52:14.649  1895 13412 D AHAL: AudioStream: SetParameters: 2923: exit 0
01-25 18:52:14.649  1895 13412 D AHAL: AudioStream: astream_out_set_parameters: 1027: Exit ret: 0
01-25 18:52:14.657  2031  2222 I VSyncReactor: Current= 120, Period= 60, hwcPeriod= 120
01-25 18:52:14.657  2031  2222 I VSyncReactor: Current= 120, Period= 60, hwcPeriod= 60
01-25 18:52:14.657  1919  3900 I sensors-hal: ssc_conn_event_cb:901, event[0] sensor:Light seamless  Wakeup, msg_id=1025, ts=9886261597946
01-25 18:52:14.657  1919  3900 I sensors-hal: handle_sns_client_event:46, light_seamless ts=514904536467766 ns, 39,40,2147483647, M:0,0, S:0,0
01-25 18:52:14.657  1947  2295 I SDM     : HWDeviceDRM::SetDisplaySwitchMode: [DispConfigs] check hs_mode 1
01-25 18:52:14.658  1947  2295 W SDM     : HWDeviceDRM::GetSupportedBitClkRate: Requested rate not supported: 1362080000
01-25 18:52:14.658  1947  2295 I SDM     : HWDeviceDRM::SetDisplaySwitchMode: [DispConfigs] Set mode index:2 1440x3088x60xcmdHS, hs_mode(1), found_mode(1)
01-25 18:52:14.658  1959  3781 I SS_3A   :  INFO: AEC: TSAecFront_set_param: 1120: OpMode 1 StartMode 0
01-25 18:52:14.658  1959  3785 I SS_3A   :  INFO: AWB: TsAwb_get_input_metadata: 420: curr_shot_mode 1, prev_shot_mode 0
01-25 18:52:14.658  1947  2295 I SDM     : HWDeviceDRM::UpdateMixerAttributes: Mixer WxH 1440x3088-1 for Peripheral
01-25 18:52:14.658  1959  3785 I SS_3A   :  INFO: AWB: TsAwb_init_with_mode: 168: TuningVersion 0xED1A0428
01-25 18:52:14.658  1959  3782 I SS_3A   :  INFO:  AF: TsAf_set_focus_mode: 2871: TsAf_set_focus_mode: Initialize AF library! focus mode! FromMFtoAFFlag 0 0xb4000078f50aab60 0x790ca9ff18
01-25 18:52:14.658  1959  3785 I SS_3A   :  INFO: AWB: TsAwb_init_with_mode: 212: [eLensType 0] Adjust_gain = 0.985368, 1.010038
01-25 18:52:14.658  1959  3782 E AF_DEBUG: AfLib_AlgorithmInit(1178) : [cam_id_4] paf_cal_data_info = 20220725 paf_cal_errcheck 0x00000000 vpd_cal 0 vpd_cal_data_info = 0 vpaf_cal_errcheck 0x00000000 
01-25 18:52:14.658  1959  3781 I SS_3A   :  INFO: AEC: TSAecFront_set_param: 1312: AECManualSetting mode=0 ISOValue=50 exposureTime=91077 gain=0.000
01-25 18:52:14.658  1959  3782 E AF_DEBUG: AfInit(7504) : [cam_id_4] Version(0xD561). mode(3). lens(1376). sensor(4000 x 3000). touch(0 x 0 ). pafstatvalid(1)
01-25 18:52:14.658  1959  3781 I SS_3A   :  INFO: AEC: TsAecGetAeStatisticsData: 6767: [F][1] StatisticsStartUpInvalid: 1
01-25 18:52:14.658  1947  2295 I SDM     : HWCDisplay::SubmitDisplayConfig: Active configuration changed from config 0 to 2
01-25 18:52:14.658  1959  3785 I SS_3A   :  INFO: AWB: TsAwb_parse_stats: 1984: [stats_dbg] statsBayerGrid startupMode = StatisticsStartUpInvalid, exit now
01-25 18:52:14.658  1959  3781 I SS_3A   :  INFO: AEC: TsAecFront_Set_Exp_Table: 565: [Exp_Table::Front] [F] Shooting=1, ExpDiagram=0|0, m_video=0, m_fdae=1, rec=0, hfr=0, lightcon=0
01-25 18:52:14.658  1959  3782 I SS_3A   :  INFO:  AF: TsAf_get_metadata: 1149: [TsAf_Range] range_sensor_data is NULL
01-25 18:52:14.658  1959  3782 I SS_3A   :  INFO:  AF: TsAf_process: 4383: befor pipeline delay requestId 1 MasterFocusDistance 0.000000
01-25 18:52:14.658  1959  3781 I SS_3A   :  INFO: AEC: TsAecFrontProcess_GetLNmode: 3068: [F][1][1] StartStreaming - seamless mode values are initialized.
01-25 18:52:14.658  1959  3782 I SS_3A   :  INFO:  AF: TsAf_update_focus_status: 3052: [cam_id_4 for Af Lib] Update output status! new status: 0x20 prev_status: 0x0
01-25 18:52:14.658  1959  3781 I SS_3A   :  INFO: AEC: TsAec_process_get_aec_info: 2583: [F][1] algo_out Av=2.273 g=23.502 e_t=0.03326 LLS=0x0 Ev=4.598 Bv=-0.402 PEv=4.598 Cvgd=0 lux=326, lls=0x0, drc=1.000 wide=0 Vo=0.000
01-25 18:52:14.658  1959  3785 I SS_3A   :  INFO: AWB: TsAwb_process_preview: 3028: [1]TsAwb_gain_front=1.788,1.00,2.034,  BV=-0.344, lux=325, CT=4347, CT2=4347, TG=82, Ch_g=1.041, I/V=0.000, LT=0, PsnIdx=0
01-25 18:52:14.659  1959 27387 I SensorListener: enableSensor : numSensors=44/44, sen_list = 0xb40000797ca05000/0xb40000797ca05000
01-25 18:52:14.659  1959  3786 I vendor.samsung.hardware.camera.provider-service_64: S5K3LU index=0, fll=6397(6397), shift(c=0, f=0), l(6375, 0x200, 0x100), s(7, 0x200, 0x178) enS=0 b=1 modeCaps=0x1, maxA=16.00
01-25 18:52:14.659  2031  2155 D RenderEngine: [SEC_GC_CMN_SF_EFFECTS] drawLayersInternal,1279, Rendering layer  at index 0
01-25 18:52:14.659  2031  2155 D RenderEngine: [SEC_GC_CMN_SF_EFFECTS] drawLayersInternal,1279, Rendering layer com.outsystemscloud.lucasgv.SandboxAppCordova/com.outsystemscloud.lucasgv.SandboxAppCordova.MainActivity$_27085#44920 at index 1
01-25 18:52:14.661  2829  3123 D RefreshRateModeManager: onBrightnessChangedLocked, brightness=68, lux=39.0
01-25 18:52:14.661  1919  1919 I sensors-hal: set_config:61, sample_period_ns is adjusted to 100000000 based on min/max delay_ns
01-25 18:52:14.662  1919  1919 I sensors-hal: batch:369, android.sensor.gyroscope/41, period=100000000, max_latency=0 request completed
01-25 18:52:14.662  1919  1919 I sensors-hal: activate:285, android.sensor.gyroscope/41 en=1
01-25 18:52:14.662  1919  1919 I sensors-hal: acquire_ssc_interface:114, acquire_ssc_interface with sensor_id 26 , conn_type 3 
01-25 18:52:14.662  2829  3123 D LocalDisplayAdapter: updateActiveModeLocked for d=4630947093241269891, mActiveModeId=3, mActiveSfDisplayMode=DisplayMode{id=2, width=1440, height=3088, xDpi=501.041, yDpi=502.789, refreshRate=60.000004, appVsyncOffsetNanos=0, presentationDeadlineNanos=17666666, supportedHdrTypes=[4, 2, 3], group=1440}
01-25 18:52:14.662  1875  2041 E minksocket: MinkIPC_QRTR_Service: client with node 1 port 49fe went down
01-25 18:52:14.662  1875  2046 E minksocket: MinkIPC_QRTR_Service: client with node 1 port 49fe went down
01-25 18:52:14.663  2829  3123 I DisplayDeviceRepository: Display device changed: DisplayDeviceInfo{"Tela integrada": uniqueId="local:4630947093241269891", 1440 x 3088, modeId 3, renderFrameRate 60.000004, defaultModeId 3, supportedModes [{id=1, width=1440, height=3088, fps=120.00001, alternativeRefreshRates=[10.0, 24.000002, 30.000002, 48.000004, 60.000004, 96.00001], supportedHdrTypes=[2, 3, 4]}, {id=2, width=1440, height=3088, fps=96.00001, alternativeRefreshRates=[10.0, 24.000002, 30.000002, 48.000004, 60.000004, 120.00001], supportedHdrTypes=[2, 3, 4]}, {id=3, width=1440, height=3088, fps=60.000004, alternativeRefreshRates=[10.0, 24.000002, 30.000002, 48.000004, 96.00001, 120.00001], supportedHdrTypes=[2, 3, 4]}, {id=4, width=1440, height=3088, fps=48.000004, alternativeRefreshRates=[10.0, 24.000002, 30.000002, 60.000004, 96.00001, 120.00001], supportedHdrTypes=[2, 3, 4]}, {id=5, width=1440, height=3088, fps=30.000002, alternativeRefreshRates=[10.0, 24.000002, 48.000004, 60.000004, 96.00001, 120.00001], supportedHdrTypes=[2, 3, 4]}, {id=6, width=1440, height=3088, fps=24.000002, alternativeRefreshRates=[10.0, 30.000002, 48.000004, 60.000004, 96.00001, 120.00001], supportedHdrTypes=[2, 3, 4]}, {id=7, width=1440, height=3088, fps=10.0, alternativeRefreshRates=[24.000002, 30.000002, 48.000004, 60.000004, 96.00001, 120.00001], supportedHdrTypes=[2, 3, 4]}, {id=8, width=1080, height=2316, fps=120.00001, alternativeRefreshRates=[10.0, 24.000002, 30.000002, 48.000004, 60.000004, 96.00001], supportedHdrTypes=[2, 3, 4]}, {id=9, width=1080, height=2316, fps=96.00001, alternativeRefreshRates=[10.0, 24.000002, 30.000002, 48.000004, 60.000004, 120.00001], supportedHdrTypes=[2, 3, 4]}, {id=10, width=1080, height=2316, fps=60.000004, alternativeRefreshRates=[10.0, 24.000002, 30.000002, 48.000004, 96.00001, 120.00001], supportedHdrTypes=[2, 3, 4]}, {id=11, width=1080, height=2316, fps=48.000004, alternativeRefreshRates=[10.0, 24.000002, 30.000002, 60.000004, 96.00001, 120.00001], supportedHdrTypes=[2, 3, 4]}, {id=12, width=1080, height=2316, fps=30.000002, alternativeRefreshRates=[10.0, 24.000002, 48.000004, 60.000004, 96.00001, 120.00001], supportedHdrTypes=[2, 3, 4]}, {id=13, width=1080, height=2316, fps=24.000002, alternativeRefreshRates=[10.0, 30.000002, 48.000004, 60.000004, 96.00001, 120.00001], supportedHdrTypes=[2, 3, 4]}, {id=14, width=1080, height=2316, fps=10.0, alternativeRefreshRates=[24.000002, 30.000002, 48.000004, 60.000004, 96.00001, 120.00001], supportedHdrTypes=[2, 3, 4]}, {id=15, width=720, height=1544, fps=120.00001, alternativeRefreshRates=[10.0, 24.000002, 30.000002, 48.000004, 60.000004, 96.00001], supportedHdrTypes=[2, 3, 4]}, {id=16, width=720, height=1544, fps=96.00001, alternativeRefreshRates=[10.0, 24.000002, 30.000002, 48.000004, 60.000004, 120.00001], supportedHdrTypes=[2, 3, 4]}, {id=17, width=720, height=1544, fps=60.000004, alternativeRefreshRates=[10.0, 24.000002, 30.000002, 48.000004, 96.00001, 120.00001], supportedHdrTypes=[2, 3, 4]}, {id=18, width=720, height=1544, fps=48.000004, alternativeRefreshRates=[10.0, 24.000002, 30.000002, 60.000004, 96.00001, 120.00001], supportedHdrTypes=[2, 3, 4]}, {id=19, width=720, height=1544, fps=30.000002, alternativeRefreshRates=[10.0, 24.000002, 48.000004, 60.000004, 96.00001, 120.00001], supportedHdrTypes=[2, 3, 4]}, {id=20, width=720, height=1544, fps=24.000002, alternativeRefreshRates=[10.0, 30.000002, 48.000004, 60.000004, 96.00001, 120.00001], supportedHdrTypes=[2, 3, 4]}, {id=21, width=720, height=1544, fps=10.0, alternativeRefreshRates=[24.000002, 30.000002, 48.000004, 60.000004, 96.00001, 120.00001], supportedHdrTypes=[2, 3, 4]}], colorMode 0, supportedColorModes [0, 7, 9], hdrCapabilities HdrCapabilities{mSupportedHdrTypes=[2, 3, 4], mMaxLuminance=450.0, mMaxAverageLuminance=225.00024, mMinLuminance=5.0E-4}, allmSupported false, gameContentTypeSupported false, density 600, 501.041 x 502.789 dpi, appVsyncOff 0, presDeadline 17666666, cutout DisplayCutout{insets=Rect(0, 100 - 0, 0) waterfall=Insets{left=0, top=0, right=0, bottom=0} boundingRect={Bounds=[Re
01-25 18:52:14.663  1875  2046 E minksocket: MinkIPC_QRTR_Service: client with node 1 port 49ff went down
01-25 18:52:14.663  1875  2041 E minksocket: MinkIPC_QRTR_Service: client with node 1 port 49ff went down
01-25 18:52:14.663  1875  2046 E minksocket: MinkIPC_QRTR_Service: client with node 1 port 4a00 went down
01-25 18:52:14.663  1875  2041 E minksocket: MinkIPC_QRTR_Service: client with node 1 port 4a00 went down
01-25 18:52:14.663  1919  1919 I sensors-hal: ssc_qmi:36, ssc_qmi
01-25 18:52:14.663  1919  1919 I sensors-hal: register_cb:305, register_cb start this=0xb400007dcc17fe00x
01-25 18:52:14.663  1919  1919 I sensors-hal: register_cb:321, register_cb End with succes
01-25 18:52:14.663  1919  1919 I sensors-hal: register_cb:305, register_cb start this=0xb400007dcc17fe00x
01-25 18:52:14.664  1919  1919 I sensors-hal: register_cb:321, register_cb End with succes
01-25 18:52:14.664  1919  1919 I sensors-hal: start_gyrocal:394, registerd callback for gyro cal
01-25 18:52:14.664  1875  2041 E minksocket: MinkIPC_QRTR_Service: client with node 1 port 4a01 went down
01-25 18:52:14.664  1875  2046 E minksocket: MinkIPC_QRTR_Service: client with node 1 port 4a01 went down
01-25 18:52:14.664  1919  1919 I sensors-hal: start_gyrocal:400, created worker  for gyro cal
01-25 18:52:14.664  2829  3123 D DisplayManagerService: Ignore redundant display event 0/2 to 10364/2720
01-25 18:52:14.664  1919  1919 I sensors-hal: send_cal_req:312, send_cal_req before send_request gyro_cal with SUID low=10025908976994887838 high=13187306796670928542
01-25 18:52:14.664  1919  1919 I sensors-hal: send_request:330, send_request start this=0xb400007dcc17fe00x 
01-25 18:52:14.664  1919  1919 I sensors-hal: send_request:415, send_request completed, this=0xb400007dcc17fe00x
01-25 18:52:14.664  1919  1919 I sensors-hal: set_config:61, sample_period_ns is adjusted to 1000000000 based on min/max delay_ns
01-25 18:52:14.664  1919  1919 I sensors-hal: acquire_ssc_interface:114, acquire_ssc_interface with sensor_id 27 , conn_type 3 
01-25 18:52:14.664  2829  5881 D LiftUpHandler: [LTW] Stopped already.
01-25 18:52:14.664  2829  4350 D CompatibilityChangeReporter: Compat change id reported: 170503758; UID 10041; state: ENABLED
01-25 18:52:14.664  1875  2041 E minksocket: MinkIPC_QRTR_Service: client with node 1 port 4a03 went down
01-25 18:52:14.664  1875  2046 E minksocket: MinkIPC_QRTR_Service: client with node 1 port 4a03 went down
01-25 18:52:14.665  1875  2041 E minksocket: MinkIPC_QRTR_Service: client with node 1 port 4a04 went down
01-25 18:52:14.665  1875  2046 E minksocket: MinkIPC_QRTR_Service: client with node 1 port 4a04 went down
01-25 18:52:14.665  2829  2829 D SGM:GameManager: onDisplayChanged. displyId: 0, state: 2
01-25 18:52:14.665  2829  2829 D SGM:GameManager: dpi: 560, longPixel: 2935, shortPixel: 1440
01-25 18:52:14.665  2829  2829 D AODManagerService: requestReCalToTSP IsSingleTouchMode = truerequestedReCalToTSP = false / previousDisplayState = ON
01-25 18:52:14.665  2829  3656 D SGM:FgCheckThread: onLooperPrepared(), msg: MSG_LCD_ON
01-25 18:52:14.665  1875  2041 E minksocket: MinkIPC_QRTR_Service: client with node 1 port 4a05 went down
01-25 18:52:14.665  1875  2046 E minksocket: MinkIPC_QRTR_Service: client with node 1 port 4a05 went down
01-25 18:52:14.665  1919  1919 I sensors-hal: ssc_qmi:36, ssc_qmi
01-25 18:52:14.665  1919  1919 I sensors-hal: register_cb:305, register_cb start this=0xb400007dcc1ba600x
01-25 18:52:14.665  2829  3123 D DisplayManagerService: Ignore redundant display event 0/2 to 10076/14048
01-25 18:52:14.665  2829  3123 D DisplayManagerService: Ignore redundant display event 0/2 to 10303/14369
01-25 18:52:14.665  1919  1919 I sensors-hal: register_cb:321, register_cb End with succes
01-25 18:52:14.665  2829  3123 D DisplayManagerService: Ignore redundant display event 0/2 to 10105/17429
01-25 18:52:14.665  2829  3123 D DisplayManagerService: Ignore redundant display event 0/2 to 10235/17734
01-25 18:52:14.665  1919  1919 I sensors-hal: send_sync_sensor_request:521, send sync request
01-25 18:52:14.665  1919  1919 I sensors-hal: send_sync_sensor_request:531, send_sync_sensor_request before send_request for sensor_temperature with SUID low=12628096501692248697 high=10895920266077048739
01-25 18:52:14.665  1919  1919 I sensors-hal: send_request:330, send_request start this=0xb400007dcc1ba600x 
01-25 18:52:14.665  2829  3123 D DisplayManagerService: Ignore redundant display event 0/2 to 10279/17923
01-25 18:52:14.665  1919  1919 I sensors-hal: send_request:415, send_request completed, this=0xb400007dcc1ba600x
01-25 18:52:14.665  1919  1919 I sensors-hal: send_sync_sensor_request:552, wait for notification of response
01-25 18:52:14.666  2829  3123 D DisplayManagerService: Ignore redundant display event 0/2 to 10245/25689
01-25 18:52:14.666  2829  3123 D DisplayManagerService: Ignore redundant display event 0/2 to 10245/26106
01-25 18:52:14.666  1875  2046 E minksocket: MinkIPC_QRTR_Service: client with node 1 port 4a06 went down
01-25 18:52:14.666  1875  2041 E minksocket: MinkIPC_QRTR_Service: client with node 1 port 4a06 went down
01-25 18:52:14.666  4158  4206 I ViewRootImpl@6cb3efa[ShellDropTarget]: onDisplayChanged oldDisplayState=2 newDisplayState=2
01-25 18:52:14.666  4158  4231 D StackScroller: onDisplayChanged for predraw skip to 2
01-25 18:52:14.667 13142 13142 I CAMERA_CONTROLLER: [2]a.m():2 - display changed
01-25 18:52:14.667 13142 13142 I CAMERA_CONTROLLER: [2]a.m():2
01-25 18:52:14.667 13142 13142 I CAMERA_CONTROLLER: [2]e.a():39 - presentationDisplaynull
01-25 18:52:14.667 13142 13142 W CAMERA_CONTROLLER: [2]a.m():2 - presentationDisplay is null, return
01-25 18:52:14.667 13142 13142 W CAMERA_CONTROLLER: [2]a.m():2 - display is not portrait mode 
01-25 18:52:14.667 18215 18215 I ViewRootImpl@72a2f46[HomeActivity]: onDisplayChanged oldDisplayState=2 newDisplayState=2
01-25 18:52:14.667  1919 27390 I sensors-hal: gyrocal_conn_resp_cb:373, resp_value = 0 for gyro before acuiring the lock _cal_mutex
01-25 18:52:14.667  1919 27390 I sensors-hal: gyrocal_conn_resp_cb:381, resp_value = 0 for gyro Ended
01-25 18:52:14.667  1919 27390 I sensors-hal: handle_resp_cb:517, handle_resp_cb Ended this=0xb400007dcc17fe00x
01-25 18:52:14.667 18215 18215 I ViewRootImpl@a116302[Conversation]: onDisplayChanged oldDisplayState=2 newDisplayState=2
01-25 18:52:14.667  9821  9821 I ViewRootImpl@790fbb3[InputMethod]: onDisplayChanged oldDisplayState=2 newDisplayState=2
01-25 18:52:14.667 27085 27085 I ViewRootImpl@89f9cd4[MainActivity]: onDisplayChanged oldDisplayState=2 newDisplayState=2
01-25 18:52:14.667  1919 27393 I sensors-hal: ssc_conn_resp_cb:941, resp_value = 0 for sensor_temperature 
01-25 18:52:14.667 29214 29214 I ViewRootImpl@7726f74[HomeDashboardActivity]: onDisplayChanged oldDisplayState=2 newDisplayState=2
01-25 18:52:14.667  1919  1919 I sensors-hal: send_sync_sensor_request:558, takes 1 ms to receive the response with 0
01-25 18:52:14.667  2829  3123 D RefreshRateModeManager: updateDefaultDisplayToken: android.os.BinderProxy@e4cac0f, isChanged: false
01-25 18:52:14.667  1919  1919 I sensors-hal: send_sensor_config_request:590, resampler is used, set resampler config
01-25 18:52:14.668  1919  1919 I sensors-hal: send_sync_sensor_request:521, send sync request
01-25 18:52:14.668  1919  1919 I sensors-hal: send_sync_sensor_request:531, send_sync_sensor_request before send_request for gyro with SUID low=13349102573053088193 high=10940304014280585888
01-25 18:52:14.668  1919  1919 I sensors-hal: send_request:330, send_request start this=0xb400007dcc17fe00x 
01-25 18:52:14.668  1919  1919 I sensors-hal: send_request:415, send_request completed, this=0xb400007dcc17fe00x
01-25 18:52:14.668  1919  1919 I sensors-hal: send_sync_sensor_request:552, wait for notification of response
01-25 18:52:14.668  1919 27393 I sensors-hal: handle_resp_cb:517, handle_resp_cb Ended this=0xb400007dcc1ba600x
01-25 18:52:14.668  4158  4158 D DisplayLifecycle: updateDisplay id = 0
01-25 18:52:14.668  1919 27393 I sensors-hal: ssc_conn_event_cb:869, SCHED_FIFO(10) for qmi_cbk
01-25 18:52:14.668  4158  4158 I ViewRootImpl@83f9512[LockscreenShortcutBlur]: onDisplayChanged oldDisplayState=2 newDisplayState=2
01-25 18:52:14.668  4158  4158 I ViewRootImpl@7575777[NavigationBar0]: onDisplayChanged oldDisplayState=2 newDisplayState=2
01-25 18:52:14.668  4158  4158 I ViewRootImpl@2fe0803[EdgeBackGestureHandler0]: onDisplayChanged oldDisplayState=2 newDisplayState=2
01-25 18:52:14.668  4158  4158 I ViewRootImpl@fe56a9f[NotificationShade]: onDisplayChanged oldDisplayState=2 newDisplayState=2
01-25 18:52:14.668  4158  4158 I ViewRootImpl@d2eb1a1[StatusBar]: onDisplayChanged oldDisplayState=2 newDisplayState=2
01-25 18:52:14.668  1919 27390 I sensors-hal: ssc_conn_resp_cb:941, resp_value = 0 for gyro 
01-25 18:52:14.668  4158  4158 I ViewRootImpl@3d6a451[Bouncer]: onDisplayChanged oldDisplayState=2 newDisplayState=2
01-25 18:52:14.668  4158  4158 I ViewRootImpl@9dc1510[SecondaryHomeHandle0]: onDisplayChanged oldDisplayState=2 newDisplayState=2
01-25 18:52:14.668  4158  4158 I ViewRootImpl@e1846aa[KeyguardBiometricToastView]: onDisplayChanged oldDisplayState=2 newDisplayState=2
01-25 18:52:14.668 17849 17849 I ViewRootImpl@aa7f65[HintService]: onDisplayChanged oldDisplayState=2 newDisplayState=2
01-25 18:52:14.668  4640 15144 I HoneySpace.RefreshRateSource: singleFrameMs 16
01-25 18:52:14.668 17849 17849 I ViewRootImpl@697aa76[HomeContainerActivity]: onDisplayChanged oldDisplayState=2 newDisplayState=2
01-25 18:52:14.668 17851 17851 I ViewRootImpl@29a438b[InternalGoogleAppActivityEntrypoint]: onDisplayChanged oldDisplayState=2 newDisplayState=2
01-25 18:52:14.668  4640  4640 I ViewRootImpl@5d4fed7[LauncherActivity]: onDisplayChanged oldDisplayState=2 newDisplayState=2
01-25 18:52:14.668  4640  4640 I ViewRootImpl@3881dbb[RecentsTransitionOverlay]: onDisplayChanged oldDisplayState=2 newDisplayState=2
01-25 18:52:14.668  4640  4640 I ViewRootImpl@9644d1f[RecentsActivity]: onDisplayChanged oldDisplayState=2 newDisplayState=2
01-25 18:52:14.668  4640 15145 I HoneySpace.DeXLaunchService: Display changed - 0
01-25 18:52:14.668  4640  4640 I ViewRootImpl@7a55b13[CocktailBarService]: onDisplayChanged oldDisplayState=2 newDisplayState=2
01-25 18:52:14.668  4640 15144 I HoneySpace.Memory-Monitor: current state = 2, didTrim = false
01-25 18:52:14.669  1919  1919 I sensors-hal: send_sync_sensor_request:558, takes 0 ms to receive the response with 0
01-25 18:52:14.669  1919  1919 I sensors-hal: activate:303, android.sensor.gyroscope/41 en=1 completed
01-25 18:52:14.669  1919 27390 I sensors-hal: handle_resp_cb:517, handle_resp_cb Ended this=0xb400007dcc17fe00x
01-25 18:52:14.669  1959 27387 I SensorListener: enableSensor : numSensors=44/44, sen_list = 0xb40000797ca05000/0xb40000797ca05000
01-25 18:52:14.670  1919  1919 I sensors-hal: set_config:61, sample_period_ns is adjusted to 100000000 based on min/max delay_ns
01-25 18:52:14.670  1919  1919 I sensors-hal: batch:369, android.sensor.accelerometer/11, period=100000000, max_latency=0 request completed
01-25 18:52:14.670  1919  1919 I sensors-hal: activate:285, android.sensor.accelerometer/11 en=1
01-25 18:52:14.670  1919  1919 I sensors-hal: acquire_ssc_interface:114, acquire_ssc_interface with sensor_id 38 , conn_type 3 
01-25 18:52:14.670  1875  2041 E minksocket: MinkIPC_QRTR_Service: client with node 1 port 4a08 went down
01-25 18:52:14.671  1875  2046 E minksocket: MinkIPC_QRTR_Service: client with node 1 port 4a08 went down
01-25 18:52:14.671  2031  2222 I VSyncReactor: Current= 60, Period= 60, Distance= 40
01-25 18:52:14.671  1875  2041 E minksocket: MinkIPC_QRTR_Service: client with node 1 port 4a09 went down
01-25 18:52:14.671  1875  2046 E minksocket: MinkIPC_QRTR_Service: client with node 1 port 4a09 went down
01-25 18:52:14.672  1919  1919 I sensors-hal: ssc_qmi:36, ssc_qmi
01-25 18:52:14.672  1919  1919 I sensors-hal: register_cb:305, register_cb start this=0xb400007dcc0d4c00x
01-25 18:52:14.672  1875  2041 E minksocket: MinkIPC_QRTR_Service: client with node 1 port 4a0a went down
01-25 18:52:14.672  1875  2046 E minksocket: MinkIPC_QRTR_Service: client with node 1 port 4a0a went down
01-25 18:52:14.672  1919  1919 I sensors-hal: register_cb:321, register_cb End with succes
01-25 18:52:14.672  1919  1919 I sensors-hal: send_sensor_config_request:590, resampler is used, set resampler config
01-25 18:52:14.672  1875  2041 E minksocket: MinkIPC_QRTR_Service: client with node 1 port 4a0b went down
01-25 18:52:14.672  1919  1919 I sensors-hal: send_sync_sensor_request:521, send sync request
01-25 18:52:14.672  1919  1919 I sensors-hal: send_sync_sensor_request:531, send_sync_sensor_request before send_request for accel with SUID low=11115320498015681092 high=2286538866409242278
01-25 18:52:14.672  1875  2046 E minksocket: MinkIPC_QRTR_Service: client with node 1 port 4a0b went down
01-25 18:52:14.672  1919  1919 I sensors-hal: send_request:330, send_request start this=0xb400007dcc0d4c00x 
01-25 18:52:14.672  1919  1919 I sensors-hal: send_request:415, send_request completed, this=0xb400007dcc0d4c00x
01-25 18:52:14.672  1919  1919 I sensors-hal: send_sync_sensor_request:552, wait for notification of response
01-25 18:52:14.673  1919 27395 I sensors-hal: ssc_conn_resp_cb:941, resp_value = 0 for accel 
01-25 18:52:14.673  1919  1919 I sensors-hal: send_sync_sensor_request:558, takes 0 ms to receive the response with 0
01-25 18:52:14.673  1919  1919 I sensors-hal: activate:303, android.sensor.accelerometer/11 en=1 completed
01-25 18:52:14.673  1919 27395 I sensors-hal: handle_resp_cb:517, handle_resp_cb Ended this=0xb400007dcc0d4c00x
01-25 18:52:14.673  1959 27387 I SensorListener: enableSensor : numSensors=44/44, sen_list = 0xb40000797ca05000/0xb40000797ca05000
01-25 18:52:14.673  1959 27387 I SensorListener: enableSensor : numSensors=44/44, sen_list = 0xb40000797ca05000/0xb40000797ca05000
01-25 18:52:14.673  1919  1919 I sensors-hal: set_config:61, sample_period_ns is adjusted to 120000000 based on min/max delay_ns
01-25 18:52:14.674  1919  1919 I sensors-hal: batch:369, com.samsung.sensor.light_ir/1421, period=120000000, max_latency=0 request completed
01-25 18:52:14.674  1919  1919 I sensors-hal: activate:285, com.samsung.sensor.light_ir/1421 en=1
01-25 18:52:14.674  1919  1919 I sensors-hal: activate:53, light_ir: Activate!
01-25 18:52:14.674  1919  1919 I sensors-hal: acquire_ssc_interface:114, acquire_ssc_interface with sensor_id 6 , conn_type 3 
01-25 18:52:14.674  2011  2011 I SSC_DAEMON: physical_sensor_test_req_msg Sensor type :4, Msg type:15
01-25 18:52:14.674  1959  3783 I SS_3A   :  INFO: AWB: TsAwb_parse_stats: 1984: [stats_dbg] statsBayerGrid startupMode = StatisticsStartUpInvalid, exit now
01-25 18:52:14.674  1959  3786 I SS_3A   :  INFO:  AF: TsAf_get_metadata: 1149: [TsAf_Range] range_sensor_data is NULL
01-25 18:52:14.674  1959  3786 I SS_3A   :  INFO:  AF: TsAf_process: 4383: befor pipeline delay requestId 2 MasterFocusDistance 0.000000
01-25 18:52:14.674  1959  3785 I SS_3A   :  INFO: AEC: TsAecGetAeStatisticsData: 6767: [F][2] StatisticsStartUpInvalid: 1
01-25 18:52:14.674  1875  2041 E minksocket: MinkIPC_QRTR_Service: client with node 1 port 4a0d went down
01-25 18:52:14.674  1875  2046 E minksocket: MinkIPC_QRTR_Service: client with node 1 port 4a0d went down
01-25 18:52:14.675  2011  3752 I SSC_DAEMON: light_msg(4/15): option - 2
01-25 18:52:14.675  1875  2041 E minksocket: MinkIPC_QRTR_Service: client with node 1 port 4a0e went down
01-25 18:52:14.675  1875  2046 E minksocket: MinkIPC_QRTR_Service: client with node 1 port 4a0e went down
01-25 18:52:14.675  1959  3783 I SS_3A   :  INFO: AWB: TsAwb_process_preview: 3028: [2]TsAwb_gain_front=1.788,1.00,2.035,  BV=-0.402, lux=326, CT=4346, CT2=4346, TG=82, Ch_g=1.045, I/V=0.000, LT=0, PsnIdx=0
01-25 18:52:14.675  1875  2046 E minksocket: MinkIPC_QRTR_Service: client with node 1 port 4a0f went down
01-25 18:52:14.675  1875  2041 E minksocket: MinkIPC_QRTR_Service: client with node 1 port 4a0f went down
01-25 18:52:14.675  1919  1919 I sensors-hal: ssc_qmi:36, ssc_qmi
01-25 18:52:14.675  1919  1919 I sensors-hal: register_cb:305, register_cb start this=0xb400007dcc1bb000x
01-25 18:52:14.675  1919  1919 I sensors-hal: register_cb:321, register_cb End with succes
01-25 18:52:14.675  1919  1919 I sensors-hal: send_sync_sensor_request:521, send sync request
01-25 18:52:14.675  1919  1919 I sensors-hal: send_sync_sensor_request:531, send_sync_sensor_request before send_request for light_cct with SUID low=17242558634497898280 high=6270869527188043453
01-25 18:52:14.675  1919  1919 I sensors-hal: send_request:330, send_request start this=0xb400007dcc1bb000x 
01-25 18:52:14.675  1875  2046 E minksocket: MinkIPC_QRTR_Service: client with node 1 port 4a10 went down
01-25 18:52:14.675  1919  1919 I sensors-hal: send_request:415, send_request completed, this=0xb400007dcc1bb000x
01-25 18:52:14.675  1919  1919 I sensors-hal: send_sync_sensor_request:552, wait for notification of response
01-25 18:52:14.675  1875  2041 E minksocket: MinkIPC_QRTR_Service: client with node 1 port 4a10 went down
01-25 18:52:14.675  1959  3781 I SS_3A   :  INFO: AWB: TsAwb_parse_stats: 1984: [stats_dbg] statsBayerGrid startupMode = StatisticsStartUpInvalid, exit now
01-25 18:52:14.675  1959  3783 I SS_3A   :  INFO:  AF: TsAf_get_metadata: 1149: [TsAf_Range] range_sensor_data is NULL
01-25 18:52:14.675  1959  3783 I SS_3A   :  INFO:  AF: TsAf_process: 4383: befor pipeline delay requestId 3 MasterFocusDistance 0.000000
01-25 18:52:14.676  1919 27397 I sensors-hal: ssc_conn_resp_cb:941, resp_value = 0 for light_cct 
01-25 18:52:14.676  1919  1919 I sensors-hal: send_sync_sensor_request:558, takes 0 ms to receive the response with 0
01-25 18:52:14.676  1919  1919 I sensors-hal: activate:303, com.samsung.sensor.light_ir/1421 en=1 completed
01-25 18:52:14.676  1959  3781 I SS_3A   :  INFO: AWB: TsAwb_process_preview: 3028: [3]TsAwb_gain_front=1.788,1.00,2.035,  BV=-0.402, lux=326, CT=4346, CT2=4346, TG=82, Ch_g=1.049, I/V=0.000, LT=0, PsnIdx=0
01-25 18:52:14.676  1919 27397 I sensors-hal: handle_resp_cb:517, handle_resp_cb Ended this=0xb400007dcc1bb000x
01-25 18:52:14.676  1959  3786 I SS_3A   :  INFO: AEC: TsAecGetAeStatisticsData: 6767: [F][3] StatisticsStartUpInvalid: 1
01-25 18:52:14.676  1959 27387 I SensorListener: enableSensor : numSensors=44/44, sen_list = 0xb40000797ca05000/0xb40000797ca05000
01-25 18:52:14.677  1919  1919 D SensorsFlicker: Als_common::setDelay, handle : 1 time : 10000000ns
01-25 18:52:14.677  1919  1919 D SensorsFlicker: Als_common::enable, handle : 1, mode : 1, en : 1
01-25 18:52:14.677  1919  1919 D SensorsFlicker: Als_common::sendCommand, send enable command
01-25 18:52:14.687  2031  2222 I VSyncReactor: Current= 60, Period= 60, Distance= 60
01-25 18:52:14.690  1895 13412 D DlbDlbEffect: handle_EFFECT_CMD_SET_DEVICE(device=0x00000002)
01-25 18:52:14.690  1895 13412 D DlbEffectContext: setDevice(00000002)
01-25 18:52:14.690  1895 13412 D DlbEndpointParamCache: setDevice(device=0x00000002)
01-25 18:52:14.690  2012  3247 I AudioEffectExtendAction: setDevice_l empty address, empty name
01-25 18:52:14.690  2012  3247 I AudioEffectExtendAction: setDevice_l empty address, empty name
01-25 18:52:14.690  1895 13412 I AHAL: AudioStream: out_update_source_metadata_v7: 1203: track count is 0
01-25 18:52:14.690  1895 13412 D AHAL: AudioDevice: CreateAudioPatch: 451: enter: num sources 1, num_sinks 1
01-25 18:52:14.690  1895 13412 D AHAL: AudioDevice: CreateAudioPatch: 466: source role 1, source type 2
01-25 18:52:14.690  1895 13412 D AHAL: AudioDevice: CreateAudioPatch: 506: Playback patch from mix handle 13 to device 2
01-25 18:52:14.690  1895 13412 I AHAL: AudioDevice: OutGetStream: 1606: Found existing stream associated with iohandle 13
01-25 18:52:14.690  1895 13412 D AHAL: AudioVoice: RouteStream: 567: Enter
01-25 18:52:14.690  1895 13412 D AHAL: AudioVoice: RouteStream: 604: Routing is 2
01-25 18:52:14.690  1895 13412 D AHAL: AudioDevice: GetPalDeviceIds: 2721: haldeviceIds: 1
01-25 18:52:14.690  1895 13412 D AHAL: AudioDevice: GetPalDeviceIds: 2728: Found haldeviceId: 2 and PAL Device ID 3
01-25 18:52:14.690  1895 13412 D AHAL: AudioDevice: GetPalDeviceIds: 2747: devices allocated 1, pal device ids before returning 1
01-25 18:52:14.690  1895 13412 D AHAL: AudioDevice: GetPalDeviceIds: 2721: haldeviceIds: 1
01-25 18:52:14.690  1895 13412 D AHAL: AudioDevice: GetPalDeviceIds: 2728: Found haldeviceId: 80000080 and PAL Device ID 26
01-25 18:52:14.690  1895 13412 D AHAL: AudioDevice: GetPalDeviceIds: 2747: devices allocated 1, pal device ids before returning 1
01-25 18:52:14.690  1895 13412 I AHAL: SecAudioDevice: SetSpeakerMute: 943:  enable 0 speaker_mute 0
01-25 18:52:14.690  1895 13412 D AHAL: AudioVoice: RouteStream: 743: Exit ret: 0
01-25 18:52:14.690  1895 13412 D AHAL: AudioDevice: CreateAudioPatch: 576: Playback route for voip rx
01-25 18:52:14.690  1895 13412 I AHAL: AudioStream: RouteStream: 2618: enter: usecase(32: audio-playback-voip) devices 0x2, num devices 1
01-25 18:52:14.690  1895 13412 D AHAL: AudioStream: RouteStream: 2621: mAndroidOutDevices 2, mNoOfOutDevices 1
01-25 18:52:14.690  1895 13412 D AHAL: AudioDevice: GetPalDeviceIds: 2721: haldeviceIds: 1
01-25 18:52:14.690  1895 13412 D AHAL: AudioDevice: GetPalDeviceIds: 2728: Found haldeviceId: 2 and PAL Device ID 3
01-25 18:52:14.690  1895 13412 D AHAL: AudioDevice: GetPalDeviceIds: 2747: devices allocated 1, pal device ids before returning 1
01-25 18:52:14.690  1895 13412 D AHAL: AudioStream: RouteStream: 2654: noPalDevices: 1 , new_devices: 1
01-25 18:52:14.690  1895 13412 I AHAL: SecAudioDevice: SetSpeakerMute: 943:  enable 0 speaker_mute 0
01-25 18:52:14.690  1895 13412 D AHAL: AudioStream: RouteStream: 2867: exit 0
01-25 18:52:14.690  1895 13412 I AHAL: AudioStream: RouteStream: 2618: enter: usecase(1: primary-playback) devices 0x2, num devices 1
01-25 18:52:14.690  1895 13412 D AHAL: AudioStream: RouteStream: 2621: mAndroidOutDevices 2, mNoOfOutDevices 1
01-25 18:52:14.690  1895 13412 D AHAL: AudioDevice: GetPalDeviceIds: 2721: haldeviceIds: 1
01-25 18:52:14.690  1895 13412 D AHAL: AudioDevice: GetPalDeviceIds: 2728: Found haldeviceId: 2 and PAL Device ID 3
01-25 18:52:14.690  1895 13412 D AHAL: AudioDevice: GetPalDeviceIds: 2747: devices allocated 1, pal device ids before returning 1
01-25 18:52:14.690  1895 13412 D AHAL: AudioStream: RouteStream: 2654: noPalDevices: 1 , new_devices: 1
01-25 18:52:14.690  1895 13412 I AHAL: SecAudioDevice: SetSpeakerMute: 943:  enable 0 speaker_mute 0
01-25 18:52:14.690  1895 13412 D AHAL: AudioStream: RouteStream: 2867: exit 0
01-25 18:52:14.690  1895 13412 D AHAL: AudioDevice: CreateAudioPatch: 615: Exit ret: 0
01-25 18:52:14.691  1959 27387 E SensorListener: ERR(initSensor[967]):failed to open hrm alc sensor's name
01-25 18:52:14.692  2012  3247 D AudioFlinger: setCurDevice() 0x2
01-25 18:52:14.692  1895 13412 I AHAL: AudioStream: out_update_source_metadata_v7: 1203: track count is 0
01-25 18:52:14.692  2012  2176 V APM_AudioPolicyManager: setOutputDevices() AF::createAudioPatch returned 0 patchHandle 6924 num_sources 1 num_sinks 1
01-25 18:52:14.692  2012  2176 V APM_AudioPolicyManager: checkAndSetVolume: output 13, stream 10, index 9, devices 0x2, volume 0.500000
01-25 18:52:14.692  2012  2176 V APM_AudioPolicyManager: checkAndSetVolume: output 13, stream 4, index 15, devices 0x2, volume 1.000000
01-25 18:52:14.692  2012  2176 V APM_AudioPolicyManager: checkAndSetVolume: output 13, stream 8, index 0, devices 0x2, volume 0.500000
01-25 18:52:14.693  2012  2176 V APM_AudioPolicyManager: checkAndSetVolume: output 13, stream 3, index 8, devices 0x2, volume 0.053088
01-25 18:52:14.693  2012  2176 V APM_AudioPolicyManager: checkAndSetVolume: output 13, stream 5, index 0, devices 0x2, volume 0.000000
01-25 18:52:14.693  2012  2176 V APM_AudioPolicyManager: checkAndSetVolume: output 13, stream 2, index 0, devices 0x2, volume 0.000000
01-25 18:52:14.693  2012  2176 V APM_AudioPolicyManager: checkAndSetVolume: output 13, stream 1, index 0, devices 0x2, volume 0.000000
01-25 18:52:14.693  2012  2176 V APM_AudioPolicyManager: checkAndSetVolume: output 13, stream 9, index 8, devices 0x2, volume 0.251189
01-25 18:52:14.693  2012  2176 V APM_AudioPolicyManager: checkAndSetVolume: output 13, stream 0, index 4, devices 0x2, volume 0.500000
01-25 18:52:14.694  2012  2176 V APM_AudioPolicyManager: checkAndSetVolume: output 13, stream 11, index 7, devices 0x2, volume 0.044668
01-25 18:52:14.694  2012  2176 V APM_AudioPolicyManager: getNewOutputDevices selected devices AUDIO_DEVICE_NONE
01-25 18:52:14.694  2012  2176 V APM_AudioPolicyManager: setOutputDevices device AUDIO_DEVICE_NONE delayMs 0
01-25 18:52:14.694  2012  2176 V APM_AudioPolicyManager: setOutputDevices() prevDevice {AUDIO_DEVICE_OUT_SPEAKER, @:}
01-25 18:52:14.694  2012  2176 V APM_AudioPolicyManager: setOutputDevices setting same device AUDIO_DEVICE_NONE or null device, force=0, patch handle=1144
01-25 18:52:14.694  2012  2176 V APM_AudioPolicyManager: getNewOutputDevices selected devices AUDIO_DEVICE_NONE
01-25 18:52:14.694  2012  2176 V APM_AudioPolicyManager: setOutputDevices device AUDIO_DEVICE_NONE delayMs 0
01-25 18:52:14.694  2012  2176 V APM_AudioPolicyManager: setOutputDevices() prevDevice {AUDIO_DEVICE_OUT_SPEAKER, @:}
01-25 18:52:14.694  2012  2176 V APM_AudioPolicyManager: setOutputDevices setting same device AUDIO_DEVICE_NONE or null device, force=0, patch handle=1289
01-25 18:52:14.694  2012  2176 V APM_AudioPolicyManager: getNewOutputDevices selected devices AUDIO_DEVICE_NONE
01-25 18:52:14.694  2012  2176 V APM_AudioPolicyManager: setOutputDevices device AUDIO_DEVICE_NONE delayMs 0
01-25 18:52:14.694  2012  2176 V APM_AudioPolicyManager: setOutputDevices() prevDevice {AUDIO_DEVICE_OUT_SPEAKER, @:}
