01-25 18:52:14.361  2829  4293 D PackageManager: setEnabledSetting : userId = 0 packageName = com.samsung.android.vtcamerasettings cmp = com.samsung.android.vtcamerasettings.settings.SettingsActivity newState = 1 callingPackage = com.samsung.android.vtcamerasettings
01-25 18:52:14.361  2411  2411 I Camera3-Device: setCameraMute, enabled = false, supported = true
01-25 18:52:14.361  2411  2411 I CameraService: CameraService::finishConnectLocked E
01-25 18:52:14.361  2411  2411 I CameraService: wouldEvictLocked: [incoming client] owner = 27085, priority-score=0, cost=51, returnIncompatibleClients=false
01-25 18:52:14.361  2411  2411 I CameraService: wouldEvictLocked: [cost info] current cost=0, adding cost=51, total cost=51, max cost=100
01-25 18:52:14.361  2411  2411 I CameraService: wouldEvictLocked: [highestPriority] owner=27085, score=0
01-25 18:52:14.361  2829  3622 I CameraService_worker: DeviceInjector, onSemCameraDeviceRawStatus 1 -2
01-25 18:52:14.361  2829  4350 D BatteryStatsService: set setWirelessPowerSharingExternelEvent
01-25 18:52:14.361  2829  4293 D ApplicationPolicy: getApplicationStateEnabled : pkg = com.samsung.android.vtcamerasettings userId : 0
01-25 18:52:14.361  2829  4350 I BatteryService: setWirelessPowerSharingExternelEvent packageNum: 1 value: 1
01-25 18:52:14.362  2829  4350 I BatteryService: setWirelessPowerSharingExternelEventInternal packageNum: 1 value: 1
01-25 18:52:14.362  2829  2855 I CameraManagerGlobal: postSingleUpdate device: camera id 1 status STATUS_NOT_AVAILABLE
01-25 18:52:14.362 10023 30116 I CameraManagerGlobal: postSingleUpdate device: camera id 1 status STATUS_NOT_AVAILABLE
01-25 18:52:14.362  2829  4350 I BatteryService: fileWriteInt : /sys/class/power_supply/battery/ext_event  value : 1
01-25 18:52:14.362  2829  4293 D ApplicationPolicy: getApplicationComponentState : pkg = com.samsung.android.vtcamerasettings userId : 0
01-25 18:52:14.362  2829  2855 I CameraManagerGlobal: postSingleUpdate device: camera id 1 status STATUS_NOT_AVAILABLE
01-25 18:52:14.362 25648 25648 I VSET/ObserveCameraStateService: onStartCommand: update SALogging status
01-25 18:52:14.362 25648 25648 I VSET/VSETFeature: isDefaultOffCounty: BR
01-25 18:52:14.362 25648 25648 I VSET/VSETPreference: getVSETEnabled: update first lunch time false
01-25 18:52:14.363  2829  3167 D BatteryExternalStatsWorker: update stats : camera-on (64)
01-25 18:52:14.363  2829  3167 D BatteryExternalStatsWorker: mStats lock released
01-25 18:52:14.363  2829  3167 D BatteryExternalStatsWorker: done updateExternalStatsLocked
01-25 18:52:14.363 25648 25648 I VSET/AppInfoRepository: isSupportedP: ---, false
01-25 18:52:14.363 25648 25648 I VSET/ObserveCameraStateService: updateAppInfoRepository: E 
01-25 18:52:14.363 25648 25648 I VSET/ObserveCameraStateService: initAppRepository is created already
01-25 18:52:14.363  2411  2411 I CameraService: addAndEvict: push the client(owner 27085, priorityScore 0, state 2) to mClients
01-25 18:52:14.363  2411  2411 I CameraService: CameraService::finishConnectLocked X
01-25 18:52:14.363  2411  2411 I CameraDeviceClient: notifyAppPackageName
01-25 18:52:14.363  2411  2411 D AidlCamera3-Device: CameraPerf: setParameters E
01-25 18:52:14.363  1959 19063 I Unihal  : UniHal3InterfaceEntry.cpp: uni_set_parameters: 465: set_parameters : pkgName=com.outsystemscloud.lucasgv.SandboxAppCordova;
01-25 18:52:14.363 10023 30116 I CameraManagerGlobal: postSingleUpdate device: camera id 1 status STATUS_NOT_AVAILABLE
01-25 18:52:14.363  2411  2411 D AidlCamera3-Device: CameraPerf: setParameters X (0ms)
01-25 18:52:14.363  2411  2411 I CameraService: Notified package name to HAL.
01-25 18:52:14.363  2411  2411 I CameraServiceProxyWrapper: updateProxyDeviceState: notifyCameraState for Camera ID 1, newState 0, facing 1, clientName com.outsystemscloud.lucasgv.SandboxAppCordova, apiLevel 2
01-25 18:52:14.363 25648 25648 I VSET/VisionServerHelper: isUpdatedApp: last app : 420011000, installed app : 420011000
01-25 18:52:14.363 25648 25648 I VSET/VisionServerHelper: isNeedUpdated: fast request
01-25 18:52:14.363 25648 25648 I VSET/ObserveCameraStateService: requestStopService
01-25 18:52:14.363  1959 27296 I CHI     : [SS_LOW ]: [CHI_FAST_AEC]: chxextensionmodule.cpp: ChxFastAecRunUseCase: 15526: [CAMKPI] FastAecThread: E
01-25 18:52:14.363  1959 27296 I CHI     : [SS_LOW ]: [CHI_FAST_AEC]: chxextensionmodule.cpp: ChxFastAecConfigureStreams: 15558: [CAMKPI] ChxFastAecConfigureStreams: E
01-25 18:52:14.364 10023 30116 I CameraManagerGlobal: Camera 1 facing CAMERA_FACING_FRONT state now CAMERA_STATE_OPEN for client com.outsystemscloud.lucasgv.SandboxAppCordova API Level 2 User Id 0
01-25 18:52:14.364 17849 22220 I CameraManagerGlobal: Camera 1 facing CAMERA_FACING_FRONT state now CAMERA_STATE_OPEN for client com.outsystemscloud.lucasgv.SandboxAppCordova API Level 2 User Id 0
01-25 18:52:14.364  2411  2411 I cameraserver: isNoSALoggingPackage: com.outsystemscloud.lucasgv.SandboxAppCordova is a third party package.
01-25 18:52:14.364 10023 30116 I CameraManagerGlobal: onCameraDeviceStateChangedLocked: post device state update
01-25 18:52:14.364  2829  4293 I AudioManager: setParameters keyValuePairs = cameraFacing=front
01-25 18:52:14.364  2411  2411 D cameraserver: FGS Logger Transaction failed
01-25 18:52:14.364  2411  2411 D cameraserver: -129
01-25 18:52:14.364 10023 30116 I CameraManagerGlobal: onCameraDeviceStateChangedLocked: post device state update
01-25 18:52:14.364 25689 25700 I CameraManagerGlobal: Camera 1 facing CAMERA_FACING_FRONT state now CAMERA_STATE_OPEN for client com.outsystemscloud.lucasgv.SandboxAppCordova API Level 2 User Id 0
01-25 18:52:14.364 27085 27181 I CameraManagerGlobal: Camera 1 facing CAMERA_FACING_FRONT state now CAMERA_STATE_OPEN for client com.outsystemscloud.lucasgv.SandboxAppCordova API Level 2 User Id 0
01-25 18:52:14.364  1959 27296 I CHI     : [SS_INFO]: [SS_LOG_LEVEL]: 1, [DEVELOPER_LOG_LEVEL]: 0
01-25 18:52:14.364  1959 27296 I CHI     : [SS_LOW ]: [CHI         ]: chxusecaseutils.cpp: SecGetMatchingUsecase: 6633: use samsug camera = 0, use factoy camera = 0, use shooting mode = 0 = numPhysicalCameras = 1
01-25 18:52:14.364 17429 19963 I CameraManagerGlobal: Camera 1 facing CAMERA_FACING_FRONT state now CAMERA_STATE_OPEN for client com.outsystemscloud.lucasgv.SandboxAppCordova API Level 2 User Id 0
01-25 18:52:14.364  2829  4350 I CameraManagerGlobal: Camera 1 facing CAMERA_FACING_FRONT state now CAMERA_STATE_OPEN for client com.outsystemscloud.lucasgv.SandboxAppCordova API Level 2 User Id 0
01-25 18:52:14.364 11685 11837 I CameraManagerGlobal: Camera 1 facing CAMERA_FACING_FRONT state now CAMERA_STATE_OPEN for client com.outsystemscloud.lucasgv.SandboxAppCordova API Level 2 User Id 0
01-25 18:52:14.364  1959 27296 I CHI     : [SS_LOW ]: [CHI         ]: chxextensionmodule.cpp: ExecuteMemBoost: 23871: Set MemBoost(2) by 1
01-25 18:52:14.364  1959 27296 I CHI     : [SS_LOW ]: [CHI         ]: chxusecaseutils.cpp: SecGetMatchingUsecase: 6915: Matching Usecase id = SecFastAec
01-25 18:52:14.364  2829  4350 I CameraManagerGlobal: onCameraDeviceStateChangedLocked: post device state update
01-25 18:52:14.364  2829  4350 I CameraManagerGlobal: onCameraDeviceStateChangedLocked: post device state update
01-25 18:52:14.364  9872 16244 I CameraManagerGlobal: Camera 1 facing CAMERA_FACING_FRONT state now CAMERA_STATE_OPEN for client com.outsystemscloud.lucasgv.SandboxAppCordova API Level 2 User Id 0
01-25 18:52:14.364  2411  9615 D AidlCamera3-Device: CameraPerf: constructDefaultRequestSettings templateId: 1 E
01-25 18:52:14.364  4158  9655 I CameraManagerGlobal: Camera 1 facing CAMERA_FACING_FRONT state now CAMERA_STATE_OPEN for client com.outsystemscloud.lucasgv.SandboxAppCordova API Level 2 User Id 0
01-25 18:52:14.365 25648 25685 I CameraManagerGlobal: Camera 1 facing CAMERA_FACING_FRONT state now CAMERA_STATE_OPEN for client com.outsystemscloud.lucasgv.SandboxAppCordova API Level 2 User Id 0
01-25 18:52:14.365  2411  9615 D AidlCamera3-Device: CameraPerf: constructDefaultRequestSettings X (0ms)
01-25 18:52:14.365   913   913 I lmkd    : check camkillboostmode : 0 , ionheap: 102471, pid : 27085, index : 2 , camprocall/provider/server size : (78726, 15986, 3746), available : 1018669, heap_pool : 4912, kreclaimable : 193223, init_cam : 0
01-25 18:52:14.365   913   913 I lmkd    : check CAMERA OPEN -109489, memlimit: 38142, other_free: 63993, saved_ion_idle_camera: 2223, cameraprocsize: 78726, kgsl: 0, vmallocapi: 91688, diff_available: -14486 
01-25 18:52:14.365   913   913 I lmkd    : check finished camerakillboostmode
01-25 18:52:14.365  1959 27296 I CHI     : [SS_LOW ]: [CHI         ]: chxusecaseutils.cpp: SecGetMatchingUsecase: 6633: use samsug camera = 0, use factoy camera = 0, use shooting mode = 0 = numPhysicalCameras = 1
01-25 18:52:14.365  1959 27296 I CHI     : [SS_LOW ]: [CHI         ]: chxextensionmodule.cpp: ExecuteMemBoost: 23871: Set MemBoost(2) by 1
01-25 18:52:14.365  1959 27296 I CHI     : [SS_LOW ]: [CHI         ]: chxusecaseutils.cpp: SecGetMatchingUsecase: 6915: Matching Usecase id = SecFastAec
01-25 18:52:14.365 17851 13083 I CameraManagerGlobal: Camera 1 facing CAMERA_FACING_FRONT state now CAMERA_STATE_OPEN for client com.outsystemscloud.lucasgv.SandboxAppCordova API Level 2 User Id 0
01-25 18:52:14.365  1928  1949 I HYPER-HAL: [RequestManager.cpp]releaseLocked(): Released ID : 50506302
01-25 18:52:14.365  1959 27296 I CHI     : [SS_LOW ]: [CHI         ]: chxsecperf.cpp: AcquirePerfLock: 1014: OverheatLevel [0~6](0xFFFFFFFF)
01-25 18:52:14.365  1959 27296 I CHI     : [SS_LOW ]: [CHI         ]: chxsecperf.cpp: AcquireHyperVInt: 1355: AcquireHyperVInt : maxlimit[3360000], minlimit[2092800], duration[3000]
01-25 18:52:14.365 10008 10008 W ContextImpl: Calling a method in the system process without a qualified user: android.app.ContextImpl.startService:1960 android.content.ContextWrapper.startService:842 android.content.ContextWrapper.startService:842 com.sec.android.diagmonagent.sa.receiver.CFLogReceiver.onReceive:56 android.app.ActivityThread.handleReceiver:4981 
01-25 18:52:14.366  1959 27296 I CHI     : [SS_LOW ]: [CHI         ]: chxextensionmodule.cpp: ExecuteMemBoost: 23871: Set MemBoost(2) by 0
01-25 18:52:14.366  2411  2411 D Camera3-Device: waitUntilDrained: mInterfaceLock.unlock()
01-25 18:52:14.366  1928  1949 I HYPER-HAL: [RequestManager.cpp]acquire(): Acquired ID : 1925706  [1959 / 3]    HINT :      list : [CPUMaxFreq / 3360000] [CPUMinFreq / 2092800] [TIMEOUT / 3000] 
01-25 18:52:14.366  2411  9615 D CameraDeviceClient: createStream E
01-25 18:52:14.366  1895  1945 D AHAL: AudioDevice: SetParameters: 1799: enter
01-25 18:52:14.366  2411  9615 D SessionConfigUtils: createSurfaceFromGbp E: logicalCameraId=1, isStreamInfoValid=0, useCase=0, option=0x0, mirrorMode=0
01-25 18:52:14.366  1895  1945 D AHAL: AudioVoice: VoiceSetParameters: 171: Enter
01-25 18:52:14.366  1895  1945 D AHAL: AudioVoice: VoiceSetParameters: 416: Exit ret: 0
01-25 18:52:14.366  1895  1945 D AHAL: hfp: hfp_set_parameters: 447: enter
01-25 18:52:14.366  1895  1945 D AHAL: AudioDevice: SetParameters: 2521: exit: cameraFacing=front
01-25 18:52:14.367  2411  9615 D SessionConfigUtils: createSurfaceFromGbp: consumer usage flag: 3, useAsync: 0
01-25 18:52:14.367  1895 13412 I Audio_a2dpsink_hw: adev_set_parameters: kevpairs=[cameraFacing=front]
01-25 18:52:14.367  4549 18529 I CameraManagerGlobal: Camera 1 facing CAMERA_FACING_FRONT state now CAMERA_STATE_OPEN for client com.outsystemscloud.lucasgv.SandboxAppCordova API Level 2 User Id 0
01-25 18:52:14.367  1959 27296 I CHI     : [SS_LOW ]: [CHI         ]: chxsecperf.cpp: AcquirePerfLock: 1157:  0] OPEN_CAMERA (1000)
01-25 18:52:14.368  2829  4293 I CameraService_proxy: Notify nfc service : camera open was(false) -> now(true) = polling(false)
01-25 18:52:14.368  2411  9615 D SessionConfigUtils: createSurfaceFromGbp: width=640, height=480, format=35, dataSpace=146931712
01-25 18:52:14.368  2411  9615 D SessionConfigUtils: roundBufferDimensionNearest  inWidth=640 inHeight=480, outWidth=640 outHeight=480 X
01-25 18:52:14.368  2411  9615 D SessionConfigUtils: createSurfaceFromGbp X
01-25 18:52:14.367 10008 10008 W ContextImpl: Calling a method in the system process without a qualified user: android.app.ContextImpl.startService:1960 android.content.ContextWrapper.startService:842 android.content.ContextWrapper.startService:842 com.sec.android.diagmonagent.sa.receiver.CFLogReceiver.onReceive:56 android.app.ActivityThread.handleReceiver:4981 
01-25 18:52:14.368  4551  5837 D NfcService: setReaderMode: uid=1000, packageName: com.sec.android.app.factorykeystring, flags: 4096
01-25 18:52:14.368  2411  9615 D Camera3-Device: createStream: mInterfaceLock.lock()
01-25 18:52:14.368  2411  9615 D Camera3-Device: createStream: Camera 1: Creating new stream 0: 640 x 480, format 0x23(YUV_420_888), dataspace 146931712 rotation 0 consumer usage 0, isShared 0, physicalCameraId , isMultiResolution 0 dynamicRangeProfile 0x1, streamUseCase 0, option 0x0, timestampBase 0, mirrorMode 0, colorSpace -1, useReadoutTimestamp 0
01-25 18:52:14.369  2411  9615 D Camera3-Device: createStream: mInterfaceLock.unlock()
01-25 18:52:14.369  2411  9615 D CameraDeviceClient: createStream: Camera 1: Successfully created a new stream ID 0 for output surface (640 x 480) with format 0x23.
01-25 18:52:14.369  2411  9615 D Camera3-Device: setStreamTransform: mInterfaceLock.lock()
01-25 18:52:14.369  2411  9615 D CameraDeviceClient: createStream X
01-25 18:52:14.369  2829 18021 D PerProcessNandswap$NandswapHandler: nandswap start for non-activity com.samsung.android.vtcamerasettings(pid 25648) action:2 adj:500 type:3
01-25 18:52:14.369  2411  2411 D Camera3-Device: filterParamsAndConfigureLocked : operatingMode=0
01-25 18:52:14.369  2411  2411 D Camera3-Device: CameraPerf: configureStreamsLocked: Camera 1: Stream configuration E
01-25 18:52:14.370  2411  2411 I AidlCamera3-Device: configureStreams Before configuration Stream[0] : [640 x 480], usage: 0x3
01-25 18:52:14.370  1959 19063 I Samsung_CameraDeviceSession_impl: [CAMKPI] camera3->configure_streams : E
01-25 18:52:14.370  1959 19063 I Unihal  : UniHal3InterfaceEntry.cpp: uni_configure_streams: 288: [UNIKPI][1] UniHAL->configure_streams: E
01-25 18:52:14.370  1959 19063 I Unihal  : UniHal3InterfaceEntry.cpp: uni_configure_streams: 298: operation_mode: 0, num_streams: 1, session_param: 0xb4000079ae4508c0
01-25 18:52:14.370  1959 19063 I Unihal  : UniHal3InterfaceEntry.cpp: uni_configure_streams: 303: stream[0]: stream(0xb4000079ae4361e8) : streamId(0x0), scenarioType(PREVIEWCB), format(0x23), grallocUsage(0x3), size(640x480), streamType(0), option(0x0), maxBuffers(0), priv(0x0), dataspace(146931712), rotation(0), fps(0, 0), physCamId(), groupId(-1), sensorPixelModes(0), multi_resolution_input_image(0), stream_use_case(0), dynamic_range_profile(1), stream_timestamp(0), reserved Ptr(0x0, 0x0, 0x0, 0x0, 0x0, 0x0)
01-25 18:52:14.370  1959 19063 I Unihal  : UniState.cpp: transitState: 102: Transiting to state 3
01-25 18:52:14.370  1959 19063 I Unihal  : CameraHalUnit.cpp: ConfigureStreams: 264: cameraId=1, GetIsAlreadyCreated=0 m_isSetParamNull=0
01-25 18:52:14.370  1959 19063 I Unihal  : ScenarioManager.cpp: IsSupported3rdPartyApp: 1712: SAMSUNG_ANDROID_CONTROL_UNIHAL_ENABLE_MODE doesn't exist.
01-25 18:52:14.370  1959 19063 I Unihal  : ScenarioManager.cpp: IsSupported3rdPartyVideoHdr: 1322: SAMSUNG_ANDROID_UNIHAL_VIDEO_MODE doesn't exist.
01-25 18:52:14.370  1959 19063 I Unihal  : ScenarioManager.cpp: IsSupported3rdPartyPersonalImprinting: 1484: 3rdParty Personal Imprinting supported: FALSE
01-25 18:52:14.370  1959 19063 I Unihal  : ScenarioManager.cpp: IsSupported3rdPartyMoire: 1459: 3rdParty Moire supported: FALSE
01-25 18:52:14.370  1959 19063 I Unihal  : ScenarioManager.cpp: IsSupported3rdPartyAutoFraming: 2076: SAMSUNG_ANDROID_UNIHAL_VIDEO_MODE doesn't exist.
01-25 18:52:14.370  1959 19063 I Unihal  : ScenarioManager.cpp: IsSupported3rdPartyVDIS: 1195: PARAMETER_ANDROID_CONTROL_VIDEO_STABILIZATION_MODE: 0
01-25 18:52:14.370  1959 19063 I Unihal  : ScenarioManager.cpp: IsSupported3rdPartyVDIS: 1285: 3rdParty VDIS supported(UniHAL): FALSE
01-25 18:52:14.370  1959 19063 I Unihal  : ScenarioManager.cpp: IsSupported3rdPartyVideoHdr: 1322: SAMSUNG_ANDROID_UNIHAL_VIDEO_MODE doesn't exist.
01-25 18:52:14.370  1959 19063 I Unihal  : ScenarioManager.cpp: IsSupported3rdPartySdkVdis: 1414: SAMSUNG_ANDROID_UNIHAL_VIDEO_MODE doesn't exist.
01-25 18:52:14.370  1959 19063 I Unihal  : ScenarioManager.cpp: IsAllowed3rdParty: 2431: 3rd-party bypass is applied to this application.
01-25 18:52:14.370  1959 19063 I Unihal  : ScenarioManager.cpp: FindScenarioInfo: 2467: Scenario Lib Path : /vendor/lib64/unihal_scenario.so
01-25 18:52:14.370  1959 19063 I Unihal  : ScenarioManager.cpp: FindScenarioInfo: 2481: Current shootingMode=0x0001000c(UNI_SHOOTING_MODE_3RD_PARTY_BYPASS), cameraId=1(FRONT_FULL)
01-25 18:52:14.370  1959 19063 I Unihal  : ScenarioManager.cpp: FindScenarioInfo: 2489: No Scenario is found for shootingMode(UNI_SHOOTING_MODE_3RD_PARTY_BYPASS)
01-25 18:52:14.370  1959 19063 I Unihal  : ScenarioManager.cpp: CheckEnableCondition: 2746: Unihal is disabled. : isSamsungCamera=false, isFactoryTest=false, isGalaxyRaw = false, isAllowed3rdParty=true, foundScenario=false, isValidStreamConfiguration=false, isSamsungVdisEnabled=false, isSamsungSelfieToneTo3rdParty=true, isTestPatternMode=false, shootingMode=UNI_SHOOTING_MODE_3RD_PARTY_BYPASS
01-25 18:52:14.370  1959 19063 I Unihal  : FwkCaptureManager.cpp: Release: 165: Already released
01-25 18:52:14.370  1959 19063 I Unihal  : CameraHalUnit.cpp: ConfigureStreams: 303: Unihal is bypass mode in current scenario.
01-25 18:52:14.370  1959 19063 I Unihal  : CameraDevice.cpp: ConfigureStreams: 96: [UNIKPI][1] VndHAL->configure_streams: E
01-25 18:52:14.370  1959 19063 E CHI     : [SS_ERR ]: [CHI         ]: chxextensionmodule.cpp: SecSetSessionParams: 21505: [SESSION_PARAM] Get SpecialImageQualityPolicy Meta Failed!
01-25 18:52:14.370  1959 19063 E CHI     : [SS_ERR ]: [CHI         ]: chxextensionmodule.cpp: SecSetSessionParams: 21518: [SESSION_PARAM] Get fastCaptureOption Meta Failed!
01-25 18:52:14.370  1959 19063 E CHI     : [SS_ERR ]: [CHI         ]: chxextensionmodule.cpp: SecSetSessionParams: 21547: [SESSION_PARAM] Get externalLensType Meta Failed!
01-25 18:52:14.370  1959 19063 E CHI     : [SS_ERR ]: [CHI         ]: chxextensionmodule.cpp: SecSetSessionParams: 21560: [SESSION_PARAM] Get adaptivePixelMode Meta Failed!
01-25 18:52:14.375  1959 27301 I SS_3A   :  INFO: AWB: CreateAWBAlgorithm: 684: statsStreamInitConfig operationMode 1
01-25 18:52:14.375  1959 27301 I SS_3A   :  INFO: AWB: CreateAWBAlgorithm: 608: StaticAWB algo sizeOfParam for CHISTATSHANDLE is 24
01-25 18:52:14.375  1959 27301 I SS_3A   :  INFO: AWB: CreateAWBAlgorithm: 617: Lens Facing = 0
01-25 18:52:14.375  1959 27301 I SS_3A   :  INFO: AWB: CreateAWBAlgorithm: 665: StaticAWB algo create: overrideCameraOpen is 32
01-25 18:52:14.375  1959 27301 I SS_3A   :  INFO: AWB: CreateAWBAlgorithm: 675: cameraInfo algoRole 0, cameraId 5
01-25 18:52:14.375  1959 27301 I SS_3A   :  INFO: AWB: TsCommonFillSensorIdMap: 26: Already filled, cameraId(5) driverSensorId(12)
01-25 18:52:14.375  1959 27301 I SS_3A   :  INFO: AWB: CreateAWBAlgorithm: 702: CreateAWBAlgorithm (refcnt:0 cameraId 5 OverrideCameraOpen 1 lensFacing 0 pAWBSingletonWrapper->pAWB 0x0
01-25 18:52:14.375  1959 27301 I SS_3A   :  INFO: AWB: CreateAWBAlgorithm: 732: Create AWBAlgorithm, pAWB 0xb400007947ad48a0
01-25 18:52:14.375  1959 27301 I SS_3A   :  INFO: AWB: LoadAlgorithmAndSymbols: 498: [DBG_APEX] ApexIQBasePath: /apex/com.samsung.android.camera.qciq/
01-25 18:52:14.375  1959 27301 I SS_3A   :  INFO: AWB: LoadAlgorithmAndSymbols: 500: [DBG_APEX] loadApex: 0
01-25 18:52:14.375  1959 27301 I SS_3A   :  INFO: AWB: LoadAlgorithmAndSymbols: 544: [DBG_APEX] Loading AWB lib: libTsAwbFront_DM3.so
01-25 18:52:14.375  1959 27301 I SS_3A   :  INFO: AWB: LoadAlgorithmAndSymbols: 574: pInstance->hAWBAlgorithm 0xb400007936956d00
01-25 18:52:14.375  1959 27301 I SS_3A   :  INFO: AWB: TsAwb_get_cal_data_front: 127: module[0] 361 742 745 375
01-25 18:52:14.375  1959 27301 I SS_3A   :  INFO: AWB: TsAwb_get_cal_data_front: 129: module[0] RG 0.485541 , BG 0.504371
01-25 18:52:14.375  1959 27301 I SS_3A   :  INFO: AWB: TsAwb_init_with_mode: 168: TuningVersion 0xED1A0428
01-25 18:52:14.375  1959 27301 I SS_3A   :  INFO: AWB: TsAwb_init_with_mode: 212: [eLensType 0] Adjust_gain = 0.985368, 1.010038
01-25 18:52:14.375  1959 27301 I SS_3A   :  INFO: AEC: AECAlgoSetNodeInterface: 1022: AEC vendorTagBase 0x80d40000
01-25 18:52:14.375  1959 27301 I SS_3A   :  INFO: AEC: AECAlgoSetNodeInterface: 1032: AWB vendorTagBase 0x80d60000
01-25 18:52:14.375  1959 27301 I SS_3A   :  INFO: AEC: AECAlgoSetNodeInterface: 1042: AF vendorTagBase 0x80d50000
01-25 18:52:14.375  1959 27301 I SS_3A   :  INFO: AEC: CreateAEC: 699: StaticAEC algo sizeOfParam for CHISTATSHANDLE is 24
01-25 18:52:14.375  1959 27301 I SS_3A   :  INFO: AEC: CreateAEC: 713: AEC_VendorTag:: Lens Facing = 0 chiSessionHandle = 0xb4000079487c6fc8
01-25 18:52:14.375  1959 27301 I SS_3A   :  INFO: AEC: CreateAEC: 783: StaticAEC algo create: camera open mask 32 
01-25 18:52:14.375  1959 27301 I SS_3A   :  INFO: AEC: CreateAEC: 693: aec_camera_info 0 5
01-25 18:52:14.375  1959 27301 I SS_3A   :  INFO: AEC: CreateAEC: 790: flicker CSC:60 
01-25 18:52:14.376  1959 27301 I SS_3A   :  INFO: AEC: TsCommonFillSensorIdMap: 26: Already filled, cameraId(5) driverSensorId(12)
01-25 18:52:14.376  1959 27301 I SS_3A   :  INFO: AEC: CreateAEC: 808: CreateAECAlgorithm (refcnt:0 cameraId 5 OverrideCameraOpen 1 lensFacing 0 pAECSingletonWrapper->pAECSingleton 0x0 [sensor:S5K3LU]
01-25 18:52:14.376  1959 27301 I SS_3A   :  INFO: AEC: LoadAlgorithmAndSymbols: 512: [DBG_APEX] ApexIQBasePath: /apex/com.samsung.android.camera.qciq/
01-25 18:52:14.376  1959 27301 I SS_3A   :  INFO: AEC: LoadAlgorithmAndSymbols: 514: [DBG_APEX] loadApex: 0
01-25 18:52:14.376  1959 27301 I SS_3A   :  INFO: AEC: LoadAlgorithmAndSymbols: 561: [DBG_APEX] Loading AEC lib: /vendor/lib64/camera/components/libTsAeFront_dm3.so
01-25 18:52:14.376  1959 27301 I SS_3A   :  INFO: AEC: TsAecFront_init: 595: enableGTMChannelToggle= 1 
01-25 18:52:14.376  1959 27301 I SS_3A   :  INFO: AEC: TsAecFront_load_lib: 256: TsAec_ptr 0x77835fa5fe349309
01-25 18:52:14.376  1959 27301 I SS_3A   :  INFO: AEC: LoadAlgorithmAndSymbols: 598: [AEC] Custom Algo handle 0xb400007934a4e700 
01-25 18:52:14.376  1959 27301 I SS_3A   :  INFO: AEC: CreateAEC: 878: CreateAECAlgorithm 0xb400007947b0c1e0 libName libTsAeFront_dm3.so sensorName S5K3LU
01-25 18:52:14.379  1959 27296 I CHI     : [SS_LOW ]: [CHI         ]: chxextensionmodule.cpp: InitializeOverrideSession: 7995: [DUAL_MODE_DBG] m_isFrontCameraOpened=1
01-25 18:52:14.379  1959 27296 I CHI     : [SS_LOW ]: [CHI_FAST_AEC]: chxextensionmodule.cpp: ChxFastAecConfigureStreams: 15593: [CAMKPI] ChxFastAecConfigureStreams: X
01-25 18:52:14.379  1959 27296 I CHI     : [SS_LOW ]: [CHI_FAST_AEC]: chxextensionmodule.cpp: ChxFastAecProcessRequest: 15603: [CAMKPI] ChxFastAecProcessRequest: E
01-25 18:52:14.379  1959 19063 I CHI     : [SS_INFO]: [SS_LOG_LEVEL]: 1, [DEVELOPER_LOG_LEVEL]: 0
01-25 18:52:14.379  1959 27296 I CHI     : [SS_LOW ]: [CHI         ]: chxutils.cpp: FillTuningModeDebug: 6887: [FRONT_FULL] sensorModeIndex 7  Sensor:NORMAL(0)  usecase:Third_party_preview(8)  feature1:ADRC(2)  feature2:None(0)  scene:None(0)   [chxsecusecasefastaec.cpp]
01-25 18:52:14.388  1959 19063 E CHIUSECASE: [ERROR  ] chifeature2hwmultiframe.cpp:5262 SetMFNRBufferCount() MMF BLENDING BufferCount : 5 / [11293556]
01-25 18:52:14.423  2829 18021 D PerProcessNandswapNative: enable WriteBooster
01-25 18:52:14.438  2829 18021 D PerProcessNandswap$NandswapHandler: nandswap end for non-activity com.samsung.android.vtcamerasettings(pid 25648) ret:8593477632 adj:500
01-25 18:52:14.481  2829  4072 D NetdEventListenerService: DNS Requested by 132, 10443, 1
01-25 18:52:14.482  2829  4072 D NetdEventListenerService: DNS Requested by 132, 10443, 1
01-25 18:52:14.482  2829  4072 D NetdEventListenerService: DNS Requested by 132, 10443, 2
01-25 18:52:14.482  2829  4072 D NetdEventListenerService: DNS Requested by 132, 10443, 1
01-25 18:52:14.499  1919  3900 I sensors-hal: ssc_conn_event_cb:901, event[0] sensor:Light seamless  Wakeup, msg_id=1025, ts=9886258541064
01-25 18:52:14.499  1919  3900 I sensors-hal: handle_sns_client_event:46, light_seamless ts=514904377255162 ns, 42,40,2147483647, M:0,0, S:0,0
01-25 18:52:14.503  2829  3123 D RefreshRateModeManager: onBrightnessChangedLocked, brightness=68, lux=42.0
01-25 18:52:14.510  1959  3781 I SS_3A   :  INFO: AWB: TsAwb_get_input_metadata: 420: curr_shot_mode 0, prev_shot_mode 1
01-25 18:52:14.510  1959  3781 I SS_3A   :  INFO: AWB: TsAwb_init_with_mode: 168: TuningVersion 0xED1A0428
01-25 18:52:14.510  1959  3781 I SS_3A   :  INFO: AWB: TsAwb_init_with_mode: 212: [eLensType 0] Adjust_gain = 0.985368, 1.010038
01-25 18:52:14.510  1959  3781 I SS_3A   :  INFO: AWB: TsAwb_parse_stats: 1984: [stats_dbg] statsBayerGrid startupMode = StatisticsStartUpInvalid, exit now
01-25 18:52:14.510  1959  3786 I SS_3A   :  INFO: AEC: TsAecFront_Set_Exp_Table: 565: [Exp_Table::Front] [F] Shooting=-1, ExpDiagram=4|7, m_video=0, m_fdae=0, rec=0, hfr=0, lightcon=0
01-25 18:52:14.510  1959  3786 I SS_3A   :  INFO: AEC: TSAecFront_set_param: 1120: OpMode 3 StartMode 1
01-25 18:52:14.510  1959  3786 I SS_3A   :  INFO: AEC: TSAecFront_set_param: 1409: [F] hdrConfig (0, 1, 0, 1)
01-25 18:52:14.510  1959  3786 I SS_3A   :  INFO: AEC: TSAecFront_set_param: 1339: AEL 0
01-25 18:52:14.510  1959  3786 I SS_3A   :  INFO: AEC: TSAecFront_set_param: 1312: AECManualSetting mode=0 ISOValue=50 exposureTime=36505 gain=0.000
01-25 18:52:14.510  1959  3786 I SS_3A   :  INFO: AEC: TsAecGetAeStatisticsData: 6767: [F][1] StatisticsStartUpInvalid: 1
01-25 18:52:14.511  1959  3786 I SS_3A   :  INFO: AEC: TsAecGetVendorTagInfo: 5651: pCaptureIntent=1 recordinghint 0
01-25 18:52:14.511  1959  3786 I SS_3A   :  INFO: AEC: TsAecFront_Set_Exp_Table: 565: [Exp_Table::Front] [F] Shooting=0, ExpDiagram=4|7, m_video=0, m_fdae=0, rec=0, hfr=0, lightcon=0
01-25 18:52:14.511  1959  3786 I SS_3A   :  INFO: AEC: TsAecGetVendorTagInfo: 6046: aeMode 1
01-25 18:52:14.511  1959  3786 I SS_3A   :  INFO: AEC: TsAec_process_get_aec_info: 2583: [F][1] algo_out Av=2.273 g=1.000 e_t=0.00452 LLS=0x0 Ev=12.031 Bv=7.031 PEv=12.031 Cvgd=0 lux=152, lls=0x0, drc=1.000 wide=0 Vo=0.000
01-25 18:52:14.511  1959  3781 I SS_3A   :  INFO: AWB: TsAwb_process_preview: 3028: [1]TsAwb_gain_front=1.766,1.00,1.809,  BV=0.000, lux=0, CT=4755, CT2=4755, TG=0, Ch_g=1.042, I/V=0.000, LT=0, PsnIdx=0
01-25 18:52:14.511  1959  3782 I vendor.samsung.hardware.camera.provider-service_64: S5K3LU index=7, fll=2554(2554), shift(c=0, f=0), l(1385, 0x20, 0x100), s(7, 0x20, 0x100) enS=0 b=2 modeCaps=0x10000, maxA=16.00
01-25 18:52:14.521  1959  3781 I SS_3A   :  INFO: AWB: TsAwb_parse_stats: 1984: [stats_dbg] statsBayerGrid startupMode = StatisticsStartUpInvalid, exit now
01-25 18:52:14.521  1959  3782 I SS_3A   :  INFO: AEC: TsAecGetAeStatisticsData: 6767: [F][2] StatisticsStartUpInvalid: 1
01-25 18:52:14.522  1959  3781 I SS_3A   :  INFO: AWB: TsAwb_process_preview: 3028: [2]TsAwb_gain_front=1.757,1.00,1.749,  BV=7.031, lux=152, CT=4878, CT2=4878, TG=0, Ch_g=1.047, I/V=0.000, LT=0, PsnIdx=0
01-25 18:52:14.522  1959  3786 I SS_3A   :  INFO: AEC: TsAecGetAeStatisticsData: 6767: [F][3] StatisticsStartUpInvalid: 1
01-25 18:52:14.522  1959  3781 I SS_3A   :  INFO: AWB: TsAwb_parse_stats: 1984: [stats_dbg] statsBayerGrid startupMode = StatisticsStartUpInvalid, exit now
01-25 18:52:14.523  1959  3781 I SS_3A   :  INFO: AWB: TsAwb_process_preview: 3028: [3]TsAwb_gain_front=1.757,1.00,1.749,  BV=7.031, lux=152, CT=4878, CT2=4878, TG=0, Ch_g=1.052, I/V=0.000, LT=0, PsnIdx=0
01-25 18:52:14.542  1959  3781 I SS_3A   :  INFO: AEC: TsAec_parse_aec_bg_stats: 5048: TSAEC_STATS 4ch Bhist is StartUpInvalid.
01-25 18:52:14.542  1959  3781 I SS_3A   :  INFO: AEC: TsAec_process_get_aec_info: 2583: [F][4] algo_out Av=2.273 g=4.350 e_t=0.00831 LLS=0x0 Ev=9.031 Bv=-1.152 PEv=3.848 Cvgd=0 lux=344, lls=0x0, drc=1.000 wide=0 Vo=0.000
01-25 18:52:14.542  1959  3783 I SS_3A   :  INFO: AWB: TsAwb_process_preview: 3028: [4]TsAwb_gain_front=1.758,1.00,1.749,  BV=7.031, lux=152, CT=4879, CT2=4879, TG=1, Ch_g=1.057, I/V=0.000, LT=0, PsnIdx=0
01-25 18:52:14.549  1067  1067 D io_stats: !@   8,0 r 26338973 757485263 w 24733246 297339256 d 1532942 280603460 f 446591 2184608 iot 18114480 0 th 0 0 0 pt 0 inp 0 0 299903.457
01-25 18:52:14.549  1067  1067 D io_stats: !@ Read_top(KB): ndboxAppCordova(27085) 1536 kworker/u16:7(3816) 1024 kworker/u16:3(23093) 768
01-25 18:52:14.549  1067  1067 D io_stats: !@ Write_top(KB): .android.chrome(25689) 1640 kworker/u16:7(3816) 1536 kworker/u16:3(23093) 1280
01-25 18:52:14.559  1959  3782 I SS_3A   :  INFO: AEC: TsAec_process_get_aec_info: 2583: [F][5] algo_out Av=2.273 g=34.802 e_t=0.00831 LLS=0x0 Ev=6.031 Bv=-1.152 PEv=3.848 Cvgd=0 lux=344, lls=0x0, drc=1.000 wide=0 Vo=0.000
01-25 18:52:14.560  1959  3781 I SS_3A   :  INFO: AWB: TsAwb_process_preview: 3028: [5]TsAwb_gain_front=1.777,1.00,1.811,  BV=-1.152, lux=344, CT=4770, CT2=4770, TG=1, Ch_g=1.066, I/V=0.000, LT=0, PsnIdx=0
01-25 18:52:14.567  2012  2176 V APM_AudioPolicyManager: getInputForAttr() source 7, sampling rate 44100, format 0x1, channel mask 0x10, session 13001, flags 0 attributes={ Content type: AUDIO_CONTENT_TYPE_UNKNOWN Usage: AUDIO_USAGE_UNKNOWN Source: AUDIO_SOURCE_VOICE_COMMUNICATION Flags: 0x2800 Tags:  } requested device ID 0
01-25 18:52:14.567  1959  3786 I SS_3A   :  INFO: AWB: TsAwb_process_preview: 3028: [6]TsAwb_gain_front=1.775,1.00,1.811,  BV=-1.152, lux=344, CT=4766, CT2=4766, TG=1, Ch_g=1.064, I/V=0.000, LT=0, PsnIdx=0
01-25 18:52:14.567  2012  2176 V APM_AudioPolicyManager: getInputForAttr found device type is 0x80000080
01-25 18:52:14.567  2012  2176 I MultiRecordManager: openMultiRecordAllowed() skipMultiRecord 1, openMultiRecordAllowed 0, moduleName primary, source 7, flag 0x20
01-25 18:52:14.567  2012  2176 I MultiRecordManager: openInputStream() skipMultiRecord
01-25 18:52:14.567  1895  1945 D AHAL: AudioDevice: adev_open_input_stream: 1059: enter: sample_rate(48000) channel_mask(0x10) devices(0x80000080)        io_handle(278) source(7) format 1
01-25 18:52:14.567  1895  1945 D AHAL: AudioStream: StreamPrimary: 6476: handle: 278 channel_mask: 16 
01-25 18:52:14.567  1895  1945 D AHAL: AudioStream: StreamInPrimary: 6240: enter: handle (116) format(0x1) sample_rate(48000) channel_mask(0x10) devices(1) flags(0x20)
01-25 18:52:14.567  1895  1945 D AHAL: AudioStream: StreamInPrimary: 6341: local : handle (116) format(0x1) sample_rate(48000) channel_mask(0x10) devices(0x80000080) flags(0x20)
01-25 18:52:14.567  1895  1945 D AHAL: AudioStream: StreamInPrimary: 6350: No of devices 1
01-25 18:52:14.567  1895  1945 D AHAL: AudioDevice: GetPalDeviceIds: 2721: haldeviceIds: 1
01-25 18:52:14.567  1895  1945 D AHAL: AudioDevice: GetPalDeviceIds: 2728: Found haldeviceId: 80000080 and PAL Device ID 26
01-25 18:52:14.567  1895  1945 D AHAL: AudioDevice: GetPalDeviceIds: 2747: devices allocated 1, pal device ids before returning 1
01-25 18:52:14.567  1895  1945 D AHAL: AudioStream: StreamInPrimary: 6439: Exit
01-25 18:52:14.567  1895  1945 D AHAL: AudioDevice: CreateStreamIn: 715: input stream 1 0x7e9e9c8d88
01-25 18:52:14.567  1895  1945 D AHAL: AudioDevice: adev_open_input_stream: 1118: Exit ret: 0
01-25 18:52:14.567  1895  1945 D AHAL: AudioStream: in_update_sink_metadata_v7: 1607: in_update_sink_metadata_v7: sink device 0
01-25 18:52:14.567  1895  1945 D AHAL: AudioStream: in_update_sink_metadata_v7: 1632: track count is 1 for usecase (33: audio-record-voip)
01-25 18:52:14.567  1895  1945 D AHAL: AudioStream: in_update_sink_metadata_v7: 1641: channel_mask 0
01-25 18:52:14.568  1895  1945 V sec_audio_hw: sec_dev_open_audio_stream: enter: handle 278, type 1, tag 
01-25 18:52:14.568  1895  1945 V sec_audio_hw: sec_dev_open_audio_stream: exit
01-25 18:52:14.568  2012  2176 I AudioEffectStage: StageAttribute name input_voip_input_voice_changer, io 2, mixerType 3, openDevice 0, threadFlags 20
01-25 18:52:14.568  2012  2176 I AudioEffectStage:     format 0, sample -1, streamMask 0,InChannelMask ffffffff, OutChannelMask ffffffff, usage 0, content 0
01-25 18:52:14.569   915   915 I hwservicemanager: getTransport: Cannot find entry android.hardware.audio.effect@7.1::IEffectsFactory/default in either framework or device VINTF manifest.
01-25 18:52:14.571   915   915 I hwservicemanager: getTransport: Cannot find entry android.hardware.audio.effect@7.1::IEffectsFactory/default in either framework or device VINTF manifest.
01-25 18:52:14.572  2012  2176 I EffectsFactory: EffectCreate() create_effect
01-25 18:52:14.572  2012 27357 I AudioFlinger: AudioFlinger's thread 0xb4000074aba001c0 tid=27357 ready to run
01-25 18:52:14.572  1895  1945 D AHAL: AudioStream: astream_in_standby: 1818: enter: stream (0xb400007ea49cb900) usecase(33: audio-record-voip)
01-25 18:52:14.572  1895  1945 D AHAL: AudioStream: Standby: 4911: Enter
01-25 18:52:14.572  1895  1945 D AHAL: AudioStream: Standby: 4941: Exit ret: 0
01-25 18:52:14.572  1895  1945 D AHAL: AudioStream: astream_in_standby: 1827: Exit ret: 0
01-25 18:52:14.573  1895  1945 D AHAL: AudioStream: astream_in_standby: 1818: enter: stream (0xb400007ea49cb900) usecase(33: audio-record-voip)
01-25 18:52:14.573  1895  1945 D AHAL: AudioStream: Standby: 4911: Enter
01-25 18:52:14.573  1895  1945 D AHAL: AudioStream: Standby: 4941: Exit ret: 0
01-25 18:52:14.573  1895  1945 D AHAL: AudioStream: astream_in_standby: 1827: Exit ret: 0
01-25 18:52:14.573  2012  2176 V APM_AudioPolicyManager: getInputForAttr() returns input 278 type 0 selectedDeviceId 25 for port ID 1389
01-25 18:52:14.574  2829  5012 D ActivityManager: unpendingScheduleServiceRestart: u=10303, drop=false
01-25 18:52:14.574  2829  4993 D FreecessController: UFZ : droom.sleepIfUCan(14369)
01-25 18:52:14.575  2012  2176 W AudioFlinger: The package name(android) provided does not correspond to the uid 1041
01-25 18:52:14.575  1895  1945 V EffectsFactory: EffectCreate() UUID: 0F8D0D2A-59E5-45FE-B6E4-248C8A799109
01-25 18:52:14.575  1895  1945 I EffectsFactory: EffectCreate() create_effect
01-25 18:52:14.575  1895  1945 V EffectsFactory: EffectCreate() gInterface
01-25 18:52:14.575  1895  1945 V EffectsFactory: EffectCreate() created entry 0xb400007e8d1e9880 with sub itfe 0xb400007ea480f200 in library pre_processing
01-25 18:52:14.575  2829  5012 W LocationManagerService: onFreezeStateChanged, uid[10303]=false
01-25 18:52:14.575  2829  4993 D FreecessController: UFZ : droom.sleepIfUCan(0), reason: Binder(1)-android.media.IAudioPolicyServiceClient
01-25 18:52:14.575  2829  5012 I PowerManagerService: [PWL] SetWakeLockEnableDisable uid = 10303 , disable= false
01-25 18:52:14.575  2829  5012 I PowerManagerService: [PWL] can not change uid =  10303
01-25 18:52:14.576  1895 13412 W EffectHAL: Effect 0xb400007e8d1e9880 command SET_CONFIG returned status: Invalid argument
01-25 18:52:14.576  1895 13412 W EffectHAL: Effect 0xb400007e8d1e9880 command SET_CONFIG returned status: Invalid argument
01-25 18:52:14.577  1959  3782 I SS_3A   :  INFO: AEC: TsAec_process_get_aec_info: 2583: [F][7] algo_out Av=2.273 g=56.048 e_t=0.00831 LLS=0x0 Ev=5.344 Bv=-0.344 PEv=4.656 Cvgd=0 lux=325, lls=0x0, drc=1.000 wide=0 Vo=0.000
01-25 18:52:14.578  1959  3785 I SS_3A   :  INFO: AWB: TsAwb_process_preview: 3028: [7]TsAwb_gain_front=1.835,1.00,1.958,  BV=-1.152, lux=344, CT=4570, CT2=4570, TG=10, Ch_g=1.062, I/V=0.000, LT=0, PsnIdx=0
01-25 18:52:14.582  1895 13412 V EffectsFactory: EffectCreate() UUID: 1D97BB0B-9E2F-4403-9AE3-58C2554306F8
01-25 18:52:14.582  1895 13412 I EffectsFactory: EffectCreate() create_effect
01-25 18:52:14.582  1895 13412 V EffectsFactory: EffectCreate() gInterface
01-25 18:52:14.582  1895 13412 V EffectsFactory: EffectCreate() created entry 0xb400007ea4840520 with sub itfe 0xb400007ea480f218 in library pre_processing
01-25 18:52:14.583  1895 13412 W EffectHAL: Effect 0xb400007ea4840520 command SET_CONFIG returned status: Invalid argument
01-25 18:52:14.583  1895 13412 W EffectHAL: Effect 0xb400007e8d1e9880 command SET_CONFIG returned status: Invalid argument
01-25 18:52:14.583  1959  3781 I SS_3A   :  INFO: AEC: TsAec_process_get_aec_info: 2583: [F][8] algo_out Av=2.273 g=92.241 e_t=0.00831 LLS=0x0 Ev=4.625 Bv=-0.402 PEv=4.598 Cvgd=0 lux=326, lls=0x0, drc=1.000 wide=0 Vo=0.000
01-25 18:52:14.583  1895 13412 W EffectHAL: Effect 0xb400007ea4840520 command SET_CONFIG returned status: Invalid argument
01-25 18:52:14.583  1959  3785 I SS_3A   :  INFO: AWB: TsAwb_process_preview: 3028: [8]TsAwb_gain_front=1.835,1.00,1.958,  BV=-0.344, lux=325, CT=4568, CT2=4347, TG=82, Ch_g=1.055, I/V=0.000, LT=0, PsnIdx=0
01-25 18:52:14.587 27085 27282 D CompatibilityChangeReporter: Compat change id reported: 147600208; UID 10443; state: ENABLED
01-25 18:52:14.588  2829  2855 D CompatibilityChangeReporter: Compat change id reported: 157233955; UID 10443; state: ENABLED
01-25 18:52:14.590  2012 31361 V APM_AudioPolicyManager: setAppState(portId:1389, state:2)
01-25 18:52:14.590  2829  3132 D SensorPrivacyService: onOpNoted  com.outsystemscloud.lucasgv.SandboxAppCordova  code=27  uid=10443
01-25 18:52:14.590  2012 31361 V APM_AudioPolicyManager: setAppState(portId:1389, state:2)
01-25 18:52:14.590  2012 31361 V APM_AudioPolicyManager: startInput portId 1389
01-25 18:52:14.590  2012 31361 V APM_AudioPolicyManager: startInput input:278, session:13001)
01-25 18:52:14.591  1895 13412 D AHAL: AudioStream: in_update_sink_metadata_v7: 1607: in_update_sink_metadata_v7: sink device 0
01-25 18:52:14.591  1895 13412 D AHAL: AudioStream: in_update_sink_metadata_v7: 1632: track count is 1 for usecase (33: audio-record-voip)
01-25 18:52:14.591  1895 13412 D AHAL: AudioStream: in_update_sink_metadata_v7: 1641: channel_mask 16
01-25 18:52:14.591  1895 13412 D AHAL: AudioStream: in_update_sink_metadata_v7: 1665: Sink metadata source:7
01-25 18:52:14.591  1895 13412 D AHAL: AudioStream: SetAggregateSinkMetadata: 5129: Aggregated Sink metadata source:7
01-25 18:52:14.591  1895 13412 D AHAL: AudioDevice: CreateAudioPatch: 451: enter: num sources 1, num_sinks 1
01-25 18:52:14.591  1895 13412 D AHAL: AudioDevice: CreateAudioPatch: 466: source role 1, source type 1
01-25 18:52:14.591  1895 13412 D AHAL: AudioDevice: CreateAudioPatch: 477: Capture patch from device 80000080 to mix 278
01-25 18:52:14.591  1895 13412 I AHAL: AudioDevice: InGetStream: 1660: Found existing stream associated with iohandle 278
01-25 18:52:14.591  1895 13412 I AHAL: AudioStream: RouteStream: 5161: Enter: InPrimary usecase(33: audio-record-voip)
01-25 18:52:14.591  1895 13412 D AHAL: AudioStream: RouteStream: 5172: mAndroidInDevices 0x80000080, mNoOfInDevices 1, new_devices 0x80000080, num new_devices: 1
01-25 18:52:14.591  1895 13412 D AHAL: AudioStream: RouteStream: 5330: exit 0
01-25 18:52:14.591  1895 13412 D AHAL: AudioDevice: CreateAudioPatch: 612: Added a new patch with handle 283
01-25 18:52:14.591  1895 13412 D AHAL: AudioDevice: CreateAudioPatch: 615: Exit ret: 0
01-25 18:52:14.592  2012 27357 D audioserver: FGS Logger Transaction failed
01-25 18:52:14.592  2012 27357 D audioserver: -129
01-25 18:52:14.592  2012 27357 D audioserver: FGS Logger Transaction failed
01-25 18:52:14.592  2012 27357 D audioserver: -129
01-25 18:52:14.592  1895 13412 D AHAL: AudioStream: in_update_sink_metadata_v7: 1607: in_update_sink_metadata_v7: sink device 0
01-25 18:52:14.592  1895 13412 D AHAL: AudioStream: in_update_sink_metadata_v7: 1632: track count is 1 for usecase (33: audio-record-voip)
01-25 18:52:14.592  1895 13412 D AHAL: AudioStream: in_update_sink_metadata_v7: 1641: channel_mask 16
01-25 18:52:14.592  1895 13412 D AHAL: AudioStream: in_update_sink_metadata_v7: 1665: Sink metadata source:7
01-25 18:52:14.592  1895 13412 D AHAL: AudioStream: SetAggregateSinkMetadata: 5129: Aggregated Sink metadata source:7
01-25 18:52:14.592  2012 31361 V APM_AudioPolicyManager: setInputDevice() AF::createAudioPatch returned 0 patchHandle 6908 num_sources 1 num_sinks 1
01-25 18:52:14.593  1895 13412 V sthal_SoundTriggerDevice: stdev_stop_recognition: Enter
01-25 18:52:14.593  1895 13412 V sthal_SoundTriggerSession: StopRecognition: Enter
01-25 18:52:14.593  1895 13412 V sthal_SoundTriggerSession: StopRecognition_l: Enter
01-25 18:52:14.593  1895 13412 D sthal_SoundTriggerSession: RegisterHalEvent:[c2] ST_EVENT_SESSION_DEREGISTER capture_handle 182
01-25 18:52:14.593  1895 13412 I PAL: API: pal_stream_stop: 368: Enter. Stream handle :0xb400007ea4825800K
01-25 18:52:14.593  1895 13412 I PAL: StreamSoundTrigger: stop: 365: Enter, stream direction 2
01-25 18:52:14.593  1895 13412 I PAL: StreamSoundTrigger: ProcessEvent: 2457: StActive: handle event 5 for stream instance 1
01-25 18:52:14.593  1895 13412 E PAL: Device: getDeviceAttributes: 348: empty device attr for device 38
01-25 18:52:14.593  1895 13412 E PAL: ResourceManager: updateECDeviceMap: 5641: Cannot reset as ec ref not present
01-25 18:52:14.593  1895 13412 I PAL: StreamSoundTrigger: setECRef_l: 663: Enter, enable 0
01-25 18:52:14.593  1895 13412 I PAL: StreamSoundTrigger: setECRef_l: 666: No need to set ec ref
01-25 18:52:14.593  1895 13412 I PAL: StreamSoundTrigger: setECRef_l: 688: Exit, status 0
01-25 18:52:14.593  1895 13412 I PAL: SoundTriggerEngineGsl: StopRecognition: 1755: Enter
01-25 18:52:14.593  1895 13412 I PAL: SoundTriggerEngineGsl: ProcessStopRecognition: 1721: Enter
01-25 18:52:14.593  1895 13412 I PAL: ResourceManager: acquireWakeLock: 1294: Acquiring wake lock audio_pal_wl
01-25 18:52:14.593  1895  1945 V sec_audio_hw: sec_dev_set_parameters : l_=0
01-25 18:52:14.593  1895  1945 D AHAL: AudioDevice: SetParameters: 1799: enter
01-25 18:52:14.593  1895  1945 D AHAL: AudioVoice: VoiceSetParameters: 171: Enter
01-25 18:52:14.593  1895 13412 I PAL: SoundTriggerEngineGsl: UpdateSessionPayload: 2389: Enter, param : 4
01-25 18:52:14.593  1895  1945 D AHAL: AudioVoice: VoiceSetParameters: 416: Exit ret: 0
01-25 18:52:14.593  1895 13412 I PAL: PayloadBuilder: payloadSVAConfig: 1631: PID 0x8001051, payload 0xb400007ea47ea7d0K size 16
01-25 18:52:14.593  1895  1945 D AHAL: hfp: hfp_set_parameters: 447: enter
01-25 18:52:14.593  1895  1945 D AHAL: AudioDevice: SetParameters: 2521: exit: l_=0
01-25 18:52:14.593  1895 13412 D AGM: graph: graph_set_config: 1174 entry graph_handle 0x47534c
01-25 18:52:14.593  1895  1945 I Audio_a2dpsink_hw: adev_set_parameters: kevpairs=[l_=0]
01-25 18:52:14.593  4158  4158 I DesktopManager: notifyPrivacyItemsChanged() visible = true mDesktopMode = 710
01-25 18:52:14.593  2012 31361 V APM_AudioPolicyManager: startInput input 278 source = 7 status = 0 exit
01-25 18:52:14.594  2012 31361 D audioserver: FGS Logger Transaction failed
01-25 18:52:14.594  2012 31361 D audioserver: -129
01-25 18:52:14.594  1895 13412 D AGM: graph: graph_set_config: 1182 exit, graph handle 0x47534c, ret 0
01-25 18:52:14.594  1895 13412 D AGM: graph: graph_stop: 993 entry graph_handle 0x47534c
01-25 18:52:14.594  1895 16913 W StreamHAL: Error from HAL stream in function set_microphone_direction: Function not implemented
01-25 18:52:14.594  1895 16913 D AHAL: AudioStream: astream_in_add_audio_effect: 1444: Enter 
01-25 18:52:14.594  1895 16913 I AHAL: AudioStream: addRemoveAudioEffect: 4953:  Current stream ==> 278 && effect handle -1927374720
01-25 18:52:14.594  1895 16913 I AHAL: AudioStream: addRemoveAudioEffect: 4962:  EC enabled ======> 0
01-25 18:52:14.594  1895 16913 I AHAL: AudioStream: addRemoveAudioEffect: 4977: Got EC enable. Enabling EC
01-25 18:52:14.594  1895  1945 W StreamHAL: Error from HAL stream in function set_microphone_field_dimension: Function not implemented
01-25 18:52:14.594  1895 16913 E PAL: API: pal_add_remove_effect: 836: Invalid stream handle status -22
01-25 18:52:14.594  1895 16913 I AHAL: AudioStream: addRemoveAudioEffect: 4981: size of EC Enabled set ===> 1
01-25 18:52:14.594  1895 16913 D AHAL: AudioStream: astream_in_add_audio_effect: 1460: Exit ret: 0
01-25 18:52:14.595  2829  4293 V AS.AudioService: setMode(mode=3, pid=27085, uid=10443, caller=com.outsystemscloud.lucasgv.SandboxAppCordova)
01-25 18:52:14.595  2829  4293 D SGM:GameManager: identifyGamePackage. com.outsystemscloud.lucasgv.SandboxAppCordova, mCurrentUserId: 0, callerUserId: 0, callingMethodInfo: com.samsung.android.game.SemGameManager.isGamePackage(SemGameManager.java:111)
01-25 18:52:14.595  2829  4293 D SGM:PkgDataHelper: getGamePkgData(). com.outsystemscloud.lucasgv.SandboxAppCordova
01-25 18:52:14.595  2829  4293 D SGM:SemGameManager: isGamePackage(), pkgName=com.outsystemscloud.lucasgv.SandboxAppCordova, ret=false
01-25 18:52:14.595  2829  4293 V AS.AudioService: setMode(3) adding handler for pid=27085
01-25 18:52:14.596  2829  4293 I AS.AudioService: setModeCallingPackage=NORMAL
01-25 18:52:14.596  2829  4293 I AS.AudioServiceExt: callguard: mode(3), pid(27085), skipSet(false)
01-25 18:52:14.596  2031  2222 I VSyncReactor: Current= 120, Period= 120, Distance= 1
01-25 18:52:14.596  2829  6760 V AudioService.RecordingActivityMonitor: updateSoundAppPolicy packageName = com.outsystemscloud.lucasgv.SandboxAppCordova
01-25 18:52:14.596  2829  3972 V AS.AudioService: onUpdateAudioMode() new mode: 3 uid = 10443 pid = 27085 package = com.outsystemscloud.lucasgv.SandboxAppCordova current mode: 0 requested mode: 3 requested pid: 27085 requesterPackage: com.outsystemscloud.lucasgv.SandboxAppCordova
01-25 18:52:14.596  2829  6760 D SGM:GameManager: identifyGamePackage. com.outsystemscloud.lucasgv.SandboxAppCordova, mCurrentUserId: 0, callerUserId: 0, callingMethodInfo: com.samsung.android.game.SemGameManager.isGamePackage(SemGameManager.java:111)
01-25 18:52:14.596  2829  6760 D SGM:PkgDataHelper: getGamePkgData(). com.outsystemscloud.lucasgv.SandboxAppCordova
01-25 18:52:14.596  2829  6760 D SGM:SemGameManager: isGamePackage(), pkgName=com.outsystemscloud.lucasgv.SandboxAppCordova, ret=false
01-25 18:52:14.596  2829  3972 I MicModeManager: updateAudioMode() audioMode=3, caller=com.outsystemscloud.lucasgv.SandboxAppCordova, curCallDevice=2
01-25 18:52:14.596  2829  3972 I MicModeManager: setVoipTranslator enable false, supported false, mode 3, com.outsystemscloud.lucasgv.SandboxAppCordova
01-25 18:52:14.596  2829  3972 D KNOX_MDM_SettingsProvider: isChangeAllowed() : name = voip_translator_package
01-25 18:52:14.597  1895 13412 D AGM: graph: graph_stop: 1040 exit, ret 0
01-25 18:52:14.597  2829  3972 D KNOX_MDM_SettingsProvider: isChangeAllowed() : name = voip_translator_enable
01-25 18:52:14.597  2829  3972 I MicModeManager: isMicModeSupported() MicModeType: 1, audioMode: 3, curDevice: 2, translationState: false, dexState: false, smartViewState: false, gameChatState: false, wifiCallState: false, videoCallState: false
01-25 18:52:14.597  1895 13412 I PAL: ResourceManager: voteSleepMonitor: 1950: Unvoting done for lpi use case, lpi votes 0, nlpi votes : 0
01-25 18:52:14.597  2829  3972 I MicModeManager: isMicModeSupported() MicMode ON
01-25 18:52:14.597  2829  3972 I MicModeManager: getVoipCallMicMode voipCallMicMode = 0
01-25 18:52:14.597  2829  3972 I MicModeManager: updateMicModeSettings is enabled true, effect:0, com.outsystemscloud.lucasgv.SandboxAppCordova
01-25 18:52:14.597  2829  3972 D KNOX_MDM_SettingsProvider: isChangeAllowed() : name = mic_mode_enable
01-25 18:52:14.597  1895 13412 I PAL: SoundTriggerEngineGsl: UpdateState: 1088: Engine state transitioned from 2 to 1
01-25 18:52:14.598  1895 13412 I PAL: ResourceManager: releaseWakeLock: 1316: Releasing wake lock audio_pal_wl
01-25 18:52:14.598  1895 13412 I PAL: SoundTriggerEngineGsl: ProcessStopRecognition: 1745: Exit, status = 0
01-25 18:52:14.598  1895 13412 I PAL: SoundTriggerEngineGsl: StopRecognition: 1805: Exit, status = 0
01-25 18:52:14.598  1895 13412 I PAL: StreamSoundTrigger: ProcessEvent: 2522: Stop device 38-PAL_DEVICE_IN_HANDSET_VA_MIC
01-25 18:52:14.598  1895 13412 I PAL: StreamSoundTrigger: ProcessEvent: 2528: Close device 38-PAL_DEVICE_IN_HANDSET_VA_MIC
01-25 18:52:14.598  1895 13412 I PAL: Device: close: 498: Enter. deviceCount 1 for device id 38 (PAL_DEVICE_IN_HANDSET_VA_MIC)
01-25 18:52:14.598  2829  3972 D KNOX_MDM_SettingsProvider: isChangeAllowed() : name = mic_mode_effect
01-25 18:52:14.598  2829  3972 D KNOX_MDM_SettingsProvider: isChangeAllowed() : name = mic_mode_package
01-25 18:52:14.598  2012  2176 D CallStateManager: updateCallModeByGuard push_back pid 27085 mode 3
01-25 18:52:14.598  2012  2176 I CallStateManager: setModePidByGuard: pid : 27085
01-25 18:52:14.598  1895  1945 D AHAL: AudioDevice: SetMode: 1737: enter: mode: 3
01-25 18:52:14.598  1895  1945 D AHAL: AudioVoice: SetMode: 57: Enter: mode: 3
01-25 18:52:14.598  1895  1945 D AHAL: AudioStream: ForceRouteStream: 6524: mAndroidOutDevices 1
01-25 18:52:14.598  1895  1945 D AHAL: AudioDevice: GetPalDeviceIds: 2721: haldeviceIds: 1
01-25 18:52:14.598  1895  1945 D AHAL: AudioDevice: GetPalDeviceIds: 2728: Found haldeviceId: 1 and PAL Device ID 2
01-25 18:52:14.598  1895  1945 D AHAL: AudioDevice: GetPalDeviceIds: 2747: devices allocated 1, pal device ids before returning 1
01-25 18:52:14.598  1895  1945 I AHAL: SecAudioVoice: SetVoipMicModeEffect: 826: set SetVoipMicModeEffect as 2
01-25 18:52:14.598  1895  1945 D AHAL: AudioVoice: SetMode: 143: Exit ret: 0
01-25 18:52:14.598  1895  1945 D AHAL: AudioDevice: SetMode: 1739: Exit ret: 0
01-25 18:52:14.598  2012  2176 I AudioFlinger: monoMixMode[2] for haptic playback
01-25 18:52:14.598  2012  2176 V APM_AudioPolicyManager: setPhoneState() state 3
