01-25 20:01:40.609  2012  2176 V APM_AudioPolicyManager: setVolumeCurveIndex stream AUDIO_STREAM_VOICE_CALL, device 0x20000000, index 8
01-25 20:01:40.609  4158  4181 W System  : A resource failed to call release. 
01-25 20:01:40.609  4158  4181 W System  : A resource failed to call release. 
01-25 20:01:40.609  4158  4181 W System  : A resource failed to call release. 
01-25 20:01:40.609  2829  3972 D BluetoothA2dp: getActiveDevice()
01-25 20:01:40.609  4158  4181 W System  : A resource failed to call release. 
01-25 20:01:40.609  4158  4181 W System  : A resource failed to call release. 
01-25 20:01:40.609  4158  4181 W System  : A resource failed to call release. 
01-25 20:01:40.609  4158  4181 W System  : A resource failed to call release. 
01-25 20:01:40.609  4158  4181 W System  : A resource failed to call release. 
01-25 20:01:40.609  4158  4181 W System  : A resource failed to call HardwareBuffer.close. 
01-25 20:01:40.610  4158  4181 W ndroid.systemui: ApkAssets: Deleting an ApkAssets object '<empty> and /data/app/~~oVEsJbFXaCerIX6n-FenTA==/com.fatsecret.android-nhDJGs9ThFG01DTxWHF1rg==/base.apk' with 1 weak references
01-25 20:01:40.610  2829  3972 D AS.AudioService: isBluetoothDualModeActive=false
01-25 20:01:40.610  2012  2176 V APM_AudioPolicyManager: setVolumeCurveIndex stream AUDIO_STREAM_DTMF, device 0x20000000, index 9
01-25 20:01:40.610  4158  4181 W ndroid.systemui: ApkAssets: Deleting an ApkAssets object '<empty> and /data/app/~~oVEsJbFXaCerIX6n-FenTA==/com.fatsecret.android-nhDJGs9ThFG01DTxWHF1rg==/split_config.arm64_v8a.apk' with 1 weak references
01-25 20:01:40.610  4158  4181 W ndroid.systemui: ApkAssets: Deleting an ApkAssets object '<empty> and /data/app/~~oVEsJbFXaCerIX6n-FenTA==/com.fatsecret.android-nhDJGs9ThFG01DTxWHF1rg==/split_config.xxhdpi.apk' with 1 weak references
01-25 20:01:40.610  2829  3972 D BluetoothA2dp: getActiveDevice()
01-25 20:01:40.610  2829  3972 D AS.AudioService: isBluetoothDualModeActive=false
01-25 20:01:40.610  2012  2176 V APM_AudioPolicyManager: setVolumeCurveIndex stream AUDIO_STREAM_DTMF, device 0x00000002, index 6
01-25 20:01:40.611  2012  2176 V APM_AudioPolicyManager: checkAndSetVolume: output 13, stream 8, index 6, devices 0x2, volume 0.500000
01-25 20:01:40.611  2012  2176 V APM_AudioPolicyManager: checkAndSetVolume: output 21, stream 8, index 6, devices 0x2, volume 0.500000
01-25 20:01:40.611  2012  2176 V APM_AudioPolicyManager: checkAndSetVolume: output 29, stream 8, index 6, devices 0x2, volume 0.500000
01-25 20:01:40.611  2012  2176 V APM_AudioPolicyManager: checkAndSetVolume: output 37, stream 8, index 6, devices 0x2, volume 0.500000
01-25 20:01:40.612  2829  3974 V AS.AudioDeviceBroker: requestedCommunicationDevice: AudioDeviceAttributes: role:output type:speaker addr: name: profiles:[] descriptors:[] mAudioModeOwner: AudioModeInfo: mMode=MODE_NORMAL, mPid=0, mUid=0
01-25 20:01:40.612  2012  2176 V APM_AudioPolicyManager: setVolumeCurveIndex stream AUDIO_STREAM_VOICE_CALL, device 0x20000000, index 8
01-25 20:01:40.612  2829  3974 V AS.AudioDeviceBroker: onUpdateCommunicationRouteClient, crc: [CommunicationRouteClient: mUid: 10450 mDevice: AudioDeviceAttributes: role:output type:speaker addr: name: profiles:[] descriptors:[] mIsPrivileged: false mPlaybackActive: false mRecordingActive: true] wasBtScoRequested: false eventSource: setNewModeOwner
01-25 20:01:40.612  2829  3974 V AS.AudioDeviceBroker: setCommunicationRouteForClient: device: AudioDeviceAttributes: role:output type:speaker addr: name: profiles:[] descriptors:[], eventSource: setNewModeOwner
01-25 20:01:40.612  2829  3974 I AS.AudioDeviceBroker: setCommunicationRouteForClient for uid: 10450 device: AudioDeviceAttributes: role:output type:speaker addr: name: profiles:[] descriptors:[] isPrivileged: false from API: setNewModeOwner
01-25 20:01:40.612  2829  3974 V AS.AudioDeviceBroker: requestedCommunicationDevice: AudioDeviceAttributes: role:output type:speaker addr: name: profiles:[] descriptors:[] mAudioModeOwner: AudioModeInfo: mMode=MODE_IN_COMMUNICATION, mPid=22904, mUid=10450
01-25 20:01:40.612  2829  3972 D BluetoothA2dp: getActiveDevice()
01-25 20:01:40.612  2829  3974 V AS.AudioDeviceBroker: requestedCommunicationDevice: AudioDeviceAttributes: role:output type:speaker addr: name: profiles:[] descriptors:[] mAudioModeOwner: AudioModeInfo: mMode=MODE_IN_COMMUNICATION, mPid=22904, mUid=10450
01-25 20:01:40.612  2829  3974 V AS.AudioDeviceBroker: requestedCommunicationDevice: AudioDeviceAttributes: role:output type:speaker addr: name: profiles:[] descriptors:[] mAudioModeOwner: AudioModeInfo: mMode=MODE_IN_COMMUNICATION, mPid=22904, mUid=10450
01-25 20:01:40.612  2829  3974 V AS.AudioDeviceBroker: requestedCommunicationDevice: AudioDeviceAttributes: role:output type:speaker addr: name: profiles:[] descriptors:[] mAudioModeOwner: AudioModeInfo: mMode=MODE_IN_COMMUNICATION, mPid=22904, mUid=10450
01-25 20:01:40.613  2829  3972 D AS.AudioService: isBluetoothDualModeActive=false
01-25 20:01:40.613  2829  3974 V AS.AudioDeviceBroker: requestedCommunicationDevice: AudioDeviceAttributes: role:output type:speaker addr: name: profiles:[] descriptors:[] mAudioModeOwner: AudioModeInfo: mMode=MODE_IN_COMMUNICATION, mPid=22904, mUid=10450
01-25 20:01:40.613  2829  3974 V AS.AudioDeviceBroker: updateCommunicationRoute, preferredCommunicationDevice: AudioDeviceAttributes: role:output type:speaker addr: name: profiles:[] descriptors:[] eventSource: setNewModeOwner
01-25 20:01:40.613  2012  2176 V APM_AudioPolicyManager: setVolumeCurveIndex stream AUDIO_STREAM_DTMF, device 0x20000000, index 9
01-25 20:01:40.613  2829  3974 V AS.AudioDeviceBroker: requestedCommunicationDevice: AudioDeviceAttributes: role:output type:speaker addr: name: profiles:[] descriptors:[] mAudioModeOwner: AudioModeInfo: mMode=MODE_IN_COMMUNICATION, mPid=22904, mUid=10450
01-25 20:01:40.613  2829  3974 I MicModeManager: setCommunicationDevice() deviceType: 2
01-25 20:01:40.613  2829  3974 I MicModeManager: updateAudioDevice() audioMode: 3, curDevice: 2
01-25 20:01:40.613  2829  3974 I MicModeManager: isMicModeSupported() MicModeType: 1, audioMode: 3, curDevice: 2, translationState: false, dexState: false, smartViewState: false, gameChatState: false, wifiCallState: false, videoCallState: false
01-25 20:01:40.613  2829  3974 I MicModeManager: isMicModeSupported() MicMode ON
01-25 20:01:40.613  2829  3974 I MicModeManager: getVoipCallMicMode voipCallMicMode = 0
01-25 20:01:40.613  2829  3972 D BluetoothA2dp: getActiveDevice()
01-25 20:01:40.613  2829  3974 D KNOX_MDM_SettingsProvider: isChangeAllowed() : name = mic_mode_enable
01-25 20:01:40.613  2829  3974 D KNOX_MDM_SettingsProvider: isChangeAllowed() : name = mic_mode_effect
01-25 20:01:40.613  2829  3974 D KNOX_MDM_SettingsProvider: isChangeAllowed() : name = mic_mode_package
01-25 20:01:40.614  2829  3972 D AS.AudioService: isBluetoothDualModeActive=false
01-25 20:01:40.614  4158  4158 D SettingsHelper: onChange() COMPLETED elapsed= 1
01-25 20:01:40.614  2829  3974 V AS.AudioDeviceBroker: requestedCommunicationDevice: AudioDeviceAttributes: role:output type:speaker addr: name: profiles:[] descriptors:[] mAudioModeOwner: AudioModeInfo: mMode=MODE_IN_COMMUNICATION, mPid=22904, mUid=10450
01-25 20:01:40.614  4158  4158 D MicMode : onChanged() - mic_mode_enable : true
01-25 20:01:40.614  4158  4158 D VideoCallMicModeBar: updateBarVisibilities: videoCall: false micMode: true voIPTranslator: false
01-25 20:01:40.614  2012  2176 V APM_AudioPolicyManager: setVolumeCurveIndex stream AUDIO_STREAM_DTMF, device 0x00000002, index 6
01-25 20:01:40.614  4158  4158 I VideoCallMicModeBar: showBar : true
01-25 20:01:40.614  2012  2176 V APM_AudioPolicyManager: checkAndSetVolume: output 13, stream 8, index 6, devices 0x2, volume 0.500000
01-25 20:01:40.614  2829  3974 I Telecom : SamsungTelecomServiceImpl : isInCall - callingPackage : android / callingUser : UserHandle{0} / hasCrossUserAccess : true
01-25 20:01:40.614  2012  2176 V APM_AudioPolicyManager: checkAndSetVolume: output 21, stream 8, index 6, devices 0x2, volume 0.500000
01-25 20:01:40.615  2012  2176 V APM_AudioPolicyManager: checkAndSetVolume: output 29, stream 8, index 6, devices 0x2, volume 0.500000
01-25 20:01:40.615  2012  2176 V APM_AudioPolicyManager: checkAndSetVolume: output 37, stream 8, index 6, devices 0x2, volume 0.500000
01-25 20:01:40.615  2012 20530 V APM_AudioPolicyManager: getAudioPolicyConfig: audioParam;l_device_current_output
01-25 20:01:40.616  2012 20530 V APM_AudioPolicyManager: getNewOutputDevices selected devices {AUDIO_DEVICE_OUT_SPEAKER, @:}
01-25 20:01:40.616  2012  2176 V APM_AudioPolicyManager: setForceUse() usage 7, config 0, mPhoneState 3
01-25 20:01:40.616  2012  2176 W APM_AudioPolicyManager: setForceUse() usage 7, config 0 is already set
01-25 20:01:40.616  2012  2176 V APM_AudioPolicyManager: setVolumeCurveIndex stream AUDIO_STREAM_DTMF, device 0x00000001, index 15
01-25 20:01:40.617  2012  2176 V APM_AudioPolicyManager: setVolumeCurveIndex stream AUDIO_STREAM_DTMF, device 0x00000002, index 6
01-25 20:01:40.617  2012  2176 V APM_AudioPolicyManager: checkAndSetVolume: output 13, stream 8, index 6, devices 0x2, volume 0.500000
01-25 20:01:40.617  2012  2176 V APM_AudioPolicyManager: checkAndSetVolume: output 21, stream 8, index 6, devices 0x2, volume 0.500000
01-25 20:01:40.617  2012  2176 V APM_AudioPolicyManager: checkAndSetVolume: output 29, stream 8, index 6, devices 0x2, volume 0.500000
01-25 20:01:40.617  2012  2176 V APM_AudioPolicyManager: checkAndSetVolume: output 37, stream 8, index 6, devices 0x2, volume 0.500000
01-25 20:01:40.617  1959  3785 W IS_ALGO : IS1028: V3: is_valid_frame_times(3304): frame_id previous frame 1: Frame drop was detected. (# of missing frames, current frame SOF, previous frame SOF): 1, 519075385642, 519075318931
01-25 20:01:40.617  1959  3783 W IS_ALGO : IS1028: V3: is_valid_frame_times(3304): frame_id previous frame 1: Frame drop was detected. (# of missing frames, current frame SOF, previous frame SOF): 1, 519075385642, 519075318931
01-25 20:01:40.617  1959  3783 W IS_ALGO : IS1028: V3: is_valid_frame_times(3304): frame_id  2: Frame drop was detected. (# of missing frames, current frame SOF, previous frame SOF): 1, 519075385642, 519075318931
01-25 20:01:40.617  1959  3785 W IS_ALGO : IS1028: V3: is_valid_frame_times(3304): frame_id  2: Frame drop was detected. (# of missing frames, current frame SOF, previous frame SOF): 1, 519075385642, 519075318931
01-25 20:01:40.618  2012  2176 V APM_AudioPolicyManager: setVolumeCurveIndex stream AUDIO_STREAM_DTMF, device 0x20000000, index 9
01-25 20:01:40.619  2012  2176 V APM_AudioPolicyManager: setVolumeCurveIndex stream AUDIO_STREAM_DTMF, device 0x40000000, index 9
01-25 20:01:40.619  2012  2176 V APM_AudioPolicyManager: checkAndSetVolume: output 69, stream 8, index 9, devices 0x10000, volume 1.000000
01-25 20:01:40.619  2012  2176 V APM_AudioPolicyManager: checkAndSetVolume: output 85, stream 8, index 9, devices 0x10000, volume 1.000000
01-25 20:01:40.619  2031  2031 I Layer   : id=47438 Destroyed Task=31863#47438
01-25 20:01:40.619  2031  2031 I Layer   : id=47575 Destroyed ActivityRecord{f4e394 u0 com.google.android.permissioncontroller/com.android.permissioncontroller.permission.ui.ManagePermissionsActivity t31864}#47575
01-25 20:01:40.619  2031  2031 I Layer   : id=47584 Destroyed 6aba5a6 ActivityRecordInputSink com.google.android.permissioncontroller/com.android.permissioncontroller.permission.ui.ManagePermissionsActivity#47584
01-25 20:01:40.619  2031  2031 I Layer   : id=47423 Destroyed ActivityRecord{27a2dd6 u0 com.google.android.packageinstaller/com.android.packageinstaller.InstallInstalling t31862}#47423
01-25 20:01:40.619  2031  2031 I Layer   : id=47437 Destroyed 180e857 ActivityRecordInputSink com.google.android.packageinstaller/com.android.packageinstaller.InstallInstalling#47437
01-25 20:01:40.619  2031  2031 I Layer   : id=47562 Destroyed ActivityRecord{3b9acc1 u0 com.android.settings/.applications.InstalledAppDetails t31864}#47562
01-25 20:01:40.619  2031  2031 I Layer   : id=47568 Destroyed 38d5dcb ActivityRecordInputSink com.android.settings/.applications.InstalledAppDetailsTop#47568
01-25 20:01:40.619  2031  2031 I Layer   : id=47517 Destroyed ActivityRecord{ccde9b u0 com.google.android.packageinstaller/com.android.packageinstaller.InstallSuccess t31862}#47517
01-25 20:01:40.619  2031  2031 I Layer   : id=47533 Destroyed 9f03238 ActivityRecordInputSink com.google.android.packageinstaller/com.android.packageinstaller.InstallSuccess#47533
01-25 20:01:40.619  2031  2031 I Layer   : id=47381 Destroyed Task=31862#47381
01-25 20:01:40.619  2012  2176 V APM_AudioPolicyManager: setVolumeCurveIndex stream AUDIO_STREAM_DTMF, device 0x00000001, index 15
01-25 20:01:40.619  2012  2176 V APM_AudioPolicyManager: setVolumeCurveIndex stream AUDIO_STREAM_DTMF, device 0x00000002, index 6
01-25 20:01:40.619  2012  2176 V APM_AudioPolicyManager: checkAndSetVolume: output 13, stream 8, index 6, devices 0x2, volume 0.500000
01-25 20:01:40.620  2012  2176 V APM_AudioPolicyManager: checkAndSetVolume: output 21, stream 8, index 6, devices 0x2, volume 0.500000
01-25 20:01:40.620  2012  2176 V APM_AudioPolicyManager: checkAndSetVolume: output 29, stream 8, index 6, devices 0x2, volume 0.500000
01-25 20:01:40.620  2012  2176 V APM_AudioPolicyManager: checkAndSetVolume: output 37, stream 8, index 6, devices 0x2, volume 0.500000
01-25 20:01:40.621  2031  2155 D RenderEngine: [SEC_GC_CMN_SF_EFFECTS] drawLayersInternal,1279, Rendering layer  at index 0
01-25 20:01:40.621  2031  2155 D RenderEngine: [SEC_GC_CMN_SF_EFFECTS] drawLayersInternal,1279, Rendering layer com.outsystemscloud.lucasgv.SandboxAppCordova/com.outsystemscloud.lucasgv.SandboxAppCordova.MainActivity$_22904#47686 at index 1
01-25 20:01:40.621  2012  2176 V APM_AudioPolicyManager: setVolumeCurveIndex stream AUDIO_STREAM_DTMF, device 0x20000000, index 9
01-25 20:01:40.622  2012  2176 V APM_AudioPolicyManager: setVolumeCurveIndex stream AUDIO_STREAM_DTMF, device 0x40000000, index 9
01-25 20:01:40.622  2012  2176 V APM_AudioPolicyManager: checkAndSetVolume: output 69, stream 8, index 9, devices 0x10000, volume 1.000000
01-25 20:01:40.622  2012  2176 V APM_AudioPolicyManager: checkAndSetVolume: output 85, stream 8, index 9, devices 0x10000, volume 1.000000
01-25 20:01:40.622  2012  2176 V APM_AudioPolicyManager: setVolumeCurveIndex stream AUDIO_STREAM_ACCESSIBILITY, device 0x00000001, index 9
01-25 20:01:40.623  2012  2176 V APM_AudioPolicyManager: setVolumeCurveIndex stream AUDIO_STREAM_ACCESSIBILITY, device 0x00000002, index 9
01-25 20:01:40.623  2012  2176 V APM_AudioPolicyManager: checkAndSetVolume: output 13, stream 10, index 9, devices 0x2, volume 0.500000
01-25 20:01:40.623  2012  2176 V APM_AudioPolicyManager: checkAndSetVolume: output 21, stream 10, index 9, devices 0x2, volume 0.500000
01-25 20:01:40.623  2012  2176 V APM_AudioPolicyManager: checkAndSetVolume: output 29, stream 10, index 9, devices 0x2, volume 0.500000
01-25 20:01:40.623  2012  2176 V APM_AudioPolicyManager: checkAndSetVolume: output 37, stream 10, index 9, devices 0x2, volume 0.500000
01-25 20:01:40.623  2012  2176 V APM_AudioPolicyManager: setVolumeCurveIndex stream AUDIO_STREAM_ACCESSIBILITY, device 0x00000004, index 9
01-25 20:01:40.623  2012  2176 V APM_AudioPolicyManager: setVolumeCurveIndex stream AUDIO_STREAM_ACCESSIBILITY, device 0x00000008, index 9
01-25 20:01:40.624  2012  2176 V APM_AudioPolicyManager: setVolumeCurveIndex stream AUDIO_STREAM_ACCESSIBILITY, device 0x00000080, index 9
01-25 20:01:40.624  2012  2176 V APM_AudioPolicyManager: setVolumeCurveIndex stream AUDIO_STREAM_ACCESSIBILITY, device 0x00008000, index 15
01-25 20:01:40.624  2012  2176 V APM_AudioPolicyManager: setVolumeCurveIndex stream AUDIO_STREAM_ACCESSIBILITY, device 0x04000000, index 9
01-25 20:01:40.624  2012  2176 V APM_AudioPolicyManager: setVolumeCurveIndex stream AUDIO_STREAM_ACCESSIBILITY, device 0x20000000, index 9
01-25 20:01:40.625  2012  2176 V APM_AudioPolicyManager: setVolumeCurveIndex stream AUDIO_STREAM_ACCESSIBILITY, device 0x20000002, index 9
01-25 20:01:40.625  2012  2176 V APM_AudioPolicyManager: setVolumeCurveIndex stream AUDIO_STREAM_ACCESSIBILITY, device 0x40000000, index 8
01-25 20:01:40.625  2012  2176 V APM_AudioPolicyManager: checkAndSetVolume: output 69, stream 10, index 8, devices 0x10000, volume 1.000000
01-25 20:01:40.625  2012  2176 V APM_AudioPolicyManager: checkAndSetVolume: output 85, stream 10, index 8, devices 0x10000, volume 1.000000
01-25 20:01:40.625  2012  2176 V APM_AudioPolicyManager: setAudioPolicyConfig: audioParam;l_volume_fine_key;index=80;device=536870912
01-25 20:01:40.625  2012  2176 V APM_AudioPolicyManager: setVolumeCurveIndex stream AUDIO_STREAM_MUSIC, device 0x20000000, index 8
01-25 20:01:40.625  2012  2176 V APM_AudioPolicyManager: getNewOutputDevices selected devices {AUDIO_DEVICE_OUT_SPEAKER, @:}
01-25 20:01:40.625  2012  2176 V APM_AudioPolicyManager: checkAndSetVolume: output 13, stream 3, index 8, devices 0x2, volume 0.053088
01-25 20:01:40.626  2012  2176 V APM_AudioPolicyManager: checkAndSetVolume: output 21, stream 3, index 8, devices 0x2, volume 0.053088
01-25 20:01:40.626  2012  2176 V APM_AudioPolicyManager: checkAndSetVolume: output 29, stream 3, index 8, devices 0x2, volume 0.053088
01-25 20:01:40.627  2012  2176 V APM_AudioPolicyManager: checkAndSetVolume: output 37, stream 3, index 8, devices 0x2, volume 0.053088
01-25 20:01:40.629  2829  3972 I AS.AudioService: fine volume : l_volume_fine_key;index=80;device=536870912
01-25 20:01:40.629  2012  2176 V APM_AudioPolicyManager: setAudioPolicyConfig: audioParam;l_volume_fine_key;index=80;device=536870914
01-25 20:01:40.629  2012  2176 V APM_AudioPolicyManager: setVolumeCurveIndex stream AUDIO_STREAM_MUSIC, device 0x20000002, index 8
01-25 20:01:40.629  2012  2176 V APM_AudioPolicyManager: getNewOutputDevices selected devices {AUDIO_DEVICE_OUT_SPEAKER, @:}
01-25 20:01:40.629  2012  2176 V APM_AudioPolicyManager: checkAndSetVolume: output 13, stream 3, index 8, devices 0x2, volume 0.053088
01-25 20:01:40.630  2012  2176 V APM_AudioPolicyManager: checkAndSetVolume: output 21, stream 3, index 8, devices 0x2, volume 0.053088
01-25 20:01:40.630  2012  2176 V APM_AudioPolicyManager: checkAndSetVolume: output 29, stream 3, index 8, devices 0x2, volume 0.053088
01-25 20:01:40.631  2012  2176 V APM_AudioPolicyManager: checkAndSetVolume: output 37, stream 3, index 8, devices 0x2, volume 0.053088
01-25 20:01:40.631  1959  3785 I SS_3A   :  INFO:  AF: TsAf_get_metadata: 1149: [TsAf_Range] range_sensor_data is NULL
01-25 20:01:40.631  1959  3785 E AF_DEBUG: AfLib_ExecuteMain(1277) : [cam_id_4] still_capture_intent arrived
01-25 20:01:40.633  2829  3972 I AS.AudioService: fine volume : l_volume_fine_key;index=80;device=536870914
01-25 20:01:40.634  1959  3784 I SS_3A   :  INFO: AEC: TsAec_process_get_aec_info: 2583: [F][6] algo_out Av=2.273 g=22.384 e_t=0.03326 LLS=0x0 Ev=4.668 Bv=-0.312 PEv=4.688 Cvgd=0 lux=324, lls=0x0, drc=1.000 wide=0 Vo=0.000
01-25 20:01:40.635  1959  3783 I SS_3A   :  INFO: AWB: TsAwb_process_preview: 3028: [6]TsAwb_gain_front=1.770,1.00,2.016,  BV=-0.316, lux=324, CT=4348, CT2=4348, TG=196, Ch_g=1.058, I/V=0.005, LT=0, PsnIdx=0
01-25 20:01:40.636  2012  2176 V APM_AudioPolicyManager: setForceUse() usage 7, config 0, mPhoneState 3
01-25 20:01:40.636  2012  2176 W APM_AudioPolicyManager: setForceUse() usage 7, config 0 is already set
01-25 20:01:40.638  2411  9635 I Camera3-Status: markComponent: Component 1 is now active - BufferRequestSM
01-25 20:01:40.638  2411  9635 I Camera3-Status: markComponent: Component 1 is now idle - BufferRequestSM
01-25 20:01:40.664  1959  3785 I SS_3A   :  INFO:  AF: TsAf_get_metadata: 1149: [TsAf_Range] range_sensor_data is NULL
01-25 20:01:40.665  1959  3785 E AF_DEBUG: AfLib_ExecuteMain(1277) : [cam_id_4] still_capture_intent arrived
01-25 20:01:40.668  1959  3783 I SS_3A   :  INFO: AEC: TsAec_process_get_aec_info: 2583: [F][7] algo_out Av=2.273 g=22.023 e_t=0.03326 LLS=0x0 Ev=4.691 Bv=-0.293 PEv=4.707 Cvgd=0 lux=323, lls=0x0, drc=1.000 wide=0 Vo=0.000
01-25 20:01:40.669  2411  9635 I Camera3-Status: markComponent: Component 1 is now active - BufferRequestSM
01-25 20:01:40.669  1959  3782 I SS_3A   :  INFO: AWB: TsAwb_process_preview: 3028: [7]TsAwb_gain_front=1.771,1.00,2.021,  BV=-0.312, lux=324, CT=4340, CT2=4340, TG=192, Ch_g=1.060, I/V=0.005, LT=0, PsnIdx=0
01-25 20:01:40.669  2411  9635 I Camera3-Status: markComponent: Component 1 is now idle - BufferRequestSM
01-25 20:01:40.677  1919  3900 I sensors-hal: ssc_conn_event_cb:901, event[0] sensor:Light seamless  Wakeup, msg_id=1025, ts=9966247434530
01-25 20:01:40.677  1919  3900 I sensors-hal: handle_sns_client_event:46, light_seamless ts=519070465454770 ns, 39,40,2147483647, M:0,0, S:0,0
01-25 20:01:40.679  2829  3123 D RefreshRateModeManager: onBrightnessChangedLocked, brightness=68, lux=39.0
01-25 20:01:40.696  2411  9615 I Camera3-Status: markComponent: Component 1 is now active - BufferRequestSM
01-25 20:01:40.696  2411  9615 I Camera3-Status: markComponent: Component 1 is now idle - BufferRequestSM
01-25 20:01:40.697  1959  3782 I SS_3A   :  INFO:  AF: TsAf_get_metadata: 1149: [TsAf_Range] range_sensor_data is NULL
01-25 20:01:40.698  1959  3782 E AF_DEBUG: AfLib_ExecuteMain(1277) : [cam_id_4] still_capture_intent arrived
01-25 20:01:40.698  1959  3782 E AF_DEBUG: UpdateAfStatus(179) : [cam_id_4] AF status 0x20 -> 0x2, called from : AfStagePhaseFindGoal(5284)  
01-25 20:01:40.698  1959  3782 I SS_3A   :  INFO:  AF: TsAf_update_focus_status: 3052: [cam_id_4 for Af Lib] Update output status! new status: 0x2 prev_status: 0x20
01-25 20:01:40.701  1959  3782 I SS_3A   :  INFO: AWB: TsAwb_process_preview: 3028: [8]TsAwb_gain_front=1.771,1.00,2.021,  BV=-0.293, lux=324, CT=4340, CT2=4335, TG=189, Ch_g=1.062, I/V=0.005, LT=0, PsnIdx=0
01-25 20:01:40.701  1959  3785 I SS_3A   :  INFO: AEC: TsAec_process_get_aec_info: 2583: [F][8] algo_out Av=2.273 g=21.845 e_t=0.03326 LLS=0x0 Ev=4.703 Bv=-0.285 PEv=4.715 Cvgd=1 lux=323, lls=0x0, drc=1.022 wide=0 Vo=0.000
01-25 20:01:40.730 10178 21344 I [MCFDs]_ContinuityBleAdv@ffe963f: stopAdvertiser - unset
01-25 20:01:40.731  1959  3784 I SS_3A   :  INFO:  AF: TsAf_get_metadata: 1149: [TsAf_Range] range_sensor_data is NULL
01-25 20:01:40.732  4520  5767 I bt      : bluetooth_core::gatt::arbiter: removing server (if any) associated with advertiser AdvertiserId(0)
01-25 20:01:40.732  4520  5767 I bt_stack: [INFO:le_advertising_manager.cc(82)] Unregister in shim layer
01-25 20:01:40.732  4520  4705 I bluetooth: packages/modules/Bluetooth/system/gd/hci/le_advertising_manager.cc:409 remove_advertiser: AdvertiserId : 0
01-25 20:01:40.732 10178 10178 I [MCFDs]_ContinuityBleAdv@ffe963f: onAdvertisingSetStopped - 
01-25 20:01:40.732  4520  5623 E BtGatt.GattService: [GSIM LOG]: gsimLogHandler, msg: MESSAGE_ADV_SET_STOP, appName: com.samsung.android.mcfds, id: 0, isLegacy: true
01-25 20:01:40.732  1904  1904 D vendor.qti.bluetooth@1.1-ibs_handler: SerialClockVote: vote for UART CLK ON
01-25 20:01:40.733  1904  1904 D vendor.qti.bluetooth@1.1-wake_lock: Acquire wakelock is acquired 
01-25 20:01:40.733  1904  1904 I vendor.qti.bluetooth@1.1-ibs_handler: DeviceWakeUp: Writing IBS_WAKE_IND
01-25 20:01:40.734  1959  3781 I SS_3A   :  INFO: AWB: TsAwb_process_preview: 3028: [9]TsAwb_gain_front=1.771,1.00,2.021,  BV=-0.285, lux=324, CT=4340, CT2=4327, TG=187, Ch_g=1.063, I/V=0.005, LT=0, PsnIdx=0
01-25 20:01:40.738  1904  5478 I vendor.qti.bluetooth@1.1-ibs_handler: ProcessIbsCmd: Received IBS_WAKE_ACK: 0xFC
01-25 20:01:40.738  1904  5478 I vendor.qti.bluetooth@1.1-ibs_handler: ProcessIbsCmd: Signal wack_cond_
01-25 20:01:40.738  1904  1904 D vendor.qti.bluetooth@1.1-ibs_handler: DeviceWakeUp: Unblocked from waiting for FC, pthread_cond_timedwait ret = 0
01-25 20:01:40.739  1904  5478 I vendor.qti.bluetooth@1.1-ibs_handler: ProcessIbsCmd: Received IBS_WAKE_IND: 0xFD
01-25 20:01:40.739  1904  5478 I vendor.qti.bluetooth@1.1-ibs_handler: ProcessIbsCmd: Writing IBS_WAKE_ACK
01-25 20:01:40.741 22959 22970 W JavaBinder: BinderProxy is being destroyed but the application did not call unlinkToDeath to unlink all of its death recipients beforehand.  Releasing leaked death recipient: com.google.android.gms.internal.engage.zzf
01-25 20:01:40.741 22959 22970 I BpBinder: onLastStrongRef automatically unlinking death recipients: 
01-25 20:01:40.741  2411  9615 I Camera3-Status: markComponent: Component 1 is now active - BufferRequestSM
01-25 20:01:40.741  2411  9615 I Camera3-Status: markComponent: Component 1 is now idle - BufferRequestSM
01-25 20:01:40.746 18215 18266 D WM-SystemJobScheduler: Scheduling work ID e751f792-92c2-40d5-bce9-f345dd9c88e9Job ID 245547
01-25 20:01:40.747 18215 18266 W WM-SystemJobScheduler: Unable to schedule work ID e751f792-92c2-40d5-bce9-f345dd9c88e9
01-25 20:01:40.748 18215 18266 D WM-SystemJobScheduler: Scheduling a non-expedited job (work ID e751f792-92c2-40d5-bce9-f345dd9c88e9)
01-25 20:01:40.748 18215 18266 D WM-SystemJobScheduler: Scheduling work ID e751f792-92c2-40d5-bce9-f345dd9c88e9Job ID 245547
01-25 20:01:40.750  2012  2176 V APM_AudioPolicyManager: setAppState(portId:1415, state:2)
01-25 20:01:40.751  2829  5012 D FreecessController: com.whatsapp(10301) is important[18]
01-25 20:01:40.752 18215 18266 D WM-GreedyScheduler: Starting tracking for e751f792-92c2-40d5-bce9-f345dd9c88e9
01-25 20:01:40.753 18215 18215 D WM-SystemJobService: onStartJob for WorkGenerationalId(workSpecId=e751f792-92c2-40d5-bce9-f345dd9c88e9, generation=0)
01-25 20:01:40.754 18215 18266 D WM-ConstraintTracker: 7hp: initial state = NetworkState(isConnected=true, isValidated=true, isMetered=false, isNotRoaming=true)
01-25 20:01:40.754 18215 18266 D WM-NetworkStateTracker: Registering network callback
01-25 20:01:40.754 18215 18266 D ConnectivityManager: StackLog: [android.net.ConnectivityManager.sendRequestForNetwork(ConnectivityManager.java:4679)] [android.net.ConnectivityManager.registerDefaultNetworkCallbackForUid(ConnectivityManager.java:5368)] [android.net.ConnectivityManager.registerDefaultNetworkCallback(ConnectivityManager.java:5335)] [android.net.ConnectivityManager.registerDefaultNetworkCallback(ConnectivityManager.java:5309)] [X.7hp.A03(:20)] [androidx.work.impl.constraints.controllers.BaseConstraintController$track$1.invokeSuspend(:81)] [androidx.work.impl.constraints.controllers.BaseConstraintController$track$1.invoke(:8)] [X.4bu.A00(:2)] [X.4bt.A00(:52)] [X.41X.invokeSuspend(:26)] [X.1Uy.resumeWith(:8)] [X.EcH.run(:136)] [X.4hp.A1M(:2)] [X.A7R.run(:3108)] [java.util.concurrent.ThreadPoolExecutor.runWorker(ThreadPoolExecutor.java:1145)] [java.util.concurrent.ThreadPoolExecutor$Worker.run(ThreadPoolExecutor.java:644)] [java.lang.Thread.run(Thread.java:1012)]
01-25 20:01:40.755  2829  4379 D ConnectivityService: requestNetwork for uid/pid:10301/18215 activeRequest: null callbackRequest: 33412 [NetworkRequest [ REQUEST id=33413, [ Capabilities: INTERNET&NOT_RESTRICTED&TRUSTED&NOT_VCN_MANAGED Uid: 10301 RequestorUid: 10301 RequestorPkg: com.whatsapp UnderlyingNetworks: Null] ]] callback flags: 0 order: 2147483647 isUidTracked: false declaredMethods: ALL
01-25 20:01:40.755  2829  3953 D ConnectivityService:    accepting network in place of null for NetworkRequest [ REQUEST id=33413, [ Capabilities: INTERNET&NOT_RESTRICTED&TRUSTED&NOT_VCN_MANAGED Uid: 10301 RequestorUid: 10301 RequestorPkg: com.whatsapp UnderlyingNetworks: Null] ]
01-25 20:01:40.756 18215 18585 D WM-NetworkStateTracker: Network capabilities changed: [ Transports: WIFI Capabilities: NOT_METERED&INTERNET&NOT_RESTRICTED&TRUSTED&NOT_VPN&VALIDATED&NOT_ROAMING&FOREGROUND&NOT_CONGESTED&NOT_SUSPENDED&NOT_VCN_MANAGED LinkUpBandwidth>=286679Kbps LinkDnBandwidth>=117169Kbps TransportInfo: <SSID: <unknown ssid>, BSSID: 02:00:00:00:00:00, MAC: 02:00:00:00:00:00, IP: /10.0.110.100, Security type: 2, Supplicant state: COMPLETED, Wi-Fi standard: 6, RSSI: -33, Link speed: 1729Mbps, Tx Link speed: 1729Mbps, Max Supported Tx Link speed: 2401Mbps, Rx Link speed: 576Mbps, Max Supported Rx Link speed: 2401Mbps, Frequency: 5560MHz, Net ID: -1, Metered hint: false, score: 60, isUsable: true, CarrierMerged: false, SubscriptionId: -1, IsPrimary: -1, Trusted: true, Restricted: false, Ephemeral: false, OEM paid: false, OEM private: false, OSU AP: false, FQDN: <none>, Provider friendly name: <none>, Requesting package name: <none><none>MLO Information: , Is TID-To-Link negotiation supported by the AP: false, AP MLD Address: <none>, AP MLO Link Id: <none>, AP MLO Affiliated links: <none>> SignalStrength: -33 UnderlyingNetworks: Null]
01-25 20:01:40.756  2829  3905 D WifiNetworkFactory: got request NetworkRequest [ REQUEST id=33413, [ Capabilities: INTERNET&NOT_RESTRICTED&TRUSTED&NOT_VCN_MANAGED Uid: 10301 RequestorUid: 10301 RequestorPkg: com.whatsapp UnderlyingNetworks: Null] ]
01-25 20:01:40.756  2829  3905 D UntrustedWifiNetworkFactory: got request NetworkRequest [ REQUEST id=33413, [ Capabilities: INTERNET&NOT_RESTRICTED&TRUSTED&NOT_VCN_MANAGED Uid: 10301 RequestorUid: 10301 RequestorPkg: com.whatsapp UnderlyingNetworks: Null] ]
01-25 20:01:40.757 18215 18266 D WM-Processor: 9ge: processing WorkGenerationalId(workSpecId=e751f792-92c2-40d5-bce9-f345dd9c88e9, generation=0)
01-25 20:01:40.757  2829  3905 D OemPaidWifiNetworkFactory: got request NetworkRequest [ REQUEST id=33413, [ Capabilities: INTERNET&NOT_RESTRICTED&TRUSTED&NOT_VCN_MANAGED Uid: 10301 RequestorUid: 10301 RequestorPkg: com.whatsapp UnderlyingNetworks: Null] ]
01-25 20:01:40.757  2829  3905 D MultiInternetWifiNetworkFactory: got request NetworkRequest [ REQUEST id=33413, [ Capabilities: INTERNET&NOT_RESTRICTED&TRUSTED&NOT_VCN_MANAGED Uid: 10301 RequestorUid: 10301 RequestorPkg: com.whatsapp UnderlyingNetworks: Null] ]
01-25 20:01:40.757  2829  3953 D ConnectivityService: Rematched networks [computed 1ms] [applied 0ms] [issued 1]
01-25 20:01:40.757  2829  3953 D ConnectivityService: NetworkReassignment :
01-25 20:01:40.757  2829  3953 D ConnectivityService:   33413 : null  132
01-25 20:01:40.762 18215 18264 D WM-GreedyScheduler: Constraints met: Scheduling work ID WorkGenerationalId(workSpecId=e751f792-92c2-40d5-bce9-f345dd9c88e9, generation=0)
01-25 20:01:40.763 18215 18215 D WM-WorkerWrapper: Starting work for com.whatsapp.messaging.xmpp.XmppLifecycleWorker
01-25 20:01:40.763 18215 18264 D WM-Processor: Work WorkGenerationalId(workSpecId=e751f792-92c2-40d5-bce9-f345dd9c88e9, generation=0) is already enqueued for processing
01-25 20:01:40.764  1959  3781 I SS_3A   :  INFO:  AF: TsAf_get_metadata: 1149: [TsAf_Range] range_sensor_data is NULL
01-25 20:01:40.767  1959  3781 I CHI     : [SS_LOW ]: [CHI         ]: chxsecperf.cpp: ReleasePerfLock: 1224:  0 [OPEN_CAMERA] Released
01-25 20:01:40.767  1959  3781 I CHI     : [SS_LOW ]: [CHI         ]: chxsecperf.cpp: ReleasePerfLock: 1224: 69 [BOOST_PREVIEW_0] Released
01-25 20:01:40.767  1959  3781 I CHI     : [SS_LOW ]: [CHI         ]: chxsecperf.cpp: AcquirePerfLock: 1014: OverheatLevel [0~6](0xFFFFFFFF)
01-25 20:01:40.767  1959  3781 I CHI     : [SS_LOW ]: [CHI         ]: chxsecperf.cpp: AcquirePerfLock: 1143: Acquiring PERF_LOCK_POWER_HINT_COMMON
01-25 20:01:40.767  1959  3781 I CHI     : [SS_LOW ]: [CHI         ]: chxsecperf.cpp: AcquirePerfLock: 1157:  2] COMMON (0)
01-25 20:01:40.767  1959  3781 I CHI     : [SS_LOW ]: [CHI         ]: chxsecperf.cpp: AcquirePerfLock: 1014: OverheatLevel [0~6](0xFFFFFFFF)
01-25 20:01:40.768  1959  3781 I CHI     : [SS_LOW ]: [CHI         ]: chxsecperf.cpp: AcquirePerfLock: 1157: 42] VT_CALL (0)
01-25 20:01:40.768  1959  3783 I SS_3A   :  INFO: AWB: TsAwb_process_preview: 3028: [10]TsAwb_gain_front=1.771,1.00,2.021,  BV=-0.242, lux=323, CT=4340, CT2=4324, TG=184, Ch_g=1.063, I/V=0.005, LT=0, PsnIdx=0
01-25 20:01:40.768  2411  9615 I Camera3-Status: markComponent: Component 1 is now active - BufferRequestSM
01-25 20:01:40.769  2411  9615 I Camera3-Status: markComponent: Component 1 is now idle - BufferRequestSM
01-25 20:01:40.789  1904  5478 I vendor.qti.bluetooth@1.1-ibs_handler: ProcessIbsCmd: Received IBS_SLEEP_IND: 0xFE
01-25 20:01:40.798  1959  3783 I SS_3A   :  INFO:  AF: TsAf_get_metadata: 1149: [TsAf_Range] range_sensor_data is NULL
01-25 20:01:40.802  2411  9615 I Camera3-Status: markComponent: Component 1 is now active - BufferRequestSM
01-25 20:01:40.803  2411  9615 I Camera3-Status: markComponent: Component 1 is now idle - BufferRequestSM
01-25 20:01:40.831  1959  3782 I SS_3A   :  INFO:  AF: TsAf_get_metadata: 1149: [TsAf_Range] range_sensor_data is NULL
01-25 20:01:40.832  1959  3782 E AF_DEBUG: CheckKeepAfMethod(5992) : [cam_id_4][AF_NOTI]  Exceed COUNT(fail_cnt_paf = 5, total_frame_cnt = 5, paf_valid = 1). Change AF Method to CONTRAST!!
01-25 20:01:40.832  1959  3782 E AF_DEBUG: AfHistory_PrintData(1014) : REWRAMSGF0A0_4 0 12011E 20C6560 0 12111E 40C6560 0 12111E 40C6560 0 12111E 40C6560 0 12111E 40C6560 0 12111E 40C2560 0 12111E 40C2560 0 12111E 40C2560 0 12011E 40C2560 0 A011E 40C2560 
01-25 20:01:40.832  1959  3782 E AF_DEBUG: AfHistory_PrintData(1020) : DUMPLOGINDEX_4 0 0 40435147 2143289856 40158806 680528384 40503494 346556416 39649240 248515072 39590260 948963840 39580065 1836059136 39122476 134220288 39021958 200280576 0 1277168128 -69 
01-25 20:01:40.833 10178 21344 I [MCFDs]_ContinuityBleAdv@ffe963f: startAdvertiser - md(a)[021861 B1116C80B4CF008016070303 2618F0 1723 3428D911 ], 432
01-25 20:01:40.835  4520  5767 D BtGatt.ContextMap: advertiseInstanceCount is 2
01-25 20:01:40.835  4520  5767 I bt_stack: [INFO:le_advertising_manager.cc(154)] StartAdvertisingSet in shim layer
01-25 20:01:40.835  4520  5767 I bt_shim_advertiser: packages/modules/Bluetooth/system/main/shim/le_advertising_manager.cc:175 StartAdvertisingSet: create advertising set, client_id:255, reg_id:-2584
01-25 20:01:40.835  4520  4705 I bluetooth: packages/modules/Bluetooth/system/gd/hci/le_advertising_manager.cc:397 allocate_advertiser: AdvertiserId : 0
01-25 20:01:40.835  4520  4705 I bluetooth: packages/modules/Bluetooth/system/gd/hci/le_advertising_manager.cc:631 create_extended_advertiser_with_id: AdvertiserId : 0
01-25 20:01:40.835  4520  4705 I bluetooth: packages/modules/Bluetooth/system/gd/hci/le_advertising_manager.cc:1226 enable_advertiser: AdvertiserId : 0
01-25 20:01:40.836  1904  5478 I vendor.qti.bluetooth@1.1-ibs_handler: ProcessIbsCmd: Received IBS_WAKE_IND: 0xFD
01-25 20:01:40.836  1904  5478 I vendor.qti.bluetooth@1.1-ibs_handler: ProcessIbsCmd: Writing IBS_WAKE_ACK
01-25 20:01:40.837  1919  3900 I sensors-hal: ssc_conn_event_cb:901, event[0] sensor:Light seamless  Wakeup, msg_id=1025, ts=9966250505428
01-25 20:01:40.837  1919  3900 I sensors-hal: handle_sns_client_event:46, light_seamless ts=519070625397374 ns, 40,40,2147483647, M:0,0, S:0,0
01-25 20:01:40.839  4520  4705 I bluetooth: packages/modules/Bluetooth/system/gd/hci/le_advertising_manager.cc:1730 on_set_advertising_set_random_address_complete: update random address for advertising set 0 : xx:xx:xx:xx:be:43
01-25 20:01:40.840  2829  3123 D RefreshRateModeManager: onBrightnessChangedLocked, brightness=68, lux=40.0
01-25 20:01:40.843  4520  5623 E BtGatt.GattService: [GSIM LOG]: gsimLogHandler, msg: MESSAGE_ADV_SET_START, appName: com.samsung.android.mcfds, id: 0, isLegacy: true
01-25 20:01:40.844 10178 10178 I [MCFDs]_ContinuityBleAdv@ffe963f: onAdvertisingSetStarted - status=0
01-25 20:01:40.844  2411  9615 I Camera3-Status: markComponent: Component 1 is now active - BufferRequestSM
01-25 20:01:40.845  2411  9615 I Camera3-Status: markComponent: Component 1 is now idle - BufferRequestSM
01-25 20:01:40.864  1959  3782 I SS_3A   :  INFO:  AF: TsAf_get_metadata: 1149: [TsAf_Range] range_sensor_data is NULL
01-25 20:01:40.873  2411  9615 I Camera3-Status: markComponent: Component 1 is now active - BufferRequestSM
01-25 20:01:40.874  2411  9615 I Camera3-Status: markComponent: Component 1 is now idle - BufferRequestSM
01-25 20:01:40.882  1904  5478 I vendor.qti.bluetooth@1.1-ibs_handler: ProcessIbsCmd: Received IBS_SLEEP_IND: 0xFE
01-25 20:01:40.898  1959  3785 I SS_3A   :  INFO:  AF: TsAf_get_metadata: 1149: [TsAf_Range] range_sensor_data is NULL
01-25 20:01:40.903  2411  9615 I Camera3-Status: markComponent: Component 1 is now active - BufferRequestSM
01-25 20:01:40.903  2411  9615 I Camera3-Status: markComponent: Component 1 is now idle - BufferRequestSM
01-25 20:01:40.909  2031  2155 D RenderEngine: [SEC_GC_CMN_SF_EFFECTS] drawLayersInternal,1279, Rendering layer  at index 0
01-25 20:01:40.909  2031  2155 D RenderEngine: [SEC_GC_CMN_SF_EFFECTS] drawLayersInternal,1279, Rendering layer com.outsystemscloud.lucasgv.SandboxAppCordova/com.outsystemscloud.lucasgv.SandboxAppCordova.MainActivity$_22904#47686 at index 1
01-25 20:01:40.927  4158  4158 D SystemEventChipAnimationController: Try to remove existing animationView=com.android.systemui.privacy.OngoingPrivacyChip{347f510 V.E...... .......D 1273,15-1404,85 #7f0a0821 app:id/privacy_chip}
01-25 20:01:40.931  1959  3784 I SS_3A   :  INFO:  AF: TsAf_get_metadata: 1149: [TsAf_Range] range_sensor_data is NULL
01-25 20:01:40.936  2411  9615 I Camera3-Status: markComponent: Component 1 is now active - BufferRequestSM
01-25 20:01:40.937  4158  4158 I BLASTBufferQueue_Java: update, w= 1440 h= 100 mName = ViewRootImpl@d2eb1a1[StatusBar] mNativeObject= 0xb40000719cecfa00 sc.mNativeObject= 0xb400007243f65680 format= -3 caller= android.view.ViewRootImpl.updateBlastSurfaceIfNeeded:3074 android.view.ViewRootImpl.relayoutWindow:10224 android.view.ViewRootImpl.performTraversals:4167 android.view.ViewRootImpl.doTraversal:3345 android.view.ViewRootImpl$TraversalRunnable.run:11437 android.view.Choreographer$CallbackRecord.run:1690 
01-25 20:01:40.937  4158  4158 I ViewRootImpl@d2eb1a1[StatusBar]: Relayout returned: old=(0,0,1440,100) new=(0,0,1440,100) relayoutAsync=true req=(1440,100)0 dur=1 res=0x0 s={true 0xb40000719cf03800} ch=false seqId=0
01-25 20:01:40.937  2829  4379 V WindowManager: Relayout Window{db06f41 u0 StatusBar}: viewVisibility=0 req=1440x100 ty=2000 d0
01-25 20:01:40.937  4158  4158 I ViewRootImpl@d2eb1a1[StatusBar]: registerCallbackForPendingTransactions
01-25 20:01:40.937  2829  4379 I WindowManager: Cancelling animation restarting=true, leash=Surface(name=Surface(name=db06f41 StatusBar)/@0x29acb96 - animation-leash of insets_animation)/@0xa827a6d
01-25 20:01:40.937  2829  4379 I WindowManager: Reparenting to original parent: Surface(name=WindowToken{e9c91a type=2000 android.os.BinderProxy@361323c})/@0x1f49317, destroy=false, surface=Surface(name=db06f41 StatusBar)/@0x29acb96
01-25 20:01:40.938  2829  4379 I WindowManager: Reparenting to leash, surface=Surface(name=db06f41 StatusBar)/@0x29acb96, leashParent=Surface(name=WindowToken{e9c91a type=2000 android.os.BinderProxy@361323c})/@0x1f49317
01-25 20:01:40.938  2031  3741 I SurfaceFlinger: id=47691 createSurf, flag=24000, Surface(name=db06f41 StatusBar)/@0x29acb96 - animation-leash of insets_animation#47691
01-25 20:01:40.938  2411  9615 I Camera3-Status: markComponent: Component 1 is now idle - BufferRequestSM
01-25 20:01:40.939  2829  4379 D WindowManager: makeSurface duration=2 leash=Surface(name=Surface(name=db06f41 StatusBar)/@0x29acb96 - animation-leash of insets_animation)/@0x2e9d27
01-25 20:01:40.940  2829  4379 D InsetsSourceProvider: updateControlForTarget: control=InsetsSourceControl: {86080000 mType=statusBars initiallyVisible mSurfacePosition=Point(0, 0) mInsetsHint=Insets{left=0, top=100, right=0, bottom=0}}, target=com.android.server.wm.InsetsPolicy$1@fa69c95, from=com.android.server.wm.InsetsStateController.onControlTargetChanged:363 com.android.server.wm.InsetsStateController.onBarControlTargetChanged:329 com.android.server.wm.InsetsPolicy.updateBarControlTarget:173 com.android.server.wm.InsetsPolicy.updateSystemBars:843 com.android.server.wm.DisplayPolicy.updateSystemBarsLw:3484 
01-25 20:01:40.940  2829  4379 D InsetsSourceProvider: updateFakeControlTarget: fakeControl=InsetsSourceControl: {86080000 mType=statusBars mSurfacePosition=Point(0, 0) mInsetsHint=Insets{left=0, top=0, right=0, bottom=0}}, fakeTarget=Window{389318d u0 com.outsystemscloud.lucasgv.SandboxAppCordova/com.outsystemscloud.lucasgv.SandboxAppCordova.MainActivity}
01-25 20:01:40.940  4158  5338 I ViewRootImpl@d2eb1a1[StatusBar]: mWNT: t=0xb4000072a4227c80 mBlastBufferQueue=0xb40000719cecfa00 fn= 50811 mRenderHdrSdrRatio=1.0 caller= android.view.ViewRootImpl$6.onFrameDraw:5705 android.view.ViewRootImpl$2.onFrameDraw:2190 android.view.ThreadedRenderer$1.onFrameDraw:792 
01-25 20:01:40.942  2829  4379 V WindowManager: Relayout hash=db06f41, pid=0, syncId=-1: mAttrs={(0,0)(fillx100) gr=TOP CENTER_VERTICAL sim={adjust=pan} layoutInDisplayCutoutMode=always ty=STATUS_BAR fmt=TRANSLUCENT
01-25 20:01:40.942  2829  4379 V WindowManager:   fl=81000008
01-25 20:01:40.942  2829  4379 V WindowManager:   pfl=13000800
01-25 20:01:40.942  2829  4379 V WindowManager:   bhv=DEFAULT
01-25 20:01:40.942  2829  4379 V WindowManager:   providedInsets:
01-25 20:01:40.942  2829  4379 V WindowManager:     InsetsFrameProvider: {id=#86080000, index=0, type=statusBars, source=FRAME, flags=[], insetsSize=Insets{left=0, top=100, right=0, bottom=0}}
01-25 20:01:40.942  2829  4379 V WindowManager:     InsetsFrameProvider: {id=#86080006, index=0, type=tappableElement, source=FRAME, flags=[], insetsSize=Insets{left=0, top=100, right=0, bottom=0}}
01-25 20:01:40.942  2829  4379 V WindowManager:     InsetsFrameProvider: {id=#86080005, index=0, type=mandatorySystemGestures, source=FRAME, flags=[], mMinimalInsetsSizeInDisplayCutoutSafe=Insets{left=0, top=42, right=0, bottom=0}}
01-25 20:01:40.942  2829  4379 V WindowManager:   paramsForRotation:
01-25 20:01:40.942  2829  4379 V WindowManager:     ROTATION_0={(0,0)(fillx100) gr=TOP CENTER_VERTICAL layoutInDisplayCutoutMode=always ty=STATUS_BAR fmt=TRANSLUCENT
01-25 20:01:40.942  2829  4379 V WindowManager:       fl=80000008
01-25 20:01:40.942  2829  4379 V WindowManager:       pfl=11000000
01-25 20:01:40.942  2829  4379 V WindowManager:       bhv=DEFAULT
01-25 20:01:40.942  2829  4379 V WindowManager:       providedInsets:
01-25 20:01:40.942  2829  4379 V WindowManager:         InsetsFrameProvider: {id=#86080000, index=0, type=statusBars, source=FRAME, flags=[], insetsSize=Insets{left=0, top=100, right=0, bottom=0}}
01-25 20:01:40.942  2829  4379 V WindowManager:         InsetsFrameProvider: {id=#86080006, index=0, type=tappableElement, source=FRAME, flags=[], insetsSize=Insets{left=0, top=100, right=0, bottom=0}}
01-25 20:01:40.942  2829  4379 V WindowManager:         InsetsFrameProvider: {id=#86080005, index=0, type=mandatorySystemGestures, source=FRAME, flags=[], insetsSize=Insets{left=0, top=100, right=0, bottom=0}, mMinimalInsetsSizeInDisplayCutoutSafe=Insets{left=0, top=42, right=0, bottom=0}} naviIconColor=0}
01-25 20:01:40.942  2829  4379 V WindowManager:     ROTATION_90={(0,0)(fillx84) gr=TOP CENTER_VERTICAL layoutInDisplayCutoutMode=always ty=STATUS_BAR fmt=TRANSLUCENT
01-25 20:01:40.942  2829  4379 V WindowManager:       fl=80000008
01-25 20:01:40.942  2829  4379 V WindowManager:       pfl=11000000
01-25 20:01:40.942  2829  4379 V WindowManager:       bhv=DEFAULT
01-25 20:01:40.942  2829  4379 V WindowManager:       providedInsets:
01-25 20:01:40.942  2829  4379 V WindowManager:         InsetsFrameProvider: {id=#86080000, index=0, type=statusBars, source=FRAME, flags=[], insetsSize=Insets{left=0, top=84, right=0, bottom=0}}
01-25 20:01:40.942  2829  4379 V WindowManager:         InsetsFrameProvider: {id=#86080006, index=0, type=tappableElement, source=FRAME, flags=[], insetsSize=Insets{left=0, top=84, right=0, bottom=0}}
01-25 20:01:40.942  2829  4379 V WindowManager:         InsetsFrameProvider: {id=#86080005, index=0, type=mandatorySystemGestures, source=FRAME, flags=[], insetsSize=Insets{left=0, top=84, right=0, bottom=0}, mMinimalInsetsSizeInDisplayCutoutSafe=Insets{left=0, top=42, right=0, bottom=0}} naviIconColor=0}
01-25 20:01:40.942  2829  4379 V WindowManager:     ROTATION_180={(0,0)(fillx100) gr=TOP CENTER_VERTICAL layoutInDisplayCutoutMode=always ty=STATUS_BAR fmt=TRANSLUCENT
01-25 20:01:40.942  2829  4379 V WindowManager:       fl=80000008
01-25 20:01:40.942  2829  4379 V WindowManager:       pfl=11000000
01-25 20:01:40.942  2829  4379 V WindowManager:       bhv=DEFAULT
01-25 20:01:40.942  2829  4379 V WindowManager:       providedInsets:
01-25 20:01:40.942  2829  4379 V WindowManager:         InsetsFrameProvider: {id=#86080000, index=0, type=statusBars, source=FRAME, flags=[], insetsSize=Insets{left=0, top=100, right=0, bottom=0}}
01-25 20:01:40.942  2829  4379 V WindowManager:         InsetsFrameProvider: {id=#86080006, index=0, type=tappableElement, source=FRAME, flags=[], insetsSize=Insets{left=0, top=100, right=0, bottom=0}}
01-25 20:01:40.942  2829  4379 V WindowManager:         InsetsFrameProvider: {id=#86080005, index=0, type=mandatorySystemGestures, source=FRAME, flags=[], insetsSize=Insets{left=0, top=100, right=0, bottom=0}, mMinimalInsetsSizeInDisplayCutoutSafe=Insets{left=0, top=42, right=0, bottom=0}} naviIconColor=0}
01-25 20:01:40.942  2829  4379 V WindowManager:     ROTATION_270={(0,0)(fillx84) gr=TOP CENTER_VERTICAL layoutInDisplayCutoutMode=always ty=STATUS_BAR fmt=TRANSLUCENT
01-25 20:01:40.942  2829  4379 V WindowManager:       fl=80000008
01-25 20:01:40.942  2829  4379 V WindowManager:       pfl=11000000
01-25 20:01:40.942  2829  4379 V WindowManager:       bhv=DEFAULT
01-25 20:01:40.942  2829  4379 V WindowManager:       providedInsets:
01-25 20:01:40.942  2829  4379 V WindowManager:         InsetsFrameProvider: {id=#86080000, index=0, type=statusBars, source=FRAME, flags=[], insetsSize=Insets{left=0, top=84, right=0, bottom=0}}
01-25 20:01:40.942  2829  4379 V WindowManager:         InsetsFrameProvider: {id=#86080006, index=0, type=tappableElement, source=FRAME, flags=[], insetsSize=Insets{left=0, top=84, right=0, bottom=0}}
01-25 20:01:40.942  2829  4379 V WindowManager:         InsetsFrameProvider: {id=#86080005, index=0, type=mandatorySystemGestures, source=FRAME, flags=[], insetsSize=Insets{left=0, top=84, right=0, bottom=0}, mMinimalInsetsSizeInDisplayCutoutSafe=Insets{left=0, top=42, right=0, bottom=0}} naviIconColor=0} naviIconColor=0}
01-25 20:01:40.953  2031  2031 I Layer   : Layer::reparent [db06f41 StatusBar#94] newParent : Surface(name=db06f41 StatusBar)/@0x29acb96 - animation-leash of insets_animation#47691 , isRemovedFromCurrentState : 0 -------------------------
01-25 20:01:40.953  2031  2031 I Layer   : Layer::reparent [db06f41 StatusBar#94] End -------------------------
01-25 20:01:40.953  2031  2031 I Layer   : Layer::reparent [Surface(name=db06f41 StatusBar)/@0x29acb96 - animation-leash of insets_animation#47688] newParentHandle : null -------------------------
01-25 20:01:40.953  2031  2031 I Layer   : id=47688 removeFromCurrentState Surface(name=db06f41 StatusBar)/@0x29acb96 - animation-leash of insets_animation#47688 (169)
01-25 20:01:40.953  2031  2031 I Layer   : Layer::reparent [Surface(name=db06f41 StatusBar)/@0x29acb96 - animation-leash of insets_animation#47688] End -------------------------
01-25 20:01:40.954  2031  2031 I SurfaceFlinger: id=47688 Removed Surface(name=db06f41 StatusBar)/@0x29acb96 - animation-leash of insets_animation#47688 (169)
01-25 20:01:40.957  1919  3297 D SensorsFlicker: Als_common::readEvents, enabled : 1, data : 0.000000, 0.000000, 0.000000, 0.000000, 0.000000, 66368.000000, 4096000.000000
01-25 20:01:40.964  1959  3781 I SS_3A   :  INFO:  AF: TsAf_get_metadata: 1149: [TsAf_Range] range_sensor_data is NULL
01-25 20:01:40.970  2031  2031 I Layer   : id=47688 Destroyed Surface(name=db06f41 StatusBar)/@0x29acb96 - animation-leash of insets_animation#47688
01-25 20:01:40.978  2411  9615 I Camera3-Status: markComponent: Component 1 is now active - BufferRequestSM
01-25 20:01:40.978  2411  9615 I Camera3-Status: markComponent: Component 1 is now idle - BufferRequestSM
01-25 20:01:40.984  5583  5583 I wpa_supplicant: Heartbeat 20591
01-25 20:01:40.998  1959  3783 I SS_3A   :  INFO:  AF: TsAf_get_metadata: 1149: [TsAf_Range] range_sensor_data is NULL
01-25 20:01:41.008  2411  9615 I Camera3-Status: markComponent: Component 1 is now active - BufferRequestSM
01-25 20:01:41.008  2411  9615 I Camera3-Status: markComponent: Component 1 is now idle - BufferRequestSM
01-25 20:01:41.010  2031  2155 D RenderEngine: [SEC_GC_CMN_SF_EFFECTS] drawLayersInternal,1279, Rendering layer  at index 0
01-25 20:01:41.011  2031  2155 D RenderEngine: [SEC_GC_CMN_SF_EFFECTS] drawLayersInternal,1279, Rendering layer com.outsystemscloud.lucasgv.SandboxAppCordova/com.outsystemscloud.lucasgv.SandboxAppCordova.MainActivity$_22904#47686 at index 1
01-25 20:01:41.031  1959  3782 I SS_3A   :  INFO:  AF: TsAf_get_metadata: 1149: [TsAf_Range] range_sensor_data is NULL
01-25 20:01:41.039  2411  9615 I Camera3-Status: markComponent: Component 1 is now active - BufferRequestSM
01-25 20:01:41.039  2411  9615 I Camera3-Status: markComponent: Component 1 is now idle - BufferRequestSM
01-25 20:01:41.064  1959  3785 I SS_3A   :  INFO:  AF: TsAf_get_metadata: 1149: [TsAf_Range] range_sensor_data is NULL
01-25 20:01:41.067  1919  3900 I sensors-hal: ssc_conn_event_cb:901, event[0] sensor:Light seamless  Wakeup, msg_id=1025, ts=9966256649946
01-25 20:01:41.067  1919  3900 I sensors-hal: handle_sns_client_event:46, light_seamless ts=519070945424353 ns, 39,40,2147483647, M:0,0, S:0,0
01-25 20:01:41.070  2829  3123 D RefreshRateModeManager: onBrightnessChangedLocked, brightness=68, lux=39.0
01-25 20:01:41.070  2411  9615 I Camera3-Status: markComponent: Component 1 is now active - BufferRequestSM
01-25 20:01:41.070  2411  9615 I Camera3-Status: markComponent: Component 1 is now idle - BufferRequestSM
