--------- beginning of main
01-25 16:55:51.121  1928 12010 I HYPER-HAL: [RequestManager.cpp]releaseLocked(): Released ID : 50466104
--------- beginning of system
01-25 16:55:51.131  2829  3154 I UMR     : ReclaimerPolicyManager: update policy 3 -> 1
01-25 16:55:51.133  2829  6932 I UMR     : onProactiveBegin: starting proactive reclaimer
01-25 16:55:51.133  2829  6934 I UMR     : KswapdReclaimer: suppress end
01-25 16:55:51.134  2829  6932 I UMR     : handleDamonEnable: sending start message
01-25 16:55:51.135 10023 10336 I S0      : limitCPUFreq:: freq = 2592000
01-25 16:55:51.137 10023 10336 I SemDvfsHyPerManager: acquire hyper - SIOP_ARM_MAX/10023@2, type = 301993986
01-25 16:55:51.138  1928  1949 I HYPER-HAL: [RequestManager.cpp]acquire(): Acquired ID : 50255327  [10023 / 2]    HINT :      list : [CPUMaxFreq / 2592000] 
01-25 16:55:51.209  1919  7931 I sensors-hal: handle_sns_std_sensor_event:436, [SSC_LIGHT] P: 41(41),m:13,c:291,b:69,c0:28760,l:40,f(r):98,u(bl):100,j:9
01-25 16:55:51.209  1919  3900 I sensors-hal: ssc_conn_event_cb:901, event[0] sensor:Light seamless  Wakeup, msg_id=1025, ts=9752179370469
01-25 16:55:51.209  1919  3900 I sensors-hal: handle_sns_client_event:46, light_seamless ts=507921087122836 ns, 41,40,2147483647, M:0,0, S:0,0
01-25 16:55:51.212  2829  3123 D RefreshRateModeManager: onBrightnessChangedLocked, brightness=69, lux=41.0
01-25 16:55:51.328 12001 12061 D OSCache : Unable to find resource: https://lucasgv.outsystemscloud.com/SandboxAppCordova/moduleservices/moduleversioninfo?1737834951322
01-25 16:55:51.368  1919  3900 I sensors-hal: ssc_conn_event_cb:901, event[0] sensor:Light seamless  Wakeup, msg_id=1025, ts=9752182443207
01-25 16:55:51.369  1919  3900 I sensors-hal: handle_sns_client_event:46, light_seamless ts=507921247161274 ns, 39,40,2147483647, M:0,0, S:0,0
01-25 16:55:51.370  2829  3123 D RefreshRateModeManager: onBrightnessChangedLocked, brightness=69, lux=39.0
01-25 16:55:51.689  1919  3900 I sensors-hal: ssc_conn_event_cb:901, event[0] sensor:Light seamless  Wakeup, msg_id=1025, ts=9752188593211
01-25 16:55:51.689  1919  3900 I sensors-hal: handle_sns_client_event:46, light_seamless ts=507921567473982 ns, 40,40,2147483647, M:0,0, S:0,0
01-25 16:55:51.693  2829  3123 D RefreshRateModeManager: onBrightnessChangedLocked, brightness=69, lux=40.0
01-25 16:55:51.849  1919  3900 I sensors-hal: ssc_conn_event_cb:901, event[0] sensor:Light seamless  Wakeup, msg_id=1025, ts=9752191658127
01-25 16:55:51.849  1919  3900 I sensors-hal: handle_sns_client_event:46, light_seamless ts=507921727105024 ns, 38,40,2147483647, M:0,0, S:0,0
01-25 16:55:51.853  2829  3123 D RefreshRateModeManager: onBrightnessChangedLocked, brightness=69, lux=38.0
01-25 16:55:52.025  1067  1067 D io_stats: !@   8,0 r 25434293 736256411 w 24174107 286898112 d 1483988 271790544 f 437502 2140210 iot 17551792 0 th 0 0 0 pt 0 inp 0 0 292920.933
01-25 16:55:52.169  1919  3900 I sensors-hal: ssc_conn_event_cb:901, event[0] sensor:Light seamless  Wakeup, msg_id=1025, ts=9752197807726
01-25 16:55:52.169  1919  3900 I sensors-hal: handle_sns_client_event:46, light_seamless ts=507922047396638 ns, 54,40,2147483647, M:0,0, S:0,0
01-25 16:55:52.176  2829  3123 D RefreshRateModeManager: onBrightnessChangedLocked, brightness=69, lux=54.0
01-25 16:55:52.619  2829  3987 D UsbStatsMonitor: 0 0 0 0 0 0 0 0 0 0 0 0 3 0 0 0 0 0 0 0 0 0 0 0 0 0 0 0 0 0 0 0 0 0 0 0 0 0 0 0 0 0 0 0 0 0 0 1 0 0 0 0 0 0 0 0 106034152603674
01-25 16:55:52.809  1919  3900 I sensors-hal: ssc_conn_event_cb:901, event[0] sensor:Light seamless  Wakeup, msg_id=1025, ts=9752210090760
01-25 16:55:52.809  1919  3900 I sensors-hal: handle_sns_client_event:46, light_seamless ts=507922687137993 ns, 39,40,2147483647, M:0,0, S:0,0
01-25 16:55:52.814  2829  3123 D RefreshRateModeManager: onBrightnessChangedLocked, brightness=69, lux=39.0
01-25 16:55:52.855  2829  5012 D FreecessController: com.facebook.katana(state: Initial -> Frozen, Reason: uidIdle)
01-25 16:55:52.858  2829  5012 D FreecessController: FZ : com.facebook.katana(11476)
01-25 16:55:52.862  2829  5012 D ActivityManager: FCA:FCA recordedFileRss = 0, and changeinRss = 163304
01-25 16:55:52.864  2829  5012 D FreecessController: FZ : com.facebook.katana(0), reason: Bg
01-25 16:55:52.871  2829  5012 I PowerManagerService: [PWL] SetWakeLockEnableDisable uid = 10364 , disable= true
01-25 16:55:52.871  2829  5012 I PowerManagerService: [PWL] can not change uid =  10364
01-25 16:55:52.871  2829  5012 W LocationManagerService: onFreezeStateChanged, uid[10364]=true
01-25 16:55:52.879  2829  3636 D InputReader: Btn_touch(4): value=1 when=292921.786714
01-25 16:55:52.879  2829  3636 I InputReader: Touch event's action is 0x0 (id=6, t=0) [pCnt=1, s=0.25154 ] when=292921.786714
01-25 16:55:52.880  2829  3635 I InputDispatcher: Delivering touch to (4158): action: 0x4, f=0x0, d=0, '2f88cfd', t=1 
01-25 16:55:52.880  2829  3635 I InputDispatcher: Delivering touch to (12001): action: 0x0, f=0x0, d=0, 'e8d13c5', t=1 
01-25 16:55:52.880  2829  3635 D PowerManagerService: [api] userActivityFromNative : touch displayId=0 eventTime=292921786
01-25 16:55:52.881  2829  3121 I GestureDetector: obtain mCurrentDownEvent. id: 35950578 caller: com.android.server.wm.SystemGesturesPointerEventListener.onPointerEvent:204 com.android.server.wm.PointerEventDispatcher.onInputEvent:53 android.view.InputEventReceiver.dispatchInputEvent:337 
01-25 16:55:52.881  4640  4640 I HoneySpace.GestureInputHandler: inputConsumers = [com.honeyspace.gesture.inputconsumer.InputConsumer$Companion$NO_OP$1@28f8d2f]
01-25 16:55:52.881  2829  3121 I GestureDetector: obtain mCurrentDownEvent. id: 35950578 caller: com.android.server.wm.SystemPerformancePointerEventListener.onPointerEvent:89 com.android.server.wm.PointerEventDispatcher.onInputEvent:53 android.view.InputEventReceiver.dispatchInputEvent:337 
01-25 16:55:52.881  4640  4640 I HoneySpace.InputSession: inputConsumers = NO_OP
01-25 16:55:52.881  2829  3635 D PowerManagerService: UserActivityStateListenerState: 1
01-25 16:55:52.881  4640  4640 I HoneySpace.InputSession: open
01-25 16:55:52.882 10023 10023 I SemDvfsHyPerManager: acquire hyper - TATouchBoost/10023@28, type = 1090523139
01-25 16:55:52.883 12001 12001 I ViewRootImpl@6e4e510[MainActivity]: ViewPostIme pointer 0
01-25 16:55:52.883  2031  2222 I VSyncReactor: Current= 120, Period= 120, Distance= 0
01-25 16:55:52.883  1928  1949 I HYPER-HAL: [RequestManager.cpp]acquire(): Acquired ID : 50516354  [10023 / 28]    HINT :      list : [TABoost / 1] [TIMEOUT / 1500] 
01-25 16:55:52.886  2829  3121 I GestureDetector: obtain mCurrentMotionEventRaw. action: 2 id: 233549827
01-25 16:55:52.887  2829  3121 I GestureDetector: obtain mCurrentMotionEventRaw. action: 2 id: 233549827
01-25 16:55:52.891  2031  2222 I VSyncReactor: Current= 120, Period= 120, Distance= 120
01-25 16:55:52.915  4158  4158 D MobileSignalTransitionManager: updateSignalTransition
01-25 16:55:52.916  4158  4158 D StatusBarIconController: ignoring old pipeline callbacks, because the new mobile icons are enabled
01-25 16:55:52.931  2031  2155 D RenderEngine: [SEC_GC_CMN_SF_EFFECTS] drawLayersInternal,1279, Rendering layer  at index 0
01-25 16:55:52.932  2031  2155 D RenderEngine: [SEC_GC_CMN_SF_EFFECTS] drawLayersInternal,1279, Rendering layer com.outsystemscloud.lucasgv.SandboxAppCordova/com.outsystemscloud.lucasgv.SandboxAppCordova.MainActivity$_12001#41243 at index 1
01-25 16:55:52.933  2829  5012 D FreecessController: com.x8bit.bitwarden(state: Initial -> Frozen, Reason: Binder(1)-android.accessibilityservice.IAccessibili)
01-25 16:55:52.934  2829  5012 D FreecessController: FZ : com.x8bit.bitwarden(11773)
01-25 16:55:52.936  2829  5012 D FreecessController: FZ : com.x8bit.bitwarden(0), reason: Bg
01-25 16:55:52.940  2829  5012 I PowerManagerService: [PWL] SetWakeLockEnableDisable uid = 10351 , disable= true
01-25 16:55:52.940  2829  5012 I PowerManagerService: [PWL] can not change uid =  10351
01-25 16:55:52.940  2829  5012 W LocationManagerService: onFreezeStateChanged, uid[10351]=true
01-25 16:55:52.944  2829  3636 D InputReader: Btn_touch(4): value=0 when=292921.852393
01-25 16:55:52.944  2829  3636 I InputReader: Touch event's action is 0x1 (id=6, t=0) [pCnt=1, s=] when=292921.852393
01-25 16:55:52.945  2829  3635 I InputDispatcher: Delivering touch to (12001): action: 0x1, f=0x0, d=0, 'e8d13c5', t=1 
01-25 16:55:52.945 12001 12001 I ViewRootImpl@6e4e510[MainActivity]: ViewPostIme pointer 1
01-25 16:55:52.945  4640  4640 I HoneySpace.GestureInputHandler: reset
01-25 16:55:52.945  4640  4640 I HoneySpace.InputSession: close
01-25 16:55:52.954 12001 12114 D PluginManager: getPlugin - put: VonagePlugin
01-25 16:55:52.962 12001 12114 D nativeloader: Load /data/app/~~wLMISa5TLN_kEivPr1WyOg==/com.outsystemscloud.lucasgv.SandboxAppCordova-_w4CZCwHAZK1gPQLPQ44cw==/base.apk!/lib/arm64-v8a/libopentok.so using ns clns-4 from class loader (caller=/data/app/~~wLMISa5TLN_kEivPr1WyOg==/com.outsystemscloud.lucasgv.SandboxAppCordova-_w4CZCwHAZK1gPQLPQ44cw==/base.apk): ok
01-25 16:55:52.969  1919  3900 I sensors-hal: ssc_conn_event_cb:901, event[0] sensor:Light seamless  Wakeup, msg_id=1025, ts=9752213162782
01-25 16:55:52.969  1919  3900 I sensors-hal: handle_sns_client_event:46, light_seamless ts=507922847139138 ns, 40,40,2147483647, M:0,0, S:0,0
01-25 16:55:52.971  2829  3123 D RefreshRateModeManager: onBrightnessChangedLocked, brightness=69, lux=40.0
01-25 16:55:52.971  2829  3637 D BluetoothManagerService: mDisableBleCallbacks count 27
01-25 16:55:52.972 12001 12114 I BluetoothAdapter: BluetoothAdapter() : com.outsystemscloud.lucasgv.SandboxAppCordova
01-25 16:55:52.981  2829  6769 V AS.AudioDeviceBroker: startBluetoothScoForClient, uid: 10435
01-25 16:55:52.981  2829  3974 V AS.AudioDeviceBroker: onSetCommunicationDeviceForClient: CommunicationDeviceInfo mCb=android.os.BinderProxy@954f3e5 mUid=10435 mDevice=[AudioDeviceAttributes: role:output type:bt_sco addr: name: profiles:[] descriptors:[]] mOn=true mScoAudioMode=-1 mIsPrivileged=false mEventSource=startBluetoothSco()) from u/pid:10435/12001
01-25 16:55:52.981  2829  3974 V AS.AudioDeviceBroker: setCommunicationRouteForClient: device: AudioDeviceAttributes: role:output type:bt_sco addr: name: profiles:[] descriptors:[], eventSource: startBluetoothSco()) from u/pid:10435/12001
01-25 16:55:52.981  2829  3974 I AS.AudioDeviceBroker: setCommunicationRouteForClient for uid: 10435 device: AudioDeviceAttributes: role:output type:bt_sco addr: name: profiles:[] descriptors:[] isPrivileged: false from API: startBluetoothSco()) from u/pid:10435/12001
01-25 16:55:52.981  2829  3974 V AS.AudioDeviceBroker: requestedCommunicationDevice: null mAudioModeOwner: AudioModeInfo: mMode=MODE_NORMAL, mPid=0, mUid=0
01-25 16:55:52.981  2829  3974 V AS.AudioDeviceBroker: requestedCommunicationDevice: AudioDeviceAttributes: role:output type:bt_sco addr: name: profiles:[] descriptors:[] mAudioModeOwner: AudioModeInfo: mMode=MODE_NORMAL, mPid=0, mUid=0
01-25 16:55:52.981  2829  3974 W AS.BtHelper: requestScoState: no active device while connecting, mScoAudioMode=0
01-25 16:55:52.981  2829  3974 W AS.AudioDeviceBroker: setCommunicationRouteForClient: failure to start BT SCO for uid: 10435
01-25 16:55:52.981  2829  3974 V AS.AudioDeviceBroker: requestedCommunicationDevice: null mAudioModeOwner: AudioModeInfo: mMode=MODE_NORMAL, mPid=0, mUid=0
01-25 16:55:52.981  2829  3974 V AS.AudioDeviceBroker: requestedCommunicationDevice: null mAudioModeOwner: AudioModeInfo: mMode=MODE_NORMAL, mPid=0, mUid=0
01-25 16:55:52.981  2829  3974 V AS.AudioDeviceBroker: requestedCommunicationDevice: null mAudioModeOwner: AudioModeInfo: mMode=MODE_NORMAL, mPid=0, mUid=0
01-25 16:55:52.981  2829  3974 V AS.AudioDeviceBroker: updateCommunicationRoute, preferredCommunicationDevice: null eventSource: startBluetoothSco()) from u/pid:10435/12001
01-25 16:55:52.981  2829  3974 V AS.AudioDeviceBroker: requestedCommunicationDevice: null mAudioModeOwner: AudioModeInfo: mMode=MODE_NORMAL, mPid=0, mUid=0
01-25 16:55:52.982  2829  3974 I MicModeManager: setCommunicationDevice() deviceType: 1
01-25 16:55:52.982  2829  3974 I MicModeManager: updateAudioDevice() audioMode: 0, curDevice: 1
01-25 16:55:52.982  2829  3974 I MicModeManager: isMicModeSupported() MicModeType: 1, audioMode: 0, curDevice: 1, translationState: false, dexState: false, smartViewState: false, gameChatState: false, wifiCallState: false, videoCallState: false
01-25 16:55:52.982  2829  3974 D KNOX_MDM_SettingsProvider: isChangeAllowed() : name = mic_mode_enable
01-25 16:55:52.982  2829  3974 V AS.AudioDeviceBroker: requestedCommunicationDevice: null mAudioModeOwner: AudioModeInfo: mMode=MODE_NORMAL, mPid=0, mUid=0
01-25 16:55:52.982  2829  3974 E AS.AudioDeviceBroker: mCommunicationDeviceUpdateCount already 0 in MSG_L_SET_COMMUNICATION_DEVICE_FOR_CLIENT
01-25 16:55:52.982  2012  3284 D AudioFlinger: ro.audio.silent is ignored since no output device is set
01-25 16:55:52.983  2012  3293 D AudioFlinger: ro.audio.silent is ignored since no output device is set
01-25 16:55:52.983  2012  3304 D AudioFlinger: ro.audio.silent is ignored since no output device is set
01-25 16:55:52.984 12001 12114 V [com.opentok.android]: ***** OpenTok Android SDK | Version/Revision: android-2.25.0/d4431ca9bcd213d5f2faa19289fa919cfeac7e97 | Library built on: Apr  4 2023 | CA bundle version: Tue Jan 10 04:12:06 2023 GMT | Copyright 2023 Vonage | https://www.vonage.com/legal/communications-apis/terms-of-use/
01-25 16:55:52.985  2829  3974 I Telecom : SamsungTelecomServiceImpl : isInCall - callingPackage : android / callingUser : UserHandle{0} / hasCrossUserAccess : true
01-25 16:55:52.986  2829  2856 V AS.AudioDeviceBroker: setSpeakerphoneOn, on: true uid: 10435
01-25 16:55:52.986  2829  3974 V AS.AudioDeviceBroker: onSetCommunicationDeviceForClient: CommunicationDeviceInfo mCb=android.os.BinderProxy@954f3e5 mUid=10435 mDevice=[AudioDeviceAttributes: role:output type:speaker addr: name: profiles:[] descriptors:[]] mOn=true mScoAudioMode=-1 mIsPrivileged=false mEventSource=setSpeakerphoneOn(true) from u/pid:10435/12001 Package Name:com.outsystemscloud.lucasgv.SandboxAppCordova
01-25 16:55:52.986  2829  3974 V AS.AudioDeviceBroker: setCommunicationRouteForClient: device: AudioDeviceAttributes: role:output type:speaker addr: name: profiles:[] descriptors:[], eventSource: setSpeakerphoneOn(true) from u/pid:10435/12001 Package Name:com.outsystemscloud.lucasgv.SandboxAppCordova
01-25 16:55:52.986  2829  3974 I AS.AudioDeviceBroker: setCommunicationRouteForClient for uid: 10435 device: AudioDeviceAttributes: role:output type:speaker addr: name: profiles:[] descriptors:[] isPrivileged: false from API: setSpeakerphoneOn(true) from u/pid:10435/12001 Package Name:com.outsystemscloud.lucasgv.SandboxAppCordova
01-25 16:55:52.986  2829  3974 V AS.AudioDeviceBroker: requestedCommunicationDevice: null mAudioModeOwner: AudioModeInfo: mMode=MODE_NORMAL, mPid=0, mUid=0
01-25 16:55:52.986  2829  3974 V AS.AudioDeviceBroker: requestedCommunicationDevice: AudioDeviceAttributes: role:output type:speaker addr: name: profiles:[] descriptors:[] mAudioModeOwner: AudioModeInfo: mMode=MODE_NORMAL, mPid=0, mUid=0
01-25 16:55:52.986  2829  3974 V AS.AudioDeviceBroker: requestedCommunicationDevice: AudioDeviceAttributes: role:output type:speaker addr: name: profiles:[] descriptors:[] mAudioModeOwner: AudioModeInfo: mMode=MODE_NORMAL, mPid=0, mUid=0
01-25 16:55:52.986  2829  3974 V AS.AudioDeviceBroker: requestedCommunicationDevice: AudioDeviceAttributes: role:output type:speaker addr: name: profiles:[] descriptors:[] mAudioModeOwner: AudioModeInfo: mMode=MODE_NORMAL, mPid=0, mUid=0
01-25 16:55:52.986  2829  3974 V AS.AudioDeviceBroker: requestedCommunicationDevice: AudioDeviceAttributes: role:output type:speaker addr: name: profiles:[] descriptors:[] mAudioModeOwner: AudioModeInfo: mMode=MODE_NORMAL, mPid=0, mUid=0
01-25 16:55:52.986  2829  3974 V AS.AudioDeviceBroker: updateCommunicationRoute, preferredCommunicationDevice: AudioDeviceAttributes: role:output type:speaker addr: name: profiles:[] descriptors:[] eventSource: setSpeakerphoneOn(true) from u/pid:10435/12001 Package Name:com.outsystemscloud.lucasgv.SandboxAppCordova
01-25 16:55:52.986  2012 30717 V APM_AudioPolicyManager: setDevicesRoleForStrategy() strategy=14 role=1 AUDIO_DEVICE_OUT_SPEAKER, @:
01-25 16:55:52.986  2012 30717 V APM_AudioPolicyManager: selectOutput new bestOutput 13 criteria 0 100 0 0 0 0 4 2 
01-25 16:55:52.986  2012 30717 V APM_AudioPolicyManager: selectOutput new bestOutput 29 criteria 0 100 0 0 0 1 4 0 
01-25 16:55:52.986  2012 30717 V APM_AudioPolicyManager: selectOutput new bestOutput 13 criteria 0 100 0 0 0 0 4 2 
01-25 16:55:52.986  2012 30717 V APM_AudioPolicyManager: selectOutput new bestOutput 29 criteria 0 100 0 0 0 1 4 0 
01-25 16:55:52.987  2012 30717 V APM_AudioPolicyManager: selectOutput new bestOutput 13 criteria 0 100 0 0 0 0 4 2 
01-25 16:55:52.987  2012 30717 V APM_AudioPolicyManager: selectOutput new bestOutput 29 criteria 0 100 0 0 0 1 4 0 
01-25 16:55:52.987  2012 30717 V APM_AudioPolicyManager: selectOutput new bestOutput 13 criteria 0 100 0 0 0 0 4 2 
01-25 16:55:52.987  2012 30717 V APM_AudioPolicyManager: selectOutput new bestOutput 77 criteria 0 199 0 0 0 0 4 0 
01-25 16:55:52.987  2012 30717 V APM_AudioPolicyManager: selectOutput new bestOutput 13 criteria 0 100 0 0 0 0 4 2 
01-25 16:55:52.987  2012 30717 V APM_AudioPolicyManager: selectOutput new bestOutput 77 criteria 0 199 0 0 0 0 4 0 
01-25 16:55:52.987  2012 30717 V APM_AudioPolicyManager: checkOutputForAttributes: strategy 14, moving from output 13 to output 13
01-25 16:55:52.988  2012 30717 V APM_AudioPolicyManager: getNewOutputDevices selected devices AUDIO_DEVICE_NONE
01-25 16:55:52.988  2012 30717 V APM_AudioPolicyManager: setOutputDevices device AUDIO_DEVICE_NONE delayMs 100
01-25 16:55:52.988  2012 30717 V APM_AudioPolicyManager: setOutputDevices() prevDevice {AUDIO_DEVICE_OUT_SPEAKER, @:}
01-25 16:55:52.988  2012 30717 V APM_AudioPolicyManager: setOutputDevices setting same device AUDIO_DEVICE_NONE or null device, force=0, patch handle=1050
01-25 16:55:52.988  2012 30717 V APM_AudioPolicyManager: getNewOutputDevices selected devices AUDIO_DEVICE_NONE
01-25 16:55:52.988  2012 30717 V APM_AudioPolicyManager: setOutputDevices device AUDIO_DEVICE_NONE delayMs 0
01-25 16:55:52.988  2012 30717 V APM_AudioPolicyManager: setOutputDevices() prevDevice {AUDIO_DEVICE_OUT_SPEAKER, @:}
01-25 16:55:52.988  2012 30717 V APM_AudioPolicyManager: setOutputDevices setting same device AUDIO_DEVICE_NONE or null device, force=0, patch handle=1144
01-25 16:55:52.988  2012 30717 V APM_AudioPolicyManager: getNewOutputDevices selected devices AUDIO_DEVICE_NONE
01-25 16:55:52.988  2012 30717 V APM_AudioPolicyManager: setOutputDevices device AUDIO_DEVICE_NONE delayMs 0
01-25 16:55:52.988  2012 30717 V APM_AudioPolicyManager: setOutputDevices() prevDevice {AUDIO_DEVICE_OUT_SPEAKER, @:}
01-25 16:55:52.989  2012 30717 V APM_AudioPolicyManager: setOutputDevices setting same device AUDIO_DEVICE_NONE or null device, force=0, patch handle=1289
01-25 16:55:52.989  2012 30717 V APM_AudioPolicyManager: getNewOutputDevices selected devices AUDIO_DEVICE_NONE
01-25 16:55:52.989  2012 30717 V APM_AudioPolicyManager: setOutputDevices device AUDIO_DEVICE_NONE delayMs 0
01-25 16:55:52.989  2012 30717 V APM_AudioPolicyManager: setOutputDevices() prevDevice {AUDIO_DEVICE_OUT_SPEAKER, @:}
01-25 16:55:52.989  2012 30717 V APM_AudioPolicyManager: setOutputDevices changing device to AUDIO_DEVICE_NONE
01-25 16:55:52.989  2012 30717 V APM_AudioPolicyManager: checkAndSetVolume: output 37, stream 10, index 9, devices 0x2, volume 0.063096
01-25 16:55:52.989  2012 30717 V APM_AudioPolicyManager: checkAndSetVolume: output 37, stream 4, index 15, devices 0x2, volume 1.000000
01-25 16:55:52.989  2012 30717 V APM_AudioPolicyManager: checkAndSetVolume: output 37, stream 8, index 0, devices 0x2, volume 0.000000
01-25 16:55:52.990  2012 30717 V APM_AudioPolicyManager: checkAndSetVolume: output 37, stream 3, index 8, devices 0x2, volume 0.053088
01-25 16:55:52.990  2012 30717 V APM_AudioPolicyManager: checkAndSetVolume: output 37, stream 5, index 0, devices 0x2, volume 0.000000
01-25 16:55:52.990  2012 30717 V APM_AudioPolicyManager: checkAndSetVolume: output 37, stream 2, index 0, devices 0x2, volume 0.000000
01-25 16:55:52.990  2012 30717 V APM_AudioPolicyManager: checkAndSetVolume: output 37, stream 1, index 0, devices 0x2, volume 0.000000
01-25 16:55:52.991  2012 30717 V APM_AudioPolicyManager: checkAndSetVolume: output 37, stream 9, index 8, devices 0x2, volume 0.251189
01-25 16:55:52.991  2012 30717 V APM_AudioPolicyManager: checkAndSetVolume: output 37, stream 0, index 3, devices 0x2, volume 0.375000
01-25 16:55:52.991  2012 30717 V APM_AudioPolicyManager: checkAndSetVolume: output 37, stream 11, index 7, devices 0x2, volume 0.044668
01-25 16:55:52.991  2012 30717 V APM_AudioPolicyManager: getNewOutputDevices selected devices AUDIO_DEVICE_NONE
01-25 16:55:52.991  2012 30717 V APM_AudioPolicyManager: setOutputDevices device AUDIO_DEVICE_NONE delayMs 0
01-25 16:55:52.991  2012 30717 V APM_AudioPolicyManager: setOutputDevices() prevDevice {AUDIO_DEVICE_OUT_SPEAKER, @:}
01-25 16:55:52.991  2012 30717 V APM_AudioPolicyManager: setOutputDevices setting same device AUDIO_DEVICE_NONE or null device, force=0, patch handle=1038
01-25 16:55:52.991  2012 30717 V APM_AudioPolicyManager: getNewOutputDevices selected devices AUDIO_DEVICE_NONE
01-25 16:55:52.991  2012 30717 V APM_AudioPolicyManager: setOutputDevices device AUDIO_DEVICE_NONE delayMs 0
01-25 16:55:52.991  2012 30717 V APM_AudioPolicyManager: setOutputDevices() prevDevice {AUDIO_DEVICE_OUT_TELEPHONY_TX, @:}
01-25 16:55:52.991  2012 30717 V APM_AudioPolicyManager: setOutputDevices changing device to AUDIO_DEVICE_NONE
01-25 16:55:52.991  2012 30717 V APM_AudioPolicyManager: checkAndSetVolume: output 69, stream 10, index 9, devices 0x10000, volume 1.000000
01-25 16:55:52.991  2012 30717 V APM_AudioPolicyManager: checkAndSetVolume: output 69, stream 4, index 15, devices 0x10000, volume 1.000000
01-25 16:55:52.992  2012 30717 V APM_AudioPolicyManager: checkAndSetVolume: output 69, stream 8, index 0, devices 0x10000, volume 1.000000
01-25 16:55:52.992  2012 30717 V APM_AudioPolicyManager: checkAndSetVolume: output 69, stream 3, index 8, devices 0x10000, volume 1.000000
01-25 16:55:52.992  2012 30717 V APM_AudioPolicyManager: checkAndSetVolume: output 69, stream 5, index 0, devices 0x10000, volume 1.000000
01-25 16:55:52.993  2012 30717 V APM_AudioPolicyManager: checkAndSetVolume: output 69, stream 2, index 0, devices 0x10000, volume 1.000000
01-25 16:55:52.993  2012 30717 V APM_AudioPolicyManager: checkAndSetVolume: output 69, stream 1, index 0, devices 0x10000, volume 1.000000
01-25 16:55:52.993  2012 30717 V APM_AudioPolicyManager: checkAndSetVolume: output 69, stream 9, index 8, devices 0x10000, volume 1.000000
01-25 16:55:52.993  2012 30717 V APM_AudioPolicyManager: checkAndSetVolume: output 69, stream 0, index 3, devices 0x10000, volume 1.000000
01-25 16:55:52.993  2012 30717 V APM_AudioPolicyManager: checkAndSetVolume: output 69, stream 11, index 7, devices 0x10000, volume 1.000000
01-25 16:55:52.993  2012 30717 V APM_AudioPolicyManager: getNewOutputDevices selected devices AUDIO_DEVICE_NONE
01-25 16:55:52.993  2012 30717 V APM_AudioPolicyManager: setOutputDevices device AUDIO_DEVICE_NONE delayMs 0
01-25 16:55:52.993  2012 30717 V APM_AudioPolicyManager: setOutputDevices() prevDevice {AUDIO_DEVICE_OUT_SPEAKER, @:}
01-25 16:55:52.994  2012 30717 V APM_AudioPolicyManager: setOutputDevices setting same device AUDIO_DEVICE_NONE or null device, force=0, patch handle=1057
01-25 16:55:52.994  2012 30717 V APM_AudioPolicyManager: getNewOutputDevices selected devices AUDIO_DEVICE_NONE
01-25 16:55:52.994  2012 30717 V APM_AudioPolicyManager: setOutputDevices device AUDIO_DEVICE_NONE delayMs 0
01-25 16:55:52.994  2012 30717 V APM_AudioPolicyManager: setOutputDevices() prevDevice {AUDIO_DEVICE_OUT_TELEPHONY_TX, @:}
01-25 16:55:52.994  2012 30717 V APM_AudioPolicyManager: setOutputDevices changing device to AUDIO_DEVICE_NONE
01-25 16:55:52.994  2012 30717 V APM_AudioPolicyManager: checkAndSetVolume: output 85, stream 10, index 9, devices 0x10000, volume 1.000000
01-25 16:55:52.994  2012 30717 V APM_AudioPolicyManager: checkAndSetVolume: output 85, stream 4, index 15, devices 0x10000, volume 1.000000
01-25 16:55:52.994  2012 30717 V APM_AudioPolicyManager: checkAndSetVolume: output 85, stream 8, index 0, devices 0x10000, volume 1.000000
01-25 16:55:52.995  2012 30717 V APM_AudioPolicyManager: checkAndSetVolume: output 85, stream 3, index 8, devices 0x10000, volume 1.000000
01-25 16:55:52.995  2012 30717 V APM_AudioPolicyManager: checkAndSetVolume: output 85, stream 5, index 0, devices 0x10000, volume 1.000000
01-25 16:55:52.995  2012 30717 V APM_AudioPolicyManager: checkAndSetVolume: output 85, stream 2, index 0, devices 0x10000, volume 1.000000
01-25 16:55:52.995  2012 30717 V APM_AudioPolicyManager: checkAndSetVolume: output 85, stream 1, index 0, devices 0x10000, volume 1.000000
01-25 16:55:52.995  2012 30717 V APM_AudioPolicyManager: checkAndSetVolume: output 85, stream 9, index 8, devices 0x10000, volume 1.000000
01-25 16:55:52.995  2012 30717 V APM_AudioPolicyManager: checkAndSetVolume: output 85, stream 0, index 3, devices 0x10000, volume 1.000000
01-25 16:55:52.996  2012 30717 V APM_AudioPolicyManager: checkAndSetVolume: output 85, stream 11, index 7, devices 0x10000, volume 1.000000
01-25 16:55:52.996  2012  4655 V APM_AudioPolicyManager: setDevicesRoleForStrategy() strategy=17 role=1 AUDIO_DEVICE_OUT_SPEAKER, @:
01-25 16:55:52.997 12001 12114 W PluginManager: THREAD WARNING: exec() call to VonagePlugin.connectToSession blocked the main thread for 43ms. Plugin should use CordovaInterface.getThreadPool().
01-25 16:55:52.997  2012  4655 V APM_AudioPolicyManager: getNewOutputDevices selected devices AUDIO_DEVICE_NONE
01-25 16:55:52.997  2012  4655 V APM_AudioPolicyManager: setOutputDevices device AUDIO_DEVICE_NONE delayMs 0
01-25 16:55:52.997  2012  4655 V APM_AudioPolicyManager: setOutputDevices() prevDevice {AUDIO_DEVICE_OUT_SPEAKER, @:}
01-25 16:55:52.998  2012  4655 V APM_AudioPolicyManager: setOutputDevices setting same device AUDIO_DEVICE_NONE or null device, force=0, patch handle=1050
01-25 16:55:52.998  2012  4655 V APM_AudioPolicyManager: getNewOutputDevices selected devices AUDIO_DEVICE_NONE
01-25 16:55:52.998  2012  4655 V APM_AudioPolicyManager: setOutputDevices device AUDIO_DEVICE_NONE delayMs 0
01-25 16:55:52.998  2012  4655 V APM_AudioPolicyManager: setOutputDevices() prevDevice {AUDIO_DEVICE_OUT_SPEAKER, @:}
01-25 16:55:52.998  2012  4655 V APM_AudioPolicyManager: setOutputDevices setting same device AUDIO_DEVICE_NONE or null device, force=0, patch handle=1144
01-25 16:55:52.998  2012  4655 V APM_AudioPolicyManager: getNewOutputDevices selected devices AUDIO_DEVICE_NONE
01-25 16:55:52.998  2012  4655 V APM_AudioPolicyManager: setOutputDevices device AUDIO_DEVICE_NONE delayMs 0
01-25 16:55:52.998  2012  4655 V APM_AudioPolicyManager: setOutputDevices() prevDevice {AUDIO_DEVICE_OUT_SPEAKER, @:}
01-25 16:55:52.998  2012  4655 V APM_AudioPolicyManager: setOutputDevices setting same device AUDIO_DEVICE_NONE or null device, force=0, patch handle=1289
01-25 16:55:52.998  2012  4655 V APM_AudioPolicyManager: getNewOutputDevices selected devices AUDIO_DEVICE_NONE
01-25 16:55:52.998  2012  4655 V APM_AudioPolicyManager: setOutputDevices device AUDIO_DEVICE_NONE delayMs 0
01-25 16:55:52.998  2012  4655 V APM_AudioPolicyManager: setOutputDevices() prevDevice {AUDIO_DEVICE_OUT_SPEAKER, @:}
01-25 16:55:52.999  2012  4655 V APM_AudioPolicyManager: setOutputDevices changing device to AUDIO_DEVICE_NONE
01-25 16:55:52.999  2012  4655 V APM_AudioPolicyManager: checkAndSetVolume: output 37, stream 10, index 9, devices 0x2, volume 0.063096
01-25 16:55:52.999  2012  4655 V APM_AudioPolicyManager: checkAndSetVolume: output 37, stream 4, index 15, devices 0x2, volume 1.000000
01-25 16:55:52.999  2012  4655 V APM_AudioPolicyManager: checkAndSetVolume: output 37, stream 8, index 0, devices 0x2, volume 0.000000
01-25 16:55:52.999  2829  4072 D NetdEventListenerService: DNS Requested by 132, 10435, 1
01-25 16:55:53.000  2012  4655 V APM_AudioPolicyManager: checkAndSetVolume: output 37, stream 3, index 8, devices 0x2, volume 0.053088
01-25 16:55:53.000  2012  4655 V APM_AudioPolicyManager: checkAndSetVolume: output 37, stream 5, index 0, devices 0x2, volume 0.000000
01-25 16:55:53.000  2012  4655 V APM_AudioPolicyManager: checkAndSetVolume: output 37, stream 2, index 0, devices 0x2, volume 0.000000
01-25 16:55:53.000  2012  4655 V APM_AudioPolicyManager: checkAndSetVolume: output 37, stream 1, index 0, devices 0x2, volume 0.000000
01-25 16:55:53.001  2012  4655 V APM_AudioPolicyManager: checkAndSetVolume: output 37, stream 9, index 8, devices 0x2, volume 0.251189
01-25 16:55:53.001  2012  4655 V APM_AudioPolicyManager: checkAndSetVolume: output 37, stream 0, index 3, devices 0x2, volume 0.375000
01-25 16:55:53.001  2012  4655 V APM_AudioPolicyManager: checkAndSetVolume: output 37, stream 11, index 7, devices 0x2, volume 0.044668
01-25 16:55:53.001  2012  4655 V APM_AudioPolicyManager: getNewOutputDevices selected devices AUDIO_DEVICE_NONE
01-25 16:55:53.001  2012  4655 V APM_AudioPolicyManager: setOutputDevices device AUDIO_DEVICE_NONE delayMs 0
01-25 16:55:53.001  2012  4655 V APM_AudioPolicyManager: setOutputDevices() prevDevice {AUDIO_DEVICE_OUT_SPEAKER, @:}
01-25 16:55:53.002  2012  4655 V APM_AudioPolicyManager: setOutputDevices setting same device AUDIO_DEVICE_NONE or null device, force=0, patch handle=1038
01-25 16:55:53.002  2012  4655 V APM_AudioPolicyManager: getNewOutputDevices selected devices AUDIO_DEVICE_NONE
01-25 16:55:53.002  2012  4655 V APM_AudioPolicyManager: setOutputDevices device AUDIO_DEVICE_NONE delayMs 0
01-25 16:55:53.002  2829  4072 D NetdEventListenerService: DNS Requested by 132, 10435, 3
01-25 16:55:53.002  2012  4655 V APM_AudioPolicyManager: setOutputDevices() prevDevice {AUDIO_DEVICE_OUT_TELEPHONY_TX, @:}
01-25 16:55:53.002  2012  4655 V APM_AudioPolicyManager: setOutputDevices changing device to AUDIO_DEVICE_NONE
01-25 16:55:53.002  2012  4655 V APM_AudioPolicyManager: checkAndSetVolume: output 69, stream 10, index 9, devices 0x10000, volume 1.000000
01-25 16:55:53.002  2012  4655 V APM_AudioPolicyManager: checkAndSetVolume: output 69, stream 4, index 15, devices 0x10000, volume 1.000000
01-25 16:55:53.002  2012  4655 V APM_AudioPolicyManager: checkAndSetVolume: output 69, stream 8, index 0, devices 0x10000, volume 1.000000
01-25 16:55:53.003  2012  4655 V APM_AudioPolicyManager: checkAndSetVolume: output 69, stream 3, index 8, devices 0x10000, volume 1.000000
01-25 16:55:53.003  2012  4655 V APM_AudioPolicyManager: checkAndSetVolume: output 69, stream 5, index 0, devices 0x10000, volume 1.000000
01-25 16:55:53.003  2012  4655 V APM_AudioPolicyManager: checkAndSetVolume: output 69, stream 2, index 0, devices 0x10000, volume 1.000000
01-25 16:55:53.003  2012  4655 V APM_AudioPolicyManager: checkAndSetVolume: output 69, stream 1, index 0, devices 0x10000, volume 1.000000
01-25 16:55:53.003  2012  4655 V APM_AudioPolicyManager: checkAndSetVolume: output 69, stream 9, index 8, devices 0x10000, volume 1.000000
01-25 16:55:53.004  2012  4655 V APM_AudioPolicyManager: checkAndSetVolume: output 69, stream 0, index 3, devices 0x10000, volume 1.000000
01-25 16:55:53.004  2012  4655 V APM_AudioPolicyManager: checkAndSetVolume: output 69, stream 11, index 7, devices 0x10000, volume 1.000000
01-25 16:55:53.004  2012  4655 V APM_AudioPolicyManager: getNewOutputDevices selected devices AUDIO_DEVICE_NONE
01-25 16:55:53.004  2012  4655 V APM_AudioPolicyManager: setOutputDevices device AUDIO_DEVICE_NONE delayMs 0
01-25 16:55:53.004  2012  4655 V APM_AudioPolicyManager: setOutputDevices() prevDevice {AUDIO_DEVICE_OUT_SPEAKER, @:}
01-25 16:55:53.004  2012  4655 V APM_AudioPolicyManager: setOutputDevices setting same device AUDIO_DEVICE_NONE or null device, force=0, patch handle=1057
01-25 16:55:53.004  2012  4655 V APM_AudioPolicyManager: getNewOutputDevices selected devices AUDIO_DEVICE_NONE
01-25 16:55:53.004  2012  4655 V APM_AudioPolicyManager: setOutputDevices device AUDIO_DEVICE_NONE delayMs 0
01-25 16:55:53.004  2012  4655 V APM_AudioPolicyManager: setOutputDevices() prevDevice {AUDIO_DEVICE_OUT_TELEPHONY_TX, @:}
01-25 16:55:53.004  2012  4655 V APM_AudioPolicyManager: setOutputDevices changing device to AUDIO_DEVICE_NONE
01-25 16:55:53.004  2012  4655 V APM_AudioPolicyManager: checkAndSetVolume: output 85, stream 10, index 9, devices 0x10000, volume 1.000000
01-25 16:55:53.005  2012  4655 V APM_AudioPolicyManager: checkAndSetVolume: output 85, stream 4, index 15, devices 0x10000, volume 1.000000
01-25 16:55:53.005  2012  4655 V APM_AudioPolicyManager: checkAndSetVolume: output 85, stream 8, index 0, devices 0x10000, volume 1.000000
01-25 16:55:53.005  2012  4655 V APM_AudioPolicyManager: checkAndSetVolume: output 85, stream 3, index 8, devices 0x10000, volume 1.000000
01-25 16:55:53.006  2012  4655 V APM_AudioPolicyManager: checkAndSetVolume: output 85, stream 5, index 0, devices 0x10000, volume 1.000000
01-25 16:55:53.006  2012  4655 V APM_AudioPolicyManager: checkAndSetVolume: output 85, stream 2, index 0, devices 0x10000, volume 1.000000
01-25 16:55:53.006  2012  4655 V APM_AudioPolicyManager: checkAndSetVolume: output 85, stream 1, index 0, devices 0x10000, volume 1.000000
01-25 16:55:53.006  2012  4655 V APM_AudioPolicyManager: checkAndSetVolume: output 85, stream 9, index 8, devices 0x10000, volume 1.000000
01-25 16:55:53.006  2012  4655 V APM_AudioPolicyManager: checkAndSetVolume: output 85, stream 0, index 3, devices 0x10000, volume 1.000000
01-25 16:55:53.006  2012  4655 V APM_AudioPolicyManager: checkAndSetVolume: output 85, stream 11, index 7, devices 0x10000, volume 1.000000
01-25 16:55:53.007  2829  3974 V AS.AudioDeviceBroker: requestedCommunicationDevice: AudioDeviceAttributes: role:output type:speaker addr: name: profiles:[] descriptors:[] mAudioModeOwner: AudioModeInfo: mMode=MODE_NORMAL, mPid=0, mUid=0
01-25 16:55:53.007  2829  3974 I MicModeManager: setCommunicationDevice() deviceType: 2
01-25 16:55:53.007  2829  3974 I MicModeManager: updateAudioDevice() audioMode: 0, curDevice: 2
01-25 16:55:53.007  2829  3974 I MicModeManager: isMicModeSupported() MicModeType: 1, audioMode: 0, curDevice: 2, translationState: false, dexState: false, smartViewState: false, gameChatState: false, wifiCallState: false, videoCallState: false
01-25 16:55:53.007  2829  3974 D KNOX_MDM_SettingsProvider: isChangeAllowed() : name = mic_mode_enable
01-25 16:55:53.007  2829  3974 V AS.AudioDeviceBroker: requestedCommunicationDevice: AudioDeviceAttributes: role:output type:speaker addr: name: profiles:[] descriptors:[] mAudioModeOwner: AudioModeInfo: mMode=MODE_NORMAL, mPid=0, mUid=0
01-25 16:55:53.007  2829  3974 E AS.AudioDeviceBroker: mCommunicationDeviceUpdateCount already 0 in MSG_L_SET_COMMUNICATION_DEVICE_FOR_CLIENT
01-25 16:55:53.007  2012 30717 V APM_AudioPolicyManager: setForceUse() usage 7, config 0, mPhoneState 0
01-25 16:55:53.007  2012 30717 W APM_AudioPolicyManager: setForceUse() usage 7, config 0 is already set
01-25 16:55:53.008  2829  3974 I Telecom : SamsungTelecomServiceImpl : isInCall - callingPackage : android / callingUser : UserHandle{0} / hasCrossUserAccess : true
01-25 16:55:53.008  2829  2829 I Telecom : SamsungCallAudioRouteStateMachine: isSpeakerPhoneChangedByTelecom - modeOwner : android: CARSM.mSPCR@ibE
01-25 16:55:53.008  2829  2829 V AS.AudioDeviceBroker: requestedCommunicationDevice: AudioDeviceAttributes: role:output type:speaker addr: name: profiles:[] descriptors:[] mAudioModeOwner: AudioModeInfo: mMode=MODE_NORMAL, mPid=0, mUid=0
01-25 16:55:53.008  2829  4946 I Telecom : CallAudioRouteStateMachine: Message received: SPEAKER_ON=1006, arg1=0: CARSM.mSPCR->CARSM.pM_SPEAKER_ON@ibE
01-25 16:55:53.008  2829  4946 I Telecom : QuiescentEarpieceRoute: Processing message SPEAKER_ON: CARSM.mSPCR->CARSM.pM_SPEAKER_ON@ibE
01-25 16:55:53.017  2012 30717 V APM_AudioPolicyManager: setForceUse() usage 7, config 0, mPhoneState 0
01-25 16:55:53.017  2012 30717 W APM_AudioPolicyManager: setForceUse() usage 7, config 0 is already set
01-25 16:55:53.018  2829  5012 D ActivityManager: unpendingScheduleServiceRestart: u=10351, drop=false
01-25 16:55:53.018  2829  4993 D FreecessController: UFZ : com.x8bit.bitwarden(11773)
01-25 16:55:53.019  2829  5012 W LocationManagerService: onFreezeStateChanged, uid[10351]=false
01-25 16:55:53.019  2829  4993 D FreecessController: UFZ : com.x8bit.bitwarden(0), reason: Binder(1)-android.accessibilityservice.IAccessibili
01-25 16:55:53.019  2829  5012 I PowerManagerService: [PWL] SetWakeLockEnableDisable uid = 10351 , disable= false
01-25 16:55:53.019  2829  5012 I PowerManagerService: [PWL] can not change uid =  10351
01-25 16:55:53.035  2031  2155 D RenderEngine: [SEC_GC_CMN_SF_EFFECTS] drawLayersInternal,1279, Rendering layer  at index 0
01-25 16:55:53.035  2031  2155 D RenderEngine: [SEC_GC_CMN_SF_EFFECTS] drawLayersInternal,1279, Rendering layer com.outsystemscloud.lucasgv.SandboxAppCordova/com.outsystemscloud.lucasgv.SandboxAppCordova.MainActivity$_12001#41243 at index 1
01-25 16:55:53.124  2829  4072 D NetdEventListenerService: DNS Requested by 132, 10435, 1
01-25 16:55:53.137  2031  2155 D RenderEngine: [SEC_GC_CMN_SF_EFFECTS] drawLayersInternal,1279, Rendering layer  at index 0
01-25 16:55:53.137  2031  2155 D RenderEngine: [SEC_GC_CMN_SF_EFFECTS] drawLayersInternal,1279, Rendering layer com.outsystemscloud.lucasgv.SandboxAppCordova/com.outsystemscloud.lucasgv.SandboxAppCordova.MainActivity$_12001#41243 at index 1
01-25 16:55:53.142  1963  1971 E BatteryDump: !@new_battery_dump : 4155,-569,300,1500,78,380,372,424,380,0,383,410,0,Charging,NO_CHARGING,Normal,Good,USB_CDP,2,Normal,0,0,9300,0x8000,0x10000,0x0,0,0,0000,0000,00000000,0,0,0,0,263,4178,7874,1000,0,
01-25 16:55:53.144  2829  6764 D BatteryService: Sending ACTION_BATTERY_CHANGED: level:78, status:2, health:2, remain:676, ac:false, usb:true, wireless:false, pogo:false, misc:0x10000, charge_type:2, charger_type:0, voltage:4155, temperature:380, online:5, charging_status:0, cycle_count:0, current_avg:-190, ps:false, hvc:false, capacity:280000, current_event:0x8000, current_now:-359, mcc:0, mcv:0, cc:3765795, present:true, scale:100, technology:Li-ion
01-25 16:55:53.144  2829  6933 I UMR     : getDamonEnableTimeout entry mSystemStatus: 48
01-25 16:55:53.144  1963  1963 I sehhealth-service: updateLrpSysfs: write: 382
01-25 16:55:53.145  2829  4067 I DeviceBatteryInfoService: action: android.intent.action.BATTERY_CHANGED
01-25 16:55:53.145  2829  4067 I DeviceBatteryInfoService: phone battery level: 78
01-25 16:55:53.145  2829  4067 I DeviceBatteryInfoService: phone battery status: 2
01-25 16:55:53.147  2829  3896 D MotionRecognitionService: [SAR]  onReceive : ACTION_BATTERY_CHANGED, Plugged: 2
01-25 16:55:53.147  2829  2829 D AdaptiveBrightnessLongtermModelBuilder: Received android.intent.action.BATTERY_CHANGED
01-25 16:55:53.148  4131  4131 D SemBigDataInfoController: Intent: android.intent.action.BATTERY_CHANGED
01-25 16:55:53.148  4131  4131 D SemBigDataInfoController: Intent: android.intent.action.BATTERY_CHANGED
01-25 16:55:53.148  4158  4158 I AODBatteryManager: updateBatteryData: ACTION_BATTERY_CHANGED
01-25 16:55:53.149  2829  3132 W ProcessStats: Tracking association SourceState{29c5d41 com.samsung.android.carkey/10104 BTop #1111782} whose proc state 2 is better than process ProcessState{db3774f com.skms.android.agent:remote/1000 pkg=com.skms.android.agent} proc state 4 (140 skipped)
01-25 16:55:53.149  4158  4158 I AODBatteryManager: saveBatteryData : AOD BatteryData [mBatteryLevel=78, mBatteryStatus=CHARGING, mBatteryPlugType=USB, mBatteryPlugged=true, mRemainingChargeTime=676000, mBatteryChargingType=1, mBatteryChargerType=NORMAL, mBatteryOnline=NOT_DEFINED, mBatterySwellingMode=NONE, mBatteryProtectMode=false, mBatteryProtectModeType=1, mSleepChargingEvent=null, mSleepChargingEventFinishTime=null]
01-25 16:55:53.149  4158  4158 I PowerUI : mBootCompleted = true |  mFullyConnected = true
01-25 16:55:53.149  4158  4158 I PowerUI : BATTERY_HEALTH_CHECK extraHealth=2 mBatteryMiscEvent=65536
01-25 16:55:53.149  4158  4158 W PowerUI : Plug reason
01-25 16:55:53.149  4158  4158 W PowerUI : Skip charging animation - by plug status
01-25 16:55:53.149  4158  4158 D PowerUI : priorPlugType = 2 mPlugType = 2 priorBatteryStatus = 2 mBatteryStatus = 2
01-25 16:55:53.149  4158  4158 W PowerUI : Plug reason
01-25 16:55:53.149  4158  4158 W PowerUI : Skip charging sound - by plug status
01-25 16:55:53.149  4158  4158 I PowerUI : oldMisalign : false, curMisalign : false
01-25 16:55:53.150  4158  6708 D SecPowerUI.Notification: dismissing low battery warning: level=78
01-25 16:55:53.150  4158  6708 D SecPowerUI.Notification: updateNotification mWarning=false mPlaySound=false
01-25 16:55:53.150  4158  6708 D SecPowerUI.Notification: SecBatteryStatsSnapshot{batteryLevel=78, currentBatteryMode=0, chargingTime=676000, chargingType=8, batteryHealth=2, automaticTestMode=false, isHiccupState=false, optChargingFinishTime=}
01-25 16:55:53.150  4158  6708 D SecPowerUI.Notification: 1. restoreScreenTimeOut - saved_value : :
01-25 16:55:53.150  4158  6708 E SecPowerUI.Notification: no saved value, so we do nothing !!
01-25 16:55:53.150  4158  4158 D SecPowerUI.Notification: showChargingNotice oldChargingType : 8 / currentChargingType : 8, oldChargingTime : 676000 / mChargingTime : 676000
01-25 16:55:53.150  4158  4158 D SecPowerUI.Notification: showChargingNotice There is no change about charging status, so return!
01-25 16:55:53.150  4158  4158 D PowerUI : Battery swelling mode - priorBatterySwellingMode = 0 mBatterySwellingMode = 0 mBatteryStatus = 2
01-25 16:55:53.150  4158  4158 I PowerUI : mBatteryMiscEvent = 65536
01-25 16:55:53.150  4158  4158 I PowerUI : checkRestoreProtectBattery pb value : 1, Scheduling start ? : false
01-25 16:55:53.150  4158  4158 I PowerUI : Clear time
01-25 16:55:53.150 17941 17941 I [SCPMV2][SystemMonitorReceiver]: onReceive: android.intent.action.BATTERY_CHANGED
01-25 16:55:53.151  2829  2856 D KNOX_MDM_SettingsProvider: isChangeAllowed() : name = ltc_highsoc_exceed_time
01-25 16:55:53.151  2829  2856 D KNOX_MDM_SettingsProvider: edmUri: content://com.sec.knox.provider/RestrictionPolicy3
01-25 16:55:53.151  2829  2856 D KNOX_MDM_SettingsProvider: projectionArgs: isSettingsChangesAllowed
01-25 16:55:53.151  2829  2856 D KNOX_MDM_SettingsProvider: selectionArgs: false
01-25 16:55:53.151  2829  2856 D KNOX_MDM_SettingsProvider: selectionArgs: 10041
01-25 16:55:53.151  2829  2856 D SecContentProvider: query(), uri = 17 selection = isSettingsChangesAllowed
01-25 16:55:53.151  2829  2856 D SecContentProvider: called from android.uid.systemui:10041
01-25 16:55:53.151  2829  2856 D RestrictionPolicy: isSettingsChangesAllowedAsUser, userId 0 : true
01-25 16:55:53.151  2829  2856 D KNOX_MDM_SettingsProvider: ret = 1
01-25 16:55:53.151  4158  4158 I PowerUI : checkBatteryProtectionNotification : 2, pb value : 1, plugType : 2, level : 78
01-25 16:55:53.151  4158  4158 D SecPowerUI.Notification: SecBatteryStatsSnapshot{batteryLevel=78, currentBatteryMode=0, chargingTime=676000, chargingType=8, batteryHealth=2, automaticTestMode=false, isHiccupState=false, optChargingFinishTime=}
01-25 16:55:53.152  4158  4158 D PowerUI : checkBatteryProtectionTipsNotification, first : false
01-25 16:55:53.152  4158  4158 D SamsungBatteryMeterDrawable: onBatteryLevelChanged isSomethingChanged: false
01-25 16:55:53.152  4158  4158 D SamsungBatteryMeterDrawable: onBatteryLevelChanged isSomethingChanged: false
01-25 16:55:53.152  4158  4158 D SamsungBatteryMeterDrawable: onBatteryLevelChanged isSomethingChanged: false
01-25 16:55:53.152  4158  4158 D KeyguardUpdateMonitor: handleBatteryUpdate
01-25 16:55:53.180  2829  3121 I GestureDetector: handleMessage TAP
01-25 16:55:53.181  2829  2829 I GestureDetector: handleMessage TAP
01-25 16:55:53.238  2031  2155 D RenderEngine: [SEC_GC_CMN_SF_EFFECTS] drawLayersInternal,1279, Rendering layer  at index 0
01-25 16:55:53.238  2031  2155 D RenderEngine: [SEC_GC_CMN_SF_EFFECTS] drawLayersInternal,1279, Rendering layer com.outsystemscloud.lucasgv.SandboxAppCordova/com.outsystemscloud.lucasgv.SandboxAppCordova.MainActivity$_12001#41243 at index 1
01-25 16:55:53.478  2829  5012 D FreecessController: com.whatsapp(10301) is important[18]
01-25 16:55:53.489 18215 18266 I WM-WorkerWrapper: Worker result SUCCESS for Work [ id=8686ef67-840f-473f-a157-fb7cc690a8b3, tags={ com.whatsapp.messaging.xmpp.XmppLifecycleWorker } ]
01-25 16:55:53.492 18215 18215 D WM-Processor: 9ge 8686ef67-840f-473f-a157-fb7cc690a8b3 executed; reschedule = false
01-25 16:55:53.493 18215 18215 D WM-GreedyScheduler: Stopping tracking for WorkGenerationalId(workSpecId=8686ef67-840f-473f-a157-fb7cc690a8b3, generation=0)
01-25 16:55:53.493 18215 18215 D WM-SystemJobService: 8686ef67-840f-473f-a157-fb7cc690a8b3 executed on JobScheduler
01-25 16:55:53.498  2829  6764 I ActivityManager: Changes in 10301 8 to 10, 8 to 0
01-25 16:55:53.500  9050  9774 I eplu    : (REDACTED) appOpsListener %s %s
01-25 16:55:53.500  9050  9774 I eplu    : (REDACTED) Ignoring irrelevant audio permission changes for package %s
01-25 16:55:53.502  5020  5104 I RequestManager_FLP: onOpChanged, op=0 / packageName=com.whatsapp
01-25 16:55:53.507 18215 18253 D WM-GreedyScheduler: Cancelling work ID 8686ef67-840f-473f-a157-fb7cc690a8b3
01-25 16:55:53.510 18215 18253 D WM-NetworkStateTracker: Unregistering network callback
01-25 16:55:53.510 18215 18253 D ConnectivityManager: StackLog: [android.net.ConnectivityManager.unregisterNetworkCallback(ConnectivityManager.java:5478)] [X.7hp.A04(:20)] [X.AO0.invoke(:27)] [X.3OU.A00(:96)] [X.3nx.invokeSuspend(Unknown Source:10)] [X.1Uy.resumeWith(:8)] [X.EcH.run(:85)] [X.4hp.A1M(:2)] [X.A7R.run(:3108)] [java.util.concurrent.ThreadPoolExecutor.runWorker(ThreadPoolExecutor.java:1145)] [java.util.concurrent.ThreadPoolExecutor$Worker.run(ThreadPoolExecutor.java:644)] [java.lang.Thread.run(Thread.java:1012)]
01-25 16:55:53.511  2829  3953 D ConnectivityService:  Removing from current network [132 WIFI], leaving 209 requests.
01-25 16:55:53.514  2829  2856 W libc    : Access denied finding property "persist.debug.user_mode_emulation"
01-25 16:55:53.515  2829  2856 V UserSystemPackageInstaller: dumpPackageWhitelistProblems(): using mode 5
01-25 16:55:53.690  2829  4028 I SemWifiLinkQualityMonitor: Link stat: 848 / 13 / 1,32 (41) / 1297 / -45.0 || 100.0 : 1297,00 / 0.5 : 0,76 / 0.55 : 0,02 / G (G) || 0,08 ms / 100,90 Mbps / N || 0 / N / 0 N / 0 Y
01-25 16:55:53.691  2829  6045 D SemWifiUsabilityStatsMonitor: onWifiUsabilityStats - seqNum 20820, isSameBssidAndFreq true
01-25 16:55:53.736  2829  4072 D NetdEventListenerService: DNS Requested by 132, 10435, 1
01-25 16:55:53.914 10023 11531 I SDHMS:C : SIOP:: AP:435 BAT:380 USB:372 CHG:423 PA:408 CP:-200 WIFI:407 CF:392 BLK:0 SUBBAT:0 SKIN:383 SKINF:383 SKINB:374 LRP:383 LRP2:383 LRF2:383 LRB2:374 AP2:383 CHG2:381 WIFI2:380 UANT2:380 DANT2:370 RCV2:377 SPK2:371 FCAM:372 UPSPK:394 DNSPK:372 VAP02:429 VWIFI:410 AMB:366 AMB2:329 AVGCUR:-192
01-25 16:55:54.014 10023 10336 I S0      : limitCPUFreq:: freq = 2476800
01-25 16:55:54.014 10023 10336 I SemDvfsHyPerManager: acquire hyper - SIOP_ARM_MAX/10023@2, type = 301993986
01-25 16:55:54.015  1928  1949 I HYPER-HAL: [RequestManager.cpp]acquire(): Acquired ID : 50255327  [10023 / 2]    HINT :      list : [CPUMaxFreq / 2476800] 
01-25 16:55:54.026  1067  1067 D io_stats: !@   8,0 r 25434318 736257155 w 24174312 286899216 d 1483988 271790544 f 437507 2140228 iot 17551888 0 th 0 0 0 pt 0 inp 0 0 292922.934
01-25 16:55:54.026  1067  1067 D io_stats: !@ Read_top(KB): r.com.sicoobnet(11338) 716 .android.chrome(25689) 396 f2fs_ckpt-254:5(4875) 28
01-25 16:55:54.026  1067  1067 D io_stats: !@ Write_top(KB): kworker/u16:2(22013) 308 f2fs_ckpt-254:5(4875) 200 init(1) 60
01-25 16:55:54.225 25301  9279 I NearbyMediums: Found Fast Ble Advertisements :
01-25 16:55:54.225 25301  9279 I NearbyMediums: BleAdvertisement { version=2, socketVersion=2, isFast=true, serviceIdHash=null, data=[ 0x23 0x49 0x39 0x56 0x4f 0x11 0x32 0x5e 0x3c 0x9b 0x3e 0xcc 0x95 0xb7 0x5e 0x00 0x5b 0x83 0x90 0xbc 0x6c 0x8f 0xde ], deviceToken=[ 0xa2 0x68 ], rxAdvertisement=null } : 1 times.
01-25 16:55:54.225 25301  9279 I NearbyMediums: Total 1 fast advertisements from 1 unique advertisers.
01-25 16:55:54.238 12001 12114 D CompatibilityChangeReporter: Compat change id reported: 236825255; UID 10435; state: ENABLED
01-25 16:55:54.252 12001 12001 I chromium: [INFO:CONSOLE(576)] "Connected to session", source: https://lucasgv.outsystemscloud.com/SandboxAppCordova/scripts/SandboxAppCordova.MainFlow.Screen1.mvc.js?MjEiGlw7NpcF9hYV9peafA (576)
01-25 16:55:54.254  2411 22206 I CameraService: CameraService::connect call (PID 12001 "com.outsystemscloud.lucasgv.SandboxAppCordova", camera ID 1) and Camera API version 2
01-25 16:55:54.255  2411 22206 E CameraService: Permission Denial: can't use the camera pid=12001, uid=10435
--------- beginning of crash
01-25 16:55:54.256 12001 12114 E AndroidRuntime: FATAL EXCEPTION: JavaBridge
01-25 16:55:54.256 12001 12114 E AndroidRuntime: Process: com.outsystemscloud.lucasgv.SandboxAppCordova, PID: 12001
01-25 16:55:54.256 12001 12114 E AndroidRuntime: java.lang.SecurityException: validateClientPermissionsLocked:1625: Caller "com.outsystemscloud.lucasgv.SandboxAppCordova" (PID 10435, UID 12001) cannot open camera "1" without camera permission
