01-25 18:52:14.598  2012  2176 I APM_AudioPolicyManager: setPhoneState() teardownOffload for state 3
01-25 18:52:14.599  1895 27359 D AHAL: AudioStream: AutoPerfLock: 186: (Acquired) perf_lock_handle: 0x0, count: 1
01-25 18:52:14.599  1895 27359 I AHAL: AudioStream: Open: 5413: Enter: InPrimary usecase(33: audio-record-voip)
01-25 18:52:14.599  1895 27359 D AHAL: AudioStream: Open: 5525: set format=1, bit_width=16
01-25 18:52:14.599  1895 27359 D AHAL: AudioStream: Open: 5632: (0:ret)
01-25 18:52:14.599  1895 27359 I PAL: API: pal_stream_open: 197: Enter, stream type:6
01-25 18:52:14.599  2012  2176 V APM_AudioPolicyManager: getNewOutputDevices selected devices {AUDIO_DEVICE_OUT_SPEAKER, @:}
01-25 18:52:14.599  2012  2176 V APM_AudioPolicyManager: setOutputDevices device {AUDIO_DEVICE_OUT_SPEAKER, @:} delayMs 0
01-25 18:52:14.599  2012  2176 V APM_AudioPolicyManager: setOutputDevices() prevDevice {AUDIO_DEVICE_OUT_EARPIECE, @:}
01-25 18:52:14.599  2012  2176 V APM_AudioPolicyManager: setOutputDevices changing device to {AUDIO_DEVICE_OUT_SPEAKER, @:}
01-25 18:52:14.600  1895  1945 V sec_audio_hw: sec_stream_set_parameters(13:0) : l_volume_voice=0.500000
01-25 18:52:14.600  1895  1945 D AHAL: AudioStream: astream_out_set_parameters: 1006: enter: usecase(1: primary-playback) kvpairs: l_volume_voice=0.500000
01-25 18:52:14.600  1895  1945 D AHAL: AudioStream: SetParameters: 2878: enter 
01-25 18:52:14.600  1895  1945 D AHAL: AudioStream: SetParameters: 2923: exit 0
01-25 18:52:14.600  1895  1945 D AHAL: AudioStream: astream_out_set_parameters: 1027: Exit ret: 0
01-25 18:52:14.600  1895 13412 I PAL: Device: close: 510: Exit. deviceCount 0 for device id 38 (PAL_DEVICE_IN_HANDSET_VA_MIC), exit status 0
01-25 18:52:14.600  1895 13412 I PAL: StreamSoundTrigger: TransitTo: 1701: Stream instance 1: state transitioned from ST_STATE_ACTIVE to ST_STATE_LOADED
01-25 18:52:14.600  1895 13412 I PAL: StreamSoundTrigger: stop: 375: Exit, status 0
01-25 18:52:14.600  1895 13412 I PAL: API: pal_stream_stop: 404: Exit. status 0
01-25 18:52:14.600  1895 13412 V sthal_SoundTriggerSession: StopRecognition_l: Exit, status = 0
01-25 18:52:14.600  1895 13412 V sthal_SoundTriggerSession: StopRecognition: Exit, status = 0
01-25 18:52:14.600  1895 13412 V sthal_SoundTriggerDevice: stdev_stop_recognition: Exit, status = 0
01-25 18:52:14.600  1895 27359 I PAL: ResourceManager: getActiveStream_l: 5781: no active streams found for device 25 ret -2
01-25 18:52:14.600  1895 27359 I PAL: ResourceManager: getActiveStream_l: 5781: no active streams found for device 26 ret -2
01-25 18:52:14.600  1895 27359 I PAL: Device: setDeviceAttributes: 383: DeviceAttributes for Device Id 26 updated
01-25 18:52:14.600  1895 27359 I PAL: Device: open: 453: Enter. deviceCount 0 for device id 26 (PAL_DEVICE_IN_SPEAKER_MIC)
01-25 18:52:14.600  1895 27359 I PAL: SessionAlsaUtils: setDeviceMediaConfig: 1048: CODEC_DMA-LPAIF_RXTX-TX-3 rate ch fmt data_fmt 48000 4 2 1
01-25 18:52:14.600  1895 27359 D audio_route: Apply path: voip-comm-speaker-mic
01-25 18:52:14.600  1895 27359 I PAL: Device: open: 488: Exit. deviceCount 1 for device id 26 (PAL_DEVICE_IN_SPEAKER_MIC), exit status: 0
01-25 18:52:14.600  1895 27359 I PAL: ResourceManager: allocateFrontEndIds: 6656: allocateFrontEndIds: front end 112
01-25 18:52:14.600  1895 27359 I PAL: PayloadBuilder: populateStreamKV: 2972: stream type 6
01-25 18:52:14.600  1895 27359 I PAL: PayloadBuilder: findKVs: 2703: key: 0xb1000000 value: 0xb1000004
01-25 18:52:14.600  1895 27359 I PAL: PayloadBuilder: populateStreamCkv: 3304: Entered default a4000000 f
01-25 18:52:14.600  1895 27359 I PAL: PayloadBuilder: populateDeviceKV: 3086: Enter device id:26
01-25 18:52:14.600  1895 27359 I PAL: PayloadBuilder: findKVs: 2703: key: 0xa3000000 value: 0xa3000001
01-25 18:52:14.600  1895 27359 I PAL: PayloadBuilder: populateDeviceKV: 3114: Exit device id:26, status 0
01-25 18:52:14.600  1895 27359 I PAL: PayloadBuilder: populateDevicePPKV: 3246: Tx device id:26
01-25 18:52:14.600  1895 27359 I PAL: PayloadBuilder: getSelectorValues: 2870: stream type: 6
01-25 18:52:14.600  1895 27359 I PAL: PayloadBuilder: findKVs: 2690: key: 0xa3000000 value: 0xa3000001
01-25 18:52:14.600  1895 27359 I PAL: PayloadBuilder: findKVs: 2690: key: 0xad000000 value: 0xad00041
01-25 18:52:14.600  1895 27359 I PAL: PayloadBuilder: populateDevicePPCkv: 3404: sattr->type(6) VoiP Sample Rate[48000]
01-25 18:52:14.600  1895 27359 D agm_server_wrapper: Aif id 5 already added to session list of 112
01-25 18:52:14.600  1895 27359 I AGM: session: session_obj_set_sess_aif_metadata: 1779 Exit
01-25 18:52:14.600  1895 27359 D agm_server_wrapper: Aif id 5 already added to session list of 112
01-25 18:52:14.600  1895 27359 I AGM: API: agm_session_aif_connect: 685 connecting aifid:5 with session id=112
01-25 18:52:14.600  1895 27359 I PAL: API: pal_stream_open: 242: Exit. Value of stream_handle 0xb400007ea47fb800K, status 0 : PAL_STREAM_VOIP_TX(6)
01-25 18:52:14.600  2829  2829 W SoundTriggerHelper: Recognition aborted
01-25 18:52:14.600  1895 27359 D AHAL: AudioStream: Open: 5774: Exit ret: 0
01-25 18:52:14.600  1895 27359 D AHAL: AudioStream: ~AutoPerfLock: 196: (release) perf_lock_handle: 0x0, count: 1
01-25 18:52:14.600  1895 27359 D AHAL: AudioStream: ~AutoPerfLock: 200: Releasing perf_lock_handle: 0x0
01-25 18:52:14.600  1895 27359 D AHAL: AudioStream: AutoPerfLock: 186: (Acquired) perf_lock_handle: 0x0, count: 1
01-25 18:52:14.600  2829  3983 I SoundTriggerMiddlewareLogging: RECOGNITION (2, android.media.soundtrigger_middleware.PhraseRecognitionEventSys{phraseRecognitionEvent: android.media.soundtrigger.PhraseRecognitionEvent{common: android.media.soundtrigger.RecognitionEvent{status: 1, type: 0, captureAvailable: false, captureDelayMs: 0, capturePreambleMs: 0, triggerInData: false, audioConfig: null, data: [], recognitionStillActive: false}, phraseExtras: []}, halEventReceivedMillis: -1, token: android.os.Binder@d39f83b}, 11953)
01-25 18:52:14.600  1895 27359 D PreProcess_RA: PreProcessInit() There is no solutions for recording
01-25 18:52:14.600  1895 27359 I PAL: API: pal_stream_start: 310: Enter. Stream handle 0xb400007ea47fb800K
01-25 18:52:14.600  1895 27359 I PAL: SessionAlsaUtils: setDeviceMediaConfig: 1048: CODEC_DMA-LPAIF_RXTX-TX-3 rate ch fmt data_fmt 48000 4 2 1
01-25 18:52:14.600  1895 27359 I PAL: ResourceManager: voteSleepMonitor: 1950: Voting done for nlpi use case, lpi votes 0, nlpi votes : 1
01-25 18:52:14.601  1895 27359 D agm_client_wrapper: agm_session_open called with handle = 636fcda0 , *handle = 0
01-25 18:52:14.601  9050  9059 I AlwaysOnHotwordDetector: onRecognitionPaused
01-25 18:52:14.601  9050  9143 I AlwaysOnHotwordDetector: handle message 4
01-25 18:52:14.601  9050  9124 I eptv    : onRecognitionPaused 
01-25 18:52:14.601  4158  4158 W View    : requestLayout() improperly called by android.widget.FrameLayout{f252f7c V.E...... ......ID 0,177-1440,3035 #7f0a0866 app:id/qs_frame} during layout: running second layout pass
01-25 18:52:14.601  1895 27359 D AGM: graph: graph_open: 617 entry
01-25 18:52:14.601  1895 27359 D AGM: metadata: metadata_print: 79 *************************Metadata*************************
01-25 18:52:14.601  1895 27359 D AGM: metadata: metadata_print: 80 GKV size:3
01-25 18:52:14.601  1895 27359 D AGM: metadata: metadata_print: 83 key:0xb1000000, value:0xb1000004 
01-25 18:52:14.601  1895 27359 D AGM: metadata: metadata_print: 83 key:0xa3000000, value:0xa3000001 
01-25 18:52:14.601  1895 27359 D AGM: metadata: metadata_print: 83 key:0xad000000, value:0xad00041 
01-25 18:52:14.601  1895 27359 D AGM: metadata: metadata_print: 87 
01-25 18:52:14.601  1895 27359 D AGM: metadata: CKV count:2
01-25 18:52:14.601  1895 27359 D AGM: metadata: metadata_print: 90 key:0xa4000000, value:0xf 
01-25 18:52:14.601  1895 27359 D AGM: metadata: metadata_print: 90 key:0xd100000, value:0x3 
01-25 18:52:14.601  1895 27359 D AGM: metadata: metadata_print: 92 
01-25 18:52:14.601  1895 27359 D AGM: metadata: metadata_print: 94 Property ID:134217744
01-25 18:52:14.601  1895 27359 D AGM: metadata: metadata_print: 95 property count:4
01-25 18:52:14.601  1895 27359 D AGM: metadata: metadata_print: 98 Property Values: 
01-25 18:52:14.601  1895 27359 D AGM: metadata: metadata_print: 100 0x1 
01-25 18:52:14.601  1895 27359 D AGM: metadata: metadata_print: 100 0x3 
01-25 18:52:14.601  1895 27359 D AGM: metadata: metadata_print: 100 0x2 
01-25 18:52:14.601  1895 27359 D AGM: metadata: metadata_print: 100 0x5 
01-25 18:52:14.601  1895 27359 D AGM: metadata: metadata_print: 102 
01-25 18:52:14.601  1895 27359 D AGM: metadata: metadata_print: 103 ****************Metadata Done***************************
01-25 18:52:14.601  1895 27359 D AGM: metadata: 
01-25 18:52:14.601  1895 27359 I AGM: graph: print_graph_alias: 2404 GKV Alias 591 | DeviceTX_Speaker_Mic_DevicePP_Tx_Voip_ECNS_StreamTX_Voip_Tx
01-25 18:52:14.601  1895 27359 D AGM: graph: graph_open: 745 miid 43ad mid 7001024 tag c0000005
01-25 18:52:14.601  1895 27359 D AGM: graph: graph_open: 697 miid 402b mid 7001004 tag c000000f
01-25 18:52:14.601  1895 27359 D AGM: graph: graph_open: 697 miid 402c mid 7001003 tag c0000010
01-25 18:52:14.601  1895 27359 I GPR:    : __gpr_cmd_register_v2:902 GPR Register: Source Port is 8209 heap_index: 0
01-25 18:52:14.601  1895 27359 I gsl     : gsl_graph_open_sgids_and_connections:2725 num_sgid= 3
01-25 18:52:14.601  1895 27359 I gsl     : gsl_graph_open_sgids_and_connections:2726 sg list:
01-25 18:52:14.601  1895 27359 I gsl     : gsl_graph_open_sgids_and_connections:2728 b000000c
01-25 18:52:14.601  1895 27359 I gsl     : gsl_graph_open_sgids_and_connections:2728 b0000173
01-25 18:52:14.601  1895 27359 I gsl     : gsl_graph_open_sgids_and_connections:2728 b0000003
01-25 18:52:14.603  4158  4158 D SettingsHelper: onChange() COMPLETED elapsed= 2
01-25 18:52:14.603  4158  4158 D MicMode : onChanged() - mic_mode_enable : true
01-25 18:52:14.603  4158  4158 D VideoCallMicModeBar: updateBarVisibilities: videoCall: false micMode: true voIPTranslator: false
01-25 18:52:14.603  4158  4158 I VideoCallMicModeBar: showBar : true
01-25 18:52:14.604  2031  2222 I VSyncReactor: Current= 120, Period= 120, Distance= 120
01-25 18:52:14.606  1895 27359 E ACDB    : AcdbCmdGetProcSubgraphCalDataPersist:8217 Error[19]: No calibration found
01-25 18:52:14.606  1895 27359 E ACDB    : AcdbCmdGetProcSubgraphCalDataPersist:8217 Error[19]: No calibration found
01-25 18:52:14.606  1895 27359 E ACDB    : AcdbCmdGetProcSubgraphCalDataPersist:8217 Error[19]: No calibration found
01-25 18:52:14.606  1895 27359 D AGM: graph: graph_open: 776 graph_handle 0x147534c
01-25 18:52:14.606  1895 27359 D AGM: graph: graph_open: 812 exit, ret 0
01-25 18:52:14.606  1895 27359 D agm_client_wrapper: agm_session_open Received handle = 0x7e636fcda0 , *handle = b400007ea773be00
01-25 18:52:14.606  1895 27359 D PLUGIN: pcm: agm_pcm_hw_params: 477 agm_pcm_hw_params: mode: 268435456
01-25 18:52:14.606  1895 27359 E PAL: SessionAlsaPcm: start: 1095: miid : 402f id = 112, data CODEC_DMA-LPAIF_RXTX-TX-3
01-25 18:52:14.606  1895 27359 I PAL: PayloadBuilder: payloadMFCConfig: 634: sample_rate:48000 bit_width:16 num_channels:1 Miid:16431
01-25 18:52:14.606  1895 27359 I PAL: Session: updateCustomPayload: 622: customPayloadSize = 32
01-25 18:52:14.606  1895 27359 E PAL: SessionAlsaPcm: start: 1121: getModuleInstanceId failed
01-25 18:52:14.606  1895 27359 D AGM: graph: graph_set_config: 1174 entry graph_handle 0x147534c
01-25 18:52:14.607  1895 27359 D AGM: graph: graph_set_config: 1182 exit, graph handle 0x147534c, ret 0
01-25 18:52:14.607  1895 27359 D AGM: graph: graph_prepare: 873 entry graph_handle 0x147534c
01-25 18:52:14.607  1895 27359 D AGM: graph_module: configure_hw_ep_media_config: 704 entry mod tag c0000005 miid 43ad mid 7001024
01-25 18:52:14.607  1895 27359 D AGM: graph_module: configure_hw_ep_media_config: 734 rate 48000 bw 16 ch 4, data_fmt 1
01-25 18:52:14.608  1895 27359 D AGM: graph_module: configure_hw_ep_media_config: 744 exit, ret 0
01-25 18:52:14.608  1895 27359 D AGM: graph_module: configure_codec_dma_ep: 321 cdc_dma intf cfg lpaif 1 indx 4 ch_msk f
01-25 18:52:14.608  1895 27359 D AGM: graph_module: configure_codec_dma_ep: 336 exit, ret 0
01-25 18:52:14.608  1895 27359 D AGM: graph_module: configure_output_media_format: 827 entry mod tag c000000f miid 402b mid 7001004
01-25 18:52:14.608  1959 27296 I CHI     : [SS_LOW ]: [CHI_FAST_AEC]: chxextensionmodule.cpp: ChxFastAecProcessRequest: 15702: [CAMKPI] ChxFastAecProcessRequest: X (ret:0)
01-25 18:52:14.608  1959 27296 I CHI     : [SS_LOW ]: [CHI_FAST_AEC]: chxextensionmodule.cpp: ChxFastAecRunUseCase: 15542: [CAMKPI] FastAecDestroy: E
01-25 18:52:14.608  1895 27359 D AGM: graph_module: configure_output_media_format: 958 exit, ret 0
01-25 18:52:14.608  1895 27359 D AGM: graph_module: configure_output_media_format: 827 entry mod tag c0000010 miid 402c mid 7001003
01-25 18:52:14.609  1895 27359 D AGM: graph_module: configure_output_media_format: 958 exit, ret 0
01-25 18:52:14.609  1895 27359 D AGM: graph: configure_buffer_params: 209 Enter
01-25 18:52:14.609  1895 27359 D AGM: graph: configure_buffer_params: 272 Capture sess buf_sz 1920 num_bufs 2
01-25 18:52:14.609  1895 27359 E AGM: graph: configure_buffer_params: 305 Unsupported buffer mode : 0, Default to Blocking
01-25 18:52:14.609  1895 27359 D AGM: graph: configure_buffer_params: 325 exit, ret 0
01-25 18:52:14.614  1959 27363 I SS_3A   :  INFO: AWB: TsAwbDestroy: 385: overrideCameraClose in AWBDestroy 29
01-25 18:52:14.614  1959 27363 I SS_3A   :  INFO: AWB: TsAwbDestroy: 391: cameraId in AWBDestroy 5
01-25 18:52:14.614  1959 27363 I SS_3A   :  INFO: AWB: TsAwbDestroy: 413: TsAwbDestroy (refcnt:1 cameraId 5 overrideCameraClose 0 lensFacing 0 pAWBSingletonWrapper->pAWB 0xb400007947ad48a0
01-25 18:52:14.614  1959 27363 I SS_3A   :  INFO: AWB: TsAwbDestroy: 450: Not Actual Destroy 0
01-25 18:52:14.614  1959 27362 I SS_3A   :  INFO: AEC: TsAECDestroy: 409: overrideCameraClose in AECDestroy Camera close mask 29 
01-25 18:52:14.614  1959 27362 I SS_3A   :  INFO: AEC: TsAECDestroy: 415: pCameraInfo->cameraid in AECDestroy 5
01-25 18:52:14.614  1959 27362 I SS_3A   :  INFO: AEC: TsAECDestroy: 437: TsAECDestroy (refcnt:1 cameraId 5 overrideCameraClose 0 lensFacing: 0 pAECAlgorithm 0xb400007947b0c1e0 pAECSingletonWrapper->pAECSingleton 0xb400007947b0c1e0
01-25 18:52:14.614  1959 27362 I SS_3A   :  INFO: AEC: TsAECDestroy: 472: Not Actual Destroy 0
01-25 18:52:14.614  1959 27362 I SS_3A   :  INFO: AEC: TsAecFrontModeChange: 685: ModeChange! sa=0
01-25 18:52:14.615  1895 27359 D AGM: graph: graph_prepare: 951 exit, ret 0
01-25 18:52:14.615  1895 27359 D AGM: graph: graph_start: 965 entry graph_handle 0x147534c
01-25 18:52:14.617  1959 27296 I CHI     : [SS_LOW ]: [CHI         ]: chxextensionmodule.cpp: TeardownOverrideSession: 8552: [DUAL_MODE_DBG] m_isFrontCameraOpened=0
01-25 18:52:14.617  1959 27296 I CHI     : [SS_LOW ]: [CHI_FAST_AEC]: chxextensionmodule.cpp: ChxFastAecRunUseCase: 15544: [CAMKPI] FastAecDestroy: X
01-25 18:52:14.617  1959 27296 I CHI     : [SS_LOW ]: [CHI_FAST_AEC]: chxextensionmodule.cpp: ChxFastAecRunUseCase: 15550: [CAMKPI] FastAecThread: X
01-25 18:52:14.618  1895 27359 D AGM: graph: graph_start: 977 exit, ret 0
01-25 18:52:14.618  1959 27366 I SS_3A   :  INFO:  AF: PDLibSetAlgoInterface: 2100: AF vendorTagBase 0x80d50000
01-25 18:52:14.618  1959 27366 I SS_3A   :  INFO:  AF: PDLibSetAlgoInterface: 2100: AF vendorTagBase 0x80d50000
01-25 18:52:14.618  1959 27366 I SS_3A   :  INFO:  AF: PDLibSetAlgoInterface: 2100: AF vendorTagBase 0x80d50000
01-25 18:52:14.618  1959 27366 I SS_3A   :  INFO:  AF: PDLibSetAlgoInterface: 2100: AF vendorTagBase 0x80d50000
01-25 18:52:14.618  1959 27366 I SS_3A   :  INFO:  AF: PDLibSetAlgoInterface: 2100: AF vendorTagBase 0x80d50000
01-25 18:52:14.618  1959 27366 I SS_3A   :  INFO:  AF: PDLibSetAlgoInterface: 2100: AF vendorTagBase 0x80d50000
01-25 18:52:14.618  1959 27366 I SS_3A   :  INFO:  AF: PDLibSetAlgoInterface: 2100: AF vendorTagBase 0x80d50000
01-25 18:52:14.618  1959 27366 I SS_3A   :  INFO:  AF: PDLibSetAlgoInterface: 2100: AF vendorTagBase 0x80d50000
01-25 18:52:14.619  1959 27366 I SS_3A   :  INFO:  AF: PDLibSetAlgoInterface: 2100: AF vendorTagBase 0x80d50000
01-25 18:52:14.619  1959 27366 I SS_3A   :  INFO:  AF: PDLibSetAlgoInterface: 2100: AF vendorTagBase 0x80d50000
01-25 18:52:14.619  1959 27366 I SS_3A   :  INFO:  AF: CreatePDLib: 2140: CreatePDLib
01-25 18:52:14.619  1959 27366 I SS_3A   :  INFO:  AF: CreatePDLib: 2149: CreatePDLib pParamList 0x79490466f0
01-25 18:52:14.619  1959 27366 I SS_3A   :  INFO:  AF: CreatePDLib: 2153: CreatePDLib i 0 paramCount 4
01-25 18:52:14.619  1959 27366 I SS_3A   :  INFO:  AF: CreatePDLib: 2161: CreatePDLib static create: overrideCameraOpen is 1
01-25 18:52:14.619  1959 27366 I SS_3A   :  INFO:  AF: CreatePDLib: 2153: CreatePDLib i 1 paramCount 4
01-25 18:52:14.619  1959 27366 I SS_3A   :  INFO:  AF: CreatePDLib: 2153: CreatePDLib i 2 paramCount 4
01-25 18:52:14.619  1959 27366 I SS_3A   :  INFO:  AF: CreatePDLib: 2169: CreatePDLib af_camera_info 5
01-25 18:52:14.619  1959 27366 I SS_3A   :  INFO:  AF: CreatePDLib: 2153: CreatePDLib i 3 paramCount 4
01-25 18:52:14.619  1959 27366 I SS_3A   :  INFO:  AF: CreatePDLib: 2178: StaticAF algo sizeOfParam for CHISTATSHANDLE is 24 i 3 pParam 0xb400007948519978
01-25 18:52:14.619  1959 27366 I SS_3A   :  INFO:  AF: CreatePDLib: 2186: PDLibSetAlgoInterface 0x798d5a6480 pQueryVendorTagLocation 0x79a69cb920 staticMetaData metaTag = 0 chiSessionHandle 0xb400007948519978
01-25 18:52:14.619  1959 27366 I SS_3A   :  INFO:  AF: CreatePDLib: 2195: Lens Facing(currentCam) = 1
01-25 18:52:14.619  1959 27366 I SS_3A   :  INFO:  AF: CreatePDLib: 2208: staticMetaData = 0xb40000797ecb09e8
01-25 18:52:14.619  1959 27366 I SS_3A   :  INFO:  AF: CreatePDLib: 2213: driverSensorId = 12
01-25 18:52:14.619  1959 27366 I SS_3A   :  INFO:  AF: CreatePDLib: 2232: CreatePDLib X
01-25 18:52:14.619  1959 27366 I SS_3A   :  INFO:  AF: TsCommonFillSensorIdMap: 26: Already filled, cameraId(5) driverSensorId(12)
01-25 18:52:14.619  1959 27366 I SS_3A   :  INFO:  AF: CreatePDLib: 2244: pPDAF before 0x0
01-25 18:52:14.619  1959 27366 I SS_3A   :  INFO:  AF: PDAf_init: 1259: [PD_cpu]PDAf_init E PDData 0xb4000079ae464680
01-25 18:52:14.619  1959 27366 I SS_3A   :  INFO:  AF: CreatePDLib: 2274: CreatePDLib X2
01-25 18:52:14.621  1959 27366 E CamX    : [ERROR][LRME/CVP] camxevatitan780.cpp:6906 UpdateConfigSizes() agumma RealTimeFeatureZSLPreviewRaw_EVA7_cam5, dmeOut 480X360 dmmOut 488X360 sgmOut 244X180
01-25 18:52:14.621  1959 27366 E CamX    : [ERROR][LRME/CVP] camxevatitan780.cpp:6931 UpdateConfigSizes() agumma RealTimeFeatureZSLPreviewRaw_EVA7_cam5 Num Out 3 isVSR enable 0 isMVWarpOnly 0 [0]241X180 [1]61X45 [2]16X12 [3]0X0
01-25 18:52:14.621  1959 27366 E CamX    : [ERROR][LRME/CVP] camxevatitan780.cpp:6906 UpdateConfigSizes() agumma RealTimeFeatureZSLPreviewRaw_EVA0_cam5, dmeOut 480X360 dmmOut 488X360 sgmOut 244X180
01-25 18:52:14.621  1959 27366 E CamX    : [ERROR][LRME/CVP] camxevatitan780.cpp:6931 UpdateConfigSizes() agumma RealTimeFeatureZSLPreviewRaw_EVA0_cam5 Num Out 3 isVSR enable 0 isMVWarpOnly 0 [0]241X180 [1]61X45 [2]16X12 [3]0X0
01-25 18:52:14.622  1959 27366 I SS_3A   :  INFO:  AF: AFAlgoSetNodeInterface: 1220: AF vendorTagBase 0x80d50000
01-25 18:52:14.622  1959 27366 I SS_3A   :  INFO:  AF: AFAlgoSetNodeInterface: 1228: AWB vendorTagBase 0x80d60000
01-25 18:52:14.622  1959 27366 I SS_3A   :  INFO:  AF: AFAlgoSetNodeInterface: 1236: AEC vendorTagBase 0x80d40000
01-25 18:52:14.622  1959 27366 I SS_3A   :  INFO:  AF: PDLibDestroy: 1314: [PD_cpu]PDLibDestroy 0xb4000079ae464680
01-25 18:52:14.622  1959 27366 I SS_3A   :  INFO:  AF: PDLibDestroy: 1352: pCameraInfo->cameraid in AFDestroy 5
01-25 18:52:14.622  1959 27366 I SS_3A   :  INFO:  AF: PDLibDestroy: 1374: overrideCameraClose in overrideCameraClose 0, pPDAFSingleton(0xb4000079ae464680) referenceCount 0
01-25 18:52:14.622  1959 27366 I SS_3A   :  INFO:  AF: PDLibDestroy: 1378: StaticAF pPDAF in destroy is 0xb4000079ae464680
01-25 18:52:14.622  1959 27366 I SS_3A   :  INFO:  AF: PDAf_deinit: 1234: [PD_cpu]TsAf_wrap: 0xb4000078ea674e40, E
01-25 18:52:14.622  1959 27366 I SS_3A   : 
01-25 18:52:14.622  1959 27366 I SS_3A   :  INFO:  AF: PDAf_deinit: 1244: [PD_cpu] X
01-25 18:52:14.622  1959 27366 I SS_3A   : 
01-25 18:52:14.622  1959 27366 I SS_3A   :  INFO:  AF: PDLibSetAlgoInterface: 2100: AF vendorTagBase 0x80d50000
01-25 18:52:14.622  1959 27366 I SS_3A   :  INFO:  AF: PDLibSetAlgoInterface: 2100: AF vendorTagBase 0x80d50000
01-25 18:52:14.622  1959 27366 I SS_3A   :  INFO:  AF: PDLibSetAlgoInterface: 2100: AF vendorTagBase 0x80d50000
01-25 18:52:14.622  1959 27366 I SS_3A   :  INFO:  AF: PDLibSetAlgoInterface: 2100: AF vendorTagBase 0x80d50000
01-25 18:52:14.622  1959 27366 I SS_3A   :  INFO:  AF: PDLibSetAlgoInterface: 2100: AF vendorTagBase 0x80d50000
01-25 18:52:14.622  1959 27366 I SS_3A   :  INFO:  AF: PDLibSetAlgoInterface: 2100: AF vendorTagBase 0x80d50000
01-25 18:52:14.622  1959 27366 I SS_3A   :  INFO:  AF: PDLibSetAlgoInterface: 2100: AF vendorTagBase 0x80d50000
01-25 18:52:14.622  1959 27366 I SS_3A   :  INFO:  AF: PDLibSetAlgoInterface: 2100: AF vendorTagBase 0x80d50000
01-25 18:52:14.622  1959 27366 I SS_3A   :  INFO:  AF: PDLibSetAlgoInterface: 2100: AF vendorTagBase 0x80d50000
01-25 18:52:14.622  1959 27366 I SS_3A   :  INFO:  AF: PDLibSetAlgoInterface: 2100: AF vendorTagBase 0x80d50000
01-25 18:52:14.622  1959 27366 I SS_3A   :  INFO:  AF: CreatePDLib: 2140: CreatePDLib
01-25 18:52:14.622  1959 27366 I SS_3A   :  INFO:  AF: CreatePDLib: 2149: CreatePDLib pParamList 0x79490096f0
01-25 18:52:14.622  1959 27366 I SS_3A   :  INFO:  AF: CreatePDLib: 2153: CreatePDLib i 0 paramCount 4
01-25 18:52:14.622  1959 27366 I SS_3A   :  INFO:  AF: CreatePDLib: 2161: CreatePDLib static create: overrideCameraOpen is 1
01-25 18:52:14.622  1959 27366 I SS_3A   :  INFO:  AF: CreatePDLib: 2153: CreatePDLib i 1 paramCount 4
01-25 18:52:14.622  1959 27366 I SS_3A   :  INFO:  AF: CreatePDLib: 2153: CreatePDLib i 2 paramCount 4
01-25 18:52:14.622  1959 27366 I SS_3A   :  INFO:  AF: CreatePDLib: 2169: CreatePDLib af_camera_info 5
01-25 18:52:14.622  1959 27366 I SS_3A   :  INFO:  AF: CreatePDLib: 2153: CreatePDLib i 3 paramCount 4
01-25 18:52:14.622  1959 27366 I SS_3A   :  INFO:  AF: CreatePDLib: 2178: StaticAF algo sizeOfParam for CHISTATSHANDLE is 24 i 3 pParam 0xb400007948519978
01-25 18:52:14.622  1959 27366 I SS_3A   :  INFO:  AF: CreatePDLib: 2186: PDLibSetAlgoInterface 0x798d5a6480 pQueryVendorTagLocation 0x79a69cb920 staticMetaData metaTag = 0 chiSessionHandle 0xb400007948519978
01-25 18:52:14.622  1959 27366 I SS_3A   :  INFO:  AF: CreatePDLib: 2195: Lens Facing(currentCam) = 1
01-25 18:52:14.622  1959 27366 I SS_3A   :  INFO:  AF: CreatePDLib: 2208: staticMetaData = 0xb40000797ecb09e8
01-25 18:52:14.622  1959 27366 I SS_3A   :  INFO:  AF: CreatePDLib: 2213: driverSensorId = 12
01-25 18:52:14.622  1959 27366 I SS_3A   :  INFO:  AF: CreatePDLib: 2232: CreatePDLib X
01-25 18:52:14.622  1959 27366 I SS_3A   :  INFO:  AF: TsCommonFillSensorIdMap: 26: Already filled, cameraId(5) driverSensorId(12)
01-25 18:52:14.622  1959 27366 I SS_3A   :  INFO:  AF: CreatePDLib: 2244: pPDAF before 0x0
01-25 18:52:14.622  1959 27366 I SS_3A   :  INFO:  AF: PDAf_init: 1259: [PD_cpu]PDAf_init E PDData 0xb4000079ae464700
01-25 18:52:14.622  1959 27366 I SS_3A   :  INFO:  AF: CreatePDLib: 2274: CreatePDLib X2
01-25 18:52:14.622  1959 27366 I SS_3A   :  INFO:  AF: PDLibInitialize: 1833: initParam [0xb4000079ae464700 0x7949005bd8]
01-25 18:52:14.622  1959 27366 I SS_3A   :  INFO:  AF: PDLibInitialize: 1839: initParam CameraID 1 sensorType 4 sensor info [4000 3000] pd info 2pd [4000 750] sparsepd [4000 750] pdStride 8000
01-25 18:52:14.622  1959 27366 I SS_3A   :  INFO:  AF: PDLibDestroy: 1314: [PD_cpu]PDLibDestroy 0xb4000079ae464700
01-25 18:52:14.622  1959 27366 I SS_3A   :  INFO:  AF: PDLibDestroy: 1352: pCameraInfo->cameraid in AFDestroy 5
01-25 18:52:14.622  1959 27366 I SS_3A   :  INFO:  AF: PDLibDestroy: 1374: overrideCameraClose in overrideCameraClose 0, pPDAFSingleton(0xb4000079ae464700) referenceCount 0
01-25 18:52:14.622  1959 27366 I SS_3A   :  INFO:  AF: PDLibDestroy: 1378: StaticAF pPDAF in destroy is 0xb4000079ae464700
01-25 18:52:14.622  1959 27366 I SS_3A   :  INFO:  AF: PDAf_deinit: 1234: [PD_cpu]TsAf_wrap: 0xb4000078ea674180, E
01-25 18:52:14.622  1959 27366 I SS_3A   : 
01-25 18:52:14.622  1959 27366 I SS_3A   :  INFO:  AF: PDAf_deinit: 1244: [PD_cpu] X
01-25 18:52:14.622  1959 27366 I SS_3A   : 
01-25 18:52:14.623  1959 27366 I SS_3A   :  INFO:  AF: PDLibSetAlgoInterface: 2100: AF vendorTagBase 0x80d50000
01-25 18:52:14.623  1959 27366 I SS_3A   :  INFO:  AF: PDLibSetAlgoInterface: 2100: AF vendorTagBase 0x80d50000
01-25 18:52:14.623  1959 27366 I SS_3A   :  INFO:  AF: PDLibSetAlgoInterface: 2100: AF vendorTagBase 0x80d50000
01-25 18:52:14.623  1959 27366 I SS_3A   :  INFO:  AF: PDLibSetAlgoInterface: 2100: AF vendorTagBase 0x80d50000
01-25 18:52:14.623  1959 27366 I SS_3A   :  INFO:  AF: PDLibSetAlgoInterface: 2100: AF vendorTagBase 0x80d50000
01-25 18:52:14.623  1959 27366 I SS_3A   :  INFO:  AF: PDLibSetAlgoInterface: 2100: AF vendorTagBase 0x80d50000
01-25 18:52:14.623  1959 27366 I SS_3A   :  INFO:  AF: PDLibSetAlgoInterface: 2100: AF vendorTagBase 0x80d50000
01-25 18:52:14.623  1959 27366 I SS_3A   :  INFO:  AF: PDLibSetAlgoInterface: 2100: AF vendorTagBase 0x80d50000
01-25 18:52:14.623  1959 27366 I SS_3A   :  INFO:  AF: PDLibSetAlgoInterface: 2100: AF vendorTagBase 0x80d50000
01-25 18:52:14.623  1959 27366 I SS_3A   :  INFO:  AF: PDLibSetAlgoInterface: 2100: AF vendorTagBase 0x80d50000
01-25 18:52:14.623  1959 27366 I SS_3A   :  INFO:  AF: CreatePDLib: 2140: CreatePDLib
01-25 18:52:14.623  1959 27366 I SS_3A   :  INFO:  AF: CreatePDLib: 2149: CreatePDLib pParamList 0x79490096f0
01-25 18:52:14.623  1959 27366 I SS_3A   :  INFO:  AF: CreatePDLib: 2153: CreatePDLib i 0 paramCount 4
01-25 18:52:14.623  1959 27366 I SS_3A   :  INFO:  AF: CreatePDLib: 2161: CreatePDLib static create: overrideCameraOpen is 1
01-25 18:52:14.623  1959 27366 I SS_3A   :  INFO:  AF: CreatePDLib: 2153: CreatePDLib i 1 paramCount 4
01-25 18:52:14.623  1959 27366 I SS_3A   :  INFO:  AF: CreatePDLib: 2153: CreatePDLib i 2 paramCount 4
01-25 18:52:14.623  1959 27366 I SS_3A   :  INFO:  AF: CreatePDLib: 2169: CreatePDLib af_camera_info 5
01-25 18:52:14.623  1959 27366 I SS_3A   :  INFO:  AF: CreatePDLib: 2153: CreatePDLib i 3 paramCount 4
01-25 18:52:14.623  1959 27366 I SS_3A   :  INFO:  AF: CreatePDLib: 2178: StaticAF algo sizeOfParam for CHISTATSHANDLE is 24 i 3 pParam 0xb400007948519978
01-25 18:52:14.623  1959 27366 I SS_3A   :  INFO:  AF: CreatePDLib: 2186: PDLibSetAlgoInterface 0x798d5a6480 pQueryVendorTagLocation 0x79a69cb920 staticMetaData metaTag = 0 chiSessionHandle 0xb400007948519978
01-25 18:52:14.623  1959 27366 I SS_3A   :  INFO:  AF: CreatePDLib: 2195: Lens Facing(currentCam) = 1
01-25 18:52:14.623  1959 27366 I SS_3A   :  INFO:  AF: CreatePDLib: 2208: staticMetaData = 0xb40000797ecb09e8
01-25 18:52:14.623  1959 27366 I SS_3A   :  INFO:  AF: CreatePDLib: 2213: driverSensorId = 12
01-25 18:52:14.623  1959 27366 I SS_3A   :  INFO:  AF: CreatePDLib: 2232: CreatePDLib X
01-25 18:52:14.623  1959 27366 I SS_3A   :  INFO:  AF: TsCommonFillSensorIdMap: 26: Already filled, cameraId(5) driverSensorId(12)
01-25 18:52:14.623  1959 27366 I SS_3A   :  INFO:  AF: CreatePDLib: 2244: pPDAF before 0x0
01-25 18:52:14.623  1959 27366 I SS_3A   :  INFO:  AF: PDAf_init: 1259: [PD_cpu]PDAf_init E PDData 0xb4000079ae4646c0
01-25 18:52:14.623  1959 27366 I SS_3A   :  INFO:  AF: CreatePDLib: 2274: CreatePDLib X2
01-25 18:52:14.623  1959 27366 I SS_3A   :  INFO:  AF: PDLibInitialize: 1833: initParam [0xb4000079ae4646c0 0x7949005bd8]
01-25 18:52:14.623  1959 27366 I SS_3A   :  INFO:  AF: PDLibInitialize: 1839: initParam CameraID 1 sensorType 4 sensor info [4000 3000] pd info 2pd [4000 750] sparsepd [4000 750] pdStride 8000
01-25 18:52:14.623  1959 27366 I SS_3A   :  INFO:  AF: CreateAFAlgorithm: 396: E
01-25 18:52:14.623  1959 27366 I SS_3A   :  INFO:  AF: CreateAFAlgorithm: 430: StaticAF algo sizeOfParam for CHISTATSHANDLE is 24
01-25 18:52:14.623  1959 27366 I SS_3A   :  INFO:  AF: CreateAFAlgorithm: 439: Lens Facing(currentCam) = 0
01-25 18:52:14.623  1959 27366 I SS_3A   :  INFO:  AF: CreateAFAlgorithm: 458: driverSensorId = 12
01-25 18:52:14.623  1959 27366 I SS_3A   :  INFO:  AF: CreateAFAlgorithm: 478: FactoryCamera : 0
01-25 18:52:14.623  1959 27366 I SS_3A   :  INFO:  AF: CreateAFAlgorithm: 490: SamsungCamera : 0
01-25 18:52:14.623  1959 27366 I SS_3A   :  INFO:  AF: CreateAFAlgorithm: 503: rangeSensorMode : 0
01-25 18:52:14.623  1959 27366 I SS_3A   :  INFO:  AF: CreateAFAlgorithm: 562: StaticAF algo create: overrideCameraOpen is 32
01-25 18:52:14.623  1959 27366 I SS_3A   :  INFO:  AF: CreateAFAlgorithm: 424: af_camera_info 5
01-25 18:52:14.623  1959 27366 I SS_3A   :  INFO:  AF: TsCommonFillSensorIdMap: 26: Already filled, cameraId(5) driverSensorId(12)
01-25 18:52:14.623  1959 27366 I SS_3A   :  INFO:  AF: CreateAFAlgorithm: 578: newly mapped af_camera_info(sensorId) 1
01-25 18:52:14.623  1959 27366 I SS_3A   :  INFO:  AF: CreateAFAlgorithm: 582: CreateAFAlgorithm (refcnt:0 cameraId 1 overrideCameraOpen 1 lensFacing 0 pAFSingletonWrapper->pAFSingleton 0x0
01-25 18:52:14.623  1959 27366 I SS_3A   :  INFO:  AF: CreateAFAlgorithm: 588: pAF before 0x0
01-25 18:52:14.623  1959 27366 I SS_3A   :  INFO:  AF: CreateAFAlgorithm: 597: SS_AF_LIB loading cam[0]
01-25 18:52:14.623  1959 27366 I SS_3A   :  INFO:  AF: LoadAlgorithmAndSymbols: 281: E
01-25 18:52:14.623  1959 27366 I SS_3A   :  INFO:  AF: LoadAlgorithmAndSymbols: 290: libPathName : libTsAf_DM123Q.so!
01-25 18:52:14.623  1959 27366 I SS_3A   :  INFO:  AF: LoadAlgorithmAndSymbols: 300: [DBG_APEX] ApexIQBasePath: /apex/com.samsung.android.camera.qciq/
01-25 18:52:14.623  1959 27366 I SS_3A   :  INFO:  AF: LoadAlgorithmAndSymbols: 302: [DBG_APEX] loadApex: 0
01-25 18:52:14.624  1959 27366 I SS_3A   :  INFO:  AF: LoadAlgorithmAndSymbols: 346: [DBG_APEX] Loading AF lib: libTsAf_DM123Q.so
01-25 18:52:14.624  1959 27366 I SS_3A   :  INFO:  AF: TsAf_init: 4795: TsAf_init FirstTsAf_wrapper_data_t addr 0xb4000078f4f55b00 size 1746152
01-25 18:52:14.624  1959 27366 I SS_3A   :  INFO:  AF: TsAf_init_param: 4741: TsAf_init_param setting init param
01-25 18:52:14.624  1959 27366 I SS_3A   :  INFO:  AF: TsAf_init_param: 4756: TsAf_init_param: lens type 4 last_pos_rear 1376
01-25 18:52:14.624  1959 27366 I SS_3A   :  INFO:  AF: TsAf_init: 4870: TsAf_init camera id 1 0xb4000078f4f55b00 TsAf [0xb4000078f50aab60] 0x790ca9ff18
01-25 18:52:14.624  1959 27366 I SS_3A   :  INFO:  AF: TsAf_get_cal_data: 2453: Device modle = SAMSUNG_DM3
01-25 18:52:14.624  1959 27366 I SS_3A   :  INFO:  AF: TsAf_init: 4899: Set AF last pos lens_type_for_lib 4 pos 1376
01-25 18:52:14.624  1959 27366 E AF_DEBUG: AfLib_BootingInit(628) : [cam_id_4] AF_Lib Version = 0xD561 Chip Type = 1 (0:LSI, 1:QC) 
01-25 18:52:14.624  1959 27366 E AF_DEBUG: LinkAfCalData(172) : af_cal = ref_table_arr[0]->af_cal_data max_arr= 5
01-25 18:52:14.624  1959 27366 E AF_DEBUG: SetAfModuleInfo(371) : [cam_id_4] Module = P12XLPE00CM, ModuleInfo = DM12_FRONT, ModuleType = 17, phaseType = 1
01-25 18:52:14.624  1959 27366 E AF_DEBUG: PrintAfCalData(491) : [cam_id_4] 12bit(9bit) | af cal data far: 1376(172), mid2: -1(-1), mid1: -1(-1), near: 2208(276), max: 4088(511), add_80: -1(-1), plus_offset: 65535(8191), minus_offset: 65535(8191) zoom_rate(x1000) 1000
01-25 18:52:14.624  1959 27366 E AF_DEBUG: AfLib_BootingInit(647) : [cam_id_4][factory_af_booting_init]  factory_af_flag = 0
01-25 18:52:14.624  1959 27366 E AF_DEBUG: CheckBootingInitDone(710) : [cam_id_4] Booting Init is not done!!
01-25 18:52:14.624  1959 27366 I SS_3A   :  INFO:  AF: LoadAlgorithmAndSymbols: 363: TsAf_init calls
01-25 18:52:14.624  1959 27366 I SS_3A   :  INFO:  AF: LoadAlgorithmAndSymbols: 384: X
01-25 18:52:14.624  1959 27366 I SS_3A   :  INFO:  AF: CreateAFAlgorithm: 614: pAF first time 0xb4000079ae4483f0
01-25 18:52:14.624  1959 27366 I SS_3A   :  INFO:  AF: CreateAFAlgorithm: 647: X
01-25 18:52:14.624  1959 27366 E AF_DEBUG: AfLib_AlgorithmInit(1178) : [cam_id_4] paf_cal_data_info = 20220725 paf_cal_errcheck 0x00000000 vpd_cal 0 vpd_cal_data_info = 0 vpaf_cal_errcheck 0x00000000 
01-25 18:52:14.624  1959 27366 E AF_DEBUG: AfInit(7504) : [cam_id_4] Version(0xD561). mode(0). lens(1376). sensor(4000 x 3000). touch(0 x 0 ). pafstatvalid(1)
01-25 18:52:14.624  1959 27366 E AF_DEBUG: UpdateAfStatus(179) : [cam_id_4] AF status 0x0 -> 0x20, called from : AfInit(7536)  
01-25 18:52:14.624  1959 27366 I SS_3A   :  INFO: AWB: CreateAWBAlgorithm: 684: statsStreamInitConfig operationMode 0
01-25 18:52:14.624  1959 27366 I SS_3A   :  INFO: AWB: CreateAWBAlgorithm: 608: StaticAWB algo sizeOfParam for CHISTATSHANDLE is 24
01-25 18:52:14.624  1959 27366 I SS_3A   :  INFO: AWB: CreateAWBAlgorithm: 617: Lens Facing = 0
01-25 18:52:14.624  1959 27366 I SS_3A   :  INFO: AWB: CreateAWBAlgorithm: 665: StaticAWB algo create: overrideCameraOpen is 32
01-25 18:52:14.624  1959 27366 I SS_3A   :  INFO: AWB: CreateAWBAlgorithm: 675: cameraInfo algoRole 0, cameraId 5
01-25 18:52:14.624  1959 27366 I SS_3A   :  INFO: AWB: TsCommonFillSensorIdMap: 26: Already filled, cameraId(5) driverSensorId(12)
01-25 18:52:14.624  1959 27366 I SS_3A   :  INFO: AWB: CreateAWBAlgorithm: 702: CreateAWBAlgorithm (refcnt:0 cameraId 5 OverrideCameraOpen 1 lensFacing 0 pAWBSingletonWrapper->pAWB 0xb400007947ad48a0
01-25 18:52:14.624  1959 27366 I SS_3A   :  INFO: AWB: CreateAWBAlgorithm: 768: ReCreate AWBAlgorithm, pAWB 0xb400007947ad48a0
01-25 18:52:14.624  1959 27366 I SS_3A   :  INFO: AWB: TsAwb_get_cal_data_front: 127: module[0] 361 742 745 375
01-25 18:52:14.624  1959 27366 I SS_3A   :  INFO: AWB: TsAwb_get_cal_data_front: 129: module[0] RG 0.485541 , BG 0.504371
01-25 18:52:14.624  1959 27366 I SS_3A   :  INFO: AWB: TsAwb_init_with_mode: 168: TuningVersion 0xED1A0428
01-25 18:52:14.624  1959 27366 I SS_3A   :  INFO: AWB: TsAwb_init_with_mode: 212: [eLensType 0] Adjust_gain = 0.985368, 1.010038
01-25 18:52:14.624  1959 27366 I SS_3A   :  INFO: AEC: AECAlgoSetNodeInterface: 1022: AEC vendorTagBase 0x80d40000
01-25 18:52:14.624  1959 27366 I SS_3A   :  INFO: AEC: AECAlgoSetNodeInterface: 1032: AWB vendorTagBase 0x80d60000
01-25 18:52:14.624  1959 27366 I SS_3A   :  INFO: AEC: AECAlgoSetNodeInterface: 1042: AF vendorTagBase 0x80d50000
01-25 18:52:14.624  1959 27366 I SS_3A   :  INFO: AEC: CreateAEC: 699: StaticAEC algo sizeOfParam for CHISTATSHANDLE is 24
01-25 18:52:14.624  1959 27366 I SS_3A   :  INFO: AEC: CreateAEC: 713: AEC_VendorTag:: Lens Facing = 0 chiSessionHandle = 0xb4000078fc75dd88
01-25 18:52:14.624  1959 27366 I SS_3A   :  INFO: AEC: CreateAEC: 783: StaticAEC algo create: camera open mask 32 
01-25 18:52:14.624  1959 27366 I SS_3A   :  INFO: AEC: CreateAEC: 693: aec_camera_info 0 5
01-25 18:52:14.624  1959 27366 I SS_3A   :  INFO: AEC: CreateAEC: 790: flicker CSC:60 
01-25 18:52:14.624  1959 27366 I SS_3A   :  INFO: AEC: TsCommonFillSensorIdMap: 26: Already filled, cameraId(5) driverSensorId(12)
01-25 18:52:14.624  1959 27366 I SS_3A   :  INFO: AEC: CreateAEC: 808: CreateAECAlgorithm (refcnt:0 cameraId 5 OverrideCameraOpen 1 lensFacing 0 pAECSingletonWrapper->pAECSingleton 0xb400007947b0c1e0 [sensor:S5K3LU]
01-25 18:52:14.624  1959 27366 I SS_3A   :  INFO: AEC: CreateAEC: 909: ReCreate AECAlgorithm 0xb400007947b0c1e0
01-25 18:52:14.630  1959 19063 I CHI     : [SS_LOW ]: [CHI         ]: chxextensionmodule.cpp: InitializeOverrideSession: 7975: MemAvailable: 3726204 kB
01-25 18:52:14.630  1959 19063 I CHI     : [SS_LOW ]: [CHI         ]: chxextensionmodule.cpp: InitializeOverrideSession: 7995: [DUAL_MODE_DBG] m_isFrontCameraOpened=1
01-25 18:52:14.630  1959 19063 I Unihal  : CameraDevice.cpp: ConfigureStreams: 96: [UNIKPI][1] VndHAL->configure_streams: X
01-25 18:52:14.630  1959 19063 I Unihal  : UniState.cpp: transitState: 102: Transiting to state 4
01-25 18:52:14.630  1959 19063 I Unihal  : UniHal3InterfaceEntry.cpp: uni_configure_streams: 288: [UNIKPI][1] UniHAL->configure_streams: X
01-25 18:52:14.630  1959 19063 I Samsung_CameraDeviceSession_impl: [CAMKPI] camera3->configure_streams : X
01-25 18:52:14.631  2411  2411 D AidlCamera3-Device: configureStreams : stream[0] : format = 0x23(YUV_420_888), data_space = 146931712, color_space = -1 usage flag = 0x20003 max_buffers = 8, physical_camera_id = 
01-25 18:52:14.631  2411  2411 D Camera3-Device: CameraPerf: Connect Streams E
01-25 18:52:14.631  2411  2411 I Camera3-Status: addComponent: Adding new component 3 - streamId = 0, format = 0x23(YUV_420_888), width = 640, height = 480, option = 0x0, type = OUTPUT
01-25 18:52:14.631  1959 27367 I EVA     : File: vendor/qcom/proprietary/cv-noship/eva/3.0/src/cpu/platform/android/evaSession.cpp Line: 394 Function: evaGetDebugEnable() Msg:  EVA Debug Logs Disabled 
01-25 18:52:14.631  2411  2411 D Camera3-OutputStream: configureConsumerQueueLocked: Consumer wants 3 buffers, HAL wants 8
01-25 18:52:14.631  2411  2411 D Camera3-Device: CameraPerf: Connect Streams X (0ms)
01-25 18:52:14.632  2411  2411 D Camera3-Device: Set real time priority for request queue thread (tid 27292)
01-25 18:52:14.632  2411  2411 D Camera3-Device: CameraPerf: configureStreamsLocked: Camera 1: Stream configuration X (262ms)
01-25 18:52:14.633  2411  2411 D Camera3-Device: setStreamingRequestList: Enter: calling submitRequestsHelper: repeating = true
01-25 18:52:14.633  2411  2411 D Camera3-Device: submitRequestsHelper: mInterfaceLock.lock()
01-25 18:52:14.633  2411  2411 I Camera3-Device: Submit request type: 0x1, repeating(true), burst(false)
01-25 18:52:14.633  2411  2411 D Camera3-Device: setRepeatingRequests: lastFrameNumber 0.
01-25 18:52:14.633  2411  2411 I Camera3-Status: markComponent: Component 2 is now active - RequestThread
01-25 18:52:14.633  2411  2411 D Camera3-Device: submitRequestsHelper: mInterfaceLock.unlock()
01-25 18:52:14.633  2411 27291 I CameraService: startCameraStreamingOps: Start camera streaming ops, package name = com.outsystemscloud.lucasgv.SandboxAppCordova, client UID = 10443
01-25 18:52:14.633  2411 27292 D Camera3-Device: CameraPerf: PrepareHALRequests E
01-25 18:52:14.633  2411 27292 I Camera3-Status: markComponent: Component 0 is now active - InflightRequests
01-25 18:52:14.633  2411 27292 D Camera3-Device: CameraPerf: PrepareHALRequests X (0ms)
01-25 18:52:14.633  2411 27292 D Camera3-Device: CameraPerf: sendRequestsBatch E
01-25 18:52:14.634  1959 19063 I Samsung_CameraDeviceSession_impl: [CAMKPI] camera3->process_capture_request : E
01-25 18:52:14.634  1959 19063 I Unihal  : UniHal3InterfaceEntry.cpp: uni_process_capture_request: 379: [UNIKPI][1] UniHAL->process_capture_request: E
01-25 18:52:14.634  1959 19063 I Unihal  : CameraDevice.cpp: ProcessCaptureRequest: 167: [UNIKPI][1] VndHAL->process_capture_request: E
01-25 18:52:14.634  2829  2855 I EDMNativeHelperService: isCameraEnabled
01-25 18:52:14.634  2829  2855 D EDMNativeHelper: isCameraEnabled
01-25 18:52:14.634  2829  2855 D EDMNativeHelper: checking for camera in EnterpriseDeviceManagerService
01-25 18:52:14.634  2829  2855 D EnterpriseDeviceManagerService: isCameraEnabledNative
01-25 18:52:14.634  2829  2855 D EnterpriseDeviceManagerService: checking for camera in restriction policy
01-25 18:52:14.634  2411 27291 I CameraServiceProxyWrapper: updateProxyDeviceState: notifyCameraState for Camera ID 1, newState 1, facing 1, clientName com.outsystemscloud.lucasgv.SandboxAppCordova, apiLevel 2
01-25 18:52:14.634  2829  2855 D RestrictionPolicy: isCameraEnabled ret(true) userId(0) cxtInfo.mCallerUid(10443) cxtInfo.mContainerId(0)
01-25 18:52:14.634  4549 18529 I CameraManagerGlobal: Camera 1 facing CAMERA_FACING_FRONT state now CAMERA_STATE_ACTIVE for client com.outsystemscloud.lucasgv.SandboxAppCordova API Level 2 User Id 0
01-25 18:52:14.634  2411  2411 I Camera3-Status: markComponent: Component 1 is now active - BufferRequestSM
01-25 18:52:14.634 25689 25700 I CameraManagerGlobal: Camera 1 facing CAMERA_FACING_FRONT state now CAMERA_STATE_ACTIVE for client com.outsystemscloud.lucasgv.SandboxAppCordova API Level 2 User Id 0
01-25 18:52:14.635 17429 19963 I CameraManagerGlobal: Camera 1 facing CAMERA_FACING_FRONT state now CAMERA_STATE_ACTIVE for client com.outsystemscloud.lucasgv.SandboxAppCordova API Level 2 User Id 0
01-25 18:52:14.635 11685 11837 I CameraManagerGlobal: Camera 1 facing CAMERA_FACING_FRONT state now CAMERA_STATE_ACTIVE for client com.outsystemscloud.lucasgv.SandboxAppCordova API Level 2 User Id 0
01-25 18:52:14.635  2829  3132 D SensorPrivacyService: onOpNoted  com.outsystemscloud.lucasgv.SandboxAppCordova  code=26  uid=10443
01-25 18:52:14.635  2829  6760 I CameraService_proxy: wmi.addRefreshRateRangeForPackage minFPS = 30.000002, maxFPS = 60.0, clientName = com.outsystemscloud.lucasgv.SandboxAppCordova
01-25 18:52:14.635  4158  9655 I CameraManagerGlobal: Camera 1 facing CAMERA_FACING_FRONT state now CAMERA_STATE_ACTIVE for client com.outsystemscloud.lucasgv.SandboxAppCordova API Level 2 User Id 0
01-25 18:52:14.635 17851 13083 I CameraManagerGlobal: Camera 1 facing CAMERA_FACING_FRONT state now CAMERA_STATE_ACTIVE for client com.outsystemscloud.lucasgv.SandboxAppCordova API Level 2 User Id 0
01-25 18:52:14.635 27085 27180 I CameraManagerGlobal: Camera 1 facing CAMERA_FACING_FRONT state now CAMERA_STATE_ACTIVE for client com.outsystemscloud.lucasgv.SandboxAppCordova API Level 2 User Id 0
01-25 18:52:14.635  2829  4350 I CameraManagerGlobal: Camera 1 facing CAMERA_FACING_FRONT state now CAMERA_STATE_ACTIVE for client com.outsystemscloud.lucasgv.SandboxAppCordova API Level 2 User Id 0
01-25 18:52:14.635  2829  4350 I CameraManagerGlobal: onCameraDeviceStateChangedLocked: post device state update
01-25 18:52:14.635  2829  4350 I CameraManagerGlobal: onCameraDeviceStateChangedLocked: post device state update
01-25 18:52:14.635  2829  5883 D AutoRotationHandler: inject auto rotation priority = 1.0
01-25 18:52:14.635  2411  2411 I Camera3-Status: markComponent: Component 3 is now active - streamId = 0, format = 0x23(YUV_420_888), width = 640, height = 480, option = 0x0, type = OUTPUT
01-25 18:52:14.635  2411  2411 I Camera3-Status: markComponent: Component 1 is now idle - BufferRequestSM
01-25 18:52:14.635  9872 16244 I CameraManagerGlobal: Camera 1 facing CAMERA_FACING_FRONT state now CAMERA_STATE_ACTIVE for client com.outsystemscloud.lucasgv.SandboxAppCordova API Level 2 User Id 0
01-25 18:52:14.636 10023 30116 I CameraManagerGlobal: Camera 1 facing CAMERA_FACING_FRONT state now CAMERA_STATE_ACTIVE for client com.outsystemscloud.lucasgv.SandboxAppCordova API Level 2 User Id 0
01-25 18:52:14.636 10023 30116 I CameraManagerGlobal: onCameraDeviceStateChangedLocked: post device state update
01-25 18:52:14.636 10023 30116 I CameraManagerGlobal: onCameraDeviceStateChangedLocked: post device state update
01-25 18:52:14.636 17849 22220 I CameraManagerGlobal: Camera 1 facing CAMERA_FACING_FRONT state now CAMERA_STATE_ACTIVE for client com.outsystemscloud.lucasgv.SandboxAppCordova API Level 2 User Id 0
01-25 18:52:14.636  1959 19063 I CHI     : [SS_LOW ]: [CHI         ]: chxutils.cpp: FillTuningModeDebug: 6887: [FRONT_FULL] sensorModeIndex 0  Sensor:NORMAL(0)  usecase:Third_party_preview(8)  feature1:ADRC(2)  feature2:None(0)  scene:None(0)   [chifeature2base.cpp]
01-25 18:52:14.636   913   913 I lmkd    : check camkillboostmode : 11 , ionheap: 103266, pid : 27085, index : 2 , camprocall/provider/server size : (88715, 24846, 3786), available : 1023158, heap_pool : 4879, kreclaimable : 193190, init_cam : 0
01-25 18:52:14.636   913   913 I lmkd    : check finished camerakillboostmode
01-25 18:52:14.636  1959 19063 I CHI     : [SS_LOW ]: [CHI         ]: chxutils.cpp: FillTuningModeDebug: 6887: [FRONT_FULL] sensorModeIndex 0  Sensor:NORMAL(0)  usecase:Third_party_preview(8)  feature1:ADRC(2)  feature2:None(0)  scene:None(0)   [chifeature2realtime.cpp]
01-25 18:52:14.636  1959 19063 I Unihal  : CameraDevice.cpp: ProcessCaptureRequest: 167: [UNIKPI][1] VndHAL->process_capture_request: X
01-25 18:52:14.636  1959 19063 I Unihal  : UniHal3InterfaceEntry.cpp: uni_process_capture_request: 379: [UNIKPI][1] UniHAL->process_capture_request: X
01-25 18:52:14.636  1959 19063 I Samsung_CameraDeviceSession_impl: [CAMKPI] camera3->process_capture_request : X
01-25 18:52:14.636  2829  3123 I RefreshRateModeManager: Schedule to change allowedModes=baseModeId=3 allowGroupSwitching=false primary=physical: (30.000002 120.0) render:  (30.000002 60.0) appRequest=physical: (30.000002 120.0) render:  (30.000002 60.0), displayToken=android.os.BinderProxy@e4cac0f  mVotesByDisplay:
01-25 18:52:14.636  2829  3123 I RefreshRateModeManager:     -1:
01-25 18:52:14.636  2829  3123 I RefreshRateModeManager:       PRIORITY_REFRESH_RATE_MODE -> Vote: {width: -1, height: -1, refreshRateRanges: physical: (10.0 120.0) render:  (0.0 Infinity), disableRefreshRateSwitching: false, appRequestBaseModeRefreshRate: 0.0}
01-25 18:52:14.636  2829  3123 I RefreshRateModeManager:       PRIORITY_USER_SETTING_PEAK_RENDER_FRAME_RATE -> Vote: {width: -1, height: -1, refreshRateRanges: physical: (0.0 Infinity) render:  (0.0 120.0), disableRefreshRateSwitching: false, appRequestBaseModeRefreshRate: 0.0}
01-25 18:52:14.636  2829  3123 I RefreshRateModeManager:       PRIORITY_USER_SETTING_MIN_RENDER_FRAME_RATE -> Vote: {width: -1, height: -1, refreshRateRanges: physical: (0.0 Infinity) render:  (0.0 Infinity), disableRefreshRateSwitching: false, appRequestBaseModeRefreshRate: 0.0}
01-25 18:52:14.636  2829  3123 I RefreshRateModeManager:     0:
01-25 18:52:14.636  2829  3123 I RefreshRateModeManager:       PRIORITY_RESOLUTION -> Vote: {width: 1440, height: 3088, refreshRateRanges: physical: (0.0 Infinity) render:  (0.0 Infinity), disableRefreshRateSwitching: false, appRequestBaseModeRefreshRate: 0.0}
01-25 18:52:14.636  2829  3123 I RefreshRateModeManager:       PRIORITY_APP_REQUEST_RENDER_FRAME_RATE_RANGE -> Vote: {width: -1, height: -1, refreshRateRanges: physical: (0.0 Infinity) render:  (30.000002 60.0), disableRefreshRateSwitching: false, appRequestBaseModeRefreshRate: 0.0}
01-25 18:52:14.636  2829  3123 I RefreshRateModeManager: 
01-25 18:52:14.636  2829  3123 I RefreshRateModeManager:  mModeSwitchingType: SWITCHING_TYPE_WITHIN_GROUPS mAlwaysRespectAppRequest: false
01-25 18:52:14.636  2829  3123 I RefreshRateModeManager:  Current Mode mReportedRefreshRateMode(toSurfaceFlinger)=REFRESH_RATE_MODE_SEAMLESS, mRefreshRateMode(fromSettings)=REFRESH_RATE_MODE_SEAMLESS
01-25 18:52:14.636  2829  3123 I RefreshRateModeManager:  BrightnessState mPassive=false, PassiveModeToken=false, mLfd=0, mBrightness=68, mAmbientLux=42.0, mIsWirelessCharing=false
01-25 18:52:14.636  2411 27292 D Camera3-Device: CameraPerf: sendRequestsBatch X (3ms)
01-25 18:52:14.637  1919  1919 I sensors-hal: inject_sensor_data:262, auto_rotation ar_mode:1
01-25 18:52:14.637  1919  1919 I sensors-hal: write_auto_rotation_mode:249, write_auto_rotation_mode ar_mode:1
01-25 18:52:14.637  2011  2011 I SSC_DAEMON: physical_sensor_test_req_msg Sensor type :13, Msg type:15
01-25 18:52:14.637  2011  2011 I SSC_DAEMON: 0.algo_id:3, num:1
01-25 18:52:14.637  2829  3123 D LocalDisplayAdapter: setDesiredDisplayModeSpecsAsync(4630947093241269891) : defaultMode=2 allowGroupSwitching=false primaryRanges=physical: (30.000002 120.0) render:  (30.000002 60.0) appRequestRanges=physical: (30.000002 120.0) render:  (30.000002 60.0)
01-25 18:52:14.637  2031  2222 I VSyncReactor: Current= 120, Period= 120, Distance= 24
01-25 18:52:14.638  2011  3752 I SSC_DAEMON: AR od: 8, 1, 0
01-25 18:52:14.638 10008 10008 W ContextImpl: Calling a method in the system process without a qualified user: android.app.ContextImpl.startService:1960 android.content.ContextWrapper.startService:842 android.content.ContextWrapper.startService:842 com.sec.android.diagmonagent.sa.receiver.CFLogReceiver.onReceive:56 android.app.ActivityThread.handleReceiver:4981 
01-25 18:52:14.638  2031  2031 I RefreshRateSelector: Display 4630947093241269891 policy changed
01-25 18:52:14.638  2031  2031 I RefreshRateSelector: Previous: {defaultModeId=2, allowGroupSwitching=false, primaryRanges={physical=[10.00 Hz, 120.00 Hz], render=[0.00 Hz, 120.00 Hz]}, appRequestRanges={physical=[10.00 Hz, 120.00 Hz], render=[0.00 Hz, 120.00 Hz]}}
01-25 18:52:14.638  2031  2031 I RefreshRateSelector: Current:  DisplayManagerPolicy{defaultModeId=2, allowGroupSwitching=false, primaryRanges={physical=[30.00 Hz, 120.00 Hz], render=[30.00 Hz, 60.00 Hz]}, appRequestRanges={physical=[30.00 Hz, 120.00 Hz], render=[30.00 Hz, 60.00 Hz]}}
01-25 18:52:14.638  2031  2031 I RefreshRateSelector: 1 mode changes were performed under the previous policy
01-25 18:52:14.638  2031  2031 I SurfaceFlinger: [4630947093241269891] Setting desired display mode specs: {defaultModeId=2, allowGroupSwitching=false, primaryRanges={physical=[30.00 Hz, 120.00 Hz], render=[30.00 Hz, 60.00 Hz]}, appRequestRanges={physical=[30.00 Hz, 120.00 Hz], render=[30.00 Hz, 60.00 Hz]}}
01-25 18:52:14.638  2411  2411 I Camera3-Status: markComponent: Component 1 is now active - BufferRequestSM
01-25 18:52:14.638  2031  2031 E RefreshRateSelector: Can't find current refresh rate by policy with the same mode group as the current mode {id=0, hwcId=0, resolution=1440x3088, refreshRate=120.00 Hz, dpi=501.04x502.79, group=1440}
01-25 18:52:14.639  1959 27367 I EVA     : File: vendor/qcom/proprietary/cv-noship/eva/3.0/src/cpu/evaDmm.cpp Line: 1277 Function: evaInitDmm() Msg: evaDmmDumpLevel = 0
