01-25 16:55:54.335  2829  2856 V WindowManager: Relayout Window{b516886 u0 com.sec.android.app.launcher/com.sec.android.app.launcher.activities.LauncherActivity}: viewVisibility=0 req=1440x3088 ty=1 d0
01-25 16:55:54.335  2829  2856 D RestrictionPolicy: isScreenCaptureEnabled : ret=true userId=0
01-25 16:55:54.335  2411  4336 I CameraService: onUidStateChanged: uid=10233, procState is changed. (5 -> 3)
01-25 16:55:54.335  2031  2144 I SurfaceFlinger: id=41248 createSurf, flag=44004, com.sec.android.app.launcher/com.sec.android.app.launcher.activities.LauncherActivity$_4640#41248
01-25 16:55:54.335  2012  9228 V APM_AudioPolicyManager: checkAndSetVolume: output 37, stream 5, index 0, devices 0x2, volume 0.000000
01-25 16:55:54.335  2012  9228 V APM_AudioPolicyManager: checkAndSetVolume: output 37, stream 2, index 0, devices 0x2, volume 0.000000
01-25 16:55:54.335  2012  9228 V APM_AudioPolicyManager: checkAndSetVolume: output 37, stream 1, index 0, devices 0x2, volume 0.000000
01-25 16:55:54.336  2829  2856 D WindowManager: makeSurface duration=0 name=com.sec.android.app.launcher/com.sec.android.app.launcher.activities.LauncherActivity$_4640
01-25 16:55:54.336  2012  9228 V APM_AudioPolicyManager: checkAndSetVolume: output 37, stream 9, index 8, devices 0x2, volume 0.251189
01-25 16:55:54.336  2012  9228 V APM_AudioPolicyManager: checkAndSetVolume: output 37, stream 0, index 3, devices 0x2, volume 0.375000
01-25 16:55:54.336  2829  2856 D WindowManager: SyncGroup 2569:  Unfinished container: ActivityRecord{b7f1d01 u0 com.sec.android.app.launcher/.activities.LauncherActivity t31302} mSyncState=2
01-25 16:55:54.336  2829  3121 D DisplayManagerService: Drop pending events for gone uid 99565
01-25 16:55:54.336  2829  2856 V WindowManager: Changing focus from null to Window{b516886 u0 com.sec.android.app.launcher/com.sec.android.app.launcher.activities.LauncherActivity} displayId=0 Callers=com.android.server.wm.RootWindowContainer.updateFocusedWindowLocked:581 com.android.server.wm.WindowManagerService.updateFocusedWindowLocked:6910 com.android.server.wm.WindowManagerService.relayoutWindow:2777 com.android.server.wm.Session.relayout:282 
01-25 16:55:54.336  2829  2856 I WindowManager: Cancelling animation restarting=true, leash=Surface(name=Surface(name=2f88cfd NavigationBar0)/@0x27506ac - animation-leash of insets_animation)/@0xacd3a40
01-25 16:55:54.337  2829  2856 I WindowManager: Reparenting to original parent: Surface(name=WindowToken{5348166 type=2019 android.os.BinderProxy@40ba6a8})/@0x8e46f75, destroy=false, surface=Surface(name=2f88cfd NavigationBar0)/@0x27506ac
01-25 16:55:54.337  2012  9228 V APM_AudioPolicyManager: checkAndSetVolume: output 37, stream 11, index 7, devices 0x2, volume 0.044668
01-25 16:55:54.337  2829  2856 I WindowManager: Reparenting to leash, surface=Surface(name=2f88cfd NavigationBar0)/@0x27506ac, leashParent=Surface(name=WindowToken{5348166 type=2019 android.os.BinderProxy@40ba6a8})/@0x8e46f75
01-25 16:55:54.337  2031  2144 I SurfaceFlinger: id=41249 createSurf, flag=24000, Surface(name=2f88cfd NavigationBar0)/@0x27506ac - animation-leash of insets_animation#41249
01-25 16:55:54.337  2012  9228 V APM_AudioPolicyManager: getNewOutputDevices selected devices AUDIO_DEVICE_NONE
01-25 16:55:54.337  2012  9228 V APM_AudioPolicyManager: setOutputDevices device AUDIO_DEVICE_NONE delayMs 0
01-25 16:55:54.337  2012  9228 V APM_AudioPolicyManager: setOutputDevices() prevDevice {AUDIO_DEVICE_OUT_SPEAKER, @:}
01-25 16:55:54.337  2829  2856 D WindowManager: makeSurface duration=1 leash=Surface(name=Surface(name=2f88cfd NavigationBar0)/@0x27506ac - animation-leash of insets_animation)/@0x6e1d817
01-25 16:55:54.337  2829  2856 D InsetsSourceProvider: updateControlForTarget: control=InsetsSourceControl: {434c0001 mType=navigationBars initiallyVisible mSurfacePosition=Point(0, 2920) mInsetsHint=Insets{left=0, top=0, right=0, bottom=53}}, target=Window{b516886 u0 com.sec.android.app.launcher/com.sec.android.app.launcher.activities.LauncherActivity}, from=com.android.server.wm.InsetsStateController.onControlTargetChanged:363 com.android.server.wm.InsetsStateController.onBarControlTargetChanged:332 com.android.server.wm.InsetsPolicy.updateBarControlTarget:173 com.android.server.wm.InsetsPolicy.updateSystemBars:843 com.android.server.wm.DisplayPolicy.updateSystemBarsLw:3484 
01-25 16:55:54.337  2829  2856 I WindowManager: Cancelling animation restarting=true, leash=Surface(name=Surface(name=db06f41 StatusBar)/@0x29acb96 - animation-leash of insets_animation)/@0x3937abe
01-25 16:55:54.337  2829  2856 I WindowManager: Reparenting to original parent: Surface(name=WindowToken{e9c91a type=2000 android.os.BinderProxy@361323c})/@0x1f49317, destroy=false, surface=Surface(name=db06f41 StatusBar)/@0x29acb96
01-25 16:55:54.337  2829  2856 I WindowManager: Reparenting to leash, surface=Surface(name=db06f41 StatusBar)/@0x29acb96, leashParent=Surface(name=WindowToken{e9c91a type=2000 android.os.BinderProxy@361323c})/@0x1f49317
01-25 16:55:54.337  2031  2144 I SurfaceFlinger: id=41250 createSurf, flag=24000, Surface(name=db06f41 StatusBar)/@0x29acb96 - animation-leash of insets_animation#41250
01-25 16:55:54.337  2829  2856 D WindowManager: makeSurface duration=0 leash=Surface(name=Surface(name=db06f41 StatusBar)/@0x29acb96 - animation-leash of insets_animation)/@0xf098ded
01-25 16:55:54.338  2829  2856 D InsetsSourceProvider: updateControlForTarget: control=InsetsSourceControl: {86080000 mType=statusBars initiallyVisible mSurfacePosition=Point(0, 0) mInsetsHint=Insets{left=0, top=100, right=0, bottom=0}}, target=Window{b516886 u0 com.sec.android.app.launcher/com.sec.android.app.launcher.activities.LauncherActivity}, from=com.android.server.wm.InsetsStateController.onControlTargetChanged:363 com.android.server.wm.InsetsStateController.onBarControlTargetChanged:329 com.android.server.wm.InsetsPolicy.updateBarControlTarget:173 com.android.server.wm.InsetsPolicy.updateSystemBars:843 com.android.server.wm.DisplayPolicy.updateSystemBarsLw:3484 
01-25 16:55:54.338  2829  2856 D WindowManager: updateSystemBarAttributes: displayId=0, win=Window{b516886 u0 com.sec.android.app.launcher/com.sec.android.app.launcher.activities.LauncherActivity}, navColorWin=null, focusedCanBeNavColorWin=false, behavior=2, appearance=0, statusBarAppearanceRegions=[AppearanceRegion{ bounds=[0,0][1440,3088]}], requestedVisibilities=-9, from=com.android.server.wm.DisplayPolicy.focusChangedLw:2988 com.android.server.wm.DisplayContent.updateFocusedWindowLocked:4900 com.android.server.wm.RootWindowContainer.updateFocusedWindowLocked:581 
01-25 16:55:54.338  2829  2856 V SystemKeyManager: updateFocusedWindow() is called, com.sec.android.app.launcher/com.sec.android.app.launcher.activities.LauncherActivity
01-25 16:55:54.338  2012  9228 V APM_AudioPolicyManager: setOutputDevices setting same device AUDIO_DEVICE_NONE or null device, force=0, patch handle=1038
01-25 16:55:54.338  2829  2856 V WindowManager: Relayout hash=b516886, pid=4640, syncId=-1: mAttrs={(0,0)(fillxfill) sim={adjust=nothing forwardNavigation} layoutInDisplayCutoutMode=shortEdges ty=BASE_APPLICATION fmt=TRANSPARENT wanim=0x10302f2
01-25 16:55:54.338  2829  2856 V WindowManager:   fl=81910100
01-25 16:55:54.338  2829  2856 V WindowManager:   pfl=1e008040
01-25 16:55:54.338  2829  2856 V WindowManager:   bhv=SHOW_TRANSIENT_BARS_BY_SWIPE
01-25 16:55:54.338  2829  2856 V WindowManager:   fitSides= naviIconColor=0}
01-25 16:55:54.338  2012  9228 V APM_AudioPolicyManager: getNewOutputDevices selected devices AUDIO_DEVICE_NONE
01-25 16:55:54.338  2012  9228 V APM_AudioPolicyManager: setOutputDevices device AUDIO_DEVICE_NONE delayMs 0
01-25 16:55:54.338  2012  9228 V APM_AudioPolicyManager: setOutputDevices() prevDevice {AUDIO_DEVICE_OUT_TELEPHONY_TX, @:}
01-25 16:55:54.338  4640  4640 I BufferQueueProducer: [](id:122000000497,api:0,p:-1,c:4640) setDequeueTimeout:2077252342
01-25 16:55:54.339  2829  3124 W WindowManager: Failed to deliver inset control state change to w=Window{e8d13c5 u0 com.outsystemscloud.lucasgv.SandboxAppCordova/com.outsystemscloud.lucasgv.SandboxAppCordova.MainActivity EXITING}
01-25 16:55:54.339  2829  3124 W WindowManager: android.os.DeadObjectException
01-25 16:55:54.339  2829  3124 W WindowManager: 	at android.os.BinderProxy.transactNative(Native Method)
01-25 16:55:54.339  2829  3124 W WindowManager: 	at android.os.BinderProxy.transact(BinderProxy.java:662)
01-25 16:55:54.339  2829  3124 W WindowManager: 	at android.view.IWindow$Stub$Proxy.insetsControlChanged(IWindow.java:581)
01-25 16:55:54.339  2829  3124 W WindowManager: 	at com.android.server.wm.WindowState.notifyInsetsControlChanged(WindowState.java:4722)
01-25 16:55:54.339  2829  3124 W WindowManager: 	at com.android.server.wm.InsetsStateController.lambda$notifyPendingInsetsControlChanged$3(InsetsStateController.java:427)
01-25 16:55:54.339  2829  3124 W WindowManager: 	at com.android.server.wm.InsetsStateController.$r8$lambda$8yykPRG1GyNq_J17QvL9d5xANMc(InsetsStateController.java:0)
01-25 16:55:54.339  2829  3124 W WindowManager: 	at com.android.server.wm.InsetsStateController$$ExternalSyntheticLambda2.run(R8$$SyntheticClass:0)
01-25 16:55:54.339  2829  3124 W WindowManager: 	at com.android.server.wm.WindowAnimator.executeAfterPrepareSurfacesRunnables(WindowAnimator.java:293)
01-25 16:55:54.339  2829  3124 W WindowManager: 	at com.android.server.wm.WindowAnimator.animate(WindowAnimator.java:201)
01-25 16:55:54.339  2829  3124 W WindowManager: 	at com.android.server.wm.WindowAnimator.lambda$new$1(WindowAnimator.java:99)
01-25 16:55:54.339  2829  3124 W WindowManager: 	at com.android.server.wm.WindowAnimator.$r8$lambda$aHNu1uhcqxihX5NZc4McDDQPAyw(WindowAnimator.java:0)
01-25 16:55:54.339  2829  3124 W WindowManager: 	at com.android.server.wm.WindowAnimator$$ExternalSyntheticLambda1.doFrame(R8$$SyntheticClass:0)
01-25 16:55:54.339  2829  3124 W WindowManager: 	at android.view.Choreographer$CallbackRecord.run(Choreographer.java:1688)
01-25 16:55:54.339  2829  3124 W WindowManager: 	at android.view.Choreographer$CallbackRecord.run(Choreographer.java:1699)
01-25 16:55:54.339  2829  3124 W WindowManager: 	at android.view.Choreographer.doCallbacks(Choreographer.java:1154)
01-25 16:55:54.339  2829  3124 W WindowManager: 	at android.view.Choreographer.doFrame(Choreographer.java:1070)
01-25 16:55:54.339  2829  3124 W WindowManager: 	at android.view.Choreographer$FrameDisplayEventReceiver.run(Choreographer.java:1647)
01-25 16:55:54.339  2829  3124 W WindowManager: 	at android.os.Handler.handleCallback(Handler.java:958)
01-25 16:55:54.339  2829  3124 W WindowManager: 	at android.os.Handler.dispatchMessage(Handler.java:99)
01-25 16:55:54.339  2829  3124 W WindowManager: 	at android.os.Looper.loopOnce(Looper.java:230)
01-25 16:55:54.339  2829  3124 W WindowManager: 	at android.os.Looper.loop(Looper.java:319)
01-25 16:55:54.339  2829  3124 W WindowManager: 	at android.os.HandlerThread.run(HandlerThread.java:67)
01-25 16:55:54.339  2829  3124 W WindowManager: 	at com.android.server.ServiceThread.run(ServiceThread.java:46)
01-25 16:55:54.339  4640  4640 I BLASTBufferQueue_Java: new BLASTBufferQueue, mName= ViewRootImpl@5d4fed7[LauncherActivity] mNativeObject= 0xb4000072a438ad00 sc.mNativeObject= 0xb40000718e9aec40 caller= android.view.ViewRootImpl.updateBlastSurfaceIfNeeded:3085 android.view.ViewRootImpl.relayoutWindow:10224 android.view.ViewRootImpl.performTraversals:4167 android.view.ViewRootImpl.doTraversal:3345 android.view.ViewRootImpl$TraversalRunnable.run:11437 android.view.Choreographer$CallbackRecord.run:1690 android.view.Choreographer$CallbackRecord.run:1699 android.view.Choreographer.doCallbacks:1154 android.view.Choreographer.doFrame:1080 android.view.Choreographer$FrameDisplayEventReceiver.run:1647 
01-25 16:55:54.339  4640  4640 I BLASTBufferQueue_Java: update, w= 1440 h= 3088 mName = ViewRootImpl@5d4fed7[LauncherActivity] mNativeObject= 0xb4000072a438ad00 sc.mNativeObject= 0xb40000718e9aec40 format= -2 caller= android.graphics.BLASTBufferQueue.<init>:89 android.view.ViewRootImpl.updateBlastSurfaceIfNeeded:3085 android.view.ViewRootImpl.relayoutWindow:10224 android.view.ViewRootImpl.performTraversals:4167 android.view.ViewRootImpl.doTraversal:3345 android.view.ViewRootImpl$TraversalRunnable.run:11437 
01-25 16:55:54.339  4640  4640 I ViewRootImpl@5d4fed7[LauncherActivity]: Relayout returned: old=(0,0,1440,3088) new=(0,0,1440,3088) relayoutAsync=false req=(1440,3088)0 dur=3 res=0x403 s={true 0xb40000718657a800} ch=true seqId=0
01-25 16:55:54.339  2012  9228 V APM_AudioPolicyManager: setOutputDevices changing device to AUDIO_DEVICE_NONE
01-25 16:55:54.339  2012  9228 V APM_AudioPolicyManager: checkAndSetVolume: output 69, stream 10, index 9, devices 0x10000, volume 1.000000
01-25 16:55:54.339  2012  9228 V APM_AudioPolicyManager: checkAndSetVolume: output 69, stream 4, index 15, devices 0x10000, volume 1.000000
01-25 16:55:54.340  2012  9228 V APM_AudioPolicyManager: checkAndSetVolume: output 69, stream 8, index 0, devices 0x10000, volume 1.000000
01-25 16:55:54.340  2829  3124 D WindowManager: SyncGroup 2569:  Unfinished container: ActivityRecord{b7f1d01 u0 com.sec.android.app.launcher/.activities.LauncherActivity t31302} mSyncState=2
01-25 16:55:54.340  4640  4640 I ViewRootImpl@5d4fed7[LauncherActivity]: Setup new sync=wmsSync-ViewRootImpl@5d4fed7[LauncherActivity]#62
01-25 16:55:54.340  4640  4640 I ViewRootImpl@5d4fed7[LauncherActivity]: Creating new active sync group ViewRootImpl@5d4fed7[LauncherActivity]#63
01-25 16:55:54.340  4640  4640 I SurfaceSyncGroup: addLocalSync=ViewRootImpl@5d4fed7[LauncherActivity]#63 to name=wmsSync-ViewRootImpl@5d4fed7[LauncherActivity]#62, callers=android.window.SurfaceSyncGroup.add:431 android.window.SurfaceSyncGroup.add:392 android.window.SurfaceSyncGroup.add:340 android.view.ViewRootImpl.createSyncIfNeeded:4912 android.view.ViewRootImpl.performTraversals:4796 android.view.ViewRootImpl.doTraversal:3345 
01-25 16:55:54.340  4640  4640 I ViewRootImpl@5d4fed7[LauncherActivity]: registerCallbacksForSync syncBuffer=false
01-25 16:55:54.341  2012  9228 V APM_AudioPolicyManager: checkAndSetVolume: output 69, stream 3, index 8, devices 0x10000, volume 1.000000
01-25 16:55:54.342  2012  9228 V APM_AudioPolicyManager: checkAndSetVolume: output 69, stream 5, index 0, devices 0x10000, volume 1.000000
01-25 16:55:54.342  2012  9228 V APM_AudioPolicyManager: checkAndSetVolume: output 69, stream 2, index 0, devices 0x10000, volume 1.000000
01-25 16:55:54.342  2012  9228 V APM_AudioPolicyManager: checkAndSetVolume: output 69, stream 1, index 0, devices 0x10000, volume 1.000000
01-25 16:55:54.342  4158  4158 D SysUiState: SysUiState changed: old=0x10020000 new=0x10000000
01-25 16:55:54.342  2012  9228 V APM_AudioPolicyManager: checkAndSetVolume: output 69, stream 9, index 8, devices 0x10000, volume 1.000000
01-25 16:55:54.342  2012  9228 V APM_AudioPolicyManager: checkAndSetVolume: output 69, stream 0, index 3, devices 0x10000, volume 1.000000
01-25 16:55:54.342  4520  4520 D HidDeviceService: handleMessage(): msg.what=8
01-25 16:55:54.342  2031  2031 I Layer   : Layer::reparent [2f88cfd NavigationBar0#82] newParent : Surface(name=2f88cfd NavigationBar0)/@0x27506ac - animation-leash of insets_animation#41249 , isRemovedFromCurrentState : 0 -------------------------
01-25 16:55:54.343  2031  2031 I Layer   : Layer::reparent [2f88cfd NavigationBar0#82] End -------------------------
01-25 16:55:54.343  2031  2031 I Layer   : Layer::reparent [Surface(name=2f88cfd NavigationBar0)/@0x27506ac - animation-leash of insets_animation#41244] newParentHandle : null -------------------------
01-25 16:55:54.343  2031  2031 I Layer   : id=41244 removeFromCurrentState Surface(name=2f88cfd NavigationBar0)/@0x27506ac - animation-leash of insets_animation#41244 (172)
01-25 16:55:54.343  2031  2031 I Layer   : Layer::reparent [Surface(name=2f88cfd NavigationBar0)/@0x27506ac - animation-leash of insets_animation#41244] End -------------------------
01-25 16:55:54.343  2031  2031 I Layer   : Layer::reparent [db06f41 StatusBar#94] newParent : Surface(name=db06f41 StatusBar)/@0x29acb96 - animation-leash of insets_animation#41250 , isRemovedFromCurrentState : 0 -------------------------
01-25 16:55:54.343  2031  2031 I Layer   : Layer::reparent [db06f41 StatusBar#94] End -------------------------
01-25 16:55:54.343  2031  2031 I Layer   : Layer::reparent [Surface(name=db06f41 StatusBar)/@0x29acb96 - animation-leash of insets_animation#41245] newParentHandle : null -------------------------
01-25 16:55:54.343  2031  2031 I Layer   : id=41245 removeFromCurrentState Surface(name=db06f41 StatusBar)/@0x29acb96 - animation-leash of insets_animation#41245 (172)
01-25 16:55:54.343  2031  2031 I Layer   : Layer::reparent [Surface(name=db06f41 StatusBar)/@0x29acb96 - animation-leash of insets_animation#41245] End -------------------------
01-25 16:55:54.343  2012  9228 V APM_AudioPolicyManager: checkAndSetVolume: output 69, stream 11, index 7, devices 0x10000, volume 1.000000
01-25 16:55:54.343  2012  9228 V APM_AudioPolicyManager: getNewOutputDevices selected devices AUDIO_DEVICE_NONE
01-25 16:55:54.343  2012  9228 V APM_AudioPolicyManager: setOutputDevices device AUDIO_DEVICE_NONE delayMs 0
01-25 16:55:54.343  2012  9228 V APM_AudioPolicyManager: setOutputDevices() prevDevice {AUDIO_DEVICE_OUT_SPEAKER, @:}
01-25 16:55:54.343  2031  2031 I SurfaceFlinger: id=41245 Removed Surface(name=db06f41 StatusBar)/@0x29acb96 - animation-leash of insets_animation#41245 (172)
01-25 16:55:54.343  2031  2031 I SurfaceFlinger: id=41244 Removed Surface(name=2f88cfd NavigationBar0)/@0x27506ac - animation-leash of insets_animation#41244 (172)
01-25 16:55:54.343  2012  9228 V APM_AudioPolicyManager: setOutputDevices setting same device AUDIO_DEVICE_NONE or null device, force=0, patch handle=1057
01-25 16:55:54.343  2012  9228 V APM_AudioPolicyManager: getNewOutputDevices selected devices AUDIO_DEVICE_NONE
01-25 16:55:54.343  2012  9228 V APM_AudioPolicyManager: setOutputDevices device AUDIO_DEVICE_NONE delayMs 0
01-25 16:55:54.343  2012  9228 V APM_AudioPolicyManager: setOutputDevices() prevDevice {AUDIO_DEVICE_OUT_TELEPHONY_TX, @:}
01-25 16:55:54.343  2012  9228 V APM_AudioPolicyManager: setOutputDevices changing device to AUDIO_DEVICE_NONE
01-25 16:55:54.343  2012  9228 V APM_AudioPolicyManager: checkAndSetVolume: output 85, stream 10, index 9, devices 0x10000, volume 1.000000
01-25 16:55:54.343  2012  9228 V APM_AudioPolicyManager: checkAndSetVolume: output 85, stream 4, index 15, devices 0x10000, volume 1.000000
01-25 16:55:54.343  2012  9228 V APM_AudioPolicyManager: checkAndSetVolume: output 85, stream 8, index 0, devices 0x10000, volume 1.000000
01-25 16:55:54.343  2829  2856 D InputDispatcher: Focus request (0): b516886 com.sec.android.app.launcher/com.sec.android.app.launcher.activities.LauncherActivity but waiting because NO_WINDOW
01-25 16:55:54.344  4640 28955 I HoneySpace.SystemUiRepository: systemUiFlags: awake
01-25 16:55:54.344 17849 20578 I SAMSUNGWALLET: [Hint_SimpleHintProcessMonitor] isHomePackageRunning topPkgName = com.sec.android.app.launcher, topClsName = com.sec.android.app.launcher.Launcher, return true , se : true
01-25 16:55:54.344  4640 10381 I ViewRootImpl@5d4fed7[LauncherActivity]: Received frameDrawingCallback syncResult=0 frameNum=1.
01-25 16:55:54.344  4640 10381 I ViewRootImpl@5d4fed7[LauncherActivity]: mWNT: t=0xb40000719abd6400 mBlastBufferQueue=0xb4000072a438ad00 fn= 1 mRenderHdrSdrRatio=1.0 caller= android.view.ViewRootImpl$8.onFrameDraw:13946 android.view.ThreadedRenderer$1.onFrameDraw:792 <bottom of call stack> 
01-25 16:55:54.345  4640 10051 W qdgralloc: getInterlacedFlag: getMetaData returned 3, defaulting to interlaced_flag = 0
01-25 16:55:54.345  4640 10381 I ViewRootImpl@5d4fed7[LauncherActivity]: Setting up sync and frameCommitCallback
01-25 16:55:54.345 17849 17849 I SAMSUNGWALLET: [Hint_PayHintService] Hint Status - already invisible, skip hide : [4000000] - 4000000
01-25 16:55:54.346  4640 10051 I BLASTBufferQueue: [ViewRootImpl@5d4fed7[LauncherActivity]#1175](f:0,a:0,s:0) onFrameAvailable the first frame is available
01-25 16:55:54.346  4640 10051 I ViewRootImpl@5d4fed7[LauncherActivity]: Received frameCommittedCallback lastAttemptedDrawFrameNum=1 didProduceBuffer=true
01-25 16:55:54.346  4640 10051 I SurfaceSyncGroup: onTransactionReady mName=wmsSync-ViewRootImpl@5d4fed7[LauncherActivity]#62 callback=127448904
01-25 16:55:54.346  4640  4640 I ViewRootImpl@5d4fed7[LauncherActivity]: reportDrawFinished seqId=0
01-25 16:55:54.346  4640  4640 I Edge.ActivityUtils: HomePackage : com.sec.android.app.launcher, resumePackageName : com.sec.android.app.launcher
01-25 16:55:54.346  4640  4640 I InsetsSourceConsumer: applyRequestedVisibilityToControl: visible=true, type=navigationBars, host=com.sec.android.app.launcher/com.sec.android.app.launcher.activities.LauncherActivity
01-25 16:55:54.346  2829  5652 D WindowManager: finishDrawingWindow: Window{b516886 u0 com.sec.android.app.launcher/com.sec.android.app.launcher.activities.LauncherActivity} mDrawState=DRAW_PENDING seqId=0
01-25 16:55:54.346  4640  4640 I InsetsSourceConsumer: applyRequestedVisibilityToControl: visible=true, type=statusBars, host=com.sec.android.app.launcher/com.sec.android.app.launcher.activities.LauncherActivity
01-25 16:55:54.346  2012  9228 V APM_AudioPolicyManager: checkAndSetVolume: output 85, stream 3, index 8, devices 0x10000, volume 1.000000
01-25 16:55:54.347  4640  4770 I HoneySpace.TaskbarEventTracker: invokeEvent() called with: event = SystemUiStateChanged(stateFlags=268435456)
01-25 16:55:54.347  2012  9228 V APM_AudioPolicyManager: checkAndSetVolume: output 85, stream 5, index 0, devices 0x10000, volume 1.000000
01-25 16:55:54.347  2012  9228 V APM_AudioPolicyManager: checkAndSetVolume: output 85, stream 2, index 0, devices 0x10000, volume 1.000000
01-25 16:55:54.347  2012  9228 V APM_AudioPolicyManager: checkAndSetVolume: output 85, stream 1, index 0, devices 0x10000, volume 1.000000
01-25 16:55:54.347  2829  3124 V WindowManager: Collecting in transition 2569: WallpaperWindowToken{1afc1a0 token=android.os.Binder@a2ceaa3}, caller=com.android.server.wm.Transition.collect:753 com.android.server.wm.TransitionController.collect:975 com.android.server.wm.WallpaperWindowToken.setVisibility:215 com.android.server.wm.WallpaperWindowToken.updateWallpaperWindows:162 com.android.server.wm.WallpaperController.updateWallpaperTokens:966 
01-25 16:55:54.347  2829  3124 V WindowManager: Setting visibility of Window{80e8b54 u0 com.android.systemui.wallpapers.ImageWallpaper_system}: true, caller=com.android.server.wm.WindowContainer.sendAppVisibilityToClients:1305 com.android.server.wm.WindowToken.setClientVisible:454 com.android.server.wm.WallpaperWindowToken.setVisible:199 com.android.server.wm.WallpaperWindowToken.commitVisibility:266 com.android.server.wm.WallpaperWindowToken.setVisibility:235 
01-25 16:55:54.347  2012  9228 V APM_AudioPolicyManager: checkAndSetVolume: output 85, stream 9, index 8, devices 0x10000, volume 1.000000
01-25 16:55:54.347  2012  9228 V APM_AudioPolicyManager: checkAndSetVolume: output 85, stream 0, index 3, devices 0x10000, volume 1.000000
01-25 16:55:54.347  4158  4227 I WallpaperService: dispatchAppVisibility: system, visible=true
01-25 16:55:54.348  4158  4443 I WallpaperService: updateSurface system forceRelayout=false forceReport=false redrawNeeded=false myWidth=3088 myHeight=3088 fixedSize=true x = 0 y = 0 mWidth=3088 mHeight=3088
01-25 16:55:54.348  4158  4443 I WallpaperService: reportVisibility: visibility changed. visible=true
01-25 16:55:54.348  4158  4443 I ImageWallpaper[CanvasEngine_d0_w1]:  onVisibilityChanged: visible=true , displayId=0
01-25 16:55:54.348  2829  3124 V WindowManager: SyncGroup 2569: Finished!
01-25 16:55:54.348  2829  3124 V WindowManager: performShowLocked: mDrawState=HAS_DRAWN in Window{b516886 u0 com.sec.android.app.launcher/com.sec.android.app.launcher.activities.LauncherActivity}
01-25 16:55:54.348  2829  3124 D ChangeTransitionController: onTransactionReady: TransitionRecord{56aecd1 id=2569 type=CLOSE flags=0x10}
01-25 16:55:54.348  2829  3124 V WindowManager: Start calculating TransitionInfo based on participants: {WallpaperWindowToken{1afc1a0 token=android.os.Binder@a2ceaa3}, Task{323f559 #31773 type=standard A=10435:com.outsystemscloud.lucasgv.SandboxAppCordova}, ActivityRecord{73125a0 u0 com.outsystemscloud.lucasgv.SandboxAppCordova/.MainActivity t31773 f} isExiting}, ActivityRecord{b7f1d01 u0 com.sec.android.app.launcher/.activities.LauncherActivity t31302}}
01-25 16:55:54.348  2012  9228 V APM_AudioPolicyManager: checkAndSetVolume: output 85, stream 11, index 7, devices 0x10000, volume 1.000000
01-25 16:55:54.348  2829  3124 V WindowManager:   Final targets: [Task{737b878 #1 type=home}, Task{323f559 #31773 type=standard A=10435:com.outsystemscloud.lucasgv.SandboxAppCordova}]
01-25 16:55:54.348  2829  3167 D BatteryExternalStatsWorker: Update CPU state
01-25 16:55:54.349  2031  2145 I SurfaceFlinger: id=41251 createSurf, flag=84004, Transition Root: Task=1#41251
01-25 16:55:54.349  2829  3167 D BatteryExternalStatsWorker: mStats lock released
01-25 16:55:54.349  2829  3167 D BatteryExternalStatsWorker: done updateExternalStatsLocked
01-25 16:55:54.349  2829  3974 V AS.AudioDeviceBroker: requestedCommunicationDevice: null mAudioModeOwner: AudioModeInfo: mMode=MODE_NORMAL, mPid=0, mUid=0
01-25 16:55:54.350  2829  3124 I SurfaceControl: show, t=StartTransaction_SyncId<2569>, sc=Surface(name=ActivityRecord{b7f1d01 u0 com.sec.android.app.launcher/.activities.LauncherActivity t31302})/@0xd28bc0b, caller=com.android.server.wm.Transition.onTransactionReady:2012 com.android.server.wm.BLASTSyncEngine$SyncGroup.finishNow:321 com.android.server.wm.BLASTSyncEngine$SyncGroup.tryFinish:242 com.android.server.wm.BLASTSyncEngine$SyncGroup.-$$Nest$mtryFinish:0 com.android.server.wm.BLASTSyncEngine.onSurfacePlacement:685 com.android.server.wm.RootWindowContainer.performSurfacePlacementNoTrace:993 
01-25 16:55:54.350  2829  3974 I MicModeManager: setCommunicationDevice() deviceType: 1
01-25 16:55:54.350  2829  3124 I SurfaceControl: show, t=StartTransaction_SyncId<2569>, sc=Surface(name=Task=31302)/@0xf259ae8, caller=com.android.server.wm.Transition.onTransactionReady:2029 com.android.server.wm.BLASTSyncEngine$SyncGroup.finishNow:321 com.android.server.wm.BLASTSyncEngine$SyncGroup.tryFinish:242 com.android.server.wm.BLASTSyncEngine$SyncGroup.-$$Nest$mtryFinish:0 com.android.server.wm.BLASTSyncEngine.onSurfacePlacement:685 com.android.server.wm.RootWindowContainer.performSurfacePlacementNoTrace:993 
01-25 16:55:54.350  2829  3974 I MicModeManager: updateAudioDevice() audioMode: 0, curDevice: 1
01-25 16:55:54.350  2829  3974 I MicModeManager: isMicModeSupported() MicModeType: 1, audioMode: 0, curDevice: 1, translationState: false, dexState: false, smartViewState: false, gameChatState: false, wifiCallState: false, videoCallState: false
01-25 16:55:54.350  2829  3124 D RestrictionPolicy: isScreenCaptureEnabled : ret=true userId=0
01-25 16:55:54.350  2829  3974 D KNOX_MDM_SettingsProvider: isChangeAllowed() : name = mic_mode_enable
01-25 16:55:54.350  2829  3124 D ScreenCapture: [Capture_TEST] : setIsScreenShotBySystem false
01-25 16:55:54.350  2829  3974 V AS.AudioDeviceBroker: requestedCommunicationDevice: null mAudioModeOwner: AudioModeInfo: mMode=MODE_NORMAL, mPid=0, mUid=0
01-25 16:55:54.351  2031  2031 D Layer   : [SEC_SF_EFFECTS] setBlurRegions LauncherActivity$_4640#41248 ## {radius=150, cornerRadii=[0.000, 0.000, 0.000, 0.000], alpha=6.000, rect=[0, 0, 1440, 3088]
01-25 16:55:54.351  2031  2031 D SurfaceFlinger: GPIS:: requestGpisForBlur
01-25 16:55:54.351  2031  3748 D NativeSemDvfsManager: acquire:: timeout = 2000 mIsAcquired = 1  mTagName : SurfaceFlinger 
01-25 16:55:54.351  2031  2031 I Layer   : Layer [com.android.systemui.wallpapers.ImageWallpaper_system$_4158#91] hidden!! flag(0)
01-25 16:55:54.351  2031  2031 I Layer   : id=41244 Destroyed Surface(name=2f88cfd NavigationBar0)/@0x27506ac - animation-leash of insets_animation#41244
01-25 16:55:54.351  2031  2031 I Layer   : id=41245 Destroyed Surface(name=db06f41 StatusBar)/@0x29acb96 - animation-leash of insets_animation#41245
01-25 16:55:54.351  2829  3974 I Telecom : SamsungTelecomServiceImpl : isInCall - callingPackage : android / callingUser : UserHandle{0} / hasCrossUserAccess : true
01-25 16:55:54.351  2031  3748 E NativeCustomFrequencyManager: [NativeCFMS] BpCustomFrequencyManager::acquire()
01-25 16:55:54.352  2829  2829 I Telecom : SamsungCallAudioRouteStateMachine: isSpeakerPhoneChangedByTelecom - modeOwner : android: CARSM.mSPCR@ibM
01-25 16:55:54.352  2829  2829 V AS.AudioDeviceBroker: requestedCommunicationDevice: null mAudioModeOwner: AudioModeInfo: mMode=MODE_NORMAL, mPid=0, mUid=0
01-25 16:55:54.352  1928  1949 I HYPER-HAL: [RequestManager.cpp]acquire(): Acquired ID : 4595996  [2031 / 1000]    HINT : SF_GPU_MINLOCK    list : [TIMEOUT / 2000] 
01-25 16:55:54.352  4640 12124 I HoneySpace.PredictionDataSourceImpl: TYPE_SUGGESTED_APPS updated: 9
01-25 16:55:54.352  2031  2031 I Layer   : id=41252 Destroyed Screenshot Parent#41252
01-25 16:55:54.352  2829  4946 I Telecom : CallAudioRouteStateMachine: Message received: SPEAKER_OFF=1007, arg1=0: CARSM.mSPCR->CARSM.pM_SPEAKER_OFF@ibM
01-25 16:55:54.352  2829  4946 I Telecom : QuiescentEarpieceRoute: Processing message SPEAKER_OFF: CARSM.mSPCR->CARSM.pM_SPEAKER_OFF@ibM
01-25 16:55:54.352  2031  2155 D RenderEngine: [SEC_GC_CMN_SF_EFFECTS] drawLayersInternal,1279, Rendering layer  at index 0
01-25 16:55:54.352  2031  2155 D RenderEngine: [SEC_GC_CMN_SF_EFFECTS] drawLayersInternal,1279, Rendering layer com.outsystemscloud.lucasgv.SandboxAppCordova/com.outsystemscloud.lucasgv.SandboxAppCordova.MainActivity$_12001#41243 at index 1
01-25 16:55:54.353  4640 10051 W qdgralloc: getInterlacedFlag: getMetaData returned 3, defaulting to interlaced_flag = 0
01-25 16:55:54.354  4640 12186 I HoneySpace.PredictionDataSourceImpl: TYPE_RECOMMENDED_WIDGETS updated: 18
01-25 16:55:54.355  2829  3124 V WindowManager: Calling onTransitionReady: {id=2569 t=CLOSE f=0x10 trk=0 r=[0@Point(0, 0)] c=[
01-25 16:55:54.355  2829  3124 V WindowManager:         {WCT{RemoteToken{ce1180e Task{737b878 #1 type=home}}} m=TO_FRONT f=SHOW_WALLPAPER|EDGE_EXTENSION_RESTRICTION leash=Surface(name=Task=1)/@0x30ea0a4 sb=Rect(0, 0 - 1440, 3088) eb=Rect(0, 0 - 1440, 3088) d=0 inset=Rect(0, 100 - 0, 53)},
01-25 16:55:54.355  2829  3124 V WindowManager:         {WCT{RemoteToken{e19fbea Task{323f559 #31773 type=standard A=10435:com.outsystemscloud.lucasgv.SandboxAppCordova}}} m=CLOSE f=NONE leash=Surface(name=Task=31773)/@0xe8f548c sb=Rect(0, 0 - 1440, 3088) eb=Rect(0, 0 - 1440, 3088) d=0 inset=Rect(0, 0 - 0, 0)}
01-25 16:55:54.355  2829  3124 V WindowManager:     ]}
01-25 16:55:54.356  2829  3120 V WindowManager: Sent Transition #2569 createdAt=01-25 16:55:54.266 via request=TransitionRequestInfo { type = CLOSE, triggerTask = null, remoteTransition = null, displayChange = null }
01-25 16:55:54.356  2829  3120 V WindowManager:     startWCT=WindowContainerTransaction { changes = {} hops = [] errorCallbackToken=null taskFragmentOrganizer=null }
01-25 16:55:54.356  2829  3120 V WindowManager:     info={id=2569 t=CLOSE f=0x10 trk=0 r=[0@Point(0, 0)] c=[
01-25 16:55:54.356  2829  3120 V WindowManager:         {WCT{RemoteToken{ce1180e Task{737b878 #1 type=home}}} m=TO_FRONT f=SHOW_WALLPAPER|EDGE_EXTENSION_RESTRICTION leash=Surface(name=Task=1)/@0x30ea0a4 sb=Rect(0, 0 - 1440, 3088) eb=Rect(0, 0 - 1440, 3088) d=0 inset=Rect(0, 100 - 0, 53)},
01-25 16:55:54.356  2829  3120 V WindowManager:         {WCT{RemoteToken{e19fbea Task{323f559 #31773 type=standard A=10435:com.outsystemscloud.lucasgv.SandboxAppCordova}}} m=CLOSE f=NONE leash=Surface(name=Task=31773)/@0xe8f548c sb=Rect(0, 0 - 1440, 3088) eb=Rect(0, 0 - 1440, 3088) d=0 inset=Rect(0, 0 - 0, 0)}
01-25 16:55:54.356  2829  3120 V WindowManager:     ]}
01-25 16:55:54.356  4158  4206 V WindowManagerShell: onTransitionReady android.os.BinderProxy@393723c: {id=2569 t=CLOSE f=0x10 trk=0 r=[0@Point(0, 0)] c=[{WCT{android.window.IWindowContainerToken$Stub$Proxy@e437628} m=TO_FRONT f=SHOW_WALLPAPER|EDGE_EXTENSION_RESTRICTION leash=Surface(name=Task=1)/@0x8fe1bc5 sb=Rect(0, 0 - 1440, 3088) eb=Rect(0, 0 - 1440, 3088) d=0 inset=Rect(0, 100 - 0, 53)},{WCT{android.window.IWindowContainerToken$Stub$Proxy@ba9af41} m=CLOSE f=NONE leash=Surface(name=Task=31773)/@0x6091a sb=Rect(0, 0 - 1440, 3088) eb=Rect(0, 0 - 1440, 3088) d=0 inset=Rect(0, 0 - 0, 0)}]}
01-25 16:55:54.356  4158  4206 I SurfaceControl: hide, t=FinishTransaction_SyncId<2569>, sc=Surface(name=Task=31773)/@0x6091a, caller=com.android.wm.shell.transition.Transitions.dispatchReady:710 com.android.wm.shell.transition.Transitions.onTransitionReady:118 com.android.wm.shell.transition.Transitions$TransitionPlayerImpl$$ExternalSyntheticLambda0.run:13 android.os.Handler.handleCallback:958 android.os.Handler.dispatchMessage:99 android.os.Looper.loopOnce:230 
01-25 16:55:54.356  4158  4206 I SurfaceControl: show, t=StartTransaction_SyncId<2569>, sc=Surface(name=Task=1)/@0x8fe1bc5, caller=com.android.wm.shell.transition.Transitions.dispatchReady:715 com.android.wm.shell.transition.Transitions.onTransitionReady:118 com.android.wm.shell.transition.Transitions$TransitionPlayerImpl$$ExternalSyntheticLambda0.run:13 android.os.Handler.handleCallback:958 android.os.Handler.dispatchMessage:99 android.os.Looper.loopOnce:230 
01-25 16:55:54.356  4158  4206 I SurfaceControl: show, t=FinishTransaction_SyncId<2569>, sc=Surface(name=Task=1)/@0x8fe1bc5, caller=com.android.wm.shell.transition.Transitions.dispatchReady:772 com.android.wm.shell.transition.Transitions.onTransitionReady:118 com.android.wm.shell.transition.Transitions$TransitionPlayerImpl$$ExternalSyntheticLambda0.run:13 android.os.Handler.handleCallback:958 android.os.Handler.dispatchMessage:99 android.os.Looper.loopOnce:230 
01-25 16:55:54.356  4158  4206 V WindowManagerShell: Playing animation for (#2569)android.os.BinderProxy@393723c@0
01-25 16:55:54.356  4158  4206 I SurfaceControl: show, t=StartTransaction_SyncId<2569>, sc=Surface(name=Transition Root: Task=1)/@0xd73fc4b, caller=com.android.wm.shell.transition.Transitions.playTransition:80 com.android.wm.shell.transition.Transitions.processReadyQueue:195 com.android.wm.shell.transition.Transitions.dispatchReady:790 com.android.wm.shell.transition.Transitions.onTransitionReady:118 com.android.wm.shell.transition.Transitions$TransitionPlayerImpl$$ExternalSyntheticLambda0.run:13 android.os.Handler.handleCallback:958 
01-25 16:55:54.356  4158  4206 V WindowManagerShell:  try handler com.android.wm.shell.transition.DefaultMixedHandler@8669ccc
01-25 16:55:54.356  4158  4206 V WindowManagerShell:  try handler com.android.wm.shell.keyguard.KeyguardTransitionHandler@93f1b15
01-25 16:55:54.356  4158  4206 V WindowManagerShell:  try handler com.android.wm.shell.activityembedding.ActivityEmbeddingController@15d1e2a
01-25 16:55:54.356  4158  4206 V WindowManagerShell:  try handler com.android.wm.shell.recents.RecentsTransitionHandler@252d41b
01-25 16:55:54.356  4158  4206 V ShellRecents: RecentsTransitionHandler.startAnimation: no controller found
01-25 16:55:54.356  4158  4206 V WindowManagerShell:  try handler com.android.wm.shell.pip.PipTransition@1c6b9b8
01-25 16:55:54.356  4158  4206 V WindowManagerShell:  try handler com.android.wm.shell.splitscreen.StageCoordinator@a835391
01-25 16:55:54.356  4158  4206 V WindowManagerShell:  try handler com.android.wm.shell.transition.RemoteTransitionHandler@86f2f6
01-25 16:55:54.356  4158  4206 V WindowManagerShell: Transition doesn't have explicit remote, search filters for match for {id=2569 t=CLOSE f=0x10 trk=0 r=[0@Point(0, 0)] c=[{WCT{android.window.IWindowContainerToken$Stub$Proxy@e437628} m=TO_FRONT f=SHOW_WALLPAPER|EDGE_EXTENSION_RESTRICTION leash=Surface(name=Task=1)/@0x8fe1bc5 sb=Rect(0, 0 - 1440, 3088) eb=Rect(0, 0 - 1440, 3088) d=0 inset=Rect(0, 100 - 0, 53)},{WCT{android.window.IWindowContainerToken$Stub$Proxy@ba9af41} m=CLOSE f=NONE leash=Surface(name=Task=31773)/@0x6091a sb=Rect(0, 0 - 1440, 3088) eb=Rect(0, 0 - 1440, 3088) d=0 inset=Rect(0, 0 - 0, 0)}]}
01-25 16:55:54.356  4158  4206 V WindowManagerShell:  Checking filter Pair{{types=[] flags=0x0] notFlags=0x100 checks=[{atype=home independent=true modes=[OPEN,TO_FRONT] flags=NONE mustBeTask=false order=TOP topActivity=ComponentInfo{com.sec.android.app.launcher/com.sec.android.app.launcher.Launcher}},{atype=recents independent=true modes=[CLOSE,TO_BACK] flags=NONE mustBeTask=false order=ANY topActivity=null}]} RemoteTransition { remoteTransition = android.window.IRemoteTransition$Stub$Proxy@93641f, appThread = android.app.IApplicationThread$Stub$Proxy@63d436c, debugName = QuickstepLaunchHomeFromRecents }}
01-25 16:55:54.356  4158  4206 V WindowManagerShell:  Checking filter Pair{{types=[] flags=0x0] notFlags=0x100 checks=[{atype=home independent=true modes=[OPEN,TO_FRONT] flags=NONE mustBeTask=false order=TOP topActivity=ComponentInfo{com.sec.android.app.launcher/com.sec.android.app.launcher.Launcher}},{atype=standard independent=true modes=[CLOSE,TO_BACK] flags=NONE mustBeTask=false order=ANY topActivity=null}]} RemoteTransition { remoteTransition = android.window.IRemoteTransition$Stub$Proxy@428cd35, appThread = android.app.IApplicationThread$Stub$Proxy@fe3b5ca, debugName = QuickstepLaunchHome }}
01-25 16:55:54.356  4158  4206 D RemoteTransitionHandler: Found filterPair{{types=[] flags=0x0] notFlags=0x100 checks=[{atype=home independent=true modes=[OPEN,TO_FRONT] flags=NONE mustBeTask=false order=TOP topActivity=ComponentInfo{com.sec.android.app.launcher/com.sec.android.app.launcher.Launcher}},{atype=standard independent=true modes=[CLOSE,TO_BACK] flags=NONE mustBeTask=false order=ANY topActivity=null}]} RemoteTransition { remoteTransition = android.window.IRemoteTransition$Stub$Proxy@428cd35, appThread = android.app.IApplicationThread$Stub$Proxy@fe3b5ca, debugName = QuickstepLaunchHome }}
01-25 16:55:54.356  4158  4206 V WindowManagerShell:  Delegate animation for #2569 to RemoteTransition { remoteTransition = android.window.IRemoteTransition$Stub$Proxy@428cd35, appThread = android.app.IApplicationThread$Stub$Proxy@fe3b5ca, debugName = QuickstepLaunchHome }
01-25 16:55:54.357  4158  4206 V WindowManagerShell:  animated by com.android.wm.shell.transition.RemoteTransitionHandler@86f2f6
01-25 16:55:54.357  2031  2144 I SurfaceFlinger: id=41253 createSurf, flag=84000, Surface(name=Task=1)/@0x625fff4_transition-leash#41253
01-25 16:55:54.358  4640 32387 I SurfaceControl: show, t=StartTransaction_SyncId<2569>, sc=Surface(name=Task=1)/@0x625fff4, caller=com.android.wm.shell.util.TransitionUtil.createLeash:127 com.android.wm.shell.util.TransitionUtil.newTarget:2 com.android.wm.shell.util.TransitionUtil.newTarget:1 com.android.systemui.shared.system.RemoteAnimationTargetCompat.wrap:48 com.android.systemui.shared.system.RemoteAnimationTargetCompat.wrapApps:5 com.android.systemui.shared.system.RemoteAnimationRunnerCompat$1.startAnimation:19 
01-25 16:55:54.358  2031  2144 I SurfaceFlinger: id=41254 createSurf, flag=84000, Surface(name=Task=31773)/@0x5d2d992_transition-leash#41254
01-25 16:55:54.358  4640 32387 I SurfaceControl: show, t=StartTransaction_SyncId<2569>, sc=Surface(name=Task=31773)/@0x5d2d992, caller=com.android.wm.shell.util.TransitionUtil.createLeash:127 com.android.wm.shell.util.TransitionUtil.newTarget:2 com.android.wm.shell.util.TransitionUtil.newTarget:1 com.android.systemui.shared.system.RemoteAnimationTargetCompat.wrap:48 com.android.systemui.shared.system.RemoteAnimationTargetCompat.wrapApps:5 com.android.systemui.shared.system.RemoteAnimationRunnerCompat$1.startAnimation:19 
01-25 16:55:54.358  4640 32387 I SurfaceControl: apply is called, name=StartTransaction_SyncId<2569>, caller=android.view.SurfaceControl$Transaction.apply:2933 com.android.systemui.shared.system.RemoteAnimationRunnerCompat$1.startAnimation:658 android.window.IRemoteTransition$Stub.onTransact:131 android.os.Binder.execTransactInternal:1380 android.os.Binder.execTransact:1311 <bottom of call stack> 
01-25 16:55:54.359  4640 32387 I HoneySpace.ShellAnimationRunner: [onAnimationStart] appTarget(0) : taskId-1, mode-0
01-25 16:55:54.359  4640 32387 I HoneySpace.ShellAnimationRunner: [onAnimationStart] appTarget(1) : taskId-31773, mode-1
01-25 16:55:54.359  4640  4640 I HoneySpace.ShellAnimationRunner: finishExistingAnimation, null
01-25 16:55:54.359  4640  4640 I HoneySpace.AppCloseAnimationDelegate: onAnimationStart
01-25 16:55:54.359  2012  9228 V APM_AudioPolicyManager: setForceUse() usage 7, config 0, mPhoneState 0
01-25 16:55:54.359  2012  9228 W APM_AudioPolicyManager: setForceUse() usage 7, config 0 is already set
01-25 16:55:54.359  4640  4640 I HoneySpace.AppListFastRecyclerViewAdapter: findCloseTarget : 92424, ComponentInfo{com.outsystemscloud.lucasgv.SandboxAppCordova/com.outsystemscloud.lucasgv.SandboxAppCordova.MainActivity}
01-25 16:55:54.359  4640  4640 I HoneySpace.AppCloseAnimationDelegate: getCurrentShellAnimator : useSpringAnim-false, target-com.honeyspace.ui.common.iconview.IconViewImpl{73a2e5e VFED..CL. ........ 0,2075-267,2490 #7f0a0291 app:id/icon} - SandboxAppCordova, visibility:0, alpha:1.0, badge:0, icon:android.graphics.drawable.BitmapDrawable@53ac226, iconAlpha:255, x=0, y=5, root-DecorView@1162cab[LauncherActivity]
01-25 16:55:54.359  4640  4640 I HoneySpace.AppCloseAnimationDelegate: createIconCloseMultiValueAnimation
01-25 16:55:54.359  4640  4640 I HoneySpace.TransitionUtils: [getRotationChange] home-0, app-0
01-25 16:55:54.359  4640  4640 I HoneySpace.TransitionUtils: getWindowTargetBounds: Rect(0, 0 - 1440, 3088)
01-25 16:55:54.359  4640  4640 I HoneySpace.TransitionUtils: areAllTargetsTranslucent - false
01-25 16:55:54.359  2031  2031 D Layer   : [SEC_SF_EFFECTS] setBlurRegions LauncherActivity$_4640#41248 ## {radius=150, cornerRadii=[0.000, 0.000, 0.000, 0.000], alpha=6.000, rect=[0, 0, 1440, 3088]
01-25 16:55:54.359  2031  2031 I Layer   : Layer [Task=31302#139] hidden!! flag(0)
01-25 16:55:54.359  2031  2031 I Layer   : Layer [Task=1#52] hidden!! flag(0)
01-25 16:55:54.359  2031  2031 I Layer   : Layer::reparent [Task=1#52] newParent : Surface(name=Task=1)/@0x625fff4_transition-leash#41253 , isRemovedFromCurrentState : 0 -------------------------
01-25 16:55:54.359  2031  2031 I Layer   : Layer::reparent [Task=1#52] End -------------------------
01-25 16:55:54.359  2031  2031 I Layer   : Layer [Transition Root: Task=1#41251] hidden!! flag(0)
01-25 16:55:54.359  2031  2031 I Layer   : Layer::reparent [Task=31773#41231] newParent : Surface(name=Task=31773)/@0x5d2d992_transition-leash#41254 , isRemovedFromCurrentState : 0 -------------------------
01-25 16:55:54.359  2031  2031 I Layer   : Layer::reparent [Task=31773#41231] End -------------------------
01-25 16:55:54.359  2031  2031 I Layer   : Layer::reparent [Surface(name=Task=1)/@0x625fff4_transition-leash#41253] newParent : Transition Root: Task=1#41251 , isRemovedFromCurrentState : 0 -------------------------
01-25 16:55:54.359  2031  2031 I Layer   : Layer::reparent [Surface(name=Task=1)/@0x625fff4_transition-leash#41253] End -------------------------
01-25 16:55:54.359  2031  2031 I Layer   : Layer [ActivityRecord{b7f1d01 u0 com.sec.android.app.launcher/.activities.LauncherActivity t31302}#140] hidden!! flag(0)
01-25 16:55:54.359  2031  2031 I Layer   : Layer [com.sec.android.app.launcher/com.sec.android.app.launcher.activities.LauncherActivity$_4640#41248] hidden!! flag(0)
01-25 16:55:54.359  2031  2031 I Layer   : Layer::reparent [Surface(name=Task=31773)/@0x5d2d992_transition-leash#41254] newParent : Transition Root: Task=1#41251 , isRemovedFromCurrentState : 0 -------------------------
01-25 16:55:54.359  2031  2031 I Layer   : Layer::reparent [Surface(name=Task=31773)/@0x5d2d992_transition-leash#41254] End -------------------------
01-25 16:55:54.361  2411 22206 I CameraService: onUidStateChanged: uid=10041, procState is changed. (0 -> 1)
01-25 16:55:54.361  4640  4640 I AppIconSolution: getThemeIconWithBG called with public API, pkg = com.outsystemscloud.lucasgv.SandboxAppCordova, mode = 48
01-25 16:55:54.361  2411  9635 I CameraService: onUidStateChanged: uid=10041, procState is changed. (1 -> 0)
01-25 16:55:54.362  4640  4640 I AppIconSolution: start to load, pkg=com.outsystemscloud.lucasgv.SandboxAppCordova, bg=192-192, dr=192-192, forDefault=true, density=640
01-25 16:55:54.362  4640  4640 I AppIconSolution: getIconScale, pkg=com.outsystemscloud.lucasgv.SandboxAppCordova, size=192, iconScale=IconScale[alpha=0, scale=1.0, isCrop=true]
01-25 16:55:54.364  4640  4640 I AppIconSolution: default container[CROP], pkg=com.outsystemscloud.lucasgv.SandboxAppCordova, bg=192-192, dr=192-192, isNight = true
01-25 16:55:54.364  4640  4640 I LauncherActivityInfo: packageName: com.outsystemscloud.lucasgv.SandboxAppCordova, useThemeIcon: false, height: 192, width: 192, density: 640
01-25 16:55:54.364  4640  4640 I HoneySpace.IconView: setIconVisible : visible-false, currentForceHideBadge-false
01-25 16:55:54.365  4640  4640 I HoneySpace.ContentsAnimator: from : 0.0
01-25 16:55:54.365  4640  4640 I HoneySpace.HoneyScreenManagerImpl: Close floating task bar
01-25 16:55:54.365  4640  4640 I HoneySpace.AppTransitionAnimationAwait: prepare 1
01-25 16:55:54.365  4640  4640 I HoneySpace.ContentsAnimator: ContentsAnimator start
01-25 16:55:54.365  4640  4640 I HoneySpace.TransitionUtils: areAllTargetsTranslucent - false
01-25 16:55:54.365  4640  4640 I HoneySpace.WallpaperAnimator: isOpen: false, from: 1.3, to: 1.0
01-25 16:55:54.365  4640  4640 I HoneySpace.WallpaperAnimator: wallpaper animation start
01-25 16:55:54.365  4640  4640 I HoneySpace.AnimationResult: setAnimation, animation: false
01-25 16:55:54.365  4640  4640 I HoneySpace.AppCloseAnimationDelegate: [AppClose] START
01-25 16:55:54.365  4640  4640 I HoneySpace.AppCloseAnimationDelegate: window animator start
01-25 16:55:54.365  2829  2856 I WindowManager: Reparenting to leash, surface=Surface(name=RemoteWallpaperAnim:1:1)/@0x1143b64, leashParent=Surface(name=OneHanded:0:14)/@0x30df1cd
01-25 16:55:54.365  2031  2144 I SurfaceFlinger: id=41255 createSurf, flag=24000, Surface(name=RemoteWallpaperAnim:1:1)/@0x1143b64 - animation-leash of remote_wallpaper#41255
01-25 16:55:54.366  2829  2856 D WindowManager: makeSurface duration=1 leash=Surface(name=Surface(name=RemoteWallpaperAnim:1:1)/@0x1143b64 - animation-leash of remote_wallpaper)/@0x858d159
01-25 16:55:54.366  2829  2856 D WindowManager: startAnimation for remote wallpaper, leash=Surface(name=Surface(name=RemoteWallpaperAnim:1:1)/@0x1143b64 - animation-leash of remote_wallpaper)/@0x858d159
01-25 16:55:54.366  2829  2856 D WindowManager: startRemoteWallpaperAnimation, d=0, leash=Surface(name=Surface(name=RemoteWallpaperAnim:1:1)/@0x1143b64 - animation-leash of remote_wallpaper)/@0x858d159
01-25 16:55:54.366  4640 18373 I HoneySpace.WallpaperAnimator: wallpaperSurface get
01-25 16:55:54.369  4640 10381 I ViewRootImpl@5d4fed7[LauncherActivity]: mWNT: t=0xb40000719acb0d80 mBlastBufferQueue=0xb4000072a438ad00 fn= 3 mRenderHdrSdrRatio=1.0 caller= com.android.systemui.shared.launcher.ViewRootImplCompat.mergeWithNextTransaction:4 com.honeyspace.transition.utils.SurfaceTransactionApplier.scheduleApply$lambda$1:26 com.honeyspace.transition.utils.SurfaceTransactionApplier.c:0 
01-25 16:55:54.369  4640 10381 I ViewRootImpl@5d4fed7[LauncherActivity]: mWNT: t=0xb40000719acb1500 mBlastBufferQueue=0xb4000072a438ad00 fn= 3 mRenderHdrSdrRatio=1.0 caller= com.android.systemui.shared.launcher.ViewRootImplCompat.mergeWithNextTransaction:4 com.honeyspace.transition.utils.SurfaceTransactionApplier.scheduleApply$lambda$1:26 com.honeyspace.transition.utils.SurfaceTransactionApplier.c:0 
01-25 16:55:54.369  4640 10381 I ViewRootImpl@5d4fed7[LauncherActivity]: mWNT: t=0xb40000719acb1680 mBlastBufferQueue=0xb4000072a438ad00 fn= 3 mRenderHdrSdrRatio=1.0 caller= com.android.systemui.shared.launcher.ViewRootImplCompat.mergeWithNextTransaction:4 com.honeyspace.transition.utils.SurfaceTransactionApplier.scheduleApply$lambda$1:26 com.honeyspace.transition.utils.SurfaceTransactionApplier.c:0 
01-25 16:55:54.369  4640 10051 W qdgralloc: getInterlacedFlag: getMetaData returned 3, defaulting to interlaced_flag = 0
01-25 16:55:54.376  2031  2031 I Layer   : Layer::reparent [RemoteWallpaperAnim:1:1#8] newParent : Surface(name=RemoteWallpaperAnim:1:1)/@0x1143b64 - animation-leash of remote_wallpaper#41255 , isRemovedFromCurrentState : 0 -------------------------
01-25 16:55:54.376  2031  2031 I Layer   : Layer::reparent [RemoteWallpaperAnim:1:1#8] End -------------------------
01-25 16:55:54.376  4640 10382 I ViewRootImpl@5d4fed7[LauncherActivity]: mWNT: t=0xb40000719add0c00 mBlastBufferQueue=0xb4000072a438ad00 fn= 4 mRenderHdrSdrRatio=1.0 caller= com.android.systemui.shared.launcher.ViewRootImplCompat.mergeWithNextTransaction:4 com.honeyspace.transition.utils.SurfaceTransactionApplier.scheduleApply$lambda$1:26 com.honeyspace.transition.utils.SurfaceTransactionApplier.c:0 
01-25 16:55:54.376  4640 10051 W qdgralloc: getInterlacedFlag: getMetaData returned 3, defaulting to interlaced_flag = 0
01-25 16:55:54.377  2829  2856 D InputDispatcher: Focus entered window (0): b516886 com.sec.android.app.launcher/com.sec.android.app.launcher.activities.LauncherActivity
01-25 16:55:54.378  4640  4640 I ViewRootImpl@5d4fed7[LauncherActivity]: handleWindowFocusChanged: 1 0 call from android.view.ViewRootImpl.-$$Nest$mhandleWindowFocusChanged:0
01-25 16:55:54.379  2031  2031 D SurfaceFlinger: Display 4630947093241269891 HWC layers:
