01-25 16:55:54.379  2031  2031 D SurfaceFlinger:      CLIENT | 0xb400007732396680 | 0100 | RGBA_8888    |  824.0    0.0 1932.0 2375.0 |    0    0 1440 3088 | Wallpaper BBQ wrapper 5_system#92
01-25 16:55:54.379  2031  2031 D SurfaceFlinger:      CLIENT | 0xb400007714e1b800 | 0100 | RGBA_8888    |    0.0    0.0 1440.0 3088.0 |    0    0 1440 3088 | com.sec.android.app.launcher/com.sec[...]ivities.LauncherActivity$_4640#41248 (blurRegions)
01-25 16:55:54.379  2031  2031 D SurfaceFlinger:      CLIENT | 0xb400007732260e80 | 0102 | RGBA_8888    |    0.0    0.0 1440.0 3088.0 |    0    0 1440 3088 | com.outsystemscloud.lucasgv.SandboxA[...]AppCordova.MainActivity$_12001#41243
01-25 16:55:54.379  2031  2031 D SurfaceFlinger:      DEVICE | 0xb400007714f4be00 | 0100 | RGBA_8888    |    0.0    0.0 1440.0  100.0 |    0    0 1440  100 | StatusBar$_4158#103
01-25 16:55:54.379  2031  2031 D SurfaceFlinger:      DEVICE | 0xb400007732260380 | 0100 | RGBA_8888    |    0.0    0.0   67.0  436.0 | 1373  380 1440  816 | com.sec.android.app.launcher/com.sam[...].edge.CocktailBarService$_4640#41189
01-25 16:55:54.379  2031  2031 D SurfaceFlinger:      DEVICE | 0xb400007714f4ad80 | 0100 | RGBA_8888    |    0.0    0.0 1440.0  168.0 |    0 2920 1440 3088 | NavigationBar0$_4158#101
01-25 16:55:54.379  2031  2031 D SurfaceFlinger: 
01-25 16:55:54.380  2031  2155 D RenderEngine: [SEC_GC_CMN_SF_EFFECTS] drawLayersInternal,1279, Rendering layer  at index 0
01-25 16:55:54.380  2031  2155 D RenderEngine: [SEC_GC_CMN_SF_EFFECTS] drawLayersInternal,1279, Rendering layer Wallpaper BBQ wrapper 5_system#92 at index 1
01-25 16:55:54.381  2031  2155 D RenderEngine: [SEC_GC_CMN_SF_EFFECTS] drawLayersInternal,1279, Rendering layer com.sec.android.app.launcher/com.sec.android.app.launcher.activities.LauncherActivity$_4640#41248 at index 2
01-25 16:55:54.381  2031  2155 D RenderEngine: [SEC_GC_CMN_SF_EFFECTS] drawLayersInternal,1279, Rendering layer com.outsystemscloud.lucasgv.SandboxAppCordova/com.outsystemscloud.lucasgv.SandboxAppCordova.MainActivity$_12001#41243 at index 3
01-25 16:55:54.381  4640  4640 I InputMethodManager: startInputInner - IInputMethodManagerGlobalInvoker.startInputOrWindowGainedFocus
01-25 16:55:54.383  2829  2856 D InputMethodManagerService: setWindowStateInner, windowToken=android.os.BinderProxy@b5ee561, state=ImeTargetWindowState{ imeToken null imeFocusChanged true hasEditorFocused false requestedImeVisible false imeDisplayId 0 softInputModeState STATE_UNSPECIFIED|ADJUST_NOTHING isStartInputByGainFocus true}
01-25 16:55:54.383  2829  2856 V InputMethodManagerService: Unspecified window will hide input
01-25 16:55:54.383  2829  2856 V InputMethodManagerService: applyImeVisibility state=6
01-25 16:55:54.383  2829  2856 I ImeTracker: com.sec.android.app.launcher:cf20cb0e: onRequestHide at ORIGIN_SERVER_HIDE_INPUT reason HIDE_UNSPECIFIED_WINDOW
01-25 16:55:54.383  2829  2856 D InputMethodManagerService: setWindowStateInner, windowToken=android.os.BinderProxy@b5ee561, state=ImeTargetWindowState{ imeToken android.os.Binder@a8b7dff imeFocusChanged true hasEditorFocused false requestedImeVisible false imeDisplayId 0 softInputModeState STATE_UNSPECIFIED|ADJUST_NOTHING isStartInputByGainFocus true}
01-25 16:55:54.383  2829  2856 I ImeTracker: com.sec.android.app.launcher:cf20cb0e: onCancelled at PHASE_SERVER_SHOULD_HIDE
01-25 16:55:54.383  2829  2856 V InputMethodManagerService: hideCurrentInputLocked : canceled, shouldHideSoftInput=false, mInputShown=false, mImeWindowVis=0
01-25 16:55:54.383  2829  2856 D InputMethodManagerService: DESKTOP MODE! : 2
01-25 16:55:54.383  2829  2856 D InputMethodManagerService: NOT IN KNOX DESKTOP MODE!
01-25 16:55:54.383  2829  2856 V InputMethodManagerService: getDisplayIdOfInputMethodWindowToBeAdded: displayId=0
01-25 16:55:54.384  2829  2856 D InputMethodManagerService: isImeSwitcherDisabledPackage : false
01-25 16:55:54.384  2829  2856 D InputMethodManagerService: checkDisplayOfStartInputAndUpdateKeyboard: displayId=0, mFocusedDisplayId=0
01-25 16:55:54.384  2829  2856 D InputTransport: Input channel constructed: 'ClientS', fd=941
01-25 16:55:54.384  2829  2856 D InputTransport: Input channel destroyed: 'ClientS', fd=941
01-25 16:55:54.384  1928 12243 I HYPER-HAL: [RequestManager.cpp]releaseLocked(): Released ID : 50516354
01-25 16:55:54.385  2829  5892 D RestrictionPolicy: isScreenCaptureEnabled : ret=true userId=0
01-25 16:55:54.385  2829  5892 I WindowManager: Cancelling animation restarting=true, leash=Surface(name=Surface(name=ea9b933 InputMethod)/@0x6ec8cee - animation-leash of insets_animation)/@0xe72700
01-25 16:55:54.385  2829  5892 I WindowManager: Reparenting to original parent: Surface(name=WindowToken{d2d8e90 type=2011 android.os.Binder@75f1553})/@0x3bcb58f, destroy=false, surface=Surface(name=ea9b933 InputMethod)/@0x6ec8cee
01-25 16:55:54.385  2829  5892 I WindowManager: Reparenting to leash, surface=Surface(name=ea9b933 InputMethod)/@0x6ec8cee, leashParent=Surface(name=WindowToken{d2d8e90 type=2011 android.os.Binder@75f1553})/@0x3bcb58f
01-25 16:55:54.385  2031  2144 I SurfaceFlinger: id=41256 createSurf, flag=24004, Surface(name=ea9b933 InputMethod)/@0x6ec8cee - animation-leash of insets_animation#41256
01-25 16:55:54.386  4640 10381 I ViewRootImpl@5d4fed7[LauncherActivity]: mWNT: t=0xb40000719af65180 mBlastBufferQueue=0xb4000072a438ad00 fn= 5 mRenderHdrSdrRatio=1.0 caller= com.android.systemui.shared.launcher.ViewRootImplCompat.mergeWithNextTransaction:4 com.honeyspace.transition.utils.SurfaceTransactionApplier.scheduleApply$lambda$1:26 com.honeyspace.transition.utils.SurfaceTransactionApplier.c:0 
01-25 16:55:54.385  9821  9821 D InputMethodService: unregisterCompatOnBackInvokedCallback return because registered : false
01-25 16:55:54.386  9821  9821 D InputMethodService: updateClientDisplayId: displayId=0, mClientDisplayId=0
01-25 16:55:54.386  2829  5892 D WindowManager: makeSurface duration=1 leash=Surface(name=Surface(name=ea9b933 InputMethod)/@0x6ec8cee - animation-leash of insets_animation)/@0x1ae812a
01-25 16:55:54.386  2829  5892 D InsetsSourceProvider: updateControlForTarget: control=InsetsSourceControl: {3 mType=ime mSurfacePosition=Point(0, 100) mInsetsHint=Insets{left=0, top=0, right=0, bottom=1095}}, target=Window{b516886 u0 com.sec.android.app.launcher/com.sec.android.app.launcher.activities.LauncherActivity}, from=com.android.server.wm.ImeInsetsSourceProvider.updateControlForTarget:165 com.android.server.wm.InsetsStateController.onControlTargetChanged:363 com.android.server.wm.InsetsStateController.onImeControlTargetChanged:307 com.android.server.wm.DisplayContent.updateImeControlTarget:5763 com.android.server.wm.DisplayContent.updateImeInputAndControlTarget:5723 
01-25 16:55:54.387  9821  9821 W w       : onStartInput event aborted
01-25 16:55:54.387  9821  9821 W w       : rm.s: could not obtain extracted text
01-25 16:55:54.387  9821  9821 W w       : 	at rm.K.I(SourceFile:325)
01-25 16:55:54.387  9821  9821 W w       : 	at wj.v.q(SourceFile:326)
01-25 16:55:54.387  9821  9821 W w       : 	at wj.E0.q(SourceFile:3)
01-25 16:55:54.387  9821  9821 W w       : 	at com.touchtype.KeyboardService.onStartInput(SourceFile:12)
01-25 16:55:54.387  9821  9821 W w       : 	at android.inputmethodservice.InputMethodService.doStartInput(InputMethodService.java:3601)
01-25 16:55:54.387  9821  9821 W w       : 	at android.inputmethodservice.InputMethodService$InputMethodImpl.startInput(InputMethodService.java:854)
01-25 16:55:54.387  9821  9821 W w       : 	at android.inputmethodservice.InputMethodService$InputMethodImpl.dispatchStartInput(InputMethodService.java:883)
01-25 16:55:54.387  9821  9821 W w       : 	at android.inputmethodservice.IInputMethodWrapper.executeMessage(IInputMethodWrapper.java:202)
01-25 16:55:54.387  9821  9821 W w       : 	at com.android.internal.os.HandlerCaller$MyHandler.handleMessage(HandlerCaller.java:44)
01-25 16:55:54.387  9821  9821 W w       : 	at android.os.Handler.dispatchMessage(Handler.java:106)
01-25 16:55:54.387  9821  9821 W w       : 	at android.os.Looper.loopOnce(Looper.java:230)
01-25 16:55:54.387  9821  9821 W w       : 	at android.os.Looper.loop(Looper.java:319)
01-25 16:55:54.387  9821  9821 W w       : 	at android.app.ActivityThread.main(ActivityThread.java:9063)
01-25 16:55:54.387  9821  9821 W w       : 	at java.lang.reflect.Method.invoke(Native Method)
01-25 16:55:54.387  9821  9821 W w       : 	at com.android.internal.os.RuntimeInit$MethodAndArgsCaller.run(RuntimeInit.java:588)
01-25 16:55:54.387  9821  9821 W w       : 	at com.android.internal.os.ZygoteInit.main(ZygoteInit.java:1103)
01-25 16:55:54.388  2829  3124 W WindowManager: Failed to deliver inset control state change to w=Window{e8d13c5 u0 com.outsystemscloud.lucasgv.SandboxAppCordova/com.outsystemscloud.lucasgv.SandboxAppCordova.MainActivity EXITING}
01-25 16:55:54.388  2829  3124 W WindowManager: android.os.DeadObjectException
01-25 16:55:54.388  2829  3124 W WindowManager: 	at android.os.BinderProxy.transactNative(Native Method)
01-25 16:55:54.388  2829  3124 W WindowManager: 	at android.os.BinderProxy.transact(BinderProxy.java:662)
01-25 16:55:54.388  2829  3124 W WindowManager: 	at android.view.IWindow$Stub$Proxy.insetsControlChanged(IWindow.java:581)
01-25 16:55:54.388  2829  3124 W WindowManager: 	at com.android.server.wm.WindowState.notifyInsetsControlChanged(WindowState.java:4722)
01-25 16:55:54.388  2829  3124 W WindowManager: 	at com.android.server.wm.InsetsStateController.lambda$notifyPendingInsetsControlChanged$3(InsetsStateController.java:427)
01-25 16:55:54.388  2829  3124 W WindowManager: 	at com.android.server.wm.InsetsStateController.$r8$lambda$8yykPRG1GyNq_J17QvL9d5xANMc(InsetsStateController.java:0)
01-25 16:55:54.388  2829  3124 W WindowManager: 	at com.android.server.wm.InsetsStateController$$ExternalSyntheticLambda2.run(R8$$SyntheticClass:0)
01-25 16:55:54.388  2829  3124 W WindowManager: 	at com.android.server.wm.WindowAnimator.executeAfterPrepareSurfacesRunnables(WindowAnimator.java:293)
01-25 16:55:54.388  2829  3124 W WindowManager: 	at com.android.server.wm.RootWindowContainer.performSurfacePlacementNoTrace(RootWindowContainer.java:994)
01-25 16:55:54.388  2829  3124 W WindowManager: 	at com.android.server.wm.RootWindowContainer.performSurfacePlacement(RootWindowContainer.java:929)
01-25 16:55:54.388  2829  3124 W WindowManager: 	at com.android.server.wm.WindowSurfacePlacer.performSurfacePlacementLoop(WindowSurfacePlacer.java:185)
01-25 16:55:54.388  2829  3124 W WindowManager: 	at com.android.server.wm.WindowSurfacePlacer.performSurfacePlacement(WindowSurfacePlacer.java:134)
01-25 16:55:54.388  2829  3124 W WindowManager: 	at com.android.server.wm.WindowSurfacePlacer.performSurfacePlacement(WindowSurfacePlacer.java:123)
01-25 16:55:54.388  2829  3124 W WindowManager: 	at com.android.server.wm.WindowSurfacePlacer$Traverser.run(WindowSurfacePlacer.java:65)
01-25 16:55:54.388  2829  3124 W WindowManager: 	at android.os.Handler.handleCallback(Handler.java:958)
01-25 16:55:54.388  2829  3124 W WindowManager: 	at android.os.Handler.dispatchMessage(Handler.java:99)
01-25 16:55:54.388  2829  3124 W WindowManager: 	at android.os.Looper.loopOnce(Looper.java:230)
01-25 16:55:54.388  2829  3124 W WindowManager: 	at android.os.Looper.loop(Looper.java:319)
01-25 16:55:54.388  2829  3124 W WindowManager: 	at android.os.HandlerThread.run(HandlerThread.java:67)
01-25 16:55:54.388  2829  3124 W WindowManager: 	at com.android.server.ServiceThread.run(ServiceThread.java:46)
01-25 16:55:54.388  4640  4640 I InsetsSourceConsumer: applyRequestedVisibilityToControl: visible=false, type=ime, host=com.sec.android.app.launcher/com.sec.android.app.launcher.activities.LauncherActivity
01-25 16:55:54.388  2829  5892 D InputMethodManagerService: isImeSwitcherDisabledPackage : false
01-25 16:55:54.389  4158  4158 D NavigationBar: setImeWindowStatus displayId=0 vis=0 backDisposition=0 showImeSwitcher=false imeShown=false
01-25 16:55:54.389  9821  9821 I InputMethodService: scheduleImeSurfaceRemoval: removeImeSurface is posted.
01-25 16:55:54.389  4158  9458 I WallpaperService: resized: system, reportDraw=false, forceLayout=false, displayId=0
01-25 16:55:54.389  4640 32387 I ViewRootImpl@5d4fed7[LauncherActivity]: Resizing android.view.ViewRootImpl@eb57072: frame = [0,0][1440,3088] reportDraw = false forceLayout = false syncSeqId = -1
01-25 16:55:54.389  4158  4443 I WallpaperService: handleResized: which=5, reportDraw=false
01-25 16:55:54.389  4158  4443 I WallpaperService: updateSurface system forceRelayout=true forceReport=false redrawNeeded=false myWidth=3088 myHeight=3088 fixedSize=true x = 0 y = 0 mWidth=3088 mHeight=3088
01-25 16:55:54.389  4640  4640 I ViewRootImpl@5d4fed7[LauncherActivity]: handleResized, msg = 4 frames=ClientWindowFrames{frame=[0,0][1440,3088] display=[0,0][1440,3088] parentFrame=[0,0][0,0]} forceNextWindowRelayout=false displayId=0 dragResizing=false compatScale=1.0 frameChanged=false attachedFrameChanged=false configChanged=false displayChanged=false compatScaleChanged=false
01-25 16:55:54.389  4158  4443 I WallpaperService: maxBounds : Rect(0, 0 - 1440, 3088) , mDeviceHeight : 3088, mDeviceWidth : 1440,mDeviceRotation  : 0
01-25 16:55:54.389  4158  4443 I WallpaperService: updateSurface: invoke Session.relayout
01-25 16:55:54.389  4158  4195 I ViewRootImpl@d2eb1a1[StatusBar]: Resizing android.view.ViewRootImpl@9ee28d8: frame = [0,0][1440,100] reportDraw = false forceLayout = false syncSeqId = -1
01-25 16:55:54.389  4158  4158 I ViewRootImpl@d2eb1a1[StatusBar]: handleResized, msg = 4 frames=ClientWindowFrames{frame=[0,0][1440,100] display=[0,0][1440,3088] parentFrame=[0,0][0,0]} forceNextWindowRelayout=false displayId=0 dragResizing=false compatScale=1.0 frameChanged=false attachedFrameChanged=false configChanged=false displayChanged=false compatScaleChanged=false
01-25 16:55:54.389  4158  9458 I ViewRootImpl@7575777[NavigationBar0]: Resizing android.view.ViewRootImpl@b040bbb: frame = [0,2920][1440,3088] reportDraw = false forceLayout = false syncSeqId = -1
01-25 16:55:54.389  4640 10026 I ViewRootImpl@7a55b13[CocktailBarService]: Resizing android.view.ViewRootImpl@8be3ee6: frame = [1373,380][1440,816] reportDraw = false forceLayout = false syncSeqId = -1
01-25 16:55:54.389  2829  4898 V WindowManager: Relayout Window{80e8b54 u0 com.android.systemui.wallpapers.ImageWallpaper_system}: viewVisibility=0 req=3088x3088 ty=2013 d0
01-25 16:55:54.389  4158  4158 I ViewRootImpl@7575777[NavigationBar0]: handleResized, msg = 4 frames=ClientWindowFrames{frame=[0,2920][1440,3088] display=[0,0][1440,3088] parentFrame=[0,0][0,0]} forceNextWindowRelayout=false displayId=0 dragResizing=false compatScale=1.0 frameChanged=false attachedFrameChanged=false configChanged=false displayChanged=false compatScaleChanged=false
01-25 16:55:54.389  4640  4640 I ViewRootImpl@7a55b13[CocktailBarService]: handleResized, msg = 4 frames=ClientWindowFrames{frame=[1373,380][1440,816] display=[0,0][1440,3035] parentFrame=[0,0][0,0]} forceNextWindowRelayout=false displayId=0 dragResizing=false compatScale=1.0 frameChanged=false attachedFrameChanged=false configChanged=false displayChanged=false compatScaleChanged=false
01-25 16:55:54.390  2829  4898 V WindowManager: Relayout hash=80e8b54, pid=4158, syncId=-1: mAttrs={(0,0)(3088x3088) gr=TOP START CENTER layoutInDisplayCutoutMode=always ty=WALLPAPER fmt=RGBX_8888 wanim=0x1030314
01-25 16:55:54.390  2829  4898 V WindowManager:   fl=14318
01-25 16:55:54.390  2829  4898 V WindowManager:   pfl=2000014
01-25 16:55:54.390  2829  4898 V WindowManager:   bhv=DEFAULT naviIconColor=0
01-25 16:55:54.390  2829  4898 V WindowManager:   sfl=8}
01-25 16:55:54.391  4158  4443 I BLASTBufferQueue_Java: update, w= 3088 h= 3088 mName = Wallpaper mNativeObject= 0xb4000071b59ecf00 sc.mNativeObject= 0xb4000071b59d2680 format= 2 caller= android.service.wallpaper.WallpaperService$Engine.getOrCreateBLASTSurface:2847 android.service.wallpaper.WallpaperService$Engine.updateSurface:1642 android.service.wallpaper.WallpaperService$IWallpaperEngineWrapper.handleResized:3354 android.service.wallpaper.WallpaperService$IWallpaperEngineWrapper.executeMessage:3273 com.android.internal.os.HandlerCaller$MyHandler.handleMessage:44 android.os.Handler.dispatchMessage:106 
01-25 16:55:54.392  2031  2031 I Layer   : Layer::reparent [ImeContainer#17] newParent : ActivityRecord{b7f1d01 u0 com.sec.android.app.launcher/.activities.LauncherActivity t31302}#140 , isRemovedFromCurrentState : 0 -------------------------
01-25 16:55:54.393  2031  2031 I Layer   : Layer::reparent [ImeContainer#17] End -------------------------
01-25 16:55:54.393  2031  2031 I Layer   : Layer::reparent [ea9b933 InputMethod#28176] newParent : Surface(name=ea9b933 InputMethod)/@0x6ec8cee - animation-leash of insets_animation#41256 , isRemovedFromCurrentState : 0 -------------------------
01-25 16:55:54.393  2031  2031 I Layer   : Layer::reparent [ea9b933 InputMethod#28176] End -------------------------
01-25 16:55:54.393  2031  2031 I Layer   : Layer::reparent [Surface(name=ea9b933 InputMethod)/@0x6ec8cee - animation-leash of insets_animation#41247] newParentHandle : null -------------------------
01-25 16:55:54.393  2031  2031 I Layer   : id=41247 removeFromCurrentState Surface(name=ea9b933 InputMethod)/@0x6ec8cee - animation-leash of insets_animation#41247 (175)
01-25 16:55:54.393  2031  2031 I Layer   : Layer::reparent [Surface(name=ea9b933 InputMethod)/@0x6ec8cee - animation-leash of insets_animation#41247] End -------------------------
01-25 16:55:54.393  2031  2031 I SurfaceFlinger: id=41247 Removed Surface(name=ea9b933 InputMethod)/@0x6ec8cee - animation-leash of insets_animation#41247 (175)
01-25 16:55:54.393  4640 10382 I ViewRootImpl@5d4fed7[LauncherActivity]: mWNT: t=0xb40000719af65480 mBlastBufferQueue=0xb4000072a438ad00 fn= 6 mRenderHdrSdrRatio=1.0 caller= com.android.systemui.shared.launcher.ViewRootImplCompat.mergeWithNextTransaction:4 com.honeyspace.transition.utils.SurfaceTransactionApplier.scheduleApply$lambda$1:26 com.honeyspace.transition.utils.SurfaceTransactionApplier.c:0 
01-25 16:55:54.401  2031  2031 I Layer   : id=41247 Destroyed Surface(name=ea9b933 InputMethod)/@0x6ec8cee - animation-leash of insets_animation#41247
01-25 16:55:54.402  4640 10381 I ViewRootImpl@5d4fed7[LauncherActivity]: mWNT: t=0xb40000719af65f00 mBlastBufferQueue=0xb4000072a438ad00 fn= 7 mRenderHdrSdrRatio=1.0 caller= com.android.systemui.shared.launcher.ViewRootImplCompat.mergeWithNextTransaction:4 com.honeyspace.transition.utils.SurfaceTransactionApplier.scheduleApply$lambda$1:26 com.honeyspace.transition.utils.SurfaceTransactionApplier.c:0 
01-25 16:55:54.409  1919  7931 I sensors-hal: handle_sns_std_sensor_event:436, [SSC_LIGHT] P: 56(56),m:13,c:294,b:69,c0:34613,l:56,f(r):98,u(bl):100,j:30
01-25 16:55:54.410  4640 10382 I ViewRootImpl@5d4fed7[LauncherActivity]: mWNT: t=0xb40000719af66200 mBlastBufferQueue=0xb4000072a438ad00 fn= 8 mRenderHdrSdrRatio=1.0 caller= com.android.systemui.shared.launcher.ViewRootImplCompat.mergeWithNextTransaction:4 com.honeyspace.transition.utils.SurfaceTransactionApplier.scheduleApply$lambda$1:26 com.honeyspace.transition.utils.SurfaceTransactionApplier.c:0 
01-25 16:55:54.418  4640 10381 I ViewRootImpl@5d4fed7[LauncherActivity]: mWNT: t=0xb40000719af66380 mBlastBufferQueue=0xb4000072a438ad00 fn= 9 mRenderHdrSdrRatio=1.0 caller= com.android.systemui.shared.launcher.ViewRootImplCompat.mergeWithNextTransaction:4 com.honeyspace.transition.utils.SurfaceTransactionApplier.scheduleApply$lambda$1:26 com.honeyspace.transition.utils.SurfaceTransactionApplier.c:0 
01-25 16:55:54.426  4640 10382 I ViewRootImpl@5d4fed7[LauncherActivity]: mWNT: t=0xb40000719af66500 mBlastBufferQueue=0xb4000072a438ad00 fn= 10 mRenderHdrSdrRatio=1.0 caller= com.android.systemui.shared.launcher.ViewRootImplCompat.mergeWithNextTransaction:4 com.honeyspace.transition.utils.SurfaceTransactionApplier.scheduleApply$lambda$1:26 com.honeyspace.transition.utils.SurfaceTransactionApplier.c:0 
01-25 16:55:54.435  4640 10381 I ViewRootImpl@5d4fed7[LauncherActivity]: mWNT: t=0xb40000719af66b00 mBlastBufferQueue=0xb4000072a438ad00 fn= 11 mRenderHdrSdrRatio=1.0 caller= com.android.systemui.shared.launcher.ViewRootImplCompat.mergeWithNextTransaction:4 com.honeyspace.transition.utils.SurfaceTransactionApplier.scheduleApply$lambda$1:26 com.honeyspace.transition.utils.SurfaceTransactionApplier.c:0 
01-25 16:55:54.443  4640 10382 I ViewRootImpl@5d4fed7[LauncherActivity]: mWNT: t=0xb40000719af67280 mBlastBufferQueue=0xb4000072a438ad00 fn= 12 mRenderHdrSdrRatio=1.0 caller= com.android.systemui.shared.launcher.ViewRootImplCompat.mergeWithNextTransaction:4 com.honeyspace.transition.utils.SurfaceTransactionApplier.scheduleApply$lambda$1:26 com.honeyspace.transition.utils.SurfaceTransactionApplier.c:0 
01-25 16:55:54.444  2829  3964 D MdnieScenarioControlService:  packageName : com.sec.android.app.launcher    className : com.sec.android.app.launcher.Launcher
01-25 16:55:54.444  2829  3964 V MdnieScenarioControlService: setUIMode from UI function(3)
01-25 16:55:54.452  4640 10381 I ViewRootImpl@5d4fed7[LauncherActivity]: mWNT: t=0xb40000719af67400 mBlastBufferQueue=0xb4000072a438ad00 fn= 13 mRenderHdrSdrRatio=1.0 caller= com.android.systemui.shared.launcher.ViewRootImplCompat.mergeWithNextTransaction:4 com.honeyspace.transition.utils.SurfaceTransactionApplier.scheduleApply$lambda$1:26 com.honeyspace.transition.utils.SurfaceTransactionApplier.c:0 
01-25 16:55:54.460  4640 10382 I ViewRootImpl@5d4fed7[LauncherActivity]: mWNT: t=0xb40000719af67580 mBlastBufferQueue=0xb4000072a438ad00 fn= 14 mRenderHdrSdrRatio=1.0 caller= com.android.systemui.shared.launcher.ViewRootImplCompat.mergeWithNextTransaction:4 com.honeyspace.transition.utils.SurfaceTransactionApplier.scheduleApply$lambda$1:26 com.honeyspace.transition.utils.SurfaceTransactionApplier.c:0 
01-25 16:55:54.468  4640 10381 I ViewRootImpl@5d4fed7[LauncherActivity]: mWNT: t=0xb40000719af67700 mBlastBufferQueue=0xb4000072a438ad00 fn= 15 mRenderHdrSdrRatio=1.0 caller= com.android.systemui.shared.launcher.ViewRootImplCompat.mergeWithNextTransaction:4 com.honeyspace.transition.utils.SurfaceTransactionApplier.scheduleApply$lambda$1:26 com.honeyspace.transition.utils.SurfaceTransactionApplier.c:0 
01-25 16:55:54.477  4640 10382 I ViewRootImpl@5d4fed7[LauncherActivity]: mWNT: t=0xb40000719af67880 mBlastBufferQueue=0xb4000072a438ad00 fn= 16 mRenderHdrSdrRatio=1.0 caller= com.android.systemui.shared.launcher.ViewRootImplCompat.mergeWithNextTransaction:4 com.honeyspace.transition.utils.SurfaceTransactionApplier.scheduleApply$lambda$1:26 com.honeyspace.transition.utils.SurfaceTransactionApplier.c:0 
01-25 16:55:54.480  2031  2155 D RenderEngine: [SEC_GC_CMN_SF_EFFECTS] drawLayersInternal,1279, Rendering layer  at index 0
01-25 16:55:54.480  2031  2155 D RenderEngine: [SEC_GC_CMN_SF_EFFECTS] drawLayersInternal,1279, Rendering layer Wallpaper BBQ wrapper 5_system#92 at index 1
01-25 16:55:54.481  2031  2155 D RenderEngine: [SEC_GC_CMN_SF_EFFECTS] drawLayersInternal,1279, Rendering layer com.sec.android.app.launcher/com.sec.android.app.launcher.activities.LauncherActivity$_4640#41248 at index 2
01-25 16:55:54.486  4640 10381 I ViewRootImpl@5d4fed7[LauncherActivity]: mWNT: t=0xb40000719af67a00 mBlastBufferQueue=0xb4000072a438ad00 fn= 17 mRenderHdrSdrRatio=1.0 caller= com.android.systemui.shared.launcher.ViewRootImplCompat.mergeWithNextTransaction:4 com.honeyspace.transition.utils.SurfaceTransactionApplier.scheduleApply$lambda$1:26 com.honeyspace.transition.utils.SurfaceTransactionApplier.c:0 
01-25 16:55:54.498  4640 10382 I ViewRootImpl@5d4fed7[LauncherActivity]: mWNT: t=0xb40000719af67d00 mBlastBufferQueue=0xb4000072a438ad00 fn= 18 mRenderHdrSdrRatio=1.0 caller= com.android.systemui.shared.launcher.ViewRootImplCompat.mergeWithNextTransaction:4 com.honeyspace.transition.utils.SurfaceTransactionApplier.scheduleApply$lambda$1:26 com.honeyspace.transition.utils.SurfaceTransactionApplier.c:0 
01-25 16:55:54.502  4640 10381 I ViewRootImpl@5d4fed7[LauncherActivity]: mWNT: t=0xb40000719af67e80 mBlastBufferQueue=0xb4000072a438ad00 fn= 19 mRenderHdrSdrRatio=1.0 caller= com.android.systemui.shared.launcher.ViewRootImplCompat.mergeWithNextTransaction:4 com.honeyspace.transition.utils.SurfaceTransactionApplier.scheduleApply$lambda$1:26 com.honeyspace.transition.utils.SurfaceTransactionApplier.c:0 
01-25 16:55:54.509  4640  4640 I HoneySpace.AppCloseAnimationDelegate: matrix:Matrix{[0.37663653, 0.0, 59.552395][0.0, 0.37663656, 1670.738][0.0, 0.0, 1.0]}, alpha:0.47169954, rect:RectF(59.552395, 2050.011, 601.909, 2762.2307), crop:Rect(0, 1007 - 1440, 2898)
01-25 16:55:54.510  4640 10382 I ViewRootImpl@5d4fed7[LauncherActivity]: mWNT: t=0xb40000719afa3180 mBlastBufferQueue=0xb4000072a438ad00 fn= 20 mRenderHdrSdrRatio=1.0 caller= com.android.systemui.shared.launcher.ViewRootImplCompat.mergeWithNextTransaction:4 com.honeyspace.transition.utils.SurfaceTransactionApplier.scheduleApply$lambda$1:26 com.honeyspace.transition.utils.SurfaceTransactionApplier.c:0 
01-25 16:55:54.518  4640 12327 I HoneySpace.AppCloseAnimationDelegate: Transaction committed! targetRect-RectF(82.0, 2497.0, 286.0, 2701.0)
01-25 16:55:54.518  4640 10381 I ViewRootImpl@5d4fed7[LauncherActivity]: mWNT: t=0xb40000719afa3300 mBlastBufferQueue=0xb4000072a438ad00 fn= 21 mRenderHdrSdrRatio=1.0 caller= com.android.systemui.shared.launcher.ViewRootImplCompat.mergeWithNextTransaction:4 com.honeyspace.transition.utils.SurfaceTransactionApplier.scheduleApply$lambda$1:26 com.honeyspace.transition.utils.SurfaceTransactionApplier.c:0 
01-25 16:55:54.526  4640 10382 I ViewRootImpl@5d4fed7[LauncherActivity]: mWNT: t=0xb40000719afa3480 mBlastBufferQueue=0xb4000072a438ad00 fn= 22 mRenderHdrSdrRatio=1.0 caller= com.android.systemui.shared.launcher.ViewRootImplCompat.mergeWithNextTransaction:4 com.honeyspace.transition.utils.SurfaceTransactionApplier.scheduleApply$lambda$1:26 com.honeyspace.transition.utils.SurfaceTransactionApplier.c:0 
01-25 16:55:54.535  4640 10381 I ViewRootImpl@5d4fed7[LauncherActivity]: mWNT: t=0xb40000719afa3a80 mBlastBufferQueue=0xb4000072a438ad00 fn= 23 mRenderHdrSdrRatio=1.0 caller= com.android.systemui.shared.launcher.ViewRootImplCompat.mergeWithNextTransaction:4 com.honeyspace.transition.utils.SurfaceTransactionApplier.scheduleApply$lambda$1:26 com.honeyspace.transition.utils.SurfaceTransactionApplier.c:0 
01-25 16:55:54.543  4640 10382 I ViewRootImpl@5d4fed7[LauncherActivity]: mWNT: t=0xb40000719afa3f00 mBlastBufferQueue=0xb4000072a438ad00 fn= 24 mRenderHdrSdrRatio=1.0 caller= com.android.systemui.shared.launcher.ViewRootImplCompat.mergeWithNextTransaction:4 com.honeyspace.transition.utils.SurfaceTransactionApplier.scheduleApply$lambda$1:26 com.honeyspace.transition.utils.SurfaceTransactionApplier.c:0 
01-25 16:55:54.545  2829  3964 V MdnieScenarioControlService: mAclOffEnabled : false
01-25 16:55:54.552  4640 10381 I ViewRootImpl@5d4fed7[LauncherActivity]: mWNT: t=0xb40000719afa4080 mBlastBufferQueue=0xb4000072a438ad00 fn= 25 mRenderHdrSdrRatio=1.0 caller= com.android.systemui.shared.launcher.ViewRootImplCompat.mergeWithNextTransaction:4 com.honeyspace.transition.utils.SurfaceTransactionApplier.scheduleApply$lambda$1:26 com.honeyspace.transition.utils.SurfaceTransactionApplier.c:0 
01-25 16:55:54.560  4640 10382 I ViewRootImpl@5d4fed7[LauncherActivity]: mWNT: t=0xb40000719afa4380 mBlastBufferQueue=0xb4000072a438ad00 fn= 26 mRenderHdrSdrRatio=1.0 caller= com.android.systemui.shared.launcher.ViewRootImplCompat.mergeWithNextTransaction:4 com.honeyspace.transition.utils.SurfaceTransactionApplier.scheduleApply$lambda$1:26 com.honeyspace.transition.utils.SurfaceTransactionApplier.c:0 
01-25 16:55:54.568 17849 17849 I SAMSUNGWALLET-BPC: [AlertController] alert: com.sec.android.app.launcher
01-25 16:55:54.568  4640 10381 I ViewRootImpl@5d4fed7[LauncherActivity]: mWNT: t=0xb40000719afa4500 mBlastBufferQueue=0xb4000072a438ad00 fn= 27 mRenderHdrSdrRatio=1.0 caller= com.android.systemui.shared.launcher.ViewRootImplCompat.mergeWithNextTransaction:4 com.honeyspace.transition.utils.SurfaceTransactionApplier.scheduleApply$lambda$1:26 com.honeyspace.transition.utils.SurfaceTransactionApplier.c:0 
01-25 16:55:54.568  1919  7931 I sensors-hal: handle_sns_std_sensor_event:436, [SSC_LIGHT] P: 37(37),m:13,c:9,b:69,c0:10095,l:29,f(r):98,u(bl):100,j:4
01-25 16:55:54.569  1919  3900 I sensors-hal: ssc_conn_event_cb:901, event[0] sensor:Light seamless  Wakeup, msg_id=1025, ts=9752243879155
01-25 16:55:54.569  1919  3900 I sensors-hal: handle_sns_client_event:46, light_seamless ts=507924446950232 ns, 37,40,2147483647, M:0,0, S:0,0
01-25 16:55:54.574  2829  3123 D RefreshRateModeManager: onBrightnessChangedLocked, brightness=69, lux=37.0
01-25 16:55:54.577  4640 10382 I ViewRootImpl@5d4fed7[LauncherActivity]: mWNT: t=0xb40000719afa4680 mBlastBufferQueue=0xb4000072a438ad00 fn= 28 mRenderHdrSdrRatio=1.0 caller= com.android.systemui.shared.launcher.ViewRootImplCompat.mergeWithNextTransaction:4 com.honeyspace.transition.utils.SurfaceTransactionApplier.scheduleApply$lambda$1:26 com.honeyspace.transition.utils.SurfaceTransactionApplier.c:0 
01-25 16:55:54.580  2031  2155 D RenderEngine: [SEC_GC_CMN_SF_EFFECTS] drawLayersInternal,1279, Rendering layer  at index 0
01-25 16:55:54.581  2031  2155 D RenderEngine: [SEC_GC_CMN_SF_EFFECTS] drawLayersInternal,1279, Rendering layer Wallpaper BBQ wrapper 5_system#92 at index 1
01-25 16:55:54.581  2031  2155 D RenderEngine: [SEC_GC_CMN_SF_EFFECTS] drawLayersInternal,1279, Rendering layer com.sec.android.app.launcher/com.sec.android.app.launcher.activities.LauncherActivity$_4640#41248 at index 2
01-25 16:55:54.586  4640 10381 I ViewRootImpl@5d4fed7[LauncherActivity]: mWNT: t=0xb40000719afa4f80 mBlastBufferQueue=0xb4000072a438ad00 fn= 29 mRenderHdrSdrRatio=1.0 caller= com.android.systemui.shared.launcher.ViewRootImplCompat.mergeWithNextTransaction:4 com.honeyspace.transition.utils.SurfaceTransactionApplier.scheduleApply$lambda$1:26 com.honeyspace.transition.utils.SurfaceTransactionApplier.c:0 
01-25 16:55:54.593  4640 10382 I ViewRootImpl@5d4fed7[LauncherActivity]: mWNT: t=0xb40000719afa5400 mBlastBufferQueue=0xb4000072a438ad00 fn= 30 mRenderHdrSdrRatio=1.0 caller= com.android.systemui.shared.launcher.ViewRootImplCompat.mergeWithNextTransaction:4 com.honeyspace.transition.utils.SurfaceTransactionApplier.scheduleApply$lambda$1:26 com.honeyspace.transition.utils.SurfaceTransactionApplier.c:0 
01-25 16:55:54.601  4640 10381 I ViewRootImpl@5d4fed7[LauncherActivity]: mWNT: t=0xb40000718e1c1d80 mBlastBufferQueue=0xb4000072a438ad00 fn= 31 mRenderHdrSdrRatio=1.0 caller= com.android.systemui.shared.launcher.ViewRootImplCompat.mergeWithNextTransaction:4 com.honeyspace.transition.utils.SurfaceTransactionApplier.scheduleApply$lambda$1:26 com.honeyspace.transition.utils.SurfaceTransactionApplier.c:0 
01-25 16:55:54.610  4640 10382 I ViewRootImpl@5d4fed7[LauncherActivity]: mWNT: t=0xb40000718e1c1f00 mBlastBufferQueue=0xb4000072a438ad00 fn= 32 mRenderHdrSdrRatio=1.0 caller= com.android.systemui.shared.launcher.ViewRootImplCompat.mergeWithNextTransaction:4 com.honeyspace.transition.utils.SurfaceTransactionApplier.scheduleApply$lambda$1:26 com.honeyspace.transition.utils.SurfaceTransactionApplier.c:0 
01-25 16:55:54.618  4640 10381 I ViewRootImpl@5d4fed7[LauncherActivity]: mWNT: t=0xb40000718e1c2080 mBlastBufferQueue=0xb4000072a438ad00 fn= 33 mRenderHdrSdrRatio=1.0 caller= com.android.systemui.shared.launcher.ViewRootImplCompat.mergeWithNextTransaction:4 com.honeyspace.transition.utils.SurfaceTransactionApplier.scheduleApply$lambda$1:26 com.honeyspace.transition.utils.SurfaceTransactionApplier.c:0 
01-25 16:55:54.627  4640 10382 I ViewRootImpl@5d4fed7[LauncherActivity]: mWNT: t=0xb40000718e1c2200 mBlastBufferQueue=0xb4000072a438ad00 fn= 34 mRenderHdrSdrRatio=1.0 caller= com.android.systemui.shared.launcher.ViewRootImplCompat.mergeWithNextTransaction:4 com.honeyspace.transition.utils.SurfaceTransactionApplier.scheduleApply$lambda$1:26 com.honeyspace.transition.utils.SurfaceTransactionApplier.c:0 
01-25 16:55:54.635  4640 10381 I ViewRootImpl@5d4fed7[LauncherActivity]: mWNT: t=0xb40000718e1c2c80 mBlastBufferQueue=0xb4000072a438ad00 fn= 35 mRenderHdrSdrRatio=1.0 caller= com.android.systemui.shared.launcher.ViewRootImplCompat.mergeWithNextTransaction:4 com.honeyspace.transition.utils.SurfaceTransactionApplier.scheduleApply$lambda$1:26 com.honeyspace.transition.utils.SurfaceTransactionApplier.c:0 
01-25 16:55:54.643  4640 10382 I ViewRootImpl@5d4fed7[LauncherActivity]: mWNT: t=0xb40000718e1c3100 mBlastBufferQueue=0xb4000072a438ad00 fn= 36 mRenderHdrSdrRatio=1.0 caller= com.android.systemui.shared.launcher.ViewRootImplCompat.mergeWithNextTransaction:4 com.honeyspace.transition.utils.SurfaceTransactionApplier.scheduleApply$lambda$1:26 com.honeyspace.transition.utils.SurfaceTransactionApplier.c:0 
01-25 16:55:54.652  4640 10381 I ViewRootImpl@5d4fed7[LauncherActivity]: mWNT: t=0xb40000718e1c3b80 mBlastBufferQueue=0xb4000072a438ad00 fn= 37 mRenderHdrSdrRatio=1.0 caller= com.android.systemui.shared.launcher.ViewRootImplCompat.mergeWithNextTransaction:4 com.honeyspace.transition.utils.SurfaceTransactionApplier.scheduleApply$lambda$1:26 com.honeyspace.transition.utils.SurfaceTransactionApplier.c:0 
01-25 16:55:54.660  4640 10382 I ViewRootImpl@5d4fed7[LauncherActivity]: mWNT: t=0xb4000071a023f480 mBlastBufferQueue=0xb4000072a438ad00 fn= 38 mRenderHdrSdrRatio=1.0 caller= com.android.systemui.shared.launcher.ViewRootImplCompat.mergeWithNextTransaction:4 com.honeyspace.transition.utils.SurfaceTransactionApplier.scheduleApply$lambda$1:26 com.honeyspace.transition.utils.SurfaceTransactionApplier.c:0 
01-25 16:55:54.668  4640 10381 I ViewRootImpl@5d4fed7[LauncherActivity]: mWNT: t=0xb40000719afa5580 mBlastBufferQueue=0xb4000072a438ad00 fn= 39 mRenderHdrSdrRatio=1.0 caller= com.android.systemui.shared.launcher.ViewRootImplCompat.mergeWithNextTransaction:4 com.honeyspace.transition.utils.SurfaceTransactionApplier.scheduleApply$lambda$1:26 com.honeyspace.transition.utils.SurfaceTransactionApplier.c:0 
01-25 16:55:54.677  4640 10382 I ViewRootImpl@5d4fed7[LauncherActivity]: mWNT: t=0xb40000718e1c1a80 mBlastBufferQueue=0xb4000072a438ad00 fn= 40 mRenderHdrSdrRatio=1.0 caller= com.android.systemui.shared.launcher.ViewRootImplCompat.mergeWithNextTransaction:4 com.honeyspace.transition.utils.SurfaceTransactionApplier.scheduleApply$lambda$1:26 com.honeyspace.transition.utils.SurfaceTransactionApplier.c:0 
01-25 16:55:54.679  2031  2031 D SurfaceFlinger: Display 4630947093241269891 HWC layers:
01-25 16:55:54.679  2031  2031 D SurfaceFlinger:      CLIENT | 0xb400007732396680 | 0100 | RGBA_8888    |  825.0    3.0 2263.0 3085.0 |    0    0 1440 3088 | Wallpaper BBQ wrapper 5_system#92
01-25 16:55:54.679  2031  2031 D SurfaceFlinger:      CLIENT | 0xb400007714e1b800 | 0100 | RGBA_8888    |    0.0    0.0 1440.0 3088.0 |    0    0 1440 3088 | com.sec.android.app.launcher/com.sec[...]ivities.LauncherActivity$_4640#41248 (blurRegions)
01-25 16:55:54.679  2031  2031 D SurfaceFlinger:      DEVICE | 0xb400007714f4be00 | 0100 | RGBA_8888    |    0.0    0.0 1440.0  100.0 |    0    0 1440  100 | StatusBar$_4158#103
01-25 16:55:54.679  2031  2031 D SurfaceFlinger:      DEVICE | 0xb400007732260380 | 0100 | RGBA_8888    |    0.0    0.0   67.0  436.0 | 1373  380 1440  816 | com.sec.android.app.launcher/com.sam[...].edge.CocktailBarService$_4640#41189
01-25 16:55:54.679  2031  2031 D SurfaceFlinger:      DEVICE | 0xb400007714f4ad80 | 0100 | RGBA_8888    |    0.0    0.0 1440.0  168.0 |    0 2920 1440 3088 | NavigationBar0$_4158#101
01-25 16:55:54.679  2031  2031 D SurfaceFlinger: 
01-25 16:55:54.681  2031  2155 D RenderEngine: [SEC_GC_CMN_SF_EFFECTS] drawLayersInternal,1279, Rendering layer  at index 0
01-25 16:55:54.681  2031  2155 D RenderEngine: [SEC_GC_CMN_SF_EFFECTS] drawLayersInternal,1279, Rendering layer Wallpaper BBQ wrapper 5_system#92 at index 1
01-25 16:55:54.682  2031  2155 D RenderEngine: [SEC_GC_CMN_SF_EFFECTS] drawLayersInternal,1279, Rendering layer com.sec.android.app.launcher/com.sec.android.app.launcher.activities.LauncherActivity$_4640#41248 at index 2
01-25 16:55:54.686  4640 10381 I ViewRootImpl@5d4fed7[LauncherActivity]: mWNT: t=0xb40000718e1c1c00 mBlastBufferQueue=0xb4000072a438ad00 fn= 41 mRenderHdrSdrRatio=1.0 caller= com.android.systemui.shared.launcher.ViewRootImplCompat.mergeWithNextTransaction:4 com.honeyspace.transition.utils.SurfaceTransactionApplier.scheduleApply$lambda$1:26 com.honeyspace.transition.utils.SurfaceTransactionApplier.c:0 
01-25 16:55:54.693  4640 10382 I ViewRootImpl@5d4fed7[LauncherActivity]: mWNT: t=0xb4000071a023ff00 mBlastBufferQueue=0xb4000072a438ad00 fn= 42 mRenderHdrSdrRatio=1.0 caller= com.android.systemui.shared.launcher.ViewRootImplCompat.mergeWithNextTransaction:4 com.honeyspace.transition.utils.SurfaceTransactionApplier.scheduleApply$lambda$1:26 com.honeyspace.transition.utils.SurfaceTransactionApplier.c:0 
01-25 16:55:54.702  4640 10381 I ViewRootImpl@5d4fed7[LauncherActivity]: mWNT: t=0xb4000071a0240080 mBlastBufferQueue=0xb4000072a438ad00 fn= 43 mRenderHdrSdrRatio=1.0 caller= com.android.systemui.shared.launcher.ViewRootImplCompat.mergeWithNextTransaction:4 com.honeyspace.transition.utils.SurfaceTransactionApplier.scheduleApply$lambda$1:26 com.honeyspace.transition.utils.SurfaceTransactionApplier.c:0 
01-25 16:55:54.710  4640 10382 I ViewRootImpl@5d4fed7[LauncherActivity]: mWNT: t=0xb4000071a0240800 mBlastBufferQueue=0xb4000072a438ad00 fn= 44 mRenderHdrSdrRatio=1.0 caller= com.android.systemui.shared.launcher.ViewRootImplCompat.mergeWithNextTransaction:4 com.honeyspace.transition.utils.SurfaceTransactionApplier.scheduleApply$lambda$1:26 com.honeyspace.transition.utils.SurfaceTransactionApplier.c:0 
01-25 16:55:54.718  4640  4640 I HoneySpace.DeJankUtils: postAfterTraversal is called b9.k@24b0a, immediate : true detail : app transition end
01-25 16:55:54.718  4640  4640 I HoneySpace.HoneyScreenManagerImpl: transitionAnimator is ended, onCancel: false
01-25 16:55:54.718  4640  4640 I HoneySpace.ContentsAnimator: ContentsAnimator end
01-25 16:55:54.718  4640  4640 I HoneySpace.WallpaperAnimator: wallpaper animation end
01-25 16:55:54.718  4640  4640 I HoneySpace.IconView: setIconVisible : visible-true, currentForceHideBadge-true
01-25 16:55:54.718  4640  4640 I HoneySpace.AppCloseAnimationDelegate: [AppClose] END-(0)-0-(0)-0-(2)-0-(9)-0-(9)-0-(7)-1-(8)-0-(8)-0-(9)-0-(8)-0-(8)-0-(9)-0-(8)-0-(8)-0-(9)-0-(8)-0-(9)-0-(12)-0-(4)-0-(8)-0-(9)-0-(8)-0-(8)-0-(8)-1-(8)-0-(8)-1-(8)-0-(8)-0-(9)-0-(7)-1-(8)-0-(8)-0-(8)-1-(8)-0-(8)-1-(8)-0-(8)-0-(8)-0-(9)-0-(8)-0-(9)-0-(8)-0-(8)-0-(8)-0-(9)-0
01-25 16:55:54.718  4640  4640 I HoneySpace.AppCloseAnimationDelegate: window animator end
01-25 16:55:54.718  2829  5892 I WindowManager: Cancelling animation restarting=false, leash=Surface(name=Surface(name=RemoteWallpaperAnim:1:1)/@0x1143b64 - animation-leash of remote_wallpaper)/@0x858d159
01-25 16:55:54.718  4640  4640 I HoneySpace.AppCloseAnimationDelegate: animatorSet end
01-25 16:55:54.718  2829  5892 I WindowManager: Reparenting to original parent: Surface(name=OneHanded:0:14)/@0x30df1cd, destroy=false, surface=Surface(name=RemoteWallpaperAnim:1:1)/@0x1143b64
01-25 16:55:54.718  4640  4640 I HoneySpace.AnimationResult: finish, false
01-25 16:55:54.719  2829  5892 D WindowManager: finishRemoteWallpaperAnimation, success=true
01-25 16:55:54.719  4158  4206 V WindowManagerShell: Transition animation finished (aborted=false), notifying core (#2569)android.os.BinderProxy@393723c@0
01-25 16:55:54.720  4640 10381 I ViewRootImpl@5d4fed7[LauncherActivity]: mWNT: t=0xb4000071a02a1180 mBlastBufferQueue=0xb4000072a438ad00 fn= 45 mRenderHdrSdrRatio=1.0 caller= com.android.systemui.shared.launcher.ViewRootImplCompat.mergeWithNextTransaction:4 com.honeyspace.transition.utils.SurfaceTransactionApplier.scheduleApply$lambda$1:26 com.honeyspace.transition.utils.SurfaceTransactionApplier.c:0 
01-25 16:55:54.720  4158  4206 I SurfaceControl: apply is called, name=FinishTransaction_SyncId<2569>, caller=android.view.SurfaceControl$Transaction.apply:2933 com.android.wm.shell.transition.Transitions.onFinish:302 com.android.wm.shell.transition.Transitions$$ExternalSyntheticLambda6.onTransitionFinished:15 com.android.wm.shell.transition.RemoteTransitionHandler$1$$ExternalSyntheticLambda0.run:118 android.os.Handler.handleCallback:958 android.os.Handler.dispatchMessage:99 
01-25 16:55:54.721  2829  5892 V WindowManager: Finish Transition: TransitionRecord{56aecd1 id=2569 type=CLOSE flags=0x10}, caller=com.android.server.wm.WindowOrganizerController.finishTransition:456 android.window.IWindowOrganizerController$Stub.onTransact:286 com.android.server.wm.WindowOrganizerController.onTransact:219 
01-25 16:55:54.722  2829  3120 V WindowManager: Finish Transition #2569: created at 01-25 16:55:54.266 collect-started=0.819ms request-sent=1.34ms started=13.584ms ready=52.611ms sent=89.004ms finished=455.585ms
01-25 16:55:54.722  4640 18373 I HoneySpace.AnimationResult: asyncFinishRunnable run
01-25 16:55:54.722  2829  5892 V WindowManager: Setting visibility of Window{e8d13c5 u0 com.outsystemscloud.lucasgv.SandboxAppCordova/com.outsystemscloud.lucasgv.SandboxAppCordova.MainActivity EXITING}: false, caller=com.android.server.wm.WindowContainer.sendAppVisibilityToClients:1305 com.android.server.wm.WindowToken.setClientVisible:454 com.android.server.wm.ActivityRecord.setClientVisible:8235 com.android.server.wm.ActivityRecord.postApplyAnimation:6766 com.android.server.wm.ActivityRecord.commitVisibility:6709 
01-25 16:55:54.722  2829  5892 W WindowManager: Client process is already killed Window{e8d13c5 u0 com.outsystemscloud.lucasgv.SandboxAppCordova/com.outsystemscloud.lucasgv.SandboxAppCordova.MainActivity EXITING}
01-25 16:55:54.722  2829  5892 W WindowManager: android.os.DeadObjectException
01-25 16:55:54.722  2829  5892 W WindowManager: 	at android.os.BinderProxy.transactNative(Native Method)
01-25 16:55:54.722  2829  5892 W WindowManager: 	at android.os.BinderProxy.transact(BinderProxy.java:662)
01-25 16:55:54.722  2829  5892 W WindowManager: 	at android.view.IWindow$Stub$Proxy.dispatchAppVisibility(IWindow.java:648)
01-25 16:55:54.722  2829  5892 W WindowManager: 	at com.android.server.wm.WindowState.sendAppVisibilityToClients(WindowState.java:4100)
01-25 16:55:54.722  2829  5892 W WindowManager: 	at com.android.server.wm.WindowContainer.sendAppVisibilityToClients(WindowContainer.java:1305)
01-25 16:55:54.722  2829  5892 W WindowManager: 	at com.android.server.wm.WindowToken.setClientVisible(WindowToken.java:454)
01-25 16:55:54.722  2829  5892 W WindowManager: 	at com.android.server.wm.ActivityRecord.setClientVisible(ActivityRecord.java:8235)
01-25 16:55:54.722  2829  5892 W WindowManager: 	at com.android.server.wm.ActivityRecord.postApplyAnimation(ActivityRecord.java:6766)
01-25 16:55:54.722  2829  5892 W WindowManager: 	at com.android.server.wm.ActivityRecord.commitVisibility(ActivityRecord.java:6709)
01-25 16:55:54.722  2829  5892 W WindowManager: 	at com.android.server.wm.Transition.finishTransition(Transition.java:1459)
01-25 16:55:54.722  2829  5892 W WindowManager: 	at com.android.server.wm.TransitionController.finishTransition(TransitionController.java:1158)
01-25 16:55:54.722  2829  5892 W WindowManager: 	at com.android.server.wm.WindowOrganizerController.finishTransition(WindowOrganizerController.java:456)
01-25 16:55:54.722  2829  5892 W WindowManager: 	at android.window.IWindowOrganizerController$Stub.onTransact(IWindowOrganizerController.java:286)
01-25 16:55:54.722  2829  5892 W WindowManager: 	at com.android.server.wm.WindowOrganizerController.onTransact(WindowOrganizerController.java:219)
01-25 16:55:54.722  2829  5892 W WindowManager: 	at android.os.Binder.execTransactInternal(Binder.java:1380)
01-25 16:55:54.722  2829  5892 W WindowManager: 	at android.os.Binder.execTransact(Binder.java:1311)
01-25 16:55:54.723  4640  4640 I HoneySpace.AnimationResult: completeCallback run
01-25 16:55:54.723  2829  5892 V WindowManager: Remove Window{e8d13c5 u0 com.outsystemscloud.lucasgv.SandboxAppCordova/com.outsystemscloud.lucasgv.SandboxAppCordova.MainActivity EXITING}: mSurfaceController=Surface(name=com.outsystemscloud.lucasgv.SandboxAppCordova/com.outsystemscloud.lucasgv.SandboxAppCordova.MainActivity$_12001)/@0x52e48c5 mAnimatingExit=true mRemoveOnExit=true mHasSurface=true surfaceShowing=true animating=false app-animation=false mDisplayFrozen=false callers=com.android.server.wm.WindowToken.removeAllWindowsIfPossible:258 com.android.server.wm.ActivityRecord.removeIfPossible:5220 com.android.server.wm.ActivityRecord.handleCompleteDeferredRemoval:5227 com.android.server.wm.WindowContainer.handleCompleteDeferredRemoval:1510 com.android.server.wm.TaskFragment.handleCompleteDeferredRemoval:3445 com.android.server.wm.WindowContainer.handleCompleteDeferredRemoval:1510 
01-25 16:55:54.723  4640  4640 I HoneySpace.Launcher: onEnterAnimationComplete
01-25 16:55:54.725  2829  5892 V WindowManager: Remove Window{e8d13c5 u0 com.outsystemscloud.lucasgv.SandboxAppCordova/com.outsystemscloud.lucasgv.SandboxAppCordova.MainActivity EXITING}: mSurfaceController=Surface(name=com.outsystemscloud.lucasgv.SandboxAppCordova/com.outsystemscloud.lucasgv.SandboxAppCordova.MainActivity$_12001)/@0x52e48c5 mAnimatingExit=true mRemoveOnExit=true mHasSurface=true surfaceShowing=false animating=false app-animation=false mDisplayFrozen=false callers=com.android.server.wm.WindowToken.removeAllWindowsIfPossible:258 com.android.server.wm.ActivityRecord.removeIfPossible:5220 com.android.server.wm.ActivityRecord.onRemovedFromDisplay:5308 com.android.server.wm.ActivityRecord.removeImmediately:5210 com.android.server.wm.ActivityRecord.removeIfPossible:5221 com.android.server.wm.ActivityRecord.handleCompleteDeferredRemoval:5227 
01-25 16:55:54.725  2829  5892 I WindowManager: Destroying surface Surface(name=com.outsystemscloud.lucasgv.SandboxAppCordova/com.outsystemscloud.lucasgv.SandboxAppCordova.MainActivity$_12001)/@0x52e48c5 called by com.android.server.wm.WindowStateAnimator.destroySurface:811 com.android.server.wm.WindowStateAnimator.destroySurfaceLocked:478 com.android.server.wm.WindowState.removeImmediately:2958 com.android.server.wm.WindowState.removeIfPossible:3226 com.android.server.wm.WindowToken.removeAllWindowsIfPossible:258 com.android.server.wm.ActivityRecord.removeIfPossible:5220 com.android.server.wm.ActivityRecord.onRemovedFromDisplay:5308 com.android.server.wm.ActivityRecord.removeImmediately:5210 
01-25 16:55:54.725  2829  5892 D RestrictionPolicy: isScreenCaptureEnabled : ret=true userId=0
01-25 16:55:54.725  2829  3123 W ActivityManager: setHasOverlayUi called on unknown pid: 12001
01-25 16:55:54.726  2031  2031 I Layer   : Layer::reparent [Task=1#52] newParent : DefaultTaskDisplayArea_d0#12 , isRemovedFromCurrentState : 0 -------------------------
01-25 16:55:54.726  4640  4640 I HoneySpace.DeJankUtils: traversals callback's received
01-25 16:55:54.726  2031  2031 I Layer   : Layer::reparent [Task=1#52] End -------------------------
01-25 16:55:54.726  2031  2031 I Layer   : Layer::reparent [Transition Root: Task=1#41251] newParentHandle : null -------------------------
01-25 16:55:54.726  4640  4640 I HoneySpace.DeJankUtils: doActionRunnable is called b9.k@24b0a, immediate = true, detail : app transition end
01-25 16:55:54.726  2031  2031 I Layer   : id=41251 removeFromCurrentState Transition Root: Task=1#41251 (174)
01-25 16:55:54.726  2031  2031 I Layer   : id=41253 removeFromCurrentState Surface(name=Task=1)/@0x625fff4_transition-leash#41253 (174)
01-25 16:55:54.726  2031  2031 I Layer   : id=41254 removeFromCurrentState Surface(name=Task=31773)/@0x5d2d992_transition-leash#41254 (174)
01-25 16:55:54.726  2031  2031 I Layer   : id=41231 removeFromCurrentState Task=31773#41231 (174)
01-25 16:55:54.726  2031  2031 I Layer   : id=41232 removeFromCurrentState ActivityRecord{73125a0 u0 com.outsystemscloud.lucasgv.SandboxAppCordova/.MainActivity t31773}#41232 (174)
01-25 16:55:54.726  2031  2031 I Layer   : id=41236 removeFromCurrentState f409dd2 ActivityRecordInputSink com.outsystemscloud.lucasgv.SandboxAppCordova/.MainActivity#41236 (174)
01-25 16:55:54.726  2031  2031 I Layer   : id=41242 removeFromCurrentState e8d13c5 com.outsystemscloud.lucasgv.SandboxAppCordova/com.outsystemscloud.lucasgv.SandboxAppCordova.MainActivity#41242 (174)
01-25 16:55:54.726  2031  2031 I Layer   : id=41243 removeFromCurrentState com.outsystemscloud.lucasgv.SandboxAppCordova/com.outsystemscloud.lucasgv.SandboxAppCordova.MainActivity$_12001#41243 (174)
01-25 16:55:54.726  2031  2031 I Layer   : Layer::reparent [Transition Root: Task=1#41251] End -------------------------
01-25 16:55:54.726  2031  2031 I Layer   : Layer [Task=31773#41231] hidden!! flag(1)
01-25 16:55:54.726  2031  2031 I Layer   : Layer::reparent [Task=31773#41231] newParent : DefaultTaskDisplayArea_d0#12 , isRemovedFromCurrentState : 0 -------------------------
01-25 16:55:54.726  2031  2031 I Layer   : id=41231 addToCurrentState Task=31773#41231 (174)
01-25 16:55:54.726  2031  2031 I Layer   : id=41232 addToCurrentState ActivityRecord{73125a0 u0 com.outsystemscloud.lucasgv.SandboxAppCordova/.MainActivity t31773}#41232 (174)
01-25 16:55:54.726  2031  2031 I Layer   : id=41236 addToCurrentState f409dd2 ActivityRecordInputSink com.outsystemscloud.lucasgv.SandboxAppCordova/.MainActivity#41236 (174)
01-25 16:55:54.726  2031  2031 I Layer   : id=41242 addToCurrentState e8d13c5 com.outsystemscloud.lucasgv.SandboxAppCordova/com.outsystemscloud.lucasgv.SandboxAppCordova.MainActivity#41242 (174)
