01-25 20:01:39.338  2829  3747 D RestrictionPolicy: isSettingsChangesAllowedAsUser, userId 0 : true
01-25 20:01:39.338  2829  3747 D KNOX_MDM_SettingsProvider: ret = 1
01-25 20:01:39.338  4158  4158 I PowerUI : checkBatteryProtectionNotification : 2, pb value : 1, plugType : 2, level : 73
01-25 20:01:39.338  4158  4158 D SecPowerUI.Notification: SecBatteryStatsSnapshot{batteryLevel=73, currentBatteryMode=0, chargingTime=3380000, chargingType=8, batteryHealth=2, automaticTestMode=false, isHiccupState=false, optChargingFinishTime=}
01-25 20:01:39.339  4158  4158 D PowerUI : checkBatteryProtectionTipsNotification, first : false
01-25 20:01:39.339  4158  4158 D SamsungBatteryMeterDrawable: onBatteryLevelChanged isSomethingChanged: false
01-25 20:01:39.339  4158  4158 D SamsungBatteryMeterDrawable: onBatteryLevelChanged isSomethingChanged: false
01-25 20:01:39.339  4158  4158 D SamsungBatteryMeterDrawable: onBatteryLevelChanged isSomethingChanged: false
01-25 20:01:39.339  4158  4158 D KeyguardUpdateMonitor: handleBatteryUpdate
01-25 20:01:39.461  2829  6045 D SemWifiUsabilityStatsMonitor: onWifiUsabilityStats - seqNum 21932, isSameBssidAndFreq true
01-25 20:01:39.461  2829  4028 I SemWifiLinkQualityMonitor: Link stat: 1144 / 11 / 1,48 (43) / 960 / -46.0 || 100.0 : 960,00 / 0.5 : 0,67 / 0.55 : 0,01 / G (G) || 0,08 ms / 98,73 Mbps / N || 0 / N / 0 N / 0 Y
01-25 20:01:39.627  1919  3900 I sensors-hal: ssc_conn_event_cb:901, event[0] sensor:Light seamless  Wakeup, msg_id=1025, ts=9966229003663
01-25 20:01:39.627  1919  3900 I sensors-hal: handle_sns_client_event:46, light_seamless ts=519069505513780 ns, 39,40,2147483647, M:0,0, S:0,0
01-25 20:01:39.632  2829  3123 D RefreshRateModeManager: onBrightnessChangedLocked, brightness=68, lux=39.0
01-25 20:01:39.787  2829  4072 D NetdEventListenerService: DNS Requested by 132, 10450, 2
01-25 20:01:39.965 17039 17039 D BoundBrokerSvc: onUnbind: Intent { act=com.google.android.gms.appset.service.START dat=chimera-action:/... cmp=com.google.android.gms/.chimera.GmsApiService }
01-25 20:01:39.968  2829  3747 I ActivityManager: Changes in 10235 3 to 10, 56 to 0
01-25 20:01:39.970  4520  4520 D HidDeviceService: handleMessage(): msg.what=8
01-25 20:01:40.086 22904 23133 D CompatibilityChangeReporter: Compat change id reported: 236825255; UID 10450; state: ENABLED
01-25 20:01:40.086 22904 22917 W ndboxAppCordova: ApkAssets: Deleting an ApkAssets object '<empty> and /data/app/~~csm7hMd9SIgmMfIk_WLXUw==/com.google.android.webview-vNirgsnPv40aWpuAbf8oxA==/base.apk' with 1 weak references
01-25 20:01:40.088 22904 22917 W System  : A resource failed to call release. 
01-25 20:01:40.105  2411  9615 I CameraService: CameraService::connect call (PID 22904 "com.outsystemscloud.lucasgv.SandboxAppCordova", camera ID 1) and Camera API version 2
01-25 20:01:40.105  2411  9615 I CameraService: isUidActiveLocked E: uid 10450, callingPackage com.outsystemscloud.lucasgv.SandboxAppCordova, isRegistered true
01-25 20:01:40.105  2411  9615 I CameraService: isUidActiveLocked: start to wait until com.outsystemscloud.lucasgv.SandboxAppCordova gets into active.
01-25 20:01:40.106  2411  9615 I CameraService: isUidActiveLocked X: uid 10450, callingPackage com.outsystemscloud.lucasgv.SandboxAppCordova, isActive true.
01-25 20:01:40.106  2829  3747 I EDMNativeHelperService: isCameraEnabled
01-25 20:01:40.106  2829  3747 D EDMNativeHelper: isCameraEnabled
01-25 20:01:40.106  2829  3747 D EDMNativeHelper: checking for camera in EnterpriseDeviceManagerService
01-25 20:01:40.106  2829  3747 D EnterpriseDeviceManagerService: isCameraEnabledNative
01-25 20:01:40.106  2829  3747 D EnterpriseDeviceManagerService: checking for camera in restriction policy
01-25 20:01:40.106  2829  3747 D RestrictionPolicy: isCameraEnabled ret(true) userId(0) cxtInfo.mCallerUid(10450) cxtInfo.mContainerId(0)
01-25 20:01:40.107  2411  9615 I CameraService: CameraService::validateClientPermissionsLocked is ok : calling pid 22904, calling uid 10450, client com.outsystemscloud.lucasgv.SandboxAppCordova , cameraservice pid=2411, device user 0, currently allowed device users: 0
01-25 20:01:40.107  2411  9615 I CameraService: CameraService::handleEvictionsLocked
01-25 20:01:40.107  2411  9615 I CameraService: wouldEvictLocked: [incoming client] owner = 22904, priority-score=0, cost=51, returnIncompatibleClients=false
01-25 20:01:40.107  2411  9615 I CameraService: wouldEvictLocked: [cost info] current cost=0, adding cost=51, total cost=51, max cost=100
01-25 20:01:40.107  2411  9615 I CameraService: wouldEvictLocked: [highestPriority] owner=22904, score=0
01-25 20:01:40.107  2411  9615 I CameraFlashlight: prepareDeviceOpen: prepare for device open(cameraId=1)
01-25 20:01:40.107  2411  9615 I Camera2ClientBase: Camera 1: Opened. Client: com.outsystemscloud.lucasgv.SandboxAppCordova (PID 22904, UID 10450)
01-25 20:01:40.107  2411  9615 I CameraDeviceClient: CameraDeviceClient 1: Opened
01-25 20:01:40.107  2411  9615 I cameraserver: isNoSALoggingPackage: com.outsystemscloud.lucasgv.SandboxAppCordova is a third party package.
01-25 20:01:40.107  2411  9615 I CameraService: makeClient: Camera2 API, override to portrait 0
01-25 20:01:40.107  2411  9615 I CameraService: service.camera.client set to com.outsystemscloud.lucasgv.SandboxAppCordova
01-25 20:01:40.107  2829  3747 I CameraManagerGlobal: Camera 1 facing CAMERA_FACING_FRONT state now CAMERA_STATE_OPENING for client com.outsystemscloud.lucasgv.SandboxAppCordova API Level 2 User Id 0
01-25 20:01:40.108  2411  9615 I Camera2ClientBase: initializeImpl: Initializing client for camera 1
01-25 20:01:40.108  2411  9615 D ijt/Camera3-RequestInjector: RequestInjector[1] Mapper created
01-25 20:01:40.108  2411  9615 I Camera3-Device: Camera3Device: Created device for camera 1
01-25 20:01:40.108  2411  9615 I AidlCamera3-Device: new AidlCamera3Device E
01-25 20:01:40.108  2411  9615 I AidlCamera3-Device: SEH CameraDeviceCallback extension configure E
01-25 20:01:40.108  2411  9615 I AidlCamera3-Device: SEH CameraDeviceCallback extension configured X
01-25 20:01:40.108  2411  9615 I AidlCamera3-Device: new AidlCamera3Device X
01-25 20:01:40.108  2411  9615 D AidlCamera3-Device: CameraPerf: initialize E
01-25 20:01:40.108  2411  9615 D AidlCamera3-Device: initialize: mInterfaceLock.lock()
01-25 20:01:40.108  2411  9615 D CameraProviderManager: CameraPerf: openAidlSession E
01-25 20:01:40.108 22904 23181 I CameraManagerGlobal: Camera 1 facing CAMERA_FACING_FRONT state now CAMERA_STATE_OPENING for client com.outsystemscloud.lucasgv.SandboxAppCordova API Level 2 User Id 0
01-25 20:01:40.108  1959 19063 I Samsung_CameraDevice_impl: [CAMKPI] camera3->open : E
01-25 20:01:40.108  1959 19063 I Unihal  : UniDebugLog.cpp: __unihal_log_status_update: 60: UpdateLogStatus 0000000d ERR 1 PERF 0 WARN 4 INFO 8 DEBUG 0 DUMP 0 STRACE 0 META 0
01-25 20:01:40.108  1959 19063 I Unihal  : UniHal3InterfaceEntry.cpp: uni_open_camera_hardware: 593: [UNIKPI][1] UniHAL->open: E
01-25 20:01:40.108  1959 19063 I Unihal  : UniHal3InterfaceEntry.cpp: uni_open_camera_hardware: 596: UNIHAL_VERSION = "3.0"
01-25 20:01:40.108  1959 19063 I Unihal  : CameraDevice.cpp: OpenCameraHardware_v3: 400: name : 1 camera id : 1
01-25 20:01:40.108  1959 19063 I Unihal  : CameraDevice.cpp: OpenCameraHardware_v3: 423: [UNIKPI][1] VndHAL->open: E
01-25 20:01:40.108 10023 10087 I CameraManagerGlobal: Camera 1 facing CAMERA_FACING_FRONT state now CAMERA_STATE_OPENING for client com.outsystemscloud.lucasgv.SandboxAppCordova API Level 2 User Id 0
01-25 20:01:40.108  2829  3747 I CameraManagerGlobal: onCameraDeviceStateChangedLocked: post device state update
01-25 20:01:40.108 10023 10087 I CameraManagerGlobal: onCameraDeviceStateChangedLocked: post device state update
01-25 20:01:40.108  4549  4571 I CameraManagerGlobal: Camera 1 facing CAMERA_FACING_FRONT state now CAMERA_STATE_OPENING for client com.outsystemscloud.lucasgv.SandboxAppCordova API Level 2 User Id 0
01-25 20:01:40.108 10023 10087 I CameraManagerGlobal: onCameraDeviceStateChangedLocked: post device state update
01-25 20:01:40.108  2829  3747 I CameraManagerGlobal: onCameraDeviceStateChangedLocked: post device state update
01-25 20:01:40.108  2829  3622 I RequestInjectorService: Camera is opening. Start VT Camera Setting. cameraId(1), displayId(0)
01-25 20:01:40.108 11685 14721 I CameraManagerGlobal: Camera 1 facing CAMERA_FACING_FRONT state now CAMERA_STATE_OPENING for client com.outsystemscloud.lucasgv.SandboxAppCordova API Level 2 User Id 0
01-25 20:01:40.108  9872 10615 I CameraManagerGlobal: Camera 1 facing CAMERA_FACING_FRONT state now CAMERA_STATE_OPENING for client com.outsystemscloud.lucasgv.SandboxAppCordova API Level 2 User Id 0
01-25 20:01:40.108 22904 22904 I chromium: [INFO:CONSOLE(576)] "Connected to session", source: https://lucasgv.outsystemscloud.com/SandboxAppCordova/scripts/SandboxAppCordova.MainFlow.Screen1.mvc.js?5A2u8GAasjUNuDHh1Vg9bQ (576)
01-25 20:01:40.109  1959 19063 I CHI     : [SS_LOW ]: [CHI         ]: chxextensionmodule.cpp: ExecuteMemBoost: 23871: Set MemBoost(2) by 0
01-25 20:01:40.109 21188 21211 I CameraManagerGlobal: Camera 1 facing CAMERA_FACING_FRONT state now CAMERA_STATE_OPENING for client com.outsystemscloud.lucasgv.SandboxAppCordova API Level 2 User Id 0
01-25 20:01:40.109  4158  6181 I CameraManagerGlobal: Camera 1 facing CAMERA_FACING_FRONT state now CAMERA_STATE_OPENING for client com.outsystemscloud.lucasgv.SandboxAppCordova API Level 2 User Id 0
01-25 20:01:40.111  1947  1947 I SDM     : ResourceImpl::SetMaxBandwidthMode: new bandwidth mode=1
01-25 20:01:40.112 21188 21188 W VSET/ObserveCameraStateService: onCreate
01-25 20:01:40.113 21188 21188 I VSET/ObserveCameraStateService: initAppRepository 
01-25 20:01:40.113 22904 22904 D VonagePlugin: Publisher injetado com sucesso na div: publisher2
01-25 20:01:40.113 21188 21188 I VSET/VSETFeature: isDefaultOffCounty: BR
01-25 20:01:40.113 21188 21188 I VSET/VSETPreference: getVSETEnabled: update first lunch time false
01-25 20:01:40.113 21188 21188 I VSET/VSETFeature: isDefaultOffCounty: BR
01-25 20:01:40.113 21188 21188 I VSET/VSETPreference: getVSETEnabled: update first lunch time false
01-25 20:01:40.113 21188 21188 I VSET/AppInfoRepository: setVideoCallEffectsEnabled: true
01-25 20:01:40.114  1959 19063 I Unihal  : CameraDevice.cpp: OpenCameraHardware_v3: 423: [UNIKPI][1] VndHAL->open: X
01-25 20:01:40.114  1959 19063 I Unihal  : UniState.cpp: transitState: 102: Transiting to state 1
01-25 20:01:40.114  1959 19063 I Unihal  : ParameterManager.cpp: SetCharacteristics: 212: Registered camera characteristics successfully : cameraId=1, characteristics=0xb40000797b4fdf00
01-25 20:01:40.114  1959 19063 I Unihal  : UniHal3InterfaceEntry.cpp: uni_open_camera_hardware: 593: [UNIKPI][1] UniHAL->open: X
01-25 20:01:40.114 17849 22220 I CameraManagerGlobal: Camera 1 facing CAMERA_FACING_FRONT state now CAMERA_STATE_OPENING for client com.outsystemscloud.lucasgv.SandboxAppCordova API Level 2 User Id 0
01-25 20:01:40.114  1959 19063 I Samsung_CameraDevice_impl: [CAMKPI] camera3->open : X
01-25 20:01:40.114  1959 19063 I Unihal  : UniState.cpp: transitState: 102: Transiting to state 2
01-25 20:01:40.117 17851 13084 I CameraManagerGlobal: Camera 1 facing CAMERA_FACING_FRONT state now CAMERA_STATE_OPENING for client com.outsystemscloud.lucasgv.SandboxAppCordova API Level 2 User Id 0
01-25 20:01:40.118 17429 19963 I CameraManagerGlobal: Camera 1 facing CAMERA_FACING_FRONT state now CAMERA_STATE_OPENING for client com.outsystemscloud.lucasgv.SandboxAppCordova API Level 2 User Id 0
01-25 20:01:40.118 21700 22468 I CameraManagerGlobal: Camera 1 facing CAMERA_FACING_FRONT state now CAMERA_STATE_OPENING for client com.outsystemscloud.lucasgv.SandboxAppCordova API Level 2 User Id 0
01-25 20:01:40.119 25689 30712 I CameraManagerGlobal: Camera 1 facing CAMERA_FACING_FRONT state now CAMERA_STATE_OPENING for client com.outsystemscloud.lucasgv.SandboxAppCordova API Level 2 User Id 0
01-25 20:01:40.121  2829  3746 D KNOX_MDM_SettingsProvider: isChangeAllowed() : name = vset_enabled
01-25 20:01:40.126 21188 21188 I VSET/FloatingMenuStatusPreferenceLiveData: setPreferenceValue: 4
01-25 20:01:40.126 21188 21188 I VSET/ObserveCameraStateService: initViewModels: X
01-25 20:01:40.126 21188 21188 I VSET/AudioStateManagerImpl: start: 
01-25 20:01:40.126 21188 21188 I VSET/AudioStateManagerImpl: isInitialized: not initialized. 
01-25 20:01:40.126 21188 21188 I VSET/ObserveCameraStateService: onCreate : unihal 3.0
01-25 20:01:40.126 21188 21188 I VSET/ObserveCameraStateService: onStartCommand : unihal 3.0
01-25 20:01:40.126 21188 21188 I VSET/ObserveCameraStateService: initAppRepository is created already
01-25 20:01:40.128 21188 21188 I VSET/ObserveCameraStateService: onStartCommand: true
01-25 20:01:40.129 21188 21188 I VSET/SettingsActivity: ActivateSettingActivityForSupportedCases: true / maintenanceModefalse
01-25 20:01:40.130  2829  3746 D PackageManager: setEnabledSetting : userId = 0 packageName = com.samsung.android.vtcamerasettings cmp = com.samsung.android.vtcamerasettings.settings.SettingsActivity newState = 1 callingPackage = com.samsung.android.vtcamerasettings
01-25 20:01:40.131  2829  3746 D ApplicationPolicy: getApplicationStateEnabled : pkg = com.samsung.android.vtcamerasettings userId : 0
01-25 20:01:40.132  2829  3746 D ApplicationPolicy: getApplicationComponentState : pkg = com.samsung.android.vtcamerasettings userId : 0
01-25 20:01:40.132  2031  2155 D RenderEngine: [SEC_GC_CMN_SF_EFFECTS] drawLayersInternal,1279, Rendering layer  at index 0
01-25 20:01:40.133  2031  2155 D RenderEngine: [SEC_GC_CMN_SF_EFFECTS] drawLayersInternal,1279, Rendering layer com.outsystemscloud.lucasgv.SandboxAppCordova/com.outsystemscloud.lucasgv.SandboxAppCordova.MainActivity$_22904#47686 at index 1
01-25 20:01:40.134 21188 21188 I VSET/ObserveCameraStateService: onStartCommand: update SALogging status
01-25 20:01:40.134 21188 21188 I VSET/VSETFeature: isDefaultOffCounty: BR
01-25 20:01:40.134 21188 21188 I VSET/VSETPreference: getVSETEnabled: update first lunch time false
01-25 20:01:40.135 21188 21188 I VSET/AppInfoRepository: isSupportedP: ---, false
01-25 20:01:40.135 21188 21188 I VSET/ObserveCameraStateService: updateAppInfoRepository: E 
01-25 20:01:40.135 21188 21188 I VSET/ObserveCameraStateService: initAppRepository is created already
01-25 20:01:40.135 21188 21188 I VSET/VisionServerHelper: isUpdatedApp: last app : 420011000, installed app : 420011000
01-25 20:01:40.136 21188 21188 I VSET/VisionServerHelper: isNeedUpdated: fast request
01-25 20:01:40.136 21188 21188 I VSET/ObserveCameraStateService: requestStopService
01-25 20:01:40.136 21188 21188 I VSET/RemoteCameraStatusPreferenceLiveData: updatePreferenceValue: !!!
01-25 20:01:40.136 21188 21188 I VSET/ObserveCameraStateService: getRemoteCameraStatusPreferenceLiveData: null
01-25 20:01:40.136 21188 21188 W VSET/ObserveCameraStateService: getRemoteCameraStatusPreferenceLiveData: maybe not ready.
01-25 20:01:40.136 21188 21188 I VSET/RemoteCameraStatusPreferenceLiveData: setPreferenceValue: null
01-25 20:01:40.137  1919  1919 I sensors-hal: set_config:61, sample_period_ns is adjusted to 16666000 based on min/max delay_ns
01-25 20:01:40.137  1959 19063 I SCH_AidlCameraDeviceSession: SEH CameraDevice callback extension acquired.
01-25 20:01:40.137  1919  1919 I sensors-hal: batch:369, android.sensor.game_rotation_vector/151, period=16666000, max_latency=0 request completed
01-25 20:01:40.137  1959 19063 I SCH_AidlCameraDeviceSession: SEH Success to set CameraDeviceSession Extention
01-25 20:01:40.137  2411  9615 D CameraProviderManager: CameraPerf: openAidlSession X (29ms)
01-25 20:01:40.137 21188 21188 I VSET/RemoteCameraStatusPreferenceLiveData: onActive start observer
01-25 20:01:40.137  2411  9615 D AidlCamera3-Device: CameraPerf: initialize X (29ms)
01-25 20:01:40.137  1919  1919 I sensors-hal: activate:285, android.sensor.game_rotation_vector/151 en=1
01-25 20:01:40.137  2411  9615 D Camera3-Device: CameraPerf: initializeCommonLocked: E
01-25 20:01:40.137  1919  1919 I sensors-hal: acquire_ssc_interface:114, acquire_ssc_interface with sensor_id 28 , conn_type 3 
01-25 20:01:40.137  2411  9615 I Camera3-Status: addComponent: Adding new component 0 - InflightRequests
01-25 20:01:40.137  2411  9615 I Camera3-Status: addComponent: Adding new component 1 - BufferRequestSM
01-25 20:01:40.138  2411  9615 I Camera3-Status: addComponent: Adding new component 2 - RequestThread
01-25 20:01:40.138 21188 21188 I VSET/ObserveCameraStateService: getFloatingViewStatusLiveData: 4
01-25 20:01:40.138  2411  9615 D Camera3-Device: initializeCommonLocked mTimestampOffset = 215000971310368ns.
01-25 20:01:40.138  2411  9615 D Camera3-Device: CameraPerf: initializeCommonLocked: X (0ms)
01-25 20:01:40.138  2411  9615 I CameraService: startCameraOps: Start camera ops, package name = com.outsystemscloud.lucasgv.SandboxAppCordova, client UID = 10450
01-25 20:01:40.138  1875  2041 E minksocket: MinkIPC_QRTR_Service: client with node 1 port 4e87 went down
01-25 20:01:40.138  1875  2046 E minksocket: MinkIPC_QRTR_Service: client with node 1 port 4e87 went down
01-25 20:01:40.139  2411  9615 I CameraService: increaseCamConnRef: ref=1
01-25 20:01:40.139  2411  9615 I CameraService: increaseCamConnRef: service.camera.running set to 1
01-25 20:01:40.139  2411  9615 I CameraService: Translate updateStatus callback for camera id 1
01-25 20:01:40.139  2411  9615 I CameraService:  to 1
01-25 20:01:40.139   915   915 I hwservicemanager: getTransport: Cannot find entry vendor.samsung.hardware.biometrics.face@2.0::ISehBiometricsFace/default in either framework or device VINTF manifest.
01-25 20:01:40.140  1875  2041 E minksocket: MinkIPC_QRTR_Service: client with node 1 port 4e88 went down
01-25 20:01:40.140  1875  2046 E minksocket: MinkIPC_QRTR_Service: client with node 1 port 4e88 went down
01-25 20:01:40.140  1922 19222 I sec_fr_SehFace: SehFace::getServicePid
01-25 20:01:40.140  1922 19222 I sec_fr_SehFace: FaceServicePID : 1922
01-25 20:01:40.140  2411  9615 E cameraserver: isBiometricsFaceService : face AIDL HAL Pid(1922) is not same with callingPid(1970)
01-25 20:01:40.140  2829  3549 I CameraManagerGlobal: postSingleUpdate device: camera id 1 status STATUS_NOT_AVAILABLE
01-25 20:01:40.140 25689 30712 I CameraManagerGlobal: postSingleUpdate device: camera id 1 status STATUS_NOT_AVAILABLE
01-25 20:01:40.140  2829  3549 I CameraManagerGlobal: postSingleUpdate device: camera id 1 status STATUS_NOT_AVAILABLE
01-25 20:01:40.140  1875  2046 E minksocket: MinkIPC_QRTR_Service: client with node 1 port 4e89 went down
01-25 20:01:40.140 17851 13084 I CameraManagerGlobal: postSingleUpdate device: camera id 1 status STATUS_NOT_AVAILABLE
01-25 20:01:40.140  1919  1919 I sensors-hal: ssc_qmi:36, ssc_qmi
01-25 20:01:40.140  1875  2041 E minksocket: MinkIPC_QRTR_Service: client with node 1 port 4e89 went down
01-25 20:01:40.140  1919  1919 I sensors-hal: register_cb:305, register_cb start this=0xb400007dcc1bba00x
01-25 20:01:40.140  1919  1919 I sensors-hal: register_cb:321, register_cb End with succes
01-25 20:01:40.140  2411  9615 E Camera2-FrameProcessorBase: FrameProcessorBase: created
01-25 20:01:40.141  1919  1919 I sensors-hal: send_sync_sensor_request:521, send sync request
01-25 20:01:40.141  2411  9615 E Camera2-FrameProcessorBase: registerListener: Registering listener for frame id range 0 - 2147483647
01-25 20:01:40.141  1919  1919 I sensors-hal: send_sync_sensor_request:531, send_sync_sensor_request before send_request for game_rv with SUID low=9921513099128050929 high=10978744344367743962
01-25 20:01:40.141  1919  1919 I sensors-hal: send_request:330, send_request start this=0xb400007dcc1bba00x 
01-25 20:01:40.141  2829  3622 I CameraService_worker: DeviceInjector, onSemCameraDeviceRawStatus 1 -2
01-25 20:01:40.141  1919  1919 I sensors-hal: send_request:415, send_request completed, this=0xb400007dcc1bba00x
01-25 20:01:40.141 21700 22468 I CameraManagerGlobal: postSingleUpdate device: camera id 1 status STATUS_NOT_AVAILABLE
01-25 20:01:40.141  1919  1919 I sensors-hal: send_sync_sensor_request:552, wait for notification of response
01-25 20:01:40.141  1875  2046 E minksocket: MinkIPC_QRTR_Service: client with node 1 port 4e8a went down
01-25 20:01:40.141  1875  2041 E minksocket: MinkIPC_QRTR_Service: client with node 1 port 4e8a went down
01-25 20:01:40.141 17849 22220 I CameraManagerGlobal: postSingleUpdate device: camera id 1 status STATUS_NOT_AVAILABLE
01-25 20:01:40.141  2411  9615 I CameraService: connectHelper: overrideCameraMuteMode = false, isCameraPrivacyEnabled = false
01-25 20:01:40.141  2411  9615 I Camera3-Device: setCameraMute, enabled = false, supported = true
01-25 20:01:40.141  2411  9615 I CameraService: CameraService::finishConnectLocked E
01-25 20:01:40.141  2411  9615 I CameraService: wouldEvictLocked: [incoming client] owner = 22904, priority-score=0, cost=51, returnIncompatibleClients=false
01-25 20:01:40.141  2411  9615 I CameraService: wouldEvictLocked: [cost info] current cost=0, adding cost=51, total cost=51, max cost=100
01-25 20:01:40.141 22904 23181 I CameraManagerGlobal: postSingleUpdate device: camera id 1 status STATUS_NOT_AVAILABLE
01-25 20:01:40.141  2411  9615 I CameraService: wouldEvictLocked: [highestPriority] owner=22904, score=0
01-25 20:01:40.141  2829  3548 D BatteryStatsService: set setWirelessPowerSharingExternelEvent
01-25 20:01:40.141  2829  3548 I BatteryService: setWirelessPowerSharingExternelEvent packageNum: 1 value: 1
01-25 20:01:40.141  2829  3548 I BatteryService: setWirelessPowerSharingExternelEventInternal packageNum: 1 value: 1
01-25 20:01:40.141  2829  3548 I BatteryService: fileWriteInt : /sys/class/power_supply/battery/ext_event  value : 1
01-25 20:01:40.141 10023 10087 I CameraManagerGlobal: postSingleUpdate device: camera id 1 status STATUS_NOT_AVAILABLE
01-25 20:01:40.141  2411  9615 I CameraService: addAndEvict: push the client(owner 22904, priorityScore 0, state 2) to mClients
01-25 20:01:40.141  2411  9615 I CameraService: CameraService::finishConnectLocked X
01-25 20:01:40.141  2411  9615 I CameraDeviceClient: notifyAppPackageName
01-25 20:01:40.141  2411  9615 D AidlCamera3-Device: CameraPerf: setParameters E
01-25 20:01:40.141 10023 10087 I CameraManagerGlobal: postSingleUpdate device: camera id 1 status STATUS_NOT_AVAILABLE
01-25 20:01:40.142  1959 19063 I Unihal  : UniHal3InterfaceEntry.cpp: uni_set_parameters: 465: set_parameters : pkgName=com.outsystemscloud.lucasgv.SandboxAppCordova;
01-25 20:01:40.142  2829  3167 D BatteryExternalStatsWorker: update stats : camera-on (64)
01-25 20:01:40.142  2829  3167 D BatteryExternalStatsWorker: mStats lock released
01-25 20:01:40.142  2829  3167 D BatteryExternalStatsWorker: done updateExternalStatsLocked
01-25 20:01:40.142  2829  3167 D KernelCpuUidUserSysTimeReader: Removing uids 90100-90100
01-25 20:01:40.142  1959 23464 I CHI     : [SS_LOW ]: [CHI_FAST_AEC]: chxextensionmodule.cpp: ChxFastAecRunUseCase: 15526: [CAMKPI] FastAecThread: E
01-25 20:01:40.142  1959 23464 I CHI     : [SS_LOW ]: [CHI_FAST_AEC]: chxextensionmodule.cpp: ChxFastAecConfigureStreams: 15558: [CAMKPI] ChxFastAecConfigureStreams: E
01-25 20:01:40.142  1919 23461 I sensors-hal: ssc_conn_resp_cb:941, resp_value = 0 for game_rv 
01-25 20:01:40.142  1959 23464 I CHI     : [SS_INFO]: [SS_LOG_LEVEL]: 1, [DEVELOPER_LOG_LEVEL]: 0
01-25 20:01:40.142  1959 23464 I CHI     : [SS_LOW ]: [CHI         ]: chxusecaseutils.cpp: SecGetMatchingUsecase: 6633: use samsug camera = 0, use factoy camera = 0, use shooting mode = 0 = numPhysicalCameras = 1
01-25 20:01:40.142  2411  9615 D AidlCamera3-Device: CameraPerf: setParameters X (0ms)
01-25 20:01:40.142  1919 23461 I sensors-hal: handle_resp_cb:517, handle_resp_cb Ended this=0xb400007dcc1bba00x
01-25 20:01:40.142  2411  9615 I CameraService: Notified package name to HAL.
01-25 20:01:40.142  2411  9615 I CameraServiceProxyWrapper: updateProxyDeviceState: notifyCameraState for Camera ID 1, newState 0, facing 1, clientName com.outsystemscloud.lucasgv.SandboxAppCordova, apiLevel 2
01-25 20:01:40.142  1959 23464 I CHI     : [SS_LOW ]: [CHI         ]: chxextensionmodule.cpp: ExecuteMemBoost: 23871: Set MemBoost(2) by 1
01-25 20:01:40.142  1959 23464 I CHI     : [SS_LOW ]: [CHI         ]: chxusecaseutils.cpp: SecGetMatchingUsecase: 6915: Matching Usecase id = SecFastAec
01-25 20:01:40.142  2829  3746 I CameraManagerGlobal: Camera 1 facing CAMERA_FACING_FRONT state now CAMERA_STATE_OPEN for client com.outsystemscloud.lucasgv.SandboxAppCordova API Level 2 User Id 0
01-25 20:01:40.142  2411  9615 I cameraserver: isNoSALoggingPackage: com.outsystemscloud.lucasgv.SandboxAppCordova is a third party package.
01-25 20:01:40.142  2411  9615 D cameraserver: FGS Logger Transaction failed
01-25 20:01:40.142  2411  9615 D cameraserver: -129
01-25 20:01:40.142  1928  1949 I HYPER-HAL: [RequestManager.cpp]releaseLocked(): Released ID : 50506302
01-25 20:01:40.142  2829  3746 I CameraManagerGlobal: onCameraDeviceStateChangedLocked: post device state update
01-25 20:01:40.142 17851 13084 I CameraManagerGlobal: Camera 1 facing CAMERA_FACING_FRONT state now CAMERA_STATE_OPEN for client com.outsystemscloud.lucasgv.SandboxAppCordova API Level 2 User Id 0
01-25 20:01:40.142  1919  1919 I sensors-hal: send_sync_sensor_request:558, takes 1 ms to receive the response with 0
01-25 20:01:40.142  1919  1919 I sensors-hal: activate:303, android.sensor.game_rotation_vector/151 en=1 completed
01-25 20:01:40.142  1959 23464 I CHI     : [SS_LOW ]: [CHI         ]: chxusecaseutils.cpp: SecGetMatchingUsecase: 6633: use samsug camera = 0, use factoy camera = 0, use shooting mode = 0 = numPhysicalCameras = 1
01-25 20:01:40.142  1959 23464 I CHI     : [SS_LOW ]: [CHI         ]: chxextensionmodule.cpp: ExecuteMemBoost: 23871: Set MemBoost(2) by 1
01-25 20:01:40.142  2829  3746 I CameraManagerGlobal: onCameraDeviceStateChangedLocked: post device state update
01-25 20:01:40.142  1959 23464 I CHI     : [SS_LOW ]: [CHI         ]: chxusecaseutils.cpp: SecGetMatchingUsecase: 6915: Matching Usecase id = SecFastAec
01-25 20:01:40.143  1959 23464 I CHI     : [SS_LOW ]: [CHI         ]: chxsecperf.cpp: AcquirePerfLock: 1014: OverheatLevel [0~6](0xFFFFFFFF)
01-25 20:01:40.143  1959 23464 I CHI     : [SS_LOW ]: [CHI         ]: chxsecperf.cpp: AcquireHyperVInt: 1355: AcquireHyperVInt : maxlimit[3360000], minlimit[2092800], duration[3000]
01-25 20:01:40.143 22904 23181 I CameraManagerGlobal: Camera 1 facing CAMERA_FACING_FRONT state now CAMERA_STATE_OPEN for client com.outsystemscloud.lucasgv.SandboxAppCordova API Level 2 User Id 0
01-25 20:01:40.143 17429 19963 I CameraManagerGlobal: Camera 1 facing CAMERA_FACING_FRONT state now CAMERA_STATE_OPEN for client com.outsystemscloud.lucasgv.SandboxAppCordova API Level 2 User Id 0
01-25 20:01:40.143 21700 22468 I CameraManagerGlobal: Camera 1 facing CAMERA_FACING_FRONT state now CAMERA_STATE_OPEN for client com.outsystemscloud.lucasgv.SandboxAppCordova API Level 2 User Id 0
01-25 20:01:40.143 21188 21211 I CameraManagerGlobal: Camera 1 facing CAMERA_FACING_FRONT state now CAMERA_STATE_OPEN for client com.outsystemscloud.lucasgv.SandboxAppCordova API Level 2 User Id 0
01-25 20:01:40.143 22904 22990 D SensorManager: registerListener :: 151, Game Rotation Vector  Non-wakeup, 16666, 0, 
01-25 20:01:40.143 25689 30712 I CameraManagerGlobal: Camera 1 facing CAMERA_FACING_FRONT state now CAMERA_STATE_OPEN for client com.outsystemscloud.lucasgv.SandboxAppCordova API Level 2 User Id 0
01-25 20:01:40.143 11685 10991 I CameraManagerGlobal: Camera 1 facing CAMERA_FACING_FRONT state now CAMERA_STATE_OPEN for client com.outsystemscloud.lucasgv.SandboxAppCordova API Level 2 User Id 0
01-25 20:01:40.143  4549  4571 I CameraManagerGlobal: Camera 1 facing CAMERA_FACING_FRONT state now CAMERA_STATE_OPEN for client com.outsystemscloud.lucasgv.SandboxAppCordova API Level 2 User Id 0
01-25 20:01:40.143  9872 10615 I CameraManagerGlobal: Camera 1 facing CAMERA_FACING_FRONT state now CAMERA_STATE_OPEN for client com.outsystemscloud.lucasgv.SandboxAppCordova API Level 2 User Id 0
01-25 20:01:40.143 17849 22220 I CameraManagerGlobal: Camera 1 facing CAMERA_FACING_FRONT state now CAMERA_STATE_OPEN for client com.outsystemscloud.lucasgv.SandboxAppCordova API Level 2 User Id 0
01-25 20:01:40.143   913   913 I lmkd    : check camkillboostmode : 0 , ionheap: 106779, pid : 22904, index : 2 , camprocall/provider/server size : (78743, 15617, 3688), available : 941211, heap_pool : 0, kreclaimable : 146952, init_cam : 0
01-25 20:01:40.143   913   913 I lmkd    : check CAMERA OPEN -55940, memlimit: 50847, other_free: 28044, saved_ion_idle_camera: 4792, cameraprocsize: 78743, kgsl: 0, vmallocapi: 92881, diff_available: 50847 
01-25 20:01:40.143  1928  1949 I HYPER-HAL: [RequestManager.cpp]releaseLocked(): Released ID : 50516354
01-25 20:01:40.143   913   913 I lmkd    : check finished camerakillboostmode
01-25 20:01:40.143  2411  9615 D AidlCamera3-Device: CameraPerf: constructDefaultRequestSettings templateId: 1 E
01-25 20:01:40.143  1959 23464 I CHI     : [SS_LOW ]: [CHI         ]: chxextensionmodule.cpp: ExecuteMemBoost: 23871: Set MemBoost(2) by 0
01-25 20:01:40.144  2411  9615 D AidlCamera3-Device: CameraPerf: constructDefaultRequestSettings X (0ms)
01-25 20:01:40.144 10008 10008 W ContextImpl: Calling a method in the system process without a qualified user: android.app.ContextImpl.startService:1960 android.content.ContextWrapper.startService:842 android.content.ContextWrapper.startService:842 com.sec.android.diagmonagent.sa.receiver.CFLogReceiver.onReceive:56 android.app.ActivityThread.handleReceiver:4981 
01-25 20:01:40.144  1928  1949 I HYPER-HAL: [RequestManager.cpp]acquire(): Acquired ID : 1925706  [1959 / 3]    HINT :      list : [CPUMaxFreq / 3360000] [CPUMinFreq / 2092800] [TIMEOUT / 3000] 
01-25 20:01:40.144  4158  6181 I CameraManagerGlobal: Camera 1 facing CAMERA_FACING_FRONT state now CAMERA_STATE_OPEN for client com.outsystemscloud.lucasgv.SandboxAppCordova API Level 2 User Id 0
01-25 20:01:40.144  1959 23464 I CHI     : [SS_LOW ]: [CHI         ]: chxsecperf.cpp: AcquirePerfLock: 1157:  0] OPEN_CAMERA (1000)
01-25 20:01:40.145 10023 10087 I CameraManagerGlobal: Camera 1 facing CAMERA_FACING_FRONT state now CAMERA_STATE_OPEN for client com.outsystemscloud.lucasgv.SandboxAppCordova API Level 2 User Id 0
01-25 20:01:40.145 10023 10087 I CameraManagerGlobal: onCameraDeviceStateChangedLocked: post device state update
01-25 20:01:40.145  2829  3548 I AudioManager: setParameters keyValuePairs = cameraFacing=front
01-25 20:01:40.145 10023 10087 I CameraManagerGlobal: onCameraDeviceStateChangedLocked: post device state update
01-25 20:01:40.145  2411  9635 D Camera3-Device: waitUntilDrained: mInterfaceLock.unlock()
01-25 20:01:40.146  1895  3973 D AHAL: AudioDevice: SetParameters: 1799: enter
01-25 20:01:40.146  1895  3973 D AHAL: AudioVoice: VoiceSetParameters: 171: Enter
01-25 20:01:40.146  1895  3973 D AHAL: AudioVoice: VoiceSetParameters: 416: Exit ret: 0
01-25 20:01:40.146  1895  3973 D AHAL: hfp: hfp_set_parameters: 447: enter
01-25 20:01:40.146  1895  3973 D AHAL: AudioDevice: SetParameters: 2521: exit: cameraFacing=front
01-25 20:01:40.147  1895  3973 I Audio_a2dpsink_hw: adev_set_parameters: kevpairs=[cameraFacing=front]
01-25 20:01:40.147  2411  9635 D CameraDeviceClient: createStream E
01-25 20:01:40.147  2411  9635 D SessionConfigUtils: createSurfaceFromGbp E: logicalCameraId=1, isStreamInfoValid=0, useCase=0, option=0x0, mirrorMode=0
01-25 20:01:40.147 10008 10008 W ContextImpl: Calling a method in the system process without a qualified user: android.app.ContextImpl.startService:1960 android.content.ContextWrapper.startService:842 android.content.ContextWrapper.startService:842 com.sec.android.diagmonagent.sa.receiver.CFLogReceiver.onReceive:56 android.app.ActivityThread.handleReceiver:4981 
01-25 20:01:40.147  2411  9635 D SessionConfigUtils: createSurfaceFromGbp: consumer usage flag: 3, useAsync: 0
01-25 20:01:40.148  2411  9635 D SessionConfigUtils: createSurfaceFromGbp: width=640, height=480, format=35, dataSpace=146931712
01-25 20:01:40.148  2411  9635 D SessionConfigUtils: roundBufferDimensionNearest  inWidth=640 inHeight=480, outWidth=640 outHeight=480 X
01-25 20:01:40.148  2411  9635 D SessionConfigUtils: createSurfaceFromGbp X
01-25 20:01:40.148  2829  3548 I CameraService_proxy: Notify nfc service : camera open was(false) -> now(true) = polling(false)
01-25 20:01:40.149  4551  5837 D NfcService: setReaderMode: uid=1000, packageName: com.android.localtransport, flags: 4096
01-25 20:01:40.149  2411  9635 D Camera3-Device: createStream: mInterfaceLock.lock()
01-25 20:01:40.149  2411  9635 D Camera3-Device: createStream: Camera 1: Creating new stream 0: 640 x 480, format 0x23(YUV_420_888), dataspace 146931712 rotation 0 consumer usage 0, isShared 0, physicalCameraId , isMultiResolution 0 dynamicRangeProfile 0x1, streamUseCase 0, option 0x0, timestampBase 0, mirrorMode 0, colorSpace -1, useReadoutTimestamp 0
01-25 20:01:40.150  2411  9635 D Camera3-Device: createStream: mInterfaceLock.unlock()
01-25 20:01:40.150  2411  9635 D CameraDeviceClient: createStream: Camera 1: Successfully created a new stream ID 0 for output surface (640 x 480) with format 0x23.
01-25 20:01:40.150  2411  9635 D Camera3-Device: setStreamTransform: mInterfaceLock.lock()
01-25 20:01:40.150  2411  9635 D CameraDeviceClient: createStream X
01-25 20:01:40.150  2411  9635 D Camera3-Device: filterParamsAndConfigureLocked : operatingMode=0
01-25 20:01:40.150  2411  9635 D Camera3-Device: CameraPerf: configureStreamsLocked: Camera 1: Stream configuration E
01-25 20:01:40.150  2411  9635 I AidlCamera3-Device: configureStreams Before configuration Stream[0] : [640 x 480], usage: 0x3
01-25 20:01:40.151  1959 19063 I Samsung_CameraDeviceSession_impl: [CAMKPI] camera3->configure_streams : E
01-25 20:01:40.151  1959 19063 I Unihal  : UniHal3InterfaceEntry.cpp: uni_configure_streams: 288: [UNIKPI][1] UniHAL->configure_streams: E
01-25 20:01:40.151  1959 19063 I Unihal  : UniHal3InterfaceEntry.cpp: uni_configure_streams: 298: operation_mode: 0, num_streams: 1, session_param: 0xb4000079ae452140
01-25 20:01:40.151  1959 19063 I Unihal  : UniHal3InterfaceEntry.cpp: uni_configure_streams: 303: stream[0]: stream(0xb4000079ae4361e8) : streamId(0x0), scenarioType(PREVIEWCB), format(0x23), grallocUsage(0x3), size(640x480), streamType(0), option(0x0), maxBuffers(0), priv(0x0), dataspace(146931712), rotation(0), fps(0, 0), physCamId(), groupId(-1), sensorPixelModes(0), multi_resolution_input_image(0), stream_use_case(0), dynamic_range_profile(1), stream_timestamp(0), reserved Ptr(0x0, 0x0, 0x0, 0x0, 0x0, 0x0)
01-25 20:01:40.151  1959 19063 I Unihal  : UniState.cpp: transitState: 102: Transiting to state 3
01-25 20:01:40.151  1959 19063 I Unihal  : CameraHalUnit.cpp: ConfigureStreams: 264: cameraId=1, GetIsAlreadyCreated=0 m_isSetParamNull=0
01-25 20:01:40.151  1959 19063 I Unihal  : ScenarioManager.cpp: IsSupported3rdPartyApp: 1712: SAMSUNG_ANDROID_CONTROL_UNIHAL_ENABLE_MODE doesn't exist.
01-25 20:01:40.151  1959 19063 I Unihal  : ScenarioManager.cpp: IsSupported3rdPartyVideoHdr: 1322: SAMSUNG_ANDROID_UNIHAL_VIDEO_MODE doesn't exist.
01-25 20:01:40.151  1959 19063 I Unihal  : ScenarioManager.cpp: IsSupported3rdPartyPersonalImprinting: 1484: 3rdParty Personal Imprinting supported: FALSE
01-25 20:01:40.151  1959 19063 I Unihal  : ScenarioManager.cpp: IsSupported3rdPartyMoire: 1459: 3rdParty Moire supported: FALSE
01-25 20:01:40.151  1959 19063 I Unihal  : ScenarioManager.cpp: IsSupported3rdPartyAutoFraming: 2076: SAMSUNG_ANDROID_UNIHAL_VIDEO_MODE doesn't exist.
01-25 20:01:40.151  1959 19063 I Unihal  : ScenarioManager.cpp: IsSupported3rdPartyVDIS: 1195: PARAMETER_ANDROID_CONTROL_VIDEO_STABILIZATION_MODE: 0
01-25 20:01:40.151  1959 19063 I Unihal  : ScenarioManager.cpp: IsSupported3rdPartyVDIS: 1285: 3rdParty VDIS supported(UniHAL): FALSE
01-25 20:01:40.151  1959 19063 I Unihal  : ScenarioManager.cpp: IsSupported3rdPartyVideoHdr: 1322: SAMSUNG_ANDROID_UNIHAL_VIDEO_MODE doesn't exist.
01-25 20:01:40.151  1959 19063 I Unihal  : ScenarioManager.cpp: IsSupported3rdPartySdkVdis: 1414: SAMSUNG_ANDROID_UNIHAL_VIDEO_MODE doesn't exist.
01-25 20:01:40.151  1959 19063 I Unihal  : ScenarioManager.cpp: IsAllowed3rdParty: 2431: 3rd-party bypass is applied to this application.
01-25 20:01:40.151  1959 19063 I Unihal  : ScenarioManager.cpp: FindScenarioInfo: 2467: Scenario Lib Path : /vendor/lib64/unihal_scenario.so
01-25 20:01:40.151  1959 19063 I Unihal  : ScenarioManager.cpp: FindScenarioInfo: 2481: Current shootingMode=0x0001000c(UNI_SHOOTING_MODE_3RD_PARTY_BYPASS), cameraId=1(FRONT_FULL)
01-25 20:01:40.151  1959 19063 I Unihal  : ScenarioManager.cpp: FindScenarioInfo: 2489: No Scenario is found for shootingMode(UNI_SHOOTING_MODE_3RD_PARTY_BYPASS)
01-25 20:01:40.151  1959 19063 I Unihal  : ScenarioManager.cpp: CheckEnableCondition: 2746: Unihal is disabled. : isSamsungCamera=false, isFactoryTest=false, isGalaxyRaw = false, isAllowed3rdParty=true, foundScenario=false, isValidStreamConfiguration=false, isSamsungVdisEnabled=false, isSamsungSelfieToneTo3rdParty=true, isTestPatternMode=false, shootingMode=UNI_SHOOTING_MODE_3RD_PARTY_BYPASS
01-25 20:01:40.151  1959 19063 I Unihal  : FwkCaptureManager.cpp: Release: 165: Already released
01-25 20:01:40.151  1959 19063 I Unihal  : CameraHalUnit.cpp: ConfigureStreams: 303: Unihal is bypass mode in current scenario.
01-25 20:01:40.151  1959 19063 I Unihal  : CameraDevice.cpp: ConfigureStreams: 96: [UNIKPI][1] VndHAL->configure_streams: E
01-25 20:01:40.151  1959 19063 E CHI     : [SS_ERR ]: [CHI         ]: chxextensionmodule.cpp: SecSetSessionParams: 21505: [SESSION_PARAM] Get SpecialImageQualityPolicy Meta Failed!
01-25 20:01:40.151  1959 19063 E CHI     : [SS_ERR ]: [CHI         ]: chxextensionmodule.cpp: SecSetSessionParams: 21518: [SESSION_PARAM] Get fastCaptureOption Meta Failed!
01-25 20:01:40.151  1959 19063 E CHI     : [SS_ERR ]: [CHI         ]: chxextensionmodule.cpp: SecSetSessionParams: 21547: [SESSION_PARAM] Get externalLensType Meta Failed!
01-25 20:01:40.151  1959 19063 E CHI     : [SS_ERR ]: [CHI         ]: chxextensionmodule.cpp: SecSetSessionParams: 21560: [SESSION_PARAM] Get adaptivePixelMode Meta Failed!
01-25 20:01:40.151  1959 23469 I SS_3A   :  INFO: AWB: CreateAWBAlgorithm: 684: statsStreamInitConfig operationMode 1
01-25 20:01:40.152  1959 23469 I SS_3A   :  INFO: AWB: CreateAWBAlgorithm: 608: StaticAWB algo sizeOfParam for CHISTATSHANDLE is 24
01-25 20:01:40.152  1959 23469 I SS_3A   :  INFO: AWB: CreateAWBAlgorithm: 617: Lens Facing = 0
01-25 20:01:40.152  1959 23469 I SS_3A   :  INFO: AWB: CreateAWBAlgorithm: 665: StaticAWB algo create: overrideCameraOpen is 32
01-25 20:01:40.152  1959 23469 I SS_3A   :  INFO: AWB: CreateAWBAlgorithm: 675: cameraInfo algoRole 0, cameraId 5
01-25 20:01:40.152  1959 23469 I SS_3A   :  INFO: AWB: TsCommonFillSensorIdMap: 26: Already filled, cameraId(5) driverSensorId(12)
01-25 20:01:40.152  1959 23469 I SS_3A   :  INFO: AWB: CreateAWBAlgorithm: 702: CreateAWBAlgorithm (refcnt:0 cameraId 5 OverrideCameraOpen 1 lensFacing 0 pAWBSingletonWrapper->pAWB 0x0
01-25 20:01:40.152  1959 23469 I SS_3A   :  INFO: AWB: CreateAWBAlgorithm: 732: Create AWBAlgorithm, pAWB 0xb400007947ad46c0
01-25 20:01:40.152  1959 23469 I SS_3A   :  INFO: AWB: LoadAlgorithmAndSymbols: 498: [DBG_APEX] ApexIQBasePath: /apex/com.samsung.android.camera.qciq/
01-25 20:01:40.152  1959 23469 I SS_3A   :  INFO: AWB: LoadAlgorithmAndSymbols: 500: [DBG_APEX] loadApex: 0
01-25 20:01:40.152  1959 23469 I SS_3A   :  INFO: AWB: LoadAlgorithmAndSymbols: 544: [DBG_APEX] Loading AWB lib: libTsAwbFront_DM3.so
01-25 20:01:40.152  1959 23469 I SS_3A   :  INFO: AWB: LoadAlgorithmAndSymbols: 574: pInstance->hAWBAlgorithm 0xb400007936925fc0
01-25 20:01:40.152  1959 23469 I SS_3A   :  INFO: AWB: TsAwb_get_cal_data_front: 127: module[0] 361 742 745 375
01-25 20:01:40.152  1959 23469 I SS_3A   :  INFO: AWB: TsAwb_get_cal_data_front: 129: module[0] RG 0.485541 , BG 0.504371
01-25 20:01:40.152  1959 23469 I SS_3A   :  INFO: AWB: TsAwb_init_with_mode: 168: TuningVersion 0xED1A0428
01-25 20:01:40.152  1959 23469 I SS_3A   :  INFO: AWB: TsAwb_init_with_mode: 212: [eLensType 0] Adjust_gain = 0.985368, 1.010038
01-25 20:01:40.152  1959 23469 I SS_3A   :  INFO: AEC: AECAlgoSetNodeInterface: 1022: AEC vendorTagBase 0x80d40000
01-25 20:01:40.152  1959 23469 I SS_3A   :  INFO: AEC: AECAlgoSetNodeInterface: 1032: AWB vendorTagBase 0x80d60000
01-25 20:01:40.152  1959 23469 I SS_3A   :  INFO: AEC: AECAlgoSetNodeInterface: 1042: AF vendorTagBase 0x80d50000
01-25 20:01:40.152  1959 23469 I SS_3A   :  INFO: AEC: CreateAEC: 699: StaticAEC algo sizeOfParam for CHISTATSHANDLE is 24
01-25 20:01:40.152  1959 23469 I SS_3A   :  INFO: AEC: CreateAEC: 713: AEC_VendorTag:: Lens Facing = 0 chiSessionHandle = 0xb400007947d66b88
01-25 20:01:40.152  1959 23469 I SS_3A   :  INFO: AEC: CreateAEC: 783: StaticAEC algo create: camera open mask 32 
01-25 20:01:40.152  1959 23469 I SS_3A   :  INFO: AEC: CreateAEC: 693: aec_camera_info 0 5
01-25 20:01:40.152  1959 23469 I SS_3A   :  INFO: AEC: CreateAEC: 790: flicker CSC:60 
01-25 20:01:40.152  1959 23469 I SS_3A   :  INFO: AEC: TsCommonFillSensorIdMap: 26: Already filled, cameraId(5) driverSensorId(12)
01-25 20:01:40.152  1959 23469 I SS_3A   :  INFO: AEC: CreateAEC: 808: CreateAECAlgorithm (refcnt:0 cameraId 5 OverrideCameraOpen 1 lensFacing 0 pAECSingletonWrapper->pAECSingleton 0x0 [sensor:S5K3LU]
01-25 20:01:40.152  1959 23469 I SS_3A   :  INFO: AEC: LoadAlgorithmAndSymbols: 512: [DBG_APEX] ApexIQBasePath: /apex/com.samsung.android.camera.qciq/
01-25 20:01:40.152  1959 23469 I SS_3A   :  INFO: AEC: LoadAlgorithmAndSymbols: 514: [DBG_APEX] loadApex: 0
01-25 20:01:40.153  1959 23469 I SS_3A   :  INFO: AEC: LoadAlgorithmAndSymbols: 561: [DBG_APEX] Loading AEC lib: /vendor/lib64/camera/components/libTsAeFront_dm3.so
01-25 20:01:40.153  1959 23469 I SS_3A   :  INFO: AEC: TsAecFront_init: 595: enableGTMChannelToggle= 1 
01-25 20:01:40.153  1959 23469 I SS_3A   :  INFO: AEC: TsAecFront_load_lib: 256: TsAec_ptr 0x3b79087376c2ba0d
01-25 20:01:40.153  1959 23469 I SS_3A   :  INFO: AEC: LoadAlgorithmAndSymbols: 598: [AEC] Custom Algo handle 0xb400007934b7c6c0 
01-25 20:01:40.153  1959 23469 I SS_3A   :  INFO: AEC: CreateAEC: 878: CreateAECAlgorithm 0xb400007947ad4710 libName libTsAeFront_dm3.so sensorName S5K3LU
01-25 20:01:40.158  1959 23464 I CHI     : [SS_LOW ]: [CHI         ]: chxextensionmodule.cpp: InitializeOverrideSession: 7995: [DUAL_MODE_DBG] m_isFrontCameraOpened=1
01-25 20:01:40.158  1959 23464 I CHI     : [SS_LOW ]: [CHI_FAST_AEC]: chxextensionmodule.cpp: ChxFastAecConfigureStreams: 15593: [CAMKPI] ChxFastAecConfigureStreams: X
01-25 20:01:40.158  1959 23464 I CHI     : [SS_LOW ]: [CHI_FAST_AEC]: chxextensionmodule.cpp: ChxFastAecProcessRequest: 15603: [CAMKPI] ChxFastAecProcessRequest: E
01-25 20:01:40.158  1959 19063 I CHI     : [SS_INFO]: [SS_LOG_LEVEL]: 1, [DEVELOPER_LOG_LEVEL]: 0
01-25 20:01:40.158  1959 23464 I CHI     : [SS_LOW ]: [CHI         ]: chxutils.cpp: FillTuningModeDebug: 6887: [FRONT_FULL] sensorModeIndex 7  Sensor:NORMAL(0)  usecase:Third_party_preview(8)  feature1:ADRC(2)  feature2:None(0)  scene:None(0)   [chxsecusecasefastaec.cpp]
01-25 20:01:40.160  2031  2222 I VSyncReactor: Current= 120, Period= 120, Distance= 1
01-25 20:01:40.168  2031  2222 I VSyncReactor: Current= 120, Period= 120, Distance= 120
01-25 20:01:40.171  1959 19063 E CHIUSECASE: [ERROR  ] chifeature2hwmultiframe.cpp:5262 SetMFNRBufferCount() MMF BLENDING BufferCount : 5 / [11293556]
01-25 20:01:40.181  1919 23461 I sensors-hal: ssc_conn_event_cb:869, SCHED_FIFO(10) for qmi_cbk
01-25 20:01:40.183  1919  1919 I sensors-hal: activate:285, android.sensor.game_rotation_vector/151 en=0
01-25 20:01:40.183  1875  2041 E minksocket: MinkIPC_QRTR_Service: client with node 1 port 4e8b went down
01-25 20:01:40.183  1875  2046 E minksocket: MinkIPC_QRTR_Service: client with node 1 port 4e8b went down
01-25 20:01:40.184  1919  1919 I sensors-hal: ~ssc_qmi:63, ~ssc_qmi
01-25 20:01:40.184  1919  1919 I sensors-hal: activate:303, android.sensor.game_rotation_vector/151 en=0 completed
01-25 20:01:40.184 22904 22987 D SensorManager: unregisterListener
01-25 20:01:40.231  2031  2155 D RenderEngine: [SEC_GC_CMN_SF_EFFECTS] drawLayersInternal,1279, Rendering layer  at index 0
01-25 20:01:40.231  2031  2155 D RenderEngine: [SEC_GC_CMN_SF_EFFECTS] drawLayersInternal,1279, Rendering layer com.outsystemscloud.lucasgv.SandboxAppCordova/com.outsystemscloud.lucasgv.SandboxAppCordova.MainActivity$_22904#47686 at index 1
01-25 20:01:40.267  1919 17568 I sensors-hal: handle_sns_std_sensor_event:436, [SSC_LIGHT] P: 39(39),m:13,c:292,b:68,c0:28421,l:40,f(r):98,u(bl):100,j:9
01-25 20:01:40.284  1959  3786 I SS_3A   :  INFO: AEC: TsAecFront_Set_Exp_Table: 565: [Exp_Table::Front] [F] Shooting=-1, ExpDiagram=4|7, m_video=0, m_fdae=0, rec=0, hfr=0, lightcon=0
01-25 20:01:40.284  1959  3786 I SS_3A   :  INFO: AEC: TSAecFront_set_param: 1120: OpMode 3 StartMode 1
01-25 20:01:40.284  1959  3786 I SS_3A   :  INFO: AEC: TSAecFront_set_param: 1409: [F] hdrConfig (0, 1, 0, 1)
01-25 20:01:40.284  1959  3781 I SS_3A   :  INFO: AWB: TsAwb_get_input_metadata: 420: curr_shot_mode 0, prev_shot_mode 1
01-25 20:01:40.284  1959  3781 I SS_3A   :  INFO: AWB: TsAwb_init_with_mode: 168: TuningVersion 0xED1A0428
01-25 20:01:40.284  1959  3781 I SS_3A   :  INFO: AWB: TsAwb_init_with_mode: 212: [eLensType 0] Adjust_gain = 0.985368, 1.010038
01-25 20:01:40.284  1959  3786 I SS_3A   :  INFO: AEC: TSAecFront_set_param: 1339: AEL 0
01-25 20:01:40.284  1959  3781 I SS_3A   :  INFO: AWB: TsAwb_parse_stats: 1984: [stats_dbg] statsBayerGrid startupMode = StatisticsStartUpInvalid, exit now
01-25 20:01:40.284  1959  3786 I SS_3A   :  INFO: AEC: TSAecFront_set_param: 1312: AECManualSetting mode=0 ISOValue=50 exposureTime=36505 gain=0.000
01-25 20:01:40.284  1959  3786 I SS_3A   :  INFO: AEC: TsAecGetAeStatisticsData: 6767: [F][1] StatisticsStartUpInvalid: 1
01-25 20:01:40.284  1959  3786 I SS_3A   :  INFO: AEC: TsAecGetVendorTagInfo: 5651: pCaptureIntent=1 recordinghint 0
01-25 20:01:40.284  1959  3786 I SS_3A   :  INFO: AEC: TsAecFront_Set_Exp_Table: 565: [Exp_Table::Front] [F] Shooting=0, ExpDiagram=4|7, m_video=0, m_fdae=0, rec=0, hfr=0, lightcon=0
01-25 20:01:40.284  1959  3786 I SS_3A   :  INFO: AEC: TsAecGetVendorTagInfo: 6046: aeMode 1
01-25 20:01:40.284  1959  3786 I SS_3A   :  INFO: AEC: TsAec_process_get_aec_info: 2583: [F][1] algo_out Av=2.273 g=1.000 e_t=0.00452 LLS=0x0 Ev=12.031 Bv=7.031 PEv=12.031 Cvgd=0 lux=152, lls=0x0, drc=1.000 wide=0 Vo=0.000
01-25 20:01:40.284  1959  3781 I SS_3A   :  INFO: AWB: TsAwb_process_preview: 3028: [1]TsAwb_gain_front=1.766,1.00,1.809,  BV=0.000, lux=0, CT=4755, CT2=4755, TG=0, Ch_g=1.042, I/V=0.000, LT=0, PsnIdx=0
01-25 20:01:40.285  1959  3782 I vendor.samsung.hardware.camera.provider-service_64: S5K3LU index=7, fll=2554(2554), shift(c=0, f=0), l(1385, 0x20, 0x100), s(7, 0x20, 0x100) enS=0 b=2 modeCaps=0x10000, maxA=16.00
01-25 20:01:40.290  2829  3747 D SGM:GameManager: identifyForegroundApp. com.outsystemscloud.lucasgv.SandboxAppCordova, mCurrentUserId: 0, callerUserId: 0
01-25 20:01:40.290  2829  3747 D SGM:PkgDataHelper: getGamePkgData(). com.outsystemscloud.lucasgv.SandboxAppCordova
01-25 20:01:40.291 22201 22379 I PolicyManager: [#CMH#] Is foreground game app: false
01-25 20:01:40.302  1959  3782 I SS_3A   :  INFO: AEC: TsAecGetAeStatisticsData: 6767: [F][2] StatisticsStartUpInvalid: 1
01-25 20:01:40.302  1959  3786 I SS_3A   :  INFO: AWB: TsAwb_parse_stats: 1984: [stats_dbg] statsBayerGrid startupMode = StatisticsStartUpInvalid, exit now
01-25 20:01:40.303  1959  3786 I SS_3A   :  INFO: AWB: TsAwb_process_preview: 3028: [2]TsAwb_gain_front=1.757,1.00,1.749,  BV=7.031, lux=152, CT=4878, CT2=4878, TG=0, Ch_g=1.047, I/V=0.000, LT=0, PsnIdx=0
01-25 20:01:40.304  1959  3785 I SS_3A   :  INFO: AEC: TsAecGetAeStatisticsData: 6767: [F][3] StatisticsStartUpInvalid: 1
01-25 20:01:40.304  1959  3786 I SS_3A   :  INFO: AWB: TsAwb_parse_stats: 1984: [stats_dbg] statsBayerGrid startupMode = StatisticsStartUpInvalid, exit now
01-25 20:01:40.305  1959  3786 I SS_3A   :  INFO: AWB: TsAwb_process_preview: 3028: [3]TsAwb_gain_front=1.757,1.00,1.749,  BV=7.031, lux=152, CT=4878, CT2=4878, TG=0, Ch_g=1.052, I/V=0.000, LT=0, PsnIdx=0
01-25 20:01:40.322  1959  3784 I SS_3A   :  INFO: AEC: TsAec_parse_aec_bg_stats: 5048: TSAEC_STATS 4ch Bhist is StartUpInvalid.
01-25 20:01:40.322  1959  3784 I SS_3A   :  INFO: AEC: TsAec_process_get_aec_info: 2583: [F][4] algo_out Av=2.273 g=4.350 e_t=0.00831 LLS=0x0 Ev=9.031 Bv=-1.152 PEv=3.848 Cvgd=0 lux=344, lls=0x0, drc=1.000 wide=0 Vo=0.000
01-25 20:01:40.322  1959  3781 I SS_3A   :  INFO: AWB: TsAwb_process_preview: 3028: [4]TsAwb_gain_front=1.758,1.00,1.750,  BV=7.031, lux=152, CT=4877, CT2=4877, TG=1, Ch_g=1.057, I/V=0.000, LT=0, PsnIdx=0
01-25 20:01:40.338  1959  3781 I SS_3A   :  INFO: AEC: TsAec_process_get_aec_info: 2583: [F][5] algo_out Av=2.273 g=34.802 e_t=0.00831 LLS=0x0 Ev=6.031 Bv=-1.152 PEv=3.848 Cvgd=0 lux=344, lls=0x0, drc=1.000 wide=0 Vo=0.000
01-25 20:01:40.338  1959  3782 I SS_3A   :  INFO: AWB: TsAwb_process_preview: 3028: [5]TsAwb_gain_front=1.775,1.00,1.806,  BV=-1.152, lux=344, CT=4777, CT2=4777, TG=1, Ch_g=1.066, I/V=0.000, LT=0, PsnIdx=0
01-25 20:01:40.343  2829  4072 D NetdEventListenerService: DNS Requested by 132, 10450, 9
01-25 20:01:40.343  2829  4072 D NetdEventListenerService: DNS Requested by 132, 10450, 10
01-25 20:01:40.343  2829  4072 D NetdEventListenerService: DNS Requested by 132, 10450, 10
01-25 20:01:40.343  2829  4072 D NetdEventListenerService: DNS Requested by 132, 10450, 12
