01-25 19:08:32.226  2829  5655 E WindowManager: win=Window{73fddb8 u0 com.samsung.android.spay.pay.HintService} destroySurfaces: appStopped=true cleanupOnResume=false win.mWindowRemovalAllowed=false win.mRemoveOnExit=false win.mViewVisibility=8 caller=com.android.server.wm.WindowManagerService.tryStartExitingAnimation:3002 com.android.server.wm.WindowManagerService.relayoutWindow:2695 com.android.server.wm.Session.relayout:282 android.view.IWindowSession$Stub.onTransact:782 com.android.server.wm.Session.onTransact:204 android.os.Binder.execTransactInternal:1375 android.os.Binder.execTransact:1311 
01-25 19:08:32.226  2829  5655 I WindowManager: Destroying surface Surface(name=com.samsung.android.spay.pay.HintService$_17849)/@0x5efb4ce called by com.android.server.wm.WindowStateAnimator.destroySurface:811 com.android.server.wm.WindowStateAnimator.destroySurfaceLocked:478 com.android.server.wm.WindowState.destroySurfaceUnchecked:4219 com.android.server.wm.WindowState.destroySurface:4193 com.android.server.wm.WindowManagerService.tryStartExitingAnimation:3002 com.android.server.wm.WindowManagerService.relayoutWindow:2695 com.android.server.wm.Session.relayout:282 android.view.IWindowSession$Stub.onTransact:782 
01-25 19:08:32.226  4640  4771 I HoneySpace.TopTaskSource: onTaskFocusChanged(): taskId = 31834
01-25 19:08:32.226  4640  4771 I HoneySpace.TopTaskSource: onTaskMovedToFront : taskId = 31834
01-25 19:08:32.226 17849  4121 I SAMSUNGWALLET: [Hint_ProcessStatusChange] fg Change, pid : 7763 , isNotify : false , isForeground : true , fg list : [4640, 7763, 18215]
01-25 19:08:32.226  2829  5012 D ActivityManager: FCA:FCA recordedFileRss = 52504, and changeinRss = 3096
01-25 19:08:32.227  2829  5655 D WindowManager: notifySamsungPayInfo: false, Rect(476, 3004 - 963, 3088)
01-25 19:08:32.227  2829  5655 D WindowManager: SyncGroup 2811:  Unfinished container: ActivityRecord{89d3b22 u0 com.samsung.android.lool/com.samsung.android.sm.iafd.dialog.AppErrorDialogActivity t31834} mSyncState=2
01-25 19:08:32.227  2829  5012 D ActivityManager: FCA:FCA recordedFileRss = 0, and changeinRss = 115504
01-25 19:08:32.228  2829  5012 D ActivityManager: FCA:FCA recordedFileRss = 0, and changeinRss = 75292
01-25 19:08:32.228  2829  5655 V WindowManager: Relayout hash=73fddb8, pid=17849, syncId=-1: mAttrs={(0,0)(487x84) gr=BOTTOM CENTER sim={adjust=pan} layoutInDisplayCutoutMode=shortEdges ty=NAVIGATION_BAR_PANEL fmt=TRANSLUCENT
01-25 19:08:32.228  2829  5655 V WindowManager:   fl=1800308
01-25 19:08:32.228  2829  5655 V WindowManager:   pfl=12000040
01-25 19:08:32.228  2829  5655 V WindowManager:   bhv=DEFAULT
01-25 19:08:32.228  2829  5655 V WindowManager:   fitTypes=NAVIGATION_BARS
01-25 19:08:32.228  2829  5655 V WindowManager:   fitSides=LEFT RIGHT naviIconColor=0}
01-25 19:08:32.229 13692 14683 I Rubin   : [80] ac.a.c(Unknown Source) : Notify com.samsung.android.rubin.inferenceengine.contextanalytics.engine.loggers.AppUsageLogger's database is updated.
01-25 19:08:32.229  2829  5012 D ActivityManager: FCA:FCA recordedFileRss = 0, and changeinRss = 45496
01-25 19:08:32.229  2829  5012 D ActivityManager: FCA:FCA recordedFileRss = 0, and changeinRss = 62304
01-25 19:08:32.229  9872 10615 I [AirCmd]_ActivitySwitchDetector: onTaskFocusChanged : taskId=31834, componentName=ComponentInfo{com.samsung.android.lool/com.samsung.android.sm.iafd.dialog.AppErrorDialogActivity}
01-25 19:08:32.229  9872 10615 I [AirCmd]_ActivitySwitchDetector: onTaskFocusChanged :mTopMostActivity = ComponentInfo{com.sec.android.app.launcher/com.sec.android.app.launcher.Launcher}
01-25 19:08:32.229  2829  3123 D EnterpriseDeviceManagerService: isMdmAdminPresentInternal() : MDM Admin Found - com.samsung.android.kgclient
01-25 19:08:32.229  2829  3123 D SGM:FgCheckThread: noteResumeComponent(), received pkgName: com.samsung.android.lool, userId: 0
01-25 19:08:32.229  4158  4181 W System  : A resource failed to call release. 
01-25 19:08:32.229  2829  3998 I CocktailBarManagerServiceContainer: handleMessage: entry what = 5
01-25 19:08:32.229  4158  4181 W System  : A resource failed to call release. 
01-25 19:08:32.229  4158  4181 W System  : A resource failed to call release. 
01-25 19:08:32.229  4158  4181 W System  : A resource failed to call release. 
01-25 19:08:32.229  4158  4181 W System  : A resource failed to call release. 
01-25 19:08:32.229  4158  4181 W System  : A resource failed to call release. 
01-25 19:08:32.229  4158  4181 W System  : A resource failed to call release. 
01-25 19:08:32.230  2829  3656 D SGM:FgCheckThread: onLooperPrepared(), msg: MSG_APP_RESUME, pkgName: com.samsung.android.lool, userid: 0
01-25 19:08:32.230  4640  4640 I Edge.ActivityUtils: HomePackage : com.sec.android.app.launcher, resumePackageName : com.samsung.android.lool
01-25 19:08:32.230  4158  4181 W ndroid.systemui: ApkAssets: Deleting an ApkAssets object '<empty> and /data/app/~~0EFzMSVb2fYUJ6GNEwOzWQ==/com.outsystemscloud.lucasgv.SandboxAppCordova-t-qi-kP-ppErkdXJvHj48A==/base.apk' with 1 weak references
01-25 19:08:32.230  2829  3656 D SGM:FgCheckThread: handleResume().
01-25 19:08:32.230  2829  3656 D SGM:FgCheckThread: sendFocusOutConditionally() - mPrevNotiPkg: (unknown), userId: 0
01-25 19:08:32.230  2829  3656 D SGM:FgCheckThread:   handleResume(). pkgName: com.samsung.android.lool, userId: 0, isTunableApp: null
01-25 19:08:32.230  2829  3656 D SGM:FgCheckThread: notifyFocusInOut(). of pkg: com.samsung.android.lool, type: 4, isTunableApp: false, userId: 0
01-25 19:08:32.230  2829  3656 D SGM:FgCheckThread:   notifyFocusInOut(). unexpected mPrevNotiType: -1
01-25 19:08:32.230  2829  3656 D SGM:SystemHelper: callReleaseBlock needReleaseBlock:false
01-25 19:08:32.230 17849 17849 I ViewRootImpl@aa7f65[HintService]: Relayout returned: old=(476,3004,963,3088) new=(476,3004,963,3088) relayoutAsync=false req=(487,84)8 dur=4 res=0x2 s={false 0x0} ch=true seqId=0
01-25 19:08:32.230  4158  4181 W ndroid.systemui: ApkAssets: Deleting an ApkAssets object '<empty> and /system/priv-app/SecSettings/SecSettings.apk' with 1 weak references
01-25 19:08:32.230  2829  3123 I GameSDK@LifeCycle: noteResumeComponent(): package name  : com.samsung.android.lool
01-25 19:08:32.231  4158  4181 W System  : A resource failed to call release. 
01-25 19:08:32.231  4158  4181 W System  : A resource failed to call release. 
01-25 19:08:32.231  4158  4181 W System  : A resource failed to call release. 
01-25 19:08:32.231  4158  4181 W System  : A resource failed to call release. 
01-25 19:08:32.231  4158  4181 W System  : A resource failed to call HardwareBuffer.close. 
01-25 19:08:32.231  2031  2031 I Layer   : Layer::reparent [com.samsung.android.spay.pay.HintService$_17849#45374] newParentHandle : null -------------------------
01-25 19:08:32.231  2031  2031 I Layer   : id=45374 removeFromCurrentState com.samsung.android.spay.pay.HintService$_17849#45374 (184)
01-25 19:08:32.232  2031  2031 I Layer   : Layer::reparent [com.samsung.android.spay.pay.HintService$_17849#45374] End -------------------------
01-25 19:08:32.232  2031  2031 I SurfaceFlinger: id=45374 Removed com.samsung.android.spay.pay.HintService$_17849#45374 (184)
01-25 19:08:32.232  2829  6053 D SGM:GameManager: identifyGamePackage. com.samsung.android.lool, mCurrentUserId: 0, callerUserId: 0, callingMethodInfo: com.samsung.android.game.IGameManagerService$Stub.onTransact(IGameManagerService.java:233)
01-25 19:08:32.232  2829  6053 D SGM:PkgDataHelper: getGamePkgData(). com.samsung.android.lool
01-25 19:08:32.233  4640 10382 I ViewRootImpl@5d4fed7[LauncherActivity]: mWNT: t=0xb40000718e1c2c80 mBlastBufferQueue=0xb40000719334bf00 fn= 22 mRenderHdrSdrRatio=1.0 caller= com.android.systemui.shared.launcher.ViewRootImplCompat.mergeWithNextTransaction:4 com.honeyspace.transition.utils.SurfaceTransactionApplier.scheduleApply$lambda$1:26 com.honeyspace.transition.utils.SurfaceTransactionApplier.c:0 
01-25 19:08:32.233  9872 10615 I [AirCmd]_CallbackRepeater: stopRepeat : isWorking=false
01-25 19:08:32.233  9872 10615 I [AirCmd]_MediaControlStateMonitor: isForegroundAppSupportsMediaButton : mediaSession is empty
01-25 19:08:32.233  7763  7763 W Settings: Setting show_button_background has moved from android.provider.Settings.System to android.provider.Settings.Global, returning read-only value.
01-25 19:08:32.233  2829  3123 D SGM:GameManager: identifyGamePackage. com.samsung.android.lool, mCurrentUserId: 0, callerUserId: 0, callingMethodInfo: com.samsung.android.game.SemGameManager.isGamePackage(SemGameManager.java:111)
01-25 19:08:32.233  2829  3123 D SGM:PkgDataHelper: getGamePkgData(). com.samsung.android.lool
01-25 19:08:32.233  2829  3123 D SGM:SemGameManager: isGamePackage(), pkgName=com.samsung.android.lool, ret=false
01-25 19:08:32.234  2829  5655 D SGM:GameManager: identifyForegroundApp. com.samsung.android.lool, mCurrentUserId: 0, callerUserId: 0
01-25 19:08:32.234  2829  5655 D SGM:PkgDataHelper: getGamePkgData(). com.samsung.android.lool
01-25 19:08:32.234  2031  2031 D SurfaceFlinger: Display 4630947093241269891 HWC layers:
01-25 19:08:32.234  2031  2031 D SurfaceFlinger:      DEVICE | 0xb400007732396680 | 0100 | RGBA_8888    |  849.0   54.0 2239.0 3034.0 |    0    0 1440 3088 | Wallpaper BBQ wrapper 5_system#92
01-25 19:08:32.234  2031  2031 D SurfaceFlinger:      DEVICE | 0xb4000077287d5c80 | 0100 | RGBA_8888    |    0.0    0.0 1440.0 3088.0 |    0    0 1440 3088 | com.sec.android.app.launcher/com.sec[...]ivities.LauncherActivity$_4640#45366
01-25 19:08:32.234  2031  2031 D SurfaceFlinger:      CLIENT | 0xb4000077287d9500 | 0102 | RGBA_8888    |    0.0    0.0 1440.0 3088.0 |  299  641 1141 2447 | com.outsystemscloud.lucasgv.SandboxA[...]xAppCordova.MainActivity$_7518#45358
01-25 19:08:32.234  2031  2031 D SurfaceFlinger:      DEVICE | 0xb400007728945200 | 0100 | RGBA_8888    |    0.0    0.0 1440.0  100.0 |    0    0 1440  100 | StatusBar$_4158#103
01-25 19:08:32.234  2031  2031 D SurfaceFlinger:      DEVICE | 0xb400007714e1b200 | 0100 | RGBA_8888    |    0.0    0.0   67.0  436.0 | 1373  380 1440  816 | com.sec.android.app.launcher/com.sam[...].edge.CocktailBarService$_4640#45018
01-25 19:08:32.234  2031  2031 D SurfaceFlinger:      DEVICE | 0xb40000773221be80 | 0100 | RGBA_8888    |    0.0    0.0 1440.0  168.0 |    0 2920 1440 3088 | NavigationBar0$_4158#101
01-25 19:08:32.234  2031  2031 D SurfaceFlinger: 
01-25 19:08:32.235 11685 16836 I Routine@Core[4.7.03.3]: ActivityWatcherListenerImpl: onResumeComponent: componentName - com.samsung.android.lool, com.samsung.android.sm.iafd.dialog.AppErrorDialogActivity, userId: 0
01-25 19:08:32.235 13692 14683 I Rubin   : [80] com.samsung.android.rubin.inferenceengine.contextanalytics.engine.monitors.moment.exercise.ExercisingWithCmhMonitor.isSatisfiedByCmh(Unknown Source) : isSatisfiedByCmh is false
01-25 19:08:32.231  4158  4181 W System  : A resource failed to call HardwareBuffer.close. 
01-25 19:08:32.235  4158  4158 D Navbar.NavigationBar: notifySamsungPayInfo displayId : 0, visible: false
01-25 19:08:32.235  4158  4158 D Navbar.Store: ----handleEvent(0) OnUpdateSpayVisibility(showing=false, width=487) [Module] NavigationBar
01-25 19:08:32.235  4158  4158 D Navbar.Store: ------[Band]GESTURE_PACK_SET_HINT_VISIBILITY
01-25 19:08:32.235  4158  4158 D Navbar.Store: ------[Band] (afterAction) GESTURE_PACK_SET_HINT_VISIBILITY
01-25 19:08:32.235  4158  4158 D Navbar.Store: --------apply(0) NavBarStoreAction$UpdateGestureHintVisibility
01-25 19:08:32.235  4158  4158 D Navbar.Store: --------NavBarStates(0) canShowGestureHint: true
01-25 19:08:32.235  4640 32388 I HoneySpace.TISBinder: notifyPayInfo, isShowing = false, width = 487
01-25 19:08:32.235  4158  4181 W System  : A resource failed to call release. 
01-25 19:08:32.235  4158  4181 W System  : A resource failed to call release. 
01-25 19:08:32.235  4158  4181 W System  : A resource failed to call release. 
01-25 19:08:32.235  9872 10615 E [AirCmd]_MediaControlStateMonitor: getActiveNotificationPackageName : notification service monitor is null
01-25 19:08:32.235  9872 10615 I [AirCmd]_ButtonEventDetectionThread: enableDoubleClickDetection: enabled= false
01-25 19:08:32.236 11685 16836 I Routine@Core[4.7.03.3]: Pref: putSharedPrefsData: key=condition_launch_app_data_resume_pkg, data.size=84
01-25 19:08:32.236  4640  2947 I HoneySpace.SystemUiRepository: _spayWidth = 0
01-25 19:08:32.236  4158  4181 W System  : A resource failed to call release. 
01-25 19:08:32.236  4158  4181 W System  : A resource failed to call release. 
01-25 19:08:32.236  4158  4181 W System  : A resource failed to call release. 
01-25 19:08:32.236  4640  4770 I HoneySpace.TaskbarEventTracker: invokeEvent() called with: event = NotifyPayInfo(isShowing=false, width=487)
01-25 19:08:32.236  4158  4181 W System  : A resource failed to call release. 
01-25 19:08:32.236  4158  4181 W System  : A resource failed to call release. 
01-25 19:08:32.237  7763  7866 I AdrenoUtils: <ReadGpuID:407>: Reading chip ID through GSL
01-25 19:08:32.237  9872 16244 I [AirCmd]_ActivitySwitchDetector: onTaskFocusChanged : taskId=31834, componentName=ComponentInfo{com.samsung.android.lool/com.samsung.android.sm.iafd.dialog.AppErrorDialogActivity}
01-25 19:08:32.238  2829  5012 D ActivityManager: FCA:FCA recordedFileRss = 0, and changeinRss = 52800
01-25 19:08:32.239  2829  5012 D ActivityManager: FCA:FCA recordedFileRss = 0, and changeinRss = 95972
01-25 19:08:32.240  2829  5012 D ActivityManager: FCA:FCA recordedFileRss = 0, and changeinRss = 84020
01-25 19:08:32.240  2031  2031 I Layer   : id=45374 Destroyed com.samsung.android.spay.pay.HintService$_17849#45374
01-25 19:08:32.240  4640 10381 I ViewRootImpl@5d4fed7[LauncherActivity]: mWNT: t=0xb40000718e1c3b80 mBlastBufferQueue=0xb40000719334bf00 fn= 23 mRenderHdrSdrRatio=1.0 caller= com.android.systemui.shared.launcher.ViewRootImplCompat.mergeWithNextTransaction:4 com.honeyspace.transition.utils.SurfaceTransactionApplier.scheduleApply$lambda$1:26 com.honeyspace.transition.utils.SurfaceTransactionApplier.c:0 
01-25 19:08:32.242  2829  5012 D ActivityManager: FCA:FCA recordedFileRss = 87032, and changeinRss = 40084
01-25 19:08:32.243  4640  7870 I HoneySpace.AppCloseAnimationDelegate: transaction committed
01-25 19:08:32.244  2829  5012 D ActivityManager: FCA:FCA recordedFileRss = 0, and changeinRss = 50428
01-25 19:08:32.248  7763  7763 I WindowManager: WindowManagerGlobal#addView, ty=2, view=DecorView@c85b9c4[AppErrorDialogActivity], caller=android.view.WindowManagerImpl.addView:150 android.app.Dialog.show:506 com.samsung.android.sm.iafd.dialog.AppErrorDialogActivity.N:17 
01-25 19:08:32.249  4640 10382 I ViewRootImpl@5d4fed7[LauncherActivity]: mWNT: t=0xb4000071a023f480 mBlastBufferQueue=0xb40000719334bf00 fn= 24 mRenderHdrSdrRatio=1.0 caller= com.android.systemui.shared.launcher.ViewRootImplCompat.mergeWithNextTransaction:4 com.honeyspace.transition.utils.SurfaceTransactionApplier.scheduleApply$lambda$1:26 com.honeyspace.transition.utils.SurfaceTransactionApplier.c:0 
01-25 19:08:32.251  2829  5012 D ActivityManager: unpendingScheduleServiceRestart: u=10351, drop=false
01-25 19:08:32.251  2829  5012 D ActivityManager: unpendingScheduleServiceRestart: u=10351, drop=false
01-25 19:08:32.251  2829  5012 D ActivityManager: unpendingScheduleServiceRestart: u=10351, drop=false
01-25 19:08:32.252  7763  7763 I DecorView: setWindowBackground: isPopOver=false color=0 d=android.graphics.drawable.ColorDrawable@60afaa9
01-25 19:08:32.255  2829  6053 D InputTransport: Input channel constructed: 'b90b5db', fd=1189
01-25 19:08:32.255  2829  6053 D InputTransport: Input channel constructed: 'b90b5db', fd=1256
01-25 19:08:32.255  2829  6053 D InputTransport: Input channel constructed: 'b90b5db', fd=1269
01-25 19:08:32.256  2829  6053 D WindowManager: prepareSync <SYNC_STATE_WAITING_FOR_DRAW>, mPrepareSyncSeqId=0, win=Window{b90b5db u0 com.samsung.android.lool/com.samsung.android.sm.iafd.dialog.AppErrorDialogActivity}
01-25 19:08:32.256  2031  2145 I SurfaceFlinger: id=45378 createSurf, flag=84004, b90b5db com.samsung.android.lool/com.samsung.android.sm.iafd.dialog.AppErrorDialogActivity#45378
01-25 19:08:32.256  2829  6053 V WindowManager: Changing focus from null to Window{b90b5db u0 com.samsung.android.lool/com.samsung.android.sm.iafd.dialog.AppErrorDialogActivity} displayId=0 Callers=com.android.server.wm.RootWindowContainer.updateFocusedWindowLocked:581 com.android.server.wm.WindowManagerService.updateFocusedWindowLocked:6910 com.android.server.wm.WindowManagerService.addWindow:1958 com.android.server.wm.Session.addToDisplayAsUser:240 
01-25 19:08:32.256  2829  6053 I WindowManager: Cancelling animation restarting=true, leash=Surface(name=Surface(name=2f88cfd NavigationBar0)/@0x27506ac - animation-leash of insets_animation)/@0xb53eeb0
01-25 19:08:32.256  2829  6053 I WindowManager: Reparenting to original parent: Surface(name=WindowToken{5348166 type=2019 android.os.BinderProxy@40ba6a8})/@0x8e46f75, destroy=false, surface=Surface(name=2f88cfd NavigationBar0)/@0x27506ac
01-25 19:08:32.256  2829  6053 I WindowManager: Reparenting to leash, surface=Surface(name=2f88cfd NavigationBar0)/@0x27506ac, leashParent=Surface(name=WindowToken{5348166 type=2019 android.os.BinderProxy@40ba6a8})/@0x8e46f75
01-25 19:08:32.256  2031  2145 I SurfaceFlinger: id=45379 createSurf, flag=24000, Surface(name=2f88cfd NavigationBar0)/@0x27506ac - animation-leash of insets_animation#45379
01-25 19:08:32.257  2829  6053 D WindowManager: makeSurface duration=0 leash=Surface(name=Surface(name=2f88cfd NavigationBar0)/@0x27506ac - animation-leash of insets_animation)/@0x5d08fb6
01-25 19:08:32.257  2829  6053 D InsetsSourceProvider: updateControlForTarget: control=InsetsSourceControl: {434c0001 mType=navigationBars initiallyVisible mSurfacePosition=Point(0, 2920) mInsetsHint=Insets{left=0, top=0, right=0, bottom=53}}, target=Window{b90b5db u0 com.samsung.android.lool/com.samsung.android.sm.iafd.dialog.AppErrorDialogActivity}, from=com.android.server.wm.InsetsStateController.onControlTargetChanged:363 com.android.server.wm.InsetsStateController.onBarControlTargetChanged:332 com.android.server.wm.InsetsPolicy.updateBarControlTarget:173 com.android.server.wm.InsetsPolicy.updateSystemBars:843 com.android.server.wm.DisplayPolicy.updateSystemBarsLw:3484 
01-25 19:08:32.257  2829  6053 I WindowManager: Cancelling animation restarting=true, leash=Surface(name=Surface(name=db06f41 StatusBar)/@0x29acb96 - animation-leash of insets_animation)/@0x23edcae
01-25 19:08:32.257  2829  6053 I WindowManager: Reparenting to original parent: Surface(name=WindowToken{e9c91a type=2000 android.os.BinderProxy@361323c})/@0x1f49317, destroy=false, surface=Surface(name=db06f41 StatusBar)/@0x29acb96
01-25 19:08:32.257  2829  6053 I WindowManager: Reparenting to leash, surface=Surface(name=db06f41 StatusBar)/@0x29acb96, leashParent=Surface(name=WindowToken{e9c91a type=2000 android.os.BinderProxy@361323c})/@0x1f49317
01-25 19:08:32.257  2031  3741 I SurfaceFlinger: id=45380 createSurf, flag=24000, Surface(name=db06f41 StatusBar)/@0x29acb96 - animation-leash of insets_animation#45380
01-25 19:08:32.257  2829  6053 D WindowManager: makeSurface duration=0 leash=Surface(name=Surface(name=db06f41 StatusBar)/@0x29acb96 - animation-leash of insets_animation)/@0xa068424
01-25 19:08:32.257  2829  6053 D InsetsSourceProvider: updateControlForTarget: control=InsetsSourceControl: {86080000 mType=statusBars initiallyVisible mSurfacePosition=Point(0, 0) mInsetsHint=Insets{left=0, top=100, right=0, bottom=0}}, target=Window{b90b5db u0 com.samsung.android.lool/com.samsung.android.sm.iafd.dialog.AppErrorDialogActivity}, from=com.android.server.wm.InsetsStateController.onControlTargetChanged:363 com.android.server.wm.InsetsStateController.onBarControlTargetChanged:329 com.android.server.wm.InsetsPolicy.updateBarControlTarget:173 com.android.server.wm.InsetsPolicy.updateSystemBars:843 com.android.server.wm.DisplayPolicy.updateSystemBarsLw:3484 
01-25 19:08:32.257  4640 10381 I ViewRootImpl@5d4fed7[LauncherActivity]: mWNT: t=0xb4000071a02a3700 mBlastBufferQueue=0xb40000719334bf00 fn= 25 mRenderHdrSdrRatio=1.0 caller= com.android.systemui.shared.launcher.ViewRootImplCompat.mergeWithNextTransaction:4 com.honeyspace.transition.utils.SurfaceTransactionApplier.scheduleApply$lambda$1:26 com.honeyspace.transition.utils.SurfaceTransactionApplier.c:0 
01-25 19:08:32.257  2829  6053 D WindowManager: updateSystemBarAttributes: displayId=0, win=Window{b90b5db u0 com.samsung.android.lool/com.samsung.android.sm.iafd.dialog.AppErrorDialogActivity}, navColorWin=Window{b516886 u0 com.sec.android.app.launcher/com.sec.android.app.launcher.activities.LauncherActivity}, focusedCanBeNavColorWin=false, behavior=1, appearance=0, statusBarAppearanceRegions=[AppearanceRegion{ bounds=[0,0][1440,3088]}], requestedVisibilities=-9, from=com.android.server.wm.DisplayPolicy.focusChangedLw:2988 com.android.server.wm.DisplayContent.updateFocusedWindowLocked:4900 com.android.server.wm.RootWindowContainer.updateFocusedWindowLocked:581 
01-25 19:08:32.257  2829  6053 V SystemKeyManager: updateFocusedWindow() is called, com.samsung.android.lool/com.samsung.android.sm.iafd.dialog.AppErrorDialogActivity
01-25 19:08:32.258  2829  6053 D InputTransport: Input channel destroyed: 'b90b5db', fd=1269
01-25 19:08:32.258  4158  4158 D SysUiState: SysUiState changed: old=0x10000000 new=0x10020000
01-25 19:08:32.259  7763  7763 I InsetsController: onStateChanged: host=com.samsung.android.lool/com.samsung.android.sm.iafd.dialog.AppErrorDialogActivity, from=android.view.ViewRootImpl.setView:1797, state=InsetsState: {mDisplayFrame=Rect(0, 0 - 1440, 3088), mDisplayCutout=DisplayCutout{insets=Rect(0, 100 - 0, 0) waterfall=Insets{left=0, top=0, right=0, bottom=0} boundingRect={Bounds=[Rect(0, 0 - 0, 0), Rect(685, 0 - 756, 100), Rect(0, 0 - 0, 0), Rect(0, 0 - 0, 0)]} cutoutPathParserInfo={CutoutPathParserInfo{displayWidth=1440 displayHeight=3088 physicalDisplayWidth=1440 physicalDisplayHeight=3088 density={3.75} cutoutSpec={M 0,0 H -9.466666666666667 V 26.66666666666667 H 9.466666666666667 V 0 H 0 Z @dp} rotation={0} scale={1.0} physicalPixelDisplaySizeRatio={1.0}}}}, mRoundedCorners=RoundedCorners{[RoundedCorner{position=TopLeft, radius=14, center=Point(14, 14)}, RoundedCorner{position=TopRight, radius=14, center=Point(1426, 14)}, RoundedCorner{position=BottomRight, radius=14, center=Point(1426, 3074)}, RoundedCorner{position=BottomLeft, radius=14, center=Point(14, 3074)}]}  mRoundedCornerFrame=Rect(0, 0 - 1440, 3088), mPrivacyIndicatorBounds=PrivacyIndicatorBounds {static bounds=Rect(1286, 0 - 1440, 100) rotation=0}, mDisplayShape=DisplayShape{ spec=-311912193 displayWidth=1440 displayHeight=3088 physicalPixelDisplaySizeRatio=1.0 rotation=0 offsetX=0 offsetY=0 scale=1.0}, mSources= { InsetsSource: {86080000 mType=statusBars mFrame=[0,0][1440,100] mVisible=true mFlags=[]}, InsetsSource: {86080005 mType=mandatorySystemGestures mFrame=[0,0][1440,142] mVisible=true mFlags=[]}, InsetsSource: {86080006 mType=tappableElement mFrame=[0,0][1440,100] mVisible=true mFlags=[]}, InsetsSource: {27 mType=displayCutout mFrame=[0,0][1440,100] mVisible=true mFlags=[]}, InsetsSource: {434c0001 mType=navigationBars mFrame=[0,3035][1440,3088] mVisible=true mFlags=[SUPPRESS_SCRIM]}, InsetsSource: {434c0004 mType=systemGestures mFrame=[0,0][105,3088] mVisible=true mFlags=[]}, InsetsSource: {434c0005 mType=mandatorySystemGestures mFrame=[0,2976][1440,3088] mVisible=true mFlags=[]}, InsetsSource: {434c0006 mType=tappableElement mFrame=[0,0][0,0] mVisible=true mFlags=[]}, InsetsSource: {434c0024 mType=systemGestures mFrame=[1335,0][1440,3088] mVisible=true mFlags=[]} }
01-25 19:08:32.259  7763  7763 I ViewRootImpl@1607d5c[AppErrorDialogActivity]: synced displayState. AttachInfo displayState=2
01-25 19:08:32.259  4640  2947 I HoneySpace.SystemUiRepository: systemUiFlags: allow_gesture|awake
01-25 19:08:32.259  4640  4770 I HoneySpace.TaskbarEventTracker: invokeEvent() called with: event = SystemUiStateChanged(stateFlags=268566528)
01-25 19:08:32.259  7763  7763 I ViewRootImpl@1607d5c[AppErrorDialogActivity]: setView = com.android.internal.policy.DecorView@c85b9c4 TM=true
01-25 19:08:32.263  2829  6053 D InputTransport: Input channel constructed: '519a3af', fd=1269
01-25 19:08:32.263  2829  6053 D InputTransport: Input channel constructed: '519a3af', fd=1281
01-25 19:08:32.264  2829  6053 D InputTransport: Input channel constructed: '519a3af', fd=1286
01-25 19:08:32.264  2829  6053 D WindowManager: prepareSync <SYNC_STATE_WAITING_FOR_DRAW>, mPrepareSyncSeqId=0, win=Window{519a3af u0 com.samsung.android.lool/com.samsung.android.sm.iafd.dialog.AppErrorDialogActivity}
01-25 19:08:32.264  2031  2145 I SurfaceFlinger: id=45381 createSurf, flag=84004, 519a3af com.samsung.android.lool/com.samsung.android.sm.iafd.dialog.AppErrorDialogActivity#45381
01-25 19:08:32.264  2829  6053 D RestrictionPolicy: isScreenCaptureEnabled : ret=true userId=0
01-25 19:08:32.264  2829  6053 D InputTransport: Input channel destroyed: '519a3af', fd=1286
01-25 19:08:32.264  7763  7763 I InsetsController: onStateChanged: host=com.samsung.android.lool/com.samsung.android.sm.iafd.dialog.AppErrorDialogActivity, from=android.view.ViewRootImpl.setView:1797, state=InsetsState: {mDisplayFrame=Rect(0, 0 - 1440, 3088), mDisplayCutout=DisplayCutout{insets=Rect(0, 100 - 0, 0) waterfall=Insets{left=0, top=0, right=0, bottom=0} boundingRect={Bounds=[Rect(0, 0 - 0, 0), Rect(685, 0 - 756, 100), Rect(0, 0 - 0, 0), Rect(0, 0 - 0, 0)]} cutoutPathParserInfo={CutoutPathParserInfo{displayWidth=1440 displayHeight=3088 physicalDisplayWidth=1440 physicalDisplayHeight=3088 density={3.75} cutoutSpec={M 0,0 H -9.466666666666667 V 26.66666666666667 H 9.466666666666667 V 0 H 0 Z @dp} rotation={0} scale={1.0} physicalPixelDisplaySizeRatio={1.0}}}}, mRoundedCorners=RoundedCorners{[RoundedCorner{position=TopLeft, radius=14, center=Point(14, 14)}, RoundedCorner{position=TopRight, radius=14, center=Point(1426, 14)}, RoundedCorner{position=BottomRight, radius=14, center=Point(1426, 3074)}, RoundedCorner{position=BottomLeft, radius=14, center=Point(14, 3074)}]}  mRoundedCornerFrame=Rect(0, 0 - 1440, 3088), mPrivacyIndicatorBounds=PrivacyIndicatorBounds {static bounds=Rect(1286, 0 - 1440, 100) rotation=0}, mDisplayShape=DisplayShape{ spec=-311912193 displayWidth=1440 displayHeight=3088 physicalPixelDisplaySizeRatio=1.0 rotation=0 offsetX=0 offsetY=0 scale=1.0}, mSources= { InsetsSource: {86080000 mType=statusBars mFrame=[0,0][1440,100] mVisible=true mFlags=[]}, InsetsSource: {86080005 mType=mandatorySystemGestures mFrame=[0,0][1440,142] mVisible=true mFlags=[]}, InsetsSource: {86080006 mType=tappableElement mFrame=[0,0][1440,100] mVisible=true mFlags=[]}, InsetsSource: {27 mType=displayCutout mFrame=[0,0][1440,100] mVisible=true mFlags=[]}, InsetsSource: {434c0001 mType=navigationBars mFrame=[0,3035][1440,3088] mVisible=true mFlags=[SUPPRESS_SCRIM]}, InsetsSource: {434c0004 mType=systemGestures mFrame=[0,0][105,3088] mVisible=true mFlags=[]}, InsetsSource: {434c0005 mType=mandatorySystemGestures mFrame=[0,2976][1440,3088] mVisible=true mFlags=[]}, InsetsSource: {434c0006 mType=tappableElement mFrame=[0,0][0,0] mVisible=true mFlags=[]}, InsetsSource: {434c0024 mType=systemGestures mFrame=[1335,0][1440,3088] mVisible=true mFlags=[]} }
01-25 19:08:32.264  7763  7763 I ViewRootImpl@6eda454[AppErrorDialogActivity]: synced displayState. AttachInfo displayState=2
01-25 19:08:32.265  2031  2031 I Layer   : Layer::reparent [2f88cfd NavigationBar0#82] newParent : Surface(name=2f88cfd NavigationBar0)/@0x27506ac - animation-leash of insets_animation#45379 , isRemovedFromCurrentState : 0 -------------------------
01-25 19:08:32.265  2031  2031 I Layer   : Layer::reparent [2f88cfd NavigationBar0#82] End -------------------------
01-25 19:08:32.265  2031  2031 I Layer   : Layer::reparent [Surface(name=2f88cfd NavigationBar0)/@0x27506ac - animation-leash of insets_animation#45367] newParentHandle : null -------------------------
01-25 19:08:32.265  2031  2031 I Layer   : id=45367 removeFromCurrentState Surface(name=2f88cfd NavigationBar0)/@0x27506ac - animation-leash of insets_animation#45367 (187)
01-25 19:08:32.265  2031  2031 I Layer   : Layer::reparent [Surface(name=2f88cfd NavigationBar0)/@0x27506ac - animation-leash of insets_animation#45367] End -------------------------
01-25 19:08:32.265  2031  2031 I Layer   : Layer::reparent [db06f41 StatusBar#94] newParent : Surface(name=db06f41 StatusBar)/@0x29acb96 - animation-leash of insets_animation#45380 , isRemovedFromCurrentState : 0 -------------------------
01-25 19:08:32.265  2031  2031 I Layer   : Layer::reparent [db06f41 StatusBar#94] End -------------------------
01-25 19:08:32.265  2031  2031 I Layer   : Layer::reparent [Surface(name=db06f41 StatusBar)/@0x29acb96 - animation-leash of insets_animation#45368] newParentHandle : null -------------------------
01-25 19:08:32.265  2031  2031 I Layer   : id=45368 removeFromCurrentState Surface(name=db06f41 StatusBar)/@0x29acb96 - animation-leash of insets_animation#45368 (187)
01-25 19:08:32.265  2031  2031 I Layer   : Layer::reparent [Surface(name=db06f41 StatusBar)/@0x29acb96 - animation-leash of insets_animation#45368] End -------------------------
01-25 19:08:32.265  2031  2031 I SurfaceFlinger: id=45368 Removed Surface(name=db06f41 StatusBar)/@0x29acb96 - animation-leash of insets_animation#45368 (187)
01-25 19:08:32.265  2031  2031 I SurfaceFlinger: id=45367 Removed Surface(name=2f88cfd NavigationBar0)/@0x27506ac - animation-leash of insets_animation#45367 (187)
01-25 19:08:32.265  4640 10382 I ViewRootImpl@5d4fed7[LauncherActivity]: mWNT: t=0xb4000071a02a3b80 mBlastBufferQueue=0xb40000719334bf00 fn= 26 mRenderHdrSdrRatio=1.0 caller= com.android.systemui.shared.launcher.ViewRootImplCompat.mergeWithNextTransaction:4 com.honeyspace.transition.utils.SurfaceTransactionApplier.scheduleApply$lambda$1:26 com.honeyspace.transition.utils.SurfaceTransactionApplier.c:0 
01-25 19:08:32.266  7763  7763 I ViewRootImpl@6eda454[AppErrorDialogActivity]: setView = com.android.internal.policy.DecorView@ebb0743 TM=true
01-25 19:08:32.266  7763  7763 I IDS_TAG : Starting IDS observe window
01-25 19:08:32.266  7763  7763 I IDS_TAG : Getting Shared Preference for com.samsung.android.sm.common.SmApplication@6520349 uid = 1000
01-25 19:08:32.266  7763  7763 E IDS_TAG : System UID: no SharedPreferences here, no IDS
01-25 19:08:32.266  7763  7763 I IDS_TAG : App com.samsung.android.sm.common.SmApplication@6520349 has not finished training
01-25 19:08:32.266  7763  7763 I IDS_TAG : Closing IDS observe window
01-25 19:08:32.266  7763  7763 I IDS_TAG : Getting Shared Preference for com.samsung.android.sm.common.SmApplication@6520349 uid = 1000
01-25 19:08:32.266  7763  7763 E IDS_TAG : System UID: no SharedPreferences here, no IDS
01-25 19:08:32.267  2829  3964 V MdnieScenarioControlService: mAclOffEnabled : false
01-25 19:08:32.267  2829  6053 D CoreBackPreview: Window{b90b5db u0 com.samsung.android.lool/com.samsung.android.sm.iafd.dialog.AppErrorDialogActivity}: Setting back callback OnBackInvokedCallbackInfo{mCallback=android.window.IOnBackInvokedCallback$Stub$Proxy@d66cbcb, mPriority=0, mIsAnimationCallback=false}
01-25 19:08:32.272 17849 17849 I SAMSUNGWALLET-BPC: [AlertController] alert: com.samsung.android.lool
01-25 19:08:32.272  2829  5655 V WindowManager: Relayout Window{b90b5db u0 com.samsung.android.lool/com.samsung.android.sm.iafd.dialog.AppErrorDialogActivity}: viewVisibility=0 req=1438x698 ty=2 d0
01-25 19:08:32.272  2829  5655 D RestrictionPolicy: isScreenCaptureEnabled : ret=true userId=0
01-25 19:08:32.273  2031  3741 I SurfaceFlinger: id=45382 createSurf, flag=44004, com.samsung.android.lool/com.samsung.android.sm.iafd.dialog.AppErrorDialogActivity$_7763#45382
01-25 19:08:32.273  2031  2031 I Layer   : id=45367 Destroyed Surface(name=2f88cfd NavigationBar0)/@0x27506ac - animation-leash of insets_animation#45367
01-25 19:08:32.273  2031  2031 I Layer   : id=45368 Destroyed Surface(name=db06f41 StatusBar)/@0x29acb96 - animation-leash of insets_animation#45368
01-25 19:08:32.273  2829  5655 D WindowManager: makeSurface duration=1 name=com.samsung.android.lool/com.samsung.android.sm.iafd.dialog.AppErrorDialogActivity$_7763
01-25 19:08:32.274  4640 10381 I ViewRootImpl@5d4fed7[LauncherActivity]: mWNT: t=0xb4000071a02a3d00 mBlastBufferQueue=0xb40000719334bf00 fn= 27 mRenderHdrSdrRatio=1.0 caller= com.android.systemui.shared.launcher.ViewRootImplCompat.mergeWithNextTransaction:4 com.honeyspace.transition.utils.SurfaceTransactionApplier.scheduleApply$lambda$1:26 com.honeyspace.transition.utils.SurfaceTransactionApplier.c:0 
01-25 19:08:32.274  2829  5655 D WindowManager: SyncGroup 2811:  Unfinished container: ActivityRecord{89d3b22 u0 com.samsung.android.lool/com.samsung.android.sm.iafd.dialog.AppErrorDialogActivity t31834} mSyncState=2
01-25 19:08:32.275  2829  5655 V WindowManager: Relayout hash=b90b5db, pid=7763, syncId=-1: mAttrs={(0,0)(wrapxwrap) gr=BOTTOM CENTER_VERTICAL sim={adjust=pan forwardNavigation} ty=APPLICATION fmt=TRANSLUCENT wanim=0x7f140002 surfaceInsets=Rect(7, 7 - 7, 7)
01-25 19:08:32.275  2829  5655 V WindowManager:   fl=1820002
01-25 19:08:32.275  2829  5655 V WindowManager:   pfl=42000000
01-25 19:08:32.275  2829  5655 V WindowManager:   bhv=DEFAULT
01-25 19:08:32.275  2829  5655 V WindowManager:   fitTypes=STATUS_BARS NAVIGATION_BARS CAPTION_BAR
01-25 19:08:32.275  2829  5655 V WindowManager:  dimAmount=0.65 dimDuration=150 naviIconColor=0}
01-25 19:08:32.275  7763  7763 I InsetsSourceConsumer: applyRequestedVisibilityToControl: visible=true, type=navigationBars, host=com.samsung.android.lool/com.samsung.android.sm.iafd.dialog.AppErrorDialogActivity
01-25 19:08:32.275  7763  7763 I InsetsSourceConsumer: applyRequestedVisibilityToControl: visible=true, type=statusBars, host=com.samsung.android.lool/com.samsung.android.sm.iafd.dialog.AppErrorDialogActivity
01-25 19:08:32.277  7763  7763 I BufferQueueProducer: [](id:1e5300000000,api:0,p:0,c:7763) setDequeueTimeout:2077252342
01-25 19:08:32.278  7763  7763 I BLASTBufferQueue_Java: new BLASTBufferQueue, mName= ViewRootImpl@1607d5c[AppErrorDialogActivity] mNativeObject= 0xb4000072a4375800 sc.mNativeObject= 0xb4000072a42ebf40 caller= android.view.ViewRootImpl.updateBlastSurfaceIfNeeded:3085 android.view.ViewRootImpl.relayoutWindow:10224 android.view.ViewRootImpl.performTraversals:4167 android.view.ViewRootImpl.doTraversal:3345 android.view.ViewRootImpl$TraversalRunnable.run:11437 android.view.Choreographer$CallbackRecord.run:1690 android.view.Choreographer$CallbackRecord.run:1699 android.view.Choreographer.doCallbacks:1154 android.view.Choreographer.doFrame:1080 android.view.Choreographer$FrameDisplayEventReceiver.run:1647 
01-25 19:08:32.278  7763  7763 I BLASTBufferQueue_Java: update, w= 1452 h= 712 mName = ViewRootImpl@1607d5c[AppErrorDialogActivity] mNativeObject= 0xb4000072a4375800 sc.mNativeObject= 0xb4000072a42ebf40 format= -3 caller= android.graphics.BLASTBufferQueue.<init>:89 android.view.ViewRootImpl.updateBlastSurfaceIfNeeded:3085 android.view.ViewRootImpl.relayoutWindow:10224 android.view.ViewRootImpl.performTraversals:4167 android.view.ViewRootImpl.doTraversal:3345 android.view.ViewRootImpl$TraversalRunnable.run:11437 
01-25 19:08:32.278  7763  7763 I ViewRootImpl@1607d5c[AppErrorDialogActivity]: Relayout returned: old=(0,100,1440,3035) new=(1,2337,1439,3035) relayoutAsync=false req=(1438,698)0 dur=3 res=0x403 s={true 0xb40000724e336000} ch=true seqId=0
01-25 19:08:32.278  7763  7763 I ViewRootImpl@1607d5c[AppErrorDialogActivity]: performConfigurationChange setNightDimText nightDimLevel=0
01-25 19:08:32.279  7763  7763 I ViewRootImpl@1607d5c[AppErrorDialogActivity]: Setup new sync=wmsSync-ViewRootImpl@1607d5c[AppErrorDialogActivity]#0
01-25 19:08:32.279  7763  7763 I ViewRootImpl@1607d5c[AppErrorDialogActivity]: Creating new active sync group ViewRootImpl@1607d5c[AppErrorDialogActivity]#1
01-25 19:08:32.279  7763  7763 I SurfaceSyncGroup: addLocalSync=ViewRootImpl@1607d5c[AppErrorDialogActivity]#1 to name=wmsSync-ViewRootImpl@1607d5c[AppErrorDialogActivity]#0, callers=android.window.SurfaceSyncGroup.add:431 android.window.SurfaceSyncGroup.add:392 android.window.SurfaceSyncGroup.add:340 android.view.ViewRootImpl.createSyncIfNeeded:4912 android.view.ViewRootImpl.performTraversals:4796 android.view.ViewRootImpl.doTraversal:3345 
01-25 19:08:32.279  7763  7763 I ViewRootImpl@1607d5c[AppErrorDialogActivity]: registerCallbacksForSync syncBuffer=false
01-25 19:08:32.280  7763  7875 I ViewRootImpl@1607d5c[AppErrorDialogActivity]: Received frameDrawingCallback syncResult=0 frameNum=1.
01-25 19:08:32.280  7763  7875 I ViewRootImpl@1607d5c[AppErrorDialogActivity]: mWNT: t=0xb4000072a42d6400 mBlastBufferQueue=0xb4000072a4375800 fn= 1 mRenderHdrSdrRatio=1.0 caller= android.view.ViewRootImpl$8.onFrameDraw:13946 android.view.ThreadedRenderer$1.onFrameDraw:792 <bottom of call stack> 
01-25 19:08:32.280  7763  7875 I ViewRootImpl@1607d5c[AppErrorDialogActivity]: Setting up sync and frameCommitCallback
01-25 19:08:32.282  4640 10382 I ViewRootImpl@5d4fed7[LauncherActivity]: mWNT: t=0xb4000071a02bb300 mBlastBufferQueue=0xb40000719334bf00 fn= 28 mRenderHdrSdrRatio=1.0 caller= com.android.systemui.shared.launcher.ViewRootImplCompat.mergeWithNextTransaction:4 com.honeyspace.transition.utils.SurfaceTransactionApplier.scheduleApply$lambda$1:26 com.honeyspace.transition.utils.SurfaceTransactionApplier.c:0 
01-25 19:08:32.289  7763  7866 I BLASTBufferQueue: [ViewRootImpl@1607d5c[AppErrorDialogActivity]#0](f:0,a:0,s:0) onFrameAvailable the first frame is available
01-25 19:08:32.290  7763  7866 I ViewRootImpl@1607d5c[AppErrorDialogActivity]: Received frameCommittedCallback lastAttemptedDrawFrameNum=1 didProduceBuffer=true
01-25 19:08:32.290  7763  7866 I SurfaceSyncGroup: onTransactionReady mName=wmsSync-ViewRootImpl@1607d5c[AppErrorDialogActivity]#0 callback=253293959
01-25 19:08:32.290  7763  7763 I ViewRootImpl@1607d5c[AppErrorDialogActivity]: reportDrawFinished seqId=0
01-25 19:08:32.290  2829  5655 D WindowManager: finishDrawingWindow: Window{b90b5db u0 com.samsung.android.lool/com.samsung.android.sm.iafd.dialog.AppErrorDialogActivity} mDrawState=DRAW_PENDING seqId=0
01-25 19:08:32.290  2829  6053 D InputDispatcher: Focus request (0): b90b5db com.samsung.android.lool/com.samsung.android.sm.iafd.dialog.AppErrorDialogActivity but waiting because NO_WINDOW
01-25 19:08:32.291  4640 10381 I ViewRootImpl@5d4fed7[LauncherActivity]: mWNT: t=0xb4000071a02bb480 mBlastBufferQueue=0xb40000719334bf00 fn= 29 mRenderHdrSdrRatio=1.0 caller= com.android.systemui.shared.launcher.ViewRootImplCompat.mergeWithNextTransaction:4 com.honeyspace.transition.utils.SurfaceTransactionApplier.scheduleApply$lambda$1:26 com.honeyspace.transition.utils.SurfaceTransactionApplier.c:0 
01-25 19:08:32.292  2829  3124 D WindowManager: SyncGroup 2811:  Unfinished container: ActivityRecord{89d3b22 u0 com.samsung.android.lool/com.samsung.android.sm.iafd.dialog.AppErrorDialogActivity t31834} mSyncState=2
01-25 19:08:32.292  2829  6769 V WindowManager: Relayout Window{519a3af u0 com.samsung.android.lool/com.samsung.android.sm.iafd.dialog.AppErrorDialogActivity}: viewVisibility=0 req=0x0 ty=1 d0
01-25 19:08:32.292  2829  6769 D RestrictionPolicy: isScreenCaptureEnabled : ret=true userId=0
01-25 19:08:32.292  2031  2145 I SurfaceFlinger: id=45383 createSurf, flag=44004, com.samsung.android.lool/com.samsung.android.sm.iafd.dialog.AppErrorDialogActivity$_7763#45383
01-25 19:08:32.293  2829  6769 D WindowManager: makeSurface duration=1 name=com.samsung.android.lool/com.samsung.android.sm.iafd.dialog.AppErrorDialogActivity$_7763
01-25 19:08:32.293  2829  6769 D WindowManager: SyncGroup 2811:  Unfinished container: ActivityRecord{89d3b22 u0 com.samsung.android.lool/com.samsung.android.sm.iafd.dialog.AppErrorDialogActivity t31834} mSyncState=2
01-25 19:08:32.294  7763  7791 I ViewRootImpl@6eda454[AppErrorDialogActivity]: Resizing android.view.ViewRootImpl@2921020: frame = [720,1567][720,1567] reportDraw = true forceLayout = false syncSeqId = -1
01-25 19:08:32.294  2829  6053 D CoreBackPreview: Window{519a3af u0 com.samsung.android.lool/com.samsung.android.sm.iafd.dialog.AppErrorDialogActivity}: Setting back callback OnBackInvokedCallbackInfo{mCallback=android.window.IOnBackInvokedCallback$Stub$Proxy@dd151fd, mPriority=0, mIsAnimationCallback=false}
01-25 19:08:32.294  2829  6769 V WindowManager: Relayout hash=519a3af, pid=7763, syncId=-1: mAttrs={(0,0)(wrapxwrap) sim={adjust=pan forwardNavigation} ty=BASE_APPLICATION fmt=TRANSPARENT wanim=0x7f140002 surfaceInsets=Rect(7, 7 - 7, 7)
01-25 19:08:32.294  2829  6769 V WindowManager:   fl=1800002
01-25 19:08:32.294  2829  6769 V WindowManager:   pfl=42000000
01-25 19:08:32.294  2829  6769 V WindowManager:   bhv=DEFAULT
01-25 19:08:32.294  2829  6769 V WindowManager:   fitTypes=STATUS_BARS NAVIGATION_BARS CAPTION_BAR
01-25 19:08:32.294  2829  6769 V WindowManager:  dimAmount=0.65 naviIconColor=0}
01-25 19:08:32.294  7763  7763 I InsetsController: onStateChanged: host=com.samsung.android.lool/com.samsung.android.sm.iafd.dialog.AppErrorDialogActivity, from=android.view.ViewRootImpl.relayoutWindow:10165, state=InsetsState: {mDisplayFrame=Rect(0, 0 - 1440, 3088), mDisplayCutout=DisplayCutout{insets=Rect(0, 100 - 0, 0) waterfall=Insets{left=0, top=0, right=0, bottom=0} boundingRect={Bounds=[Rect(0, 0 - 0, 0), Rect(685, 0 - 756, 100), Rect(0, 0 - 0, 0), Rect(0, 0 - 0, 0)]} cutoutPathParserInfo={CutoutPathParserInfo{displayWidth=1440 displayHeight=3088 physicalDisplayWidth=1440 physicalDisplayHeight=3088 density={3.75} cutoutSpec={M 0,0 H -9.466666666666667 V 26.66666666666667 H 9.466666666666667 V 0 H 0 Z @dp} rotation={0} scale={1.0} physicalPixelDisplaySizeRatio={1.0}}}}, mRoundedCorners=RoundedCorners{[RoundedCorner{position=TopLeft, radius=14, center=Point(14, 14)}, RoundedCorner{position=TopRight, radius=14, center=Point(1426, 14)}, RoundedCorner{position=BottomRight, radius=14, center=Point(1426, 3074)}, RoundedCorner{position=BottomLeft, radius=14, center=Point(14, 3074)}]}  mRoundedCornerFrame=Rect(0, 0 - 1440, 3088), mPrivacyIndicatorBounds=PrivacyIndicatorBounds {static bounds=Rect(1286, 0 - 1440, 100) rotation=0}, mDisplayShape=DisplayShape{ spec=-311912193 displayWidth=1440 displayHeight=3088 physicalPixelDisplaySizeRatio=1.0 rotation=0 offsetX=0 offsetY=0 scale=1.0}, mSources= { InsetsSource: {86080000 mType=statusBars mFrame=[0,0][1440,100] mVisible=true mFlags=[]}, InsetsSource: {86080005 mType=mandatorySystemGestures mFrame=[0,0][1440,142] mVisible=true mFlags=[]}, InsetsSource: {86080006 mType=tappableElement mFrame=[0,0][1440,100] mVisible=true mFlags=[]}, InsetsSource: {3 mType=ime mFrame=[0,0][0,0] mVisible=false mFlags=[]}, InsetsSource: {27 mType=displayCutout mFrame=[0,0][1440,100] mVisible=true mFlags=[]}, InsetsSource: {434c0001 mType=navigationBars mFrame=[0,3035][1440,3088] mVisible=true mFlags=[SUPPRESS_SCRIM]}, InsetsSource: {434c0004 mType=systemGestures mFrame=[0,0][105,3088] mVisible=true mFlags=[]}, InsetsSource: {434c0005 mType=mandatorySystemGestures mFrame=[0,2976][1440,3088] mVisible=true mFlags=[]}, InsetsSource: {434c0006 mType=tappableElement mFrame=[0,0][0,0] mVisible=true mFlags=[]}, InsetsSource: {434c0024 mType=systemGestures mFrame=[1335,0][1440,3088] mVisible=true mFlags=[]} }
01-25 19:08:32.295  7763  7763 I BufferQueueProducer: [](id:1e5300000001,api:0,p:0,c:7763) setDequeueTimeout:2077252342
01-25 19:08:32.295  7763  7763 I BLASTBufferQueue_Java: new BLASTBufferQueue, mName= ViewRootImpl@6eda454[AppErrorDialogActivity] mNativeObject= 0xb4000072a4375b00 sc.mNativeObject= 0xb40000724e34cd80 caller= android.view.ViewRootImpl.updateBlastSurfaceIfNeeded:3085 android.view.ViewRootImpl.relayoutWindow:10224 android.view.ViewRootImpl.performTraversals:4167 android.view.ViewRootImpl.doTraversal:3345 android.view.ViewRootImpl$TraversalRunnable.run:11437 android.view.Choreographer$CallbackRecord.run:1690 android.view.Choreographer$CallbackRecord.run:1699 android.view.Choreographer.doCallbacks:1154 android.view.Choreographer.doFrame:1080 android.view.Choreographer$FrameDisplayEventReceiver.run:1647 
01-25 19:08:32.295  7763  7763 I BLASTBufferQueue_Java: update, w= 15 h= 15 mName = ViewRootImpl@6eda454[AppErrorDialogActivity] mNativeObject= 0xb4000072a4375b00 sc.mNativeObject= 0xb40000724e34cd80 format= -2 caller= android.graphics.BLASTBufferQueue.<init>:89 android.view.ViewRootImpl.updateBlastSurfaceIfNeeded:3085 android.view.ViewRootImpl.relayoutWindow:10224 android.view.ViewRootImpl.performTraversals:4167 android.view.ViewRootImpl.doTraversal:3345 android.view.ViewRootImpl$TraversalRunnable.run:11437 
01-25 19:08:32.295  7763  7763 I ViewRootImpl@6eda454[AppErrorDialogActivity]: Relayout returned: old=(0,100,1440,3035) new=(720,1567,720,1567) relayoutAsync=false req=(0,0)0 dur=4 res=0x403 s={true 0xb40000724e338800} ch=true seqId=0
01-25 19:08:32.295  7763  7763 I ViewRootImpl@6eda454[AppErrorDialogActivity]: performConfigurationChange setNightDimText nightDimLevel=0
01-25 19:08:32.296  7763  7763 I ViewRootImpl@6eda454[AppErrorDialogActivity]: Setup new sync=wmsSync-ViewRootImpl@6eda454[AppErrorDialogActivity]#2
01-25 19:08:32.296  7763  7763 I ViewRootImpl@6eda454[AppErrorDialogActivity]: Creating new active sync group ViewRootImpl@6eda454[AppErrorDialogActivity]#3
01-25 19:08:32.296  7763  7763 I SurfaceSyncGroup: addLocalSync=ViewRootImpl@6eda454[AppErrorDialogActivity]#3 to name=wmsSync-ViewRootImpl@6eda454[AppErrorDialogActivity]#2, callers=android.window.SurfaceSyncGroup.add:431 android.window.SurfaceSyncGroup.add:392 android.window.SurfaceSyncGroup.add:340 android.view.ViewRootImpl.createSyncIfNeeded:4912 android.view.ViewRootImpl.performTraversals:4796 android.view.ViewRootImpl.doTraversal:3345 
01-25 19:08:32.296  7763  7763 I ViewRootImpl@6eda454[AppErrorDialogActivity]: registerCallbacksForSync syncBuffer=false
01-25 19:08:32.296  7763  7874 I ViewRootImpl@6eda454[AppErrorDialogActivity]: Received frameDrawingCallback syncResult=0 frameNum=1.
01-25 19:08:32.296  7763  7874 I ViewRootImpl@6eda454[AppErrorDialogActivity]: mWNT: t=0xb40000724e381b00 mBlastBufferQueue=0xb4000072a4375b00 fn= 1 mRenderHdrSdrRatio=1.0 caller= android.view.ViewRootImpl$8.onFrameDraw:13946 android.view.ThreadedRenderer$1.onFrameDraw:792 <bottom of call stack> 
01-25 19:08:32.296  7763  7874 I ViewRootImpl@6eda454[AppErrorDialogActivity]: Setting up sync and frameCommitCallback
01-25 19:08:32.297  7763  7866 I BLASTBufferQueue: [ViewRootImpl@6eda454[AppErrorDialogActivity]#1](f:0,a:0,s:0) onFrameAvailable the first frame is available
01-25 19:08:32.297  7763  7866 I ViewRootImpl@6eda454[AppErrorDialogActivity]: Received frameCommittedCallback lastAttemptedDrawFrameNum=1 didProduceBuffer=true
01-25 19:08:32.297  7763  7866 I SurfaceSyncGroup: onTransactionReady mName=wmsSync-ViewRootImpl@6eda454[AppErrorDialogActivity]#2 callback=31116761
01-25 19:08:32.297 17851 17851 I civb    : onPause
01-25 19:08:32.297  7763  7763 I ViewRootImpl@6eda454[AppErrorDialogActivity]: reportDrawFinished seqId=0
01-25 19:08:32.297  2829  6769 D WindowManager: finishDrawingWindow: Window{519a3af u0 com.samsung.android.lool/com.samsung.android.sm.iafd.dialog.AppErrorDialogActivity} mDrawState=DRAW_PENDING seqId=0
01-25 19:08:32.297  2829  5012 D ActivityManager: unpendingScheduleServiceRestart: u=10351, drop=false
01-25 19:08:32.298  7763  7763 I NestedScrollView: GTT HSC not support : Small Height child
01-25 19:08:32.298  7763  7763 I NestedScrollView: GTT HSC not support : Small Height child
