01-25 17:40:27.185  1959 11159 E AF_DEBUG: PrintAfCalData(491) : [cam_id_4] 12bit(9bit) | af cal data far: 1376(172), mid2: -1(-1), mid1: -1(-1), near: 2208(276), max: 4088(511), add_80: -1(-1), plus_offset: 65535(8191), minus_offset: 65535(8191) zoom_rate(x1000) 1000
01-25 17:40:27.186  1959 11159 E AF_DEBUG: AfLib_BootingInit(647) : [cam_id_4][factory_af_booting_init]  factory_af_flag = 0
01-25 17:40:27.186  1959 11159 E AF_DEBUG: CheckBootingInitDone(710) : [cam_id_4] Booting Init is not done!!
01-25 17:40:27.186  1959 11159 I SS_3A   :  INFO:  AF: LoadAlgorithmAndSymbols: 363: TsAf_init calls
01-25 17:40:27.186  1959 11159 I SS_3A   :  INFO:  AF: LoadAlgorithmAndSymbols: 384: X
01-25 17:40:27.186  1959 11159 I SS_3A   :  INFO:  AF: CreateAFAlgorithm: 614: pAF first time 0xb4000079ae4483f0
01-25 17:40:27.186  1959 11159 I SS_3A   :  INFO:  AF: CreateAFAlgorithm: 647: X
01-25 17:40:27.186  1959 11159 E AF_DEBUG: AfLib_AlgorithmInit(1178) : [cam_id_4] paf_cal_data_info = 20220725 paf_cal_errcheck 0x00000000 vpd_cal 0 vpd_cal_data_info = 0 vpaf_cal_errcheck 0x00000000 
01-25 17:40:27.186  1959 11159 E AF_DEBUG: AfInit(7504) : [cam_id_4] Version(0xD561). mode(0). lens(1458). sensor(4000 x 3000). touch(0 x 0 ). pafstatvalid(1)
01-25 17:40:27.186  1959 11159 E AF_DEBUG: UpdateAfStatus(179) : [cam_id_4] AF status 0x0 -> 0x20, called from : AfInit(7536)  
01-25 17:40:27.186  1959 11159 I SS_3A   :  INFO: AWB: CreateAWBAlgorithm: 684: statsStreamInitConfig operationMode 0
01-25 17:40:27.186  1959 11159 I SS_3A   :  INFO: AWB: CreateAWBAlgorithm: 608: StaticAWB algo sizeOfParam for CHISTATSHANDLE is 24
01-25 17:40:27.186  1959 11159 I SS_3A   :  INFO: AWB: CreateAWBAlgorithm: 617: Lens Facing = 0
01-25 17:40:27.186  1959 11159 I SS_3A   :  INFO: AWB: CreateAWBAlgorithm: 665: StaticAWB algo create: overrideCameraOpen is 32
01-25 17:40:27.186  1959 11159 I SS_3A   :  INFO: AWB: CreateAWBAlgorithm: 675: cameraInfo algoRole 0, cameraId 5
01-25 17:40:27.186  1959 11159 I SS_3A   :  INFO: AWB: TsCommonFillSensorIdMap: 26: Already filled, cameraId(5) driverSensorId(12)
01-25 17:40:27.186  1959 11159 I SS_3A   :  INFO: AWB: CreateAWBAlgorithm: 702: CreateAWBAlgorithm (refcnt:0 cameraId 5 OverrideCameraOpen 1 lensFacing 0 pAWBSingletonWrapper->pAWB 0xb400007947ad4710
01-25 17:40:27.186  1959 11159 I SS_3A   :  INFO: AWB: CreateAWBAlgorithm: 768: ReCreate AWBAlgorithm, pAWB 0xb400007947ad4710
01-25 17:40:27.186  1959 11159 I SS_3A   :  INFO: AWB: TsAwb_get_cal_data_front: 127: module[0] 361 742 745 375
01-25 17:40:27.186  1959 11159 I SS_3A   :  INFO: AWB: TsAwb_get_cal_data_front: 129: module[0] RG 0.485541 , BG 0.504371
01-25 17:40:27.186  1959 11159 I SS_3A   :  INFO: AWB: TsAwb_init_with_mode: 168: TuningVersion 0xED1A0428
01-25 17:40:27.186  1959 11159 I SS_3A   :  INFO: AWB: TsAwb_init_with_mode: 212: [eLensType 0] Adjust_gain = 0.985368, 1.010038
01-25 17:40:27.186  1959 11159 I SS_3A   :  INFO: AEC: AECAlgoSetNodeInterface: 1022: AEC vendorTagBase 0x80d40000
01-25 17:40:27.186  1959 11159 I SS_3A   :  INFO: AEC: AECAlgoSetNodeInterface: 1032: AWB vendorTagBase 0x80d60000
01-25 17:40:27.186  1959 11159 I SS_3A   :  INFO: AEC: AECAlgoSetNodeInterface: 1042: AF vendorTagBase 0x80d50000
01-25 17:40:27.186  1959 11159 I SS_3A   :  INFO: AEC: CreateAEC: 699: StaticAEC algo sizeOfParam for CHISTATSHANDLE is 24
01-25 17:40:27.186  1959 11159 I SS_3A   :  INFO: AEC: CreateAEC: 713: AEC_VendorTag:: Lens Facing = 0 chiSessionHandle = 0xb4000078fc8de288
01-25 17:40:27.186  1959 11159 I SS_3A   :  INFO: AEC: CreateAEC: 783: StaticAEC algo create: camera open mask 32 
01-25 17:40:27.186  1959 11159 I SS_3A   :  INFO: AEC: CreateAEC: 693: aec_camera_info 0 5
01-25 17:40:27.186  1959 11159 I SS_3A   :  INFO: AEC: CreateAEC: 790: flicker CSC:60 
01-25 17:40:27.186  1959 11159 I SS_3A   :  INFO: AEC: TsCommonFillSensorIdMap: 26: Already filled, cameraId(5) driverSensorId(12)
01-25 17:40:27.186  1959 11159 I SS_3A   :  INFO: AEC: CreateAEC: 808: CreateAECAlgorithm (refcnt:0 cameraId 5 OverrideCameraOpen 1 lensFacing 0 pAECSingletonWrapper->pAECSingleton 0xb400007947ad4760 [sensor:S5K3LU]
01-25 17:40:27.186  1959 11159 I SS_3A   :  INFO: AEC: CreateAEC: 909: ReCreate AECAlgorithm 0xb400007947ad4760
01-25 17:40:27.192  1959  2104 I CHI     : [SS_LOW ]: [CHI         ]: chxextensionmodule.cpp: InitializeOverrideSession: 7975: MemAvailable: 3247828 kB
01-25 17:40:27.192  1959  2104 I CHI     : [SS_LOW ]: [CHI         ]: chxextensionmodule.cpp: InitializeOverrideSession: 7995: [DUAL_MODE_DBG] m_isFrontCameraOpened=1
01-25 17:40:27.192  1959  2104 I Unihal  : CameraDevice.cpp: ConfigureStreams: 96: [UNIKPI][1] VndHAL->configure_streams: X
01-25 17:40:27.192  1959  2104 I Unihal  : UniState.cpp: transitState: 102: Transiting to state 4
01-25 17:40:27.192  1959  2104 I Unihal  : UniHal3InterfaceEntry.cpp: uni_configure_streams: 288: [UNIKPI][1] UniHAL->configure_streams: X
01-25 17:40:27.192  1959  2104 I Samsung_CameraDeviceSession_impl: [CAMKPI] camera3->configure_streams : X
01-25 17:40:27.192  2411  9635 D AidlCamera3-Device: configureStreams : stream[0] : format = 0x23(YUV_420_888), data_space = 146931712, color_space = -1 usage flag = 0x20003 max_buffers = 8, physical_camera_id = 
01-25 17:40:27.192  2411  9635 D Camera3-Device: CameraPerf: Connect Streams E
01-25 17:40:27.192  2411  9635 I Camera3-Status: addComponent: Adding new component 3 - streamId = 0, format = 0x23(YUV_420_888), width = 640, height = 480, option = 0x0, type = OUTPUT
01-25 17:40:27.193  2829  4072 D NetdEventListenerService: DNS Requested by 132, 10437, 252
01-25 17:40:27.193  2411  9635 D Camera3-OutputStream: configureConsumerQueueLocked: Consumer wants 3 buffers, HAL wants 8
01-25 17:40:27.193  1959 11160 I EVA     : File: vendor/qcom/proprietary/cv-noship/eva/3.0/src/cpu/platform/android/evaSession.cpp Line: 394 Function: evaGetDebugEnable() Msg:  EVA Debug Logs Disabled 
01-25 17:40:27.193  2411  9635 D Camera3-Device: CameraPerf: Connect Streams X (1ms)
01-25 17:40:27.194  2411  9635 D Camera3-Device: Set real time priority for request queue thread (tid 11004)
01-25 17:40:27.194  2411  9635 D Camera3-Device: CameraPerf: configureStreamsLocked: Camera 1: Stream configuration X (257ms)
01-25 17:40:27.195  2411  9635 D Camera3-Device: setStreamingRequestList: Enter: calling submitRequestsHelper: repeating = true
01-25 17:40:27.195  2411  9635 D Camera3-Device: submitRequestsHelper: mInterfaceLock.lock()
01-25 17:40:27.195  2411  9635 I Camera3-Device: Submit request type: 0x1, repeating(true), burst(false)
01-25 17:40:27.195  2411  9635 D Camera3-Device: setRepeatingRequests: lastFrameNumber 0.
01-25 17:40:27.195  2411  9635 I Camera3-Status: markComponent: Component 2 is now active - RequestThread
01-25 17:40:27.195  2411 11003 I CameraService: startCameraStreamingOps: Start camera streaming ops, package name = com.outsystemscloud.lucasgv.SandboxAppCordova, client UID = 10437
01-25 17:40:27.195  2411 11004 D Camera3-Device: CameraPerf: PrepareHALRequests E
01-25 17:40:27.195  2411 11004 I Camera3-Status: markComponent: Component 0 is now active - InflightRequests
01-25 17:40:27.195  2411 11004 D Camera3-Device: CameraPerf: PrepareHALRequests X (0ms)
01-25 17:40:27.195  2411 11004 D Camera3-Device: CameraPerf: sendRequestsBatch E
01-25 17:40:27.195  2411  9635 D Camera3-Device: submitRequestsHelper: mInterfaceLock.unlock()
01-25 17:40:27.195  1959  2104 I Samsung_CameraDeviceSession_impl: [CAMKPI] camera3->process_capture_request : E
01-25 17:40:27.195  1959  2104 I Unihal  : UniHal3InterfaceEntry.cpp: uni_process_capture_request: 379: [UNIKPI][1] UniHAL->process_capture_request: E
01-25 17:40:27.195  1959  2104 I Unihal  : CameraDevice.cpp: ProcessCaptureRequest: 167: [UNIKPI][1] VndHAL->process_capture_request: E
01-25 17:40:27.196  2411  9635 I Camera3-Status: markComponent: Component 1 is now active - BufferRequestSM
01-25 17:40:27.196  1959  2104 I CHI     : [SS_LOW ]: [CHI         ]: chxutils.cpp: FillTuningModeDebug: 6887: [FRONT_FULL] sensorModeIndex 0  Sensor:NORMAL(0)  usecase:Third_party_preview(8)  feature1:ADRC(2)  feature2:None(0)  scene:None(0)   [chifeature2base.cpp]
01-25 17:40:27.196  1959  2104 I CHI     : [SS_LOW ]: [CHI         ]: chxutils.cpp: FillTuningModeDebug: 6887: [FRONT_FULL] sensorModeIndex 0  Sensor:NORMAL(0)  usecase:Third_party_preview(8)  feature1:ADRC(2)  feature2:None(0)  scene:None(0)   [chifeature2realtime.cpp]
01-25 17:40:27.196  1959  2104 I Unihal  : CameraDevice.cpp: ProcessCaptureRequest: 167: [UNIKPI][1] VndHAL->process_capture_request: X
01-25 17:40:27.196  1959  2104 I Unihal  : UniHal3InterfaceEntry.cpp: uni_process_capture_request: 379: [UNIKPI][1] UniHAL->process_capture_request: X
01-25 17:40:27.196  1959  2104 I Samsung_CameraDeviceSession_impl: [CAMKPI] camera3->process_capture_request : X
01-25 17:40:27.196  2411 11004 D Camera3-Device: CameraPerf: sendRequestsBatch X (1ms)
01-25 17:40:27.197  2411 11003 I CameraServiceProxyWrapper: updateProxyDeviceState: notifyCameraState for Camera ID 1, newState 1, facing 1, clientName com.outsystemscloud.lucasgv.SandboxAppCordova, apiLevel 2
01-25 17:40:27.197  2411  9635 I Camera3-Status: markComponent: Component 3 is now active - streamId = 0, format = 0x23(YUV_420_888), width = 640, height = 480, option = 0x0, type = OUTPUT
01-25 17:40:27.197  2411  9635 I Camera3-Status: markComponent: Component 1 is now idle - BufferRequestSM
01-25 17:40:27.197  2829  6767 I CameraManagerGlobal: Camera 1 facing CAMERA_FACING_FRONT state now CAMERA_STATE_ACTIVE for client com.outsystemscloud.lucasgv.SandboxAppCordova API Level 2 User Id 0
01-25 17:40:27.197  2829  4379 I CameraService_proxy: wmi.addRefreshRateRangeForPackage minFPS = 30.000002, maxFPS = 60.0, clientName = com.outsystemscloud.lucasgv.SandboxAppCordova
01-25 17:40:27.197  2829  6767 I CameraManagerGlobal: onCameraDeviceStateChangedLocked: post device state update
01-25 17:40:27.197  2829  6767 I CameraManagerGlobal: onCameraDeviceStateChangedLocked: post device state update
01-25 17:40:27.197 10623 10654 I CameraManagerGlobal: Camera 1 facing CAMERA_FACING_FRONT state now CAMERA_STATE_ACTIVE for client com.outsystemscloud.lucasgv.SandboxAppCordova API Level 2 User Id 0
01-25 17:40:27.197 25689 27152 I CameraManagerGlobal: Camera 1 facing CAMERA_FACING_FRONT state now CAMERA_STATE_ACTIVE for client com.outsystemscloud.lucasgv.SandboxAppCordova API Level 2 User Id 0
01-25 17:40:27.197  4158  6181 I CameraManagerGlobal: Camera 1 facing CAMERA_FACING_FRONT state now CAMERA_STATE_ACTIVE for client com.outsystemscloud.lucasgv.SandboxAppCordova API Level 2 User Id 0
01-25 17:40:27.197 17429 24088 I CameraManagerGlobal: Camera 1 facing CAMERA_FACING_FRONT state now CAMERA_STATE_ACTIVE for client com.outsystemscloud.lucasgv.SandboxAppCordova API Level 2 User Id 0
01-25 17:40:27.197 11685 11837 I CameraManagerGlobal: Camera 1 facing CAMERA_FACING_FRONT state now CAMERA_STATE_ACTIVE for client com.outsystemscloud.lucasgv.SandboxAppCordova API Level 2 User Id 0
01-25 17:40:27.197  4549 18529 I CameraManagerGlobal: Camera 1 facing CAMERA_FACING_FRONT state now CAMERA_STATE_ACTIVE for client com.outsystemscloud.lucasgv.SandboxAppCordova API Level 2 User Id 0
01-25 17:40:27.197 17851 19042 I CameraManagerGlobal: Camera 1 facing CAMERA_FACING_FRONT state now CAMERA_STATE_ACTIVE for client com.outsystemscloud.lucasgv.SandboxAppCordova API Level 2 User Id 0
01-25 17:40:27.197 10023 10087 I CameraManagerGlobal: Camera 1 facing CAMERA_FACING_FRONT state now CAMERA_STATE_ACTIVE for client com.outsystemscloud.lucasgv.SandboxAppCordova API Level 2 User Id 0
01-25 17:40:27.197 10023 10087 I CameraManagerGlobal: onCameraDeviceStateChangedLocked: post device state update
01-25 17:40:27.198 10023 10087 I CameraManagerGlobal: onCameraDeviceStateChangedLocked: post device state update
01-25 17:40:27.198 17849 23959 I CameraManagerGlobal: Camera 1 facing CAMERA_FACING_FRONT state now CAMERA_STATE_ACTIVE for client com.outsystemscloud.lucasgv.SandboxAppCordova API Level 2 User Id 0
01-25 17:40:27.198  6200  6344 I CameraManagerGlobal: Camera 1 facing CAMERA_FACING_FRONT state now CAMERA_STATE_ACTIVE for client com.outsystemscloud.lucasgv.SandboxAppCordova API Level 2 User Id 0
01-25 17:40:27.198  9872  9944 I CameraManagerGlobal: Camera 1 facing CAMERA_FACING_FRONT state now CAMERA_STATE_ACTIVE for client com.outsystemscloud.lucasgv.SandboxAppCordova API Level 2 User Id 0
01-25 17:40:27.198 21724 29418 I CameraManagerGlobal: Camera 1 facing CAMERA_FACING_FRONT state now CAMERA_STATE_ACTIVE for client com.outsystemscloud.lucasgv.SandboxAppCordova API Level 2 User Id 0
01-25 17:40:27.198  2829  5883 D AutoRotationHandler: inject auto rotation priority = 1.0
01-25 17:40:27.198  2829  3123 I RefreshRateModeManager: Schedule to change allowedModes=baseModeId=3 allowGroupSwitching=false primary=physical: (30.000002 120.0) render:  (30.000002 60.0) appRequest=physical: (30.000002 120.0) render:  (30.000002 60.0), displayToken=android.os.BinderProxy@e4cac0f  mVotesByDisplay:
01-25 17:40:27.198  2829  3123 I RefreshRateModeManager:     -1:
01-25 17:40:27.198  2829  3123 I RefreshRateModeManager:       PRIORITY_REFRESH_RATE_MODE -> Vote: {width: -1, height: -1, refreshRateRanges: physical: (10.0 120.0) render:  (0.0 Infinity), disableRefreshRateSwitching: false, appRequestBaseModeRefreshRate: 0.0}
01-25 17:40:27.198  2829  3123 I RefreshRateModeManager:       PRIORITY_USER_SETTING_PEAK_RENDER_FRAME_RATE -> Vote: {width: -1, height: -1, refreshRateRanges: physical: (0.0 Infinity) render:  (0.0 120.0), disableRefreshRateSwitching: false, appRequestBaseModeRefreshRate: 0.0}
01-25 17:40:27.198  2829  3123 I RefreshRateModeManager:       PRIORITY_USER_SETTING_MIN_RENDER_FRAME_RATE -> Vote: {width: -1, height: -1, refreshRateRanges: physical: (0.0 Infinity) render:  (0.0 Infinity), disableRefreshRateSwitching: false, appRequestBaseModeRefreshRate: 0.0}
01-25 17:40:27.198  2829  3123 I RefreshRateModeManager:     0:
01-25 17:40:27.198  2829  3123 I RefreshRateModeManager:       PRIORITY_RESOLUTION -> Vote: {width: 1440, height: 3088, refreshRateRanges: physical: (0.0 Infinity) render:  (0.0 Infinity), disableRefreshRateSwitching: false, appRequestBaseModeRefreshRate: 0.0}
01-25 17:40:27.198  2829  3123 I RefreshRateModeManager:       PRIORITY_APP_REQUEST_RENDER_FRAME_RATE_RANGE -> Vote: {width: -1, height: -1, refreshRateRanges: physical: (0.0 Infinity) render:  (30.000002 60.0), disableRefreshRateSwitching: false, appRequestBaseModeRefreshRate: 0.0}
01-25 17:40:27.198  2829  3123 I RefreshRateModeManager: 
01-25 17:40:27.198  2829  3123 I RefreshRateModeManager:  mModeSwitchingType: SWITCHING_TYPE_WITHIN_GROUPS mAlwaysRespectAppRequest: false
01-25 17:40:27.198  2829  3123 I RefreshRateModeManager:  Current Mode mReportedRefreshRateMode(toSurfaceFlinger)=REFRESH_RATE_MODE_SEAMLESS, mRefreshRateMode(fromSettings)=REFRESH_RATE_MODE_SEAMLESS
01-25 17:40:27.198  2829  3123 I RefreshRateModeManager:  BrightnessState mPassive=false, PassiveModeToken=false, mLfd=0, mBrightness=69, mAmbientLux=44.0, mIsWirelessCharing=false
01-25 17:40:27.198  1919  1919 I sensors-hal: inject_sensor_data:262, auto_rotation ar_mode:1
01-25 17:40:27.198  2829  4291 I EDMNativeHelperService: isCameraEnabled
01-25 17:40:27.198  2829  4291 D EDMNativeHelper: isCameraEnabled
01-25 17:40:27.199  2829  4291 D EDMNativeHelper: checking for camera in EnterpriseDeviceManagerService
01-25 17:40:27.199  2829  4291 D EnterpriseDeviceManagerService: isCameraEnabledNative
01-25 17:40:27.199  2829  4291 D EnterpriseDeviceManagerService: checking for camera in restriction policy
01-25 17:40:27.199  2829  4291 D RestrictionPolicy: isCameraEnabled ret(true) userId(0) cxtInfo.mCallerUid(10437) cxtInfo.mContainerId(0)
01-25 17:40:27.199  1919  1919 I sensors-hal: write_auto_rotation_mode:249, write_auto_rotation_mode ar_mode:1
01-25 17:40:27.199  2829  3132 D SensorPrivacyService: onOpNoted  com.outsystemscloud.lucasgv.SandboxAppCordova  code=26  uid=10437
01-25 17:40:27.199  2011  2011 I SSC_DAEMON: physical_sensor_test_req_msg Sensor type :13, Msg type:15
01-25 17:40:27.199  2011  2011 I SSC_DAEMON: 0.algo_id:3, num:1
01-25 17:40:27.199  2411  9635 I Camera3-Status: markComponent: Component 1 is now active - BufferRequestSM
01-25 17:40:27.200   913   913 I lmkd    : check camkillboostmode : 11 , ionheap: 111763, pid : 10623, index : 2 , camprocall/provider/server size : (92122, 28261, 3941), available : 803390, heap_pool : 0, kreclaimable : 142760, init_cam : 0
01-25 17:40:27.200   913   913 I lmkd    : check finished camerakillboostmode
01-25 17:40:27.200  1959 11160 I EVA     : File: vendor/qcom/proprietary/cv-noship/eva/3.0/src/cpu/evaDmm.cpp Line: 1277 Function: evaInitDmm() Msg: evaDmmDumpLevel = 0
01-25 17:40:27.200  1959 11160 I EVA     : File: vendor/qcom/proprietary/cv-noship/eva/3.0/src/cpu/evaDmm.cpp Line: 1363 Function: evaInitDmm() Msg:  pevaHandleDmm->pSession->nHangdumpReplayFreq = 0 
01-25 17:40:27.200  2011  3752 I SSC_DAEMON: AR od: 8, 1, 0
01-25 17:40:27.200  1959 11160 I DMABUFHEAPS: Using DMA-BUF heap named: qcom,system
01-25 17:40:27.200  1959 11160 I DMABUFHEAPS: Using DMA-BUF heap named: qcom,system
01-25 17:40:27.200  1959 11160 I DMABUFHEAPS: Using DMA-BUF heap named: qcom,system
01-25 17:40:27.200  1959 11160 I DMABUFHEAPS: Using DMA-BUF heap named: qcom,system
01-25 17:40:27.200  1959 11160 I DMABUFHEAPS: Using DMA-BUF heap named: qcom,system
01-25 17:40:27.200  1959 11160 I DMABUFHEAPS: Using DMA-BUF heap named: qcom,system
01-25 17:40:27.200 10008 10008 W ContextImpl: Calling a method in the system process without a qualified user: android.app.ContextImpl.startService:1960 android.content.ContextWrapper.startService:842 android.content.ContextWrapper.startService:842 com.sec.android.diagmonagent.sa.receiver.CFLogReceiver.onReceive:56 android.app.ActivityThread.handleReceiver:4981 
01-25 17:40:27.201  1959 11160 I DMABUFHEAPS: Using DMA-BUF heap named: qcom,system
01-25 17:40:27.201  2829  3123 D LocalDisplayAdapter: setDesiredDisplayModeSpecsAsync(4630947093241269891) : defaultMode=2 allowGroupSwitching=false primaryRanges=physical: (30.000002 120.0) render:  (30.000002 60.0) appRequestRanges=physical: (30.000002 120.0) render:  (30.000002 60.0)
01-25 17:40:27.201  2031  2031 I RefreshRateSelector: Display 4630947093241269891 policy changed
01-25 17:40:27.201  2031  2031 I RefreshRateSelector: Previous: {defaultModeId=2, allowGroupSwitching=false, primaryRanges={physical=[10.00 Hz, 120.00 Hz], render=[0.00 Hz, 120.00 Hz]}, appRequestRanges={physical=[10.00 Hz, 120.00 Hz], render=[0.00 Hz, 120.00 Hz]}}
01-25 17:40:27.201  2031  2031 I RefreshRateSelector: Current:  DisplayManagerPolicy{defaultModeId=2, allowGroupSwitching=false, primaryRanges={physical=[30.00 Hz, 120.00 Hz], render=[30.00 Hz, 60.00 Hz]}, appRequestRanges={physical=[30.00 Hz, 120.00 Hz], render=[30.00 Hz, 60.00 Hz]}}
01-25 17:40:27.201  2031  2031 I RefreshRateSelector: 1 mode changes were performed under the previous policy
01-25 17:40:27.201  2031  2031 I SurfaceFlinger: [4630947093241269891] Setting desired display mode specs: {defaultModeId=2, allowGroupSwitching=false, primaryRanges={physical=[30.00 Hz, 120.00 Hz], render=[30.00 Hz, 60.00 Hz]}, appRequestRanges={physical=[30.00 Hz, 120.00 Hz], render=[30.00 Hz, 60.00 Hz]}}
01-25 17:40:27.202  2031  2031 E RefreshRateSelector: Can't find current refresh rate by policy with the same mode group as the current mode {id=0, hwcId=0, resolution=1440x3088, refreshRate=120.00 Hz, dpi=501.04x502.79, group=1440}
01-25 17:40:27.202  1959 11160 I EVA     : File: vendor/qcom/proprietary/cv-noship/eva/3.0/src/cpu/evaDmm.cpp Line: 1879 Function: evaInitDmm() Msg: DMM Config for session: mode 4, nonWSrcWid 480, nonWSrcHgt 360, nonWFormat 16388, WSrcWid 480, WSrcHgt 360, WFormat 32785, IntMaxWid 488, IntMaxHgt 360, SGMWid 244, SGMHei 180, AlignTyp 0, DisAliCtl 0, StreamId 0
01-25 17:40:27.202  2411  9635 I Camera3-Status: markComponent: Component 1 is now idle - BufferRequestSM
01-25 17:40:27.203  2012  3296 D AudioFlinger: mixer(0xb4000074bc3af840) throttle end: throttle time(57)
01-25 17:40:27.204  1959 11160 I EVA     : File: vendor/qcom/proprietary/cv-noship/eva/3.0/src/cpu/platform/android/evaSession.cpp Line: 394 Function: evaGetDebugEnable() Msg:  EVA Debug Logs Disabled 
01-25 17:40:27.205  4158  4158 I DesktopManager: notifyPrivacyItemsChanged() visible = true mDesktopMode = 710
01-25 17:40:27.206  1959 11160 I EVA     : File: vendor/qcom/proprietary/cv-noship/eva/3.0/src/cpu/evaDmm.cpp Line: 1277 Function: evaInitDmm() Msg: evaDmmDumpLevel = 0
01-25 17:40:27.206  1959 11160 I EVA     : File: vendor/qcom/proprietary/cv-noship/eva/3.0/src/cpu/evaDmm.cpp Line: 1363 Function: evaInitDmm() Msg:  pevaHandleDmm->pSession->nHangdumpReplayFreq = 0 
01-25 17:40:27.206  1959 11160 I DMABUFHEAPS: Using DMA-BUF heap named: qcom,system
01-25 17:40:27.206  1959 11160 I DMABUFHEAPS: Using DMA-BUF heap named: qcom,system
01-25 17:40:27.206  1959 11160 I DMABUFHEAPS: Using DMA-BUF heap named: qcom,system
01-25 17:40:27.206  1959 11160 I DMABUFHEAPS: Using DMA-BUF heap named: qcom,system
01-25 17:40:27.206  1959 11160 I DMABUFHEAPS: Using DMA-BUF heap named: qcom,system
01-25 17:40:27.206  1959 11160 I DMABUFHEAPS: Using DMA-BUF heap named: qcom,system
01-25 17:40:27.206  1959 11160 I DMABUFHEAPS: Using DMA-BUF heap named: qcom,system
01-25 17:40:27.206  1959 11160 I EVA     : File: vendor/qcom/proprietary/cv-noship/eva/3.0/src/cpu/evaDmm.cpp Line: 1879 Function: evaInitDmm() Msg: DMM Config for session: mode 4, nonWSrcWid 480, nonWSrcHgt 360, nonWFormat 16388, WSrcWid 480, WSrcHgt 360, WFormat 32785, IntMaxWid 488, IntMaxHgt 360, SGMWid 244, SGMHei 180, AlignTyp 0, DisAliCtl 0, StreamId 0
01-25 17:40:27.207  2031  2031 I HWComposer: [4630947093241269891] ActiveConfigToHWC, ID : 2
01-25 17:40:27.207  2031  2031 I LayerHistory: com.outsystemscloud.lucasgv.SandboxAppCordova/com.outsystemscloud.lucasgv.SandboxAppCordova.MainActivity$_10623#42528 Max (can't resolve refresh rate)
01-25 17:40:27.207  2031  2031 I SurfaceFlinger: scored - choose 60.00 Hz
01-25 17:40:27.212  4158  4158 W View    : requestLayout() improperly called by android.widget.FrameLayout{f252f7c V.E...... ......ID 0,177-1440,3035 #7f0a0866 app:id/qs_frame} during layout: running second layout pass
01-25 17:40:27.216  1895  1895 D DlbDlbEffect: handle_EFFECT_CMD_SET_DEVICE(device=0x00000002)
01-25 17:40:27.216  1895  1895 D DlbEffectContext: setDevice(00000002)
01-25 17:40:27.216  1895  1895 D DlbEndpointParamCache: setDevice(device=0x00000002)
01-25 17:40:27.216  2012  3247 I AudioEffectExtendAction: setDevice_l empty address, empty name
01-25 17:40:27.217  2012  3247 I AudioEffectExtendAction: setDevice_l empty address, empty name
01-25 17:40:27.217  1895  1895 I AHAL: AudioStream: out_update_source_metadata_v7: 1203: track count is 0
01-25 17:40:27.217  1895  1895 D AHAL: AudioStream: SetAggregateSourceMetadata: 4474: Aggregated Source metadata usage:2 content_type:1
01-25 17:40:27.217  1895  1895 D AHAL: AudioDevice: CreateAudioPatch: 451: enter: num sources 1, num_sinks 1
01-25 17:40:27.217  1895  1895 D AHAL: AudioDevice: CreateAudioPatch: 466: source role 1, source type 2
01-25 17:40:27.217  1895  1895 D AHAL: AudioDevice: CreateAudioPatch: 506: Playback patch from mix handle 13 to device 2
01-25 17:40:27.217  1895  1895 I AHAL: AudioDevice: OutGetStream: 1606: Found existing stream associated with iohandle 13
01-25 17:40:27.217  1895  1895 D AHAL: AudioVoice: RouteStream: 567: Enter
01-25 17:40:27.217  1895  1895 D AHAL: AudioVoice: RouteStream: 604: Routing is 2
01-25 17:40:27.217  1895  1895 D AHAL: AudioDevice: GetPalDeviceIds: 2721: haldeviceIds: 1
01-25 17:40:27.217  1895  1895 D AHAL: AudioDevice: GetPalDeviceIds: 2728: Found haldeviceId: 2 and PAL Device ID 3
01-25 17:40:27.217  1895  1895 D AHAL: AudioDevice: GetPalDeviceIds: 2747: devices allocated 1, pal device ids before returning 1
01-25 17:40:27.217  1895  1895 D AHAL: AudioDevice: GetPalDeviceIds: 2721: haldeviceIds: 1
01-25 17:40:27.217  1895  1895 D AHAL: AudioDevice: GetPalDeviceIds: 2728: Found haldeviceId: 80000080 and PAL Device ID 26
01-25 17:40:27.217  1895  1895 D AHAL: AudioDevice: GetPalDeviceIds: 2747: devices allocated 1, pal device ids before returning 1
01-25 17:40:27.217  1895  1895 I AHAL: SecAudioDevice: SetSpeakerMute: 943:  enable 0 speaker_mute 0
01-25 17:40:27.217  1895  1895 D AHAL: AudioVoice: RouteStream: 743: Exit ret: 0
01-25 17:40:27.217  1895  1895 D AHAL: AudioDevice: CreateAudioPatch: 576: Playback route for voip rx
01-25 17:40:27.217  1959  3782 I SS_3A   :  INFO: AEC: TSAecFront_set_param: 1120: OpMode 1 StartMode 0
01-25 17:40:27.217  1959  3781 I SS_3A   :  INFO: AWB: TsAwb_get_input_metadata: 420: curr_shot_mode 1, prev_shot_mode 0
01-25 17:40:27.217  1959  3781 I SS_3A   :  INFO: AWB: TsAwb_init_with_mode: 168: TuningVersion 0xED1A0428
01-25 17:40:27.218  1959  3781 I SS_3A   :  INFO: AWB: TsAwb_init_with_mode: 212: [eLensType 0] Adjust_gain = 0.985368, 1.010038
01-25 17:40:27.218  1959  3782 I SS_3A   :  INFO: AEC: TSAecFront_set_param: 1312: AECManualSetting mode=0 ISOValue=50 exposureTime=91077 gain=0.000
01-25 17:40:27.218  1959  3782 I SS_3A   :  INFO: AEC: TsAecGetAeStatisticsData: 6767: [F][1] StatisticsStartUpInvalid: 1
01-25 17:40:27.218  1959  3782 I SS_3A   :  INFO: AEC: TsAecFront_Set_Exp_Table: 565: [Exp_Table::Front] [F] Shooting=1, ExpDiagram=0|0, m_video=0, m_fdae=1, rec=0, hfr=0, lightcon=0
01-25 17:40:27.218  1959  3781 I SS_3A   :  INFO: AWB: TsAwb_parse_stats: 1984: [stats_dbg] statsBayerGrid startupMode = StatisticsStartUpInvalid, exit now
01-25 17:40:27.218  1959  3786 I SS_3A   :  INFO:  AF: TsAf_set_focus_mode: 2871: TsAf_set_focus_mode: Initialize AF library! focus mode! FromMFtoAFFlag 0 0xb4000078f516db60 0x7935d38f18
01-25 17:40:27.218  1959  3786 E AF_DEBUG: AfLib_AlgorithmInit(1178) : [cam_id_4] paf_cal_data_info = 20220725 paf_cal_errcheck 0x00000000 vpd_cal 0 vpd_cal_data_info = 0 vpaf_cal_errcheck 0x00000000 
01-25 17:40:27.218  1959  3782 I SS_3A   :  INFO: AEC: TsAecFrontProcess_GetLNmode: 3068: [F][1][1] StartStreaming - seamless mode values are initialized.
01-25 17:40:27.218  1959  3782 I SS_3A   :  INFO: AEC: TsAec_process_get_aec_info: 2583: [F][1] algo_out Av=2.273 g=25.012 e_t=0.03326 LLS=0x0 Ev=4.508 Bv=-0.492 PEv=4.508 Cvgd=0 lux=328, lls=0x0, drc=1.000 wide=0 Vo=0.000
01-25 17:40:27.218  1959  3786 E AF_DEBUG: AfInit(7504) : [cam_id_4] Version(0xD561). mode(3). lens(1458). sensor(4000 x 3000). touch(0 x 0 ). pafstatvalid(1)
01-25 17:40:27.218  2031  2222 I VSyncReactor: Current= 120, Period= 60, hwcPeriod= 60
01-25 17:40:27.218  1959 11187 I SensorListener: enableSensor : numSensors=44/44, sen_list = 0xb40000797ca05000/0xb40000797ca05000
01-25 17:40:27.218  1959  3782 I vendor.samsung.hardware.camera.provider-service_64: S5K3LU index=0, fll=6397(6397), shift(c=0, f=0), l(6375, 0x200, 0x100), s(7, 0x200, 0x190) enS=0 b=1 modeCaps=0x1, maxA=16.00
01-25 17:40:27.218  1959  3786 I SS_3A   :  INFO:  AF: TsAf_get_metadata: 1149: [TsAf_Range] range_sensor_data is NULL
01-25 17:40:27.218  1947  2295 I SDM     : HWDeviceDRM::SetDisplaySwitchMode: [DispConfigs] check hs_mode 1
01-25 17:40:27.218  1959  3786 I SS_3A   :  INFO:  AF: TsAf_process: 4383: befor pipeline delay requestId 1 MasterFocusDistance 0.000000
01-25 17:40:27.218  1959  3786 I SS_3A   :  INFO:  AF: TsAf_update_focus_status: 3052: [cam_id_4 for Af Lib] Update output status! new status: 0x20 prev_status: 0x0
01-25 17:40:27.218  1947  2295 W SDM     : HWDeviceDRM::GetSupportedBitClkRate: Requested rate not supported: 1362080000
01-25 17:40:27.218  1947  2295 I SDM     : HWDeviceDRM::SetDisplaySwitchMode: [DispConfigs] Set mode index:2 1440x3088x60xcmdHS, hs_mode(1), found_mode(1)
01-25 17:40:27.218  1959  3781 I SS_3A   :  INFO: AWB: TsAwb_process_preview: 3028: [1]TsAwb_gain_front=1.770,1.00,2.036,  BV=-0.398, lux=326, CT=4314, CT2=4314, TG=73, Ch_g=1.041, I/V=0.000, LT=0, PsnIdx=0
01-25 17:40:27.218  1947  2295 I SDM     : HWDeviceDRM::UpdateMixerAttributes: Mixer WxH 1440x3088-1 for Peripheral
01-25 17:40:27.218  1947  2295 I SDM     : HWCDisplay::SubmitDisplayConfig: Active configuration changed from config 0 to 2
01-25 17:40:27.219  2829  3123 D LocalDisplayAdapter: updateActiveModeLocked for d=4630947093241269891, mActiveModeId=3, mActiveSfDisplayMode=DisplayMode{id=2, width=1440, height=3088, xDpi=501.041, yDpi=502.789, refreshRate=60.000004, appVsyncOffsetNanos=0, presentationDeadlineNanos=17666666, supportedHdrTypes=[4, 2, 3], group=1440}
01-25 17:40:27.219  1919  1919 I sensors-hal: set_config:61, sample_period_ns is adjusted to 100000000 based on min/max delay_ns
01-25 17:40:27.219  1919  1919 I sensors-hal: batch:369, android.sensor.gyroscope/41, period=100000000, max_latency=0 request completed
01-25 17:40:27.219  1919  1919 I sensors-hal: activate:285, android.sensor.gyroscope/41 en=1
01-25 17:40:27.220  1919  1919 I sensors-hal: acquire_ssc_interface:114, acquire_ssc_interface with sensor_id 26 , conn_type 3 
01-25 17:40:27.220  2829  3123 I DisplayDeviceRepository: Display device changed: DisplayDeviceInfo{"Tela integrada": uniqueId="local:4630947093241269891", 1440 x 3088, modeId 3, renderFrameRate 60.000004, defaultModeId 3, supportedModes [{id=1, width=1440, height=3088, fps=120.00001, alternativeRefreshRates=[10.0, 24.000002, 30.000002, 48.000004, 60.000004, 96.00001], supportedHdrTypes=[2, 3, 4]}, {id=2, width=1440, height=3088, fps=96.00001, alternativeRefreshRates=[10.0, 24.000002, 30.000002, 48.000004, 60.000004, 120.00001], supportedHdrTypes=[2, 3, 4]}, {id=3, width=1440, height=3088, fps=60.000004, alternativeRefreshRates=[10.0, 24.000002, 30.000002, 48.000004, 96.00001, 120.00001], supportedHdrTypes=[2, 3, 4]}, {id=4, width=1440, height=3088, fps=48.000004, alternativeRefreshRates=[10.0, 24.000002, 30.000002, 60.000004, 96.00001, 120.00001], supportedHdrTypes=[2, 3, 4]}, {id=5, width=1440, height=3088, fps=30.000002, alternativeRefreshRates=[10.0, 24.000002, 48.000004, 60.000004, 96.00001, 120.00001], supportedHdrTypes=[2, 3, 4]}, {id=6, width=1440, height=3088, fps=24.000002, alternativeRefreshRates=[10.0, 30.000002, 48.000004, 60.000004, 96.00001, 120.00001], supportedHdrTypes=[2, 3, 4]}, {id=7, width=1440, height=3088, fps=10.0, alternativeRefreshRates=[24.000002, 30.000002, 48.000004, 60.000004, 96.00001, 120.00001], supportedHdrTypes=[2, 3, 4]}, {id=8, width=1080, height=2316, fps=120.00001, alternativeRefreshRates=[10.0, 24.000002, 30.000002, 48.000004, 60.000004, 96.00001], supportedHdrTypes=[2, 3, 4]}, {id=9, width=1080, height=2316, fps=96.00001, alternativeRefreshRates=[10.0, 24.000002, 30.000002, 48.000004, 60.000004, 120.00001], supportedHdrTypes=[2, 3, 4]}, {id=10, width=1080, height=2316, fps=60.000004, alternativeRefreshRates=[10.0, 24.000002, 30.000002, 48.000004, 96.00001, 120.00001], supportedHdrTypes=[2, 3, 4]}, {id=11, width=1080, height=2316, fps=48.000004, alternativeRefreshRates=[10.0, 24.000002, 30.000002, 60.000004, 96.00001, 120.00001], supportedHdrTypes=[2, 3, 4]}, {id=12, width=1080, height=2316, fps=30.000002, alternativeRefreshRates=[10.0, 24.000002, 48.000004, 60.000004, 96.00001, 120.00001], supportedHdrTypes=[2, 3, 4]}, {id=13, width=1080, height=2316, fps=24.000002, alternativeRefreshRates=[10.0, 30.000002, 48.000004, 60.000004, 96.00001, 120.00001], supportedHdrTypes=[2, 3, 4]}, {id=14, width=1080, height=2316, fps=10.0, alternativeRefreshRates=[24.000002, 30.000002, 48.000004, 60.000004, 96.00001, 120.00001], supportedHdrTypes=[2, 3, 4]}, {id=15, width=720, height=1544, fps=120.00001, alternativeRefreshRates=[10.0, 24.000002, 30.000002, 48.000004, 60.000004, 96.00001], supportedHdrTypes=[2, 3, 4]}, {id=16, width=720, height=1544, fps=96.00001, alternativeRefreshRates=[10.0, 24.000002, 30.000002, 48.000004, 60.000004, 120.00001], supportedHdrTypes=[2, 3, 4]}, {id=17, width=720, height=1544, fps=60.000004, alternativeRefreshRates=[10.0, 24.000002, 30.000002, 48.000004, 96.00001, 120.00001], supportedHdrTypes=[2, 3, 4]}, {id=18, width=720, height=1544, fps=48.000004, alternativeRefreshRates=[10.0, 24.000002, 30.000002, 60.000004, 96.00001, 120.00001], supportedHdrTypes=[2, 3, 4]}, {id=19, width=720, height=1544, fps=30.000002, alternativeRefreshRates=[10.0, 24.000002, 48.000004, 60.000004, 96.00001, 120.00001], supportedHdrTypes=[2, 3, 4]}, {id=20, width=720, height=1544, fps=24.000002, alternativeRefreshRates=[10.0, 30.000002, 48.000004, 60.000004, 96.00001, 120.00001], supportedHdrTypes=[2, 3, 4]}, {id=21, width=720, height=1544, fps=10.0, alternativeRefreshRates=[24.000002, 30.000002, 48.000004, 60.000004, 96.00001, 120.00001], supportedHdrTypes=[2, 3, 4]}], colorMode 0, supportedColorModes [0, 7, 9], hdrCapabilities HdrCapabilities{mSupportedHdrTypes=[2, 3, 4], mMaxLuminance=450.0, mMaxAverageLuminance=225.00024, mMinLuminance=5.0E-4}, allmSupported false, gameContentTypeSupported false, density 600, 501.041 x 502.789 dpi, appVsyncOff 0, presDeadline 17666666, cutout DisplayCutout{insets=Rect(0, 100 - 0, 0) waterfall=Insets{left=0, top=0, right=0, bottom=0} boundingRect={Bounds=[Re
01-25 17:40:27.220  2829  3123 D DisplayManagerService: Ignore redundant display event 0/2 to 10361/2506
01-25 17:40:27.220  1875  2046 E minksocket: MinkIPC_QRTR_Service: client with node 1 port 462f went down
01-25 17:40:27.220  1875  2041 E minksocket: MinkIPC_QRTR_Service: client with node 1 port 462f went down
01-25 17:40:27.220  1875  2041 E minksocket: MinkIPC_QRTR_Service: client with node 1 port 4630 went down
01-25 17:40:27.220  1875  2046 E minksocket: MinkIPC_QRTR_Service: client with node 1 port 4630 went down
01-25 17:40:27.221  2829  3123 D DisplayManagerService: Ignore redundant display event 0/2 to 10375/5429
01-25 17:40:27.221  2829  5881 D LiftUpHandler: [LTW] Stopped already.
01-25 17:40:27.221  2829  3123 D DisplayManagerService: Ignore redundant display event 0/2 to 10595/8039
01-25 17:40:27.221  2829  3123 D DisplayManagerService: Ignore redundant display event 0/2 to 10353/9441
01-25 17:40:27.221  2829  2829 D SGM:GameManager: onDisplayChanged. displyId: 0, state: 2
01-25 17:40:27.221  2829  2829 D SGM:GameManager: dpi: 560, longPixel: 2935, shortPixel: 1440
01-25 17:40:27.221  2829  2829 D AODManagerService: requestReCalToTSP IsSingleTouchMode = truerequestedReCalToTSP = true / previousDisplayState = ON
01-25 17:40:27.221  1875  2041 E minksocket: MinkIPC_QRTR_Service: client with node 1 port 4631 went down
01-25 17:40:27.221  1875  2046 E minksocket: MinkIPC_QRTR_Service: client with node 1 port 4631 went down
01-25 17:40:27.222  2829  3656 D SGM:FgCheckThread: onLooperPrepared(), msg: MSG_LCD_ON
01-25 17:40:27.222  1919  1919 I sensors-hal: ssc_qmi:36, ssc_qmi
01-25 17:40:27.222  1919  1919 I sensors-hal: register_cb:305, register_cb start this=0xb400007dcc0d4a00x
01-25 17:40:27.222  1919  1919 I sensors-hal: register_cb:321, register_cb End with succes
01-25 17:40:27.222  1919  1919 I sensors-hal: register_cb:305, register_cb start this=0xb400007dcc0d4a00x
01-25 17:40:27.222  1919  1919 I sensors-hal: register_cb:321, register_cb End with succes
01-25 17:40:27.222  1919  1919 I sensors-hal: start_gyrocal:394, registerd callback for gyro cal
01-25 17:40:27.222  1875  2046 E minksocket: MinkIPC_QRTR_Service: client with node 1 port 4632 went down
01-25 17:40:27.222  1875  2041 E minksocket: MinkIPC_QRTR_Service: client with node 1 port 4632 went down
01-25 17:40:27.222  1919  1919 I sensors-hal: start_gyrocal:400, created worker  for gyro cal
01-25 17:40:27.222  1919  1919 I sensors-hal: send_cal_req:312, send_cal_req before send_request gyro_cal with SUID low=10025908976994887838 high=13187306796670928542
01-25 17:40:27.222  1919  1919 I sensors-hal: send_request:330, send_request start this=0xb400007dcc0d4a00x 
01-25 17:40:27.222  4158  4206 I ViewRootImpl@6cb3efa[ShellDropTarget]: onDisplayChanged oldDisplayState=2 newDisplayState=2
01-25 17:40:27.222  1919  1919 I sensors-hal: send_request:415, send_request completed, this=0xb400007dcc0d4a00x
01-25 17:40:27.222  1919  1919 I sensors-hal: set_config:61, sample_period_ns is adjusted to 1000000000 based on min/max delay_ns
01-25 17:40:27.222  1919  1919 I sensors-hal: acquire_ssc_interface:114, acquire_ssc_interface with sensor_id 27 , conn_type 3 
01-25 17:40:27.222  4158  4231 D StackScroller: onDisplayChanged for predraw skip to 2
01-25 17:40:27.223  2829  3123 D DisplayManagerService: Ignore redundant display event 0/2 to 10303/14369
01-25 17:40:27.223  2829  3123 D DisplayManagerService: Ignore redundant display event 0/2 to 10105/17429
01-25 17:40:27.223  2829  3123 D DisplayManagerService: Ignore redundant display event 0/2 to 10279/17923
01-25 17:40:27.223  1875  2046 E minksocket: MinkIPC_QRTR_Service: client with node 1 port 4634 went down
01-25 17:40:27.223  1875  2041 E minksocket: MinkIPC_QRTR_Service: client with node 1 port 4634 went down
01-25 17:40:27.223  1875  2041 E minksocket: MinkIPC_QRTR_Service: client with node 1 port 4635 went down
01-25 17:40:27.223  1875  2046 E minksocket: MinkIPC_QRTR_Service: client with node 1 port 4635 went down
01-25 17:40:27.223 13142 13142 I CAMERA_CONTROLLER: [2]a.m():2 - display changed
01-25 17:40:27.223 13142 13142 I CAMERA_CONTROLLER: [2]a.m():2
01-25 17:40:27.223  2829  6700 D CompatibilityChangeReporter: Compat change id reported: 170503758; UID 10235; state: ENABLED
01-25 17:40:27.223  1875  2041 E minksocket: MinkIPC_QRTR_Service: client with node 1 port 4636 went down
01-25 17:40:27.223  1875  2046 E minksocket: MinkIPC_QRTR_Service: client with node 1 port 4636 went down
01-25 17:40:27.224  1919  1919 I sensors-hal: ssc_qmi:36, ssc_qmi
01-25 17:40:27.224  1919  1919 I sensors-hal: register_cb:305, register_cb start this=0xb400007dcc0d4200x
01-25 17:40:27.224  1919  1919 I sensors-hal: register_cb:321, register_cb End with succes
01-25 17:40:27.224  1919  1919 I sensors-hal: send_sync_sensor_request:521, send sync request
01-25 17:40:27.224  1919  1919 I sensors-hal: send_sync_sensor_request:531, send_sync_sensor_request before send_request for sensor_temperature with SUID low=12628096501692248697 high=10895920266077048739
01-25 17:40:27.224  1875  2041 E minksocket: MinkIPC_QRTR_Service: client with node 1 port 4637 went down
01-25 17:40:27.224  1919  1919 I sensors-hal: send_request:330, send_request start this=0xb400007dcc0d4200x 
01-25 17:40:27.224  1875  2046 E minksocket: MinkIPC_QRTR_Service: client with node 1 port 4637 went down
01-25 17:40:27.224  1919  1919 I sensors-hal: send_request:415, send_request completed, this=0xb400007dcc0d4200x
01-25 17:40:27.224  1919  1919 I sensors-hal: send_sync_sensor_request:552, wait for notification of response
01-25 17:40:27.224  4640 32563 I HoneySpace.RefreshRateSource: singleFrameMs 16
01-25 17:40:27.224  4640 32563 I HoneySpace.DeXLaunchService: Display changed - 0
01-25 17:40:27.224  3735  3735 I ViewRootImpl@22870b7[InstalledAppDetails]: onDisplayChanged oldDisplayState=2 newDisplayState=2
01-25 17:40:27.224  2031  2222 I VSyncReactor: Current= 60, Period= 60, Distance= 2
01-25 17:40:27.224  9821  9821 I ViewRootImpl@790fbb3[InputMethod]: onDisplayChanged oldDisplayState=2 newDisplayState=2
01-25 17:40:27.225  4640  4640 I ViewRootImpl@5d4fed7[LauncherActivity]: onDisplayChanged oldDisplayState=2 newDisplayState=2
01-25 17:40:27.225  4640  4640 I ViewRootImpl@3881dbb[RecentsTransitionOverlay]: onDisplayChanged oldDisplayState=2 newDisplayState=2
01-25 17:40:27.225  4640  4640 I ViewRootImpl@9644d1f[RecentsActivity]: onDisplayChanged oldDisplayState=2 newDisplayState=2
01-25 17:40:27.225  4640  4640 I ViewRootImpl@7a55b13[CocktailBarService]: onDisplayChanged oldDisplayState=2 newDisplayState=2
01-25 17:40:27.225  2829  3123 D RefreshRateModeManager: updateDefaultDisplayToken: android.os.BinderProxy@e4cac0f, isChanged: false
01-25 17:40:27.225 13142 13142 I CAMERA_CONTROLLER: [2]e.a():39 - presentationDisplaynull
01-25 17:40:27.225 13142 13142 W CAMERA_CONTROLLER: [2]a.m():2 - presentationDisplay is null, return
01-25 17:40:27.225 13142 13142 W CAMERA_CONTROLLER: [2]a.m():2 - display is not portrait mode 
01-25 17:40:27.225  2031  2155 D RenderEngine: [SEC_GC_CMN_SF_EFFECTS] drawLayersInternal,1279, Rendering layer  at index 0
01-25 17:40:27.225  2031  2155 D RenderEngine: [SEC_GC_CMN_SF_EFFECTS] drawLayersInternal,1279, Rendering layer com.outsystemscloud.lucasgv.SandboxAppCordova/com.outsystemscloud.lucasgv.SandboxAppCordova.MainActivity$_10623#42528 at index 1
01-25 17:40:27.226 10623 10623 I ViewRootImpl@2f84628[MainActivity]: onDisplayChanged oldDisplayState=2 newDisplayState=2
01-25 17:40:27.226  4640 32562 I HoneySpace.Memory-Monitor: current state = 2, didTrim = false
01-25 17:40:27.226 17851 17851 I ViewRootImpl@29a438b[InternalGoogleAppActivityEntrypoint]: onDisplayChanged oldDisplayState=2 newDisplayState=2
01-25 17:40:27.227 29214 29214 I ViewRootImpl@7726f74[HomeDashboardActivity]: onDisplayChanged oldDisplayState=2 newDisplayState=2
01-25 17:40:27.227 17849 17849 I ViewRootImpl@aa7f65[HintService]: onDisplayChanged oldDisplayState=2 newDisplayState=2
01-25 17:40:27.227  4158  4158 D DisplayLifecycle: updateDisplay id = 0
01-25 17:40:27.227  4158  4158 I ViewRootImpl@83f9512[LockscreenShortcutBlur]: onDisplayChanged oldDisplayState=2 newDisplayState=2
01-25 17:40:27.227  4158  4158 I ViewRootImpl@7575777[NavigationBar0]: onDisplayChanged oldDisplayState=2 newDisplayState=2
01-25 17:40:27.227  4158  4158 I ViewRootImpl@2fe0803[EdgeBackGestureHandler0]: onDisplayChanged oldDisplayState=2 newDisplayState=2
01-25 17:40:27.227  4158  4158 I ViewRootImpl@fe56a9f[NotificationShade]: onDisplayChanged oldDisplayState=2 newDisplayState=2
01-25 17:40:27.227 17849 17849 I ViewRootImpl@697aa76[HomeContainerActivity]: onDisplayChanged oldDisplayState=2 newDisplayState=2
01-25 17:40:27.227  4158  4158 I ViewRootImpl@d2eb1a1[StatusBar]: onDisplayChanged oldDisplayState=2 newDisplayState=2
01-25 17:40:27.227 18215 18215 I ViewRootImpl@72a2f46[HomeActivity]: onDisplayChanged oldDisplayState=2 newDisplayState=2
01-25 17:40:27.227  4158  4158 I ViewRootImpl@3d6a451[Bouncer]: onDisplayChanged oldDisplayState=2 newDisplayState=2
01-25 17:40:27.227  4158  4158 I ViewRootImpl@9dc1510[SecondaryHomeHandle0]: onDisplayChanged oldDisplayState=2 newDisplayState=2
01-25 17:40:27.227  4158  4158 I ViewRootImpl@c72259f[KeyguardBiometricToastView]: onDisplayChanged oldDisplayState=2 newDisplayState=2
01-25 17:40:27.227 18215 18215 I ViewRootImpl@a116302[Conversation]: onDisplayChanged oldDisplayState=2 newDisplayState=2
01-25 17:40:27.232  1919 11194 I sensors-hal: ssc_conn_resp_cb:941, resp_value = 0 for sensor_temperature 
01-25 17:40:27.232  1919  1919 I sensors-hal: send_sync_sensor_request:558, takes 8 ms to receive the response with 0
01-25 17:40:27.232  1919  1919 I sensors-hal: send_sensor_config_request:590, resampler is used, set resampler config
01-25 17:40:27.232  1919  1919 I sensors-hal: send_sync_sensor_request:521, send sync request
01-25 17:40:27.233  1919  1919 I sensors-hal: send_sync_sensor_request:531, send_sync_sensor_request before send_request for gyro with SUID low=13349102573053088193 high=10940304014280585888
01-25 17:40:27.233  1919  1919 I sensors-hal: send_request:330, send_request start this=0xb400007dcc0d4a00x 
01-25 17:40:27.233  2031  2222 I VSyncReactor: Current= 60, Period= 60, Distance= 120
01-25 17:40:27.233  1919  1919 I sensors-hal: send_request:415, send_request completed, this=0xb400007dcc0d4a00x
01-25 17:40:27.233  1919  1919 I sensors-hal: send_sync_sensor_request:552, wait for notification of response
01-25 17:40:27.233  1919 11194 I sensors-hal: handle_resp_cb:517, handle_resp_cb Ended this=0xb400007dcc0d4200x
01-25 17:40:27.233  1919 11194 I sensors-hal: ssc_conn_event_cb:869, SCHED_FIFO(10) for qmi_cbk
01-25 17:40:27.233  1919 11191 I sensors-hal: gyrocal_conn_resp_cb:373, resp_value = 0 for gyro before acuiring the lock _cal_mutex
01-25 17:40:27.233  1919 11191 I sensors-hal: gyrocal_conn_resp_cb:381, resp_value = 0 for gyro Ended
01-25 17:40:27.233  1919 11191 I sensors-hal: handle_resp_cb:517, handle_resp_cb Ended this=0xb400007dcc0d4a00x
01-25 17:40:27.233  1959  3783 I SS_3A   :  INFO: AWB: TsAwb_parse_stats: 1984: [stats_dbg] statsBayerGrid startupMode = StatisticsStartUpInvalid, exit now
01-25 17:40:27.233  1959  3782 I SS_3A   :  INFO: AEC: TsAecGetAeStatisticsData: 6767: [F][2] StatisticsStartUpInvalid: 1
01-25 17:40:27.233  1959  3784 I SS_3A   :  INFO:  AF: TsAf_get_metadata: 1149: [TsAf_Range] range_sensor_data is NULL
01-25 17:40:27.233  1959  3784 I SS_3A   :  INFO:  AF: TsAf_process: 4383: befor pipeline delay requestId 2 MasterFocusDistance 0.000000
01-25 17:40:27.233  1919 11191 I sensors-hal: ssc_conn_resp_cb:941, resp_value = 0 for gyro 
01-25 17:40:27.233  1919  1919 I sensors-hal: send_sync_sensor_request:558, takes 0 ms to receive the response with 0
01-25 17:40:27.233  1919  1919 I sensors-hal: activate:303, android.sensor.gyroscope/41 en=1 completed
01-25 17:40:27.234  1919 11191 I sensors-hal: handle_resp_cb:517, handle_resp_cb Ended this=0xb400007dcc0d4a00x
01-25 17:40:27.234  1959  3783 I SS_3A   :  INFO: AWB: TsAwb_process_preview: 3028: [2]TsAwb_gain_front=1.771,1.00,2.037,  BV=-0.492, lux=329, CT=4314, CT2=4314, TG=73, Ch_g=1.045, I/V=0.000, LT=0, PsnIdx=0
01-25 17:40:27.234  1959 11187 I SensorListener: enableSensor : numSensors=44/44, sen_list = 0xb40000797ca05000/0xb40000797ca05000
01-25 17:40:27.234  1959  3782 I SS_3A   :  INFO:  AF: TsAf_get_metadata: 1149: [TsAf_Range] range_sensor_data is NULL
01-25 17:40:27.234  1959  3783 I SS_3A   :  INFO: AWB: TsAwb_parse_stats: 1984: [stats_dbg] statsBayerGrid startupMode = StatisticsStartUpInvalid, exit now
01-25 17:40:27.234  1959  3782 I SS_3A   :  INFO:  AF: TsAf_process: 4383: befor pipeline delay requestId 3 MasterFocusDistance 0.000000
01-25 17:40:27.234  1919  1919 I sensors-hal: set_config:61, sample_period_ns is adjusted to 100000000 based on min/max delay_ns
01-25 17:40:27.234  1919  1919 I sensors-hal: batch:369, android.sensor.accelerometer/11, period=100000000, max_latency=0 request completed
01-25 17:40:27.234  1959  3786 I SS_3A   :  INFO: AEC: TsAecGetAeStatisticsData: 6767: [F][3] StatisticsStartUpInvalid: 1
01-25 17:40:27.235  1919  1919 I sensors-hal: activate:285, android.sensor.accelerometer/11 en=1
01-25 17:40:27.235  1919  1919 I sensors-hal: acquire_ssc_interface:114, acquire_ssc_interface with sensor_id 38 , conn_type 3 
01-25 17:40:27.235  1959  3783 I SS_3A   :  INFO: AWB: TsAwb_process_preview: 3028: [3]TsAwb_gain_front=1.771,1.00,2.037,  BV=-0.492, lux=329, CT=4314, CT2=4314, TG=73, Ch_g=1.049, I/V=0.000, LT=0, PsnIdx=0
01-25 17:40:27.235  1875  2041 E minksocket: MinkIPC_QRTR_Service: client with node 1 port 4639 went down
01-25 17:40:27.235  1875  2041 E minksocket: MinkIPC_QRTR_Service: client with node 1 port 463a went down
01-25 17:40:27.235  1875  2046 E minksocket: MinkIPC_QRTR_Service: client with node 1 port 4639 went down
01-25 17:40:27.235  1875  2046 E minksocket: MinkIPC_QRTR_Service: client with node 1 port 463a went down
01-25 17:40:27.236  1875  2041 E minksocket: MinkIPC_QRTR_Service: client with node 1 port 463b went down
01-25 17:40:27.236  1875  2046 E minksocket: MinkIPC_QRTR_Service: client with node 1 port 463b went down
01-25 17:40:27.236  1919  1919 I sensors-hal: ssc_qmi:36, ssc_qmi
01-25 17:40:27.236  1919  1919 I sensors-hal: register_cb:305, register_cb start this=0xb400007dcc0eca00x
01-25 17:40:27.236  1919  1919 I sensors-hal: register_cb:321, register_cb End with succes
01-25 17:40:27.236  1875  2041 E minksocket: MinkIPC_QRTR_Service: client with node 1 port 463c went down
01-25 17:40:27.236  1875  2046 E minksocket: MinkIPC_QRTR_Service: client with node 1 port 463c went down
01-25 17:40:27.236  1919  1919 I sensors-hal: send_sensor_config_request:590, resampler is used, set resampler config
01-25 17:40:27.236  1919  1919 I sensors-hal: send_sync_sensor_request:521, send sync request
01-25 17:40:27.236  1919  1919 I sensors-hal: send_sync_sensor_request:531, send_sync_sensor_request before send_request for accel with SUID low=11115320498015681092 high=2286538866409242278
01-25 17:40:27.236  1919  1919 I sensors-hal: send_request:330, send_request start this=0xb400007dcc0eca00x 
01-25 17:40:27.236  1919  1919 I sensors-hal: send_request:415, send_request completed, this=0xb400007dcc0eca00x
01-25 17:40:27.236  1919  1919 I sensors-hal: send_sync_sensor_request:552, wait for notification of response
01-25 17:40:27.241  1919 11196 I sensors-hal: ssc_conn_resp_cb:941, resp_value = 0 for accel 
01-25 17:40:27.241  1919  1919 I sensors-hal: send_sync_sensor_request:558, takes 5 ms to receive the response with 0
01-25 17:40:27.242  1919  1919 I sensors-hal: activate:303, android.sensor.accelerometer/11 en=1 completed
01-25 17:40:27.242  1919 11196 I sensors-hal: handle_resp_cb:517, handle_resp_cb Ended this=0xb400007dcc0eca00x
01-25 17:40:27.242  1959 11187 I SensorListener: enableSensor : numSensors=44/44, sen_list = 0xb40000797ca05000/0xb40000797ca05000
01-25 17:40:27.242  1959 11187 I SensorListener: enableSensor : numSensors=44/44, sen_list = 0xb40000797ca05000/0xb40000797ca05000
01-25 17:40:27.242  1919  1919 I sensors-hal: set_config:61, sample_period_ns is adjusted to 120000000 based on min/max delay_ns
01-25 17:40:27.242  1919  1919 I sensors-hal: batch:369, com.samsung.sensor.light_ir/1421, period=120000000, max_latency=0 request completed
01-25 17:40:27.243  1919  1919 I sensors-hal: activate:285, com.samsung.sensor.light_ir/1421 en=1
01-25 17:40:27.243  1919  1919 I sensors-hal: activate:53, light_ir: Activate!
