01-25 17:40:27.331  1895 16913 I AHAL: AudioStream: addRemoveAudioEffect: 4981: size of EC Enabled set ===> 1
01-25 17:40:27.331  1895 16913 D AHAL: AudioStream: astream_in_add_audio_effect: 1460: Exit ret: 0
01-25 17:40:27.331  1895  1895 W StreamHAL: Error from HAL stream in function set_microphone_field_dimension: Function not implemented
01-25 17:40:27.332  1895 11204 D AHAL: AudioStream: AutoPerfLock: 186: (Acquired) perf_lock_handle: 0x0, count: 1
01-25 17:40:27.332  1895 11204 I AHAL: AudioStream: Open: 5413: Enter: InPrimary usecase(33: audio-record-voip)
01-25 17:40:27.332  1895 11204 D AHAL: AudioStream: Open: 5525: set format=1, bit_width=16
01-25 17:40:27.332  1895 11204 D AHAL: AudioStream: Open: 5632: (0:ret)
01-25 17:40:27.332  1895 11204 I PAL: API: pal_stream_open: 197: Enter, stream type:6
01-25 17:40:27.332  1895 11204 I PAL: ResourceManager: getActiveStream_l: 5781: no active streams found for device 25 ret -2
01-25 17:40:27.332  1895 11204 I PAL: ResourceManager: getActiveStream_l: 5781: no active streams found for device 26 ret -2
01-25 17:40:27.332  1895 11204 I PAL: Device: setDeviceAttributes: 383: DeviceAttributes for Device Id 26 updated
01-25 17:40:27.332  1895 11204 I PAL: Device: open: 453: Enter. deviceCount 0 for device id 26 (PAL_DEVICE_IN_SPEAKER_MIC)
01-25 17:40:27.332  1895 11204 I PAL: SessionAlsaUtils: setDeviceMediaConfig: 1048: CODEC_DMA-LPAIF_RXTX-TX-3 rate ch fmt data_fmt 48000 4 2 1
01-25 17:40:27.332  1895 11204 D audio_route: Apply path: voip-comm-speaker-mic
01-25 17:40:27.333  2829  3747 V AudioService.RecordingActivityMonitor: updateSoundAppPolicy packageName = com.outsystemscloud.lucasgv.SandboxAppCordova
01-25 17:40:27.333  2829  3747 D SGM:GameManager: identifyGamePackage. com.outsystemscloud.lucasgv.SandboxAppCordova, mCurrentUserId: 0, callerUserId: 0, callingMethodInfo: com.samsung.android.game.SemGameManager.isGamePackage(SemGameManager.java:111)
01-25 17:40:27.333  2829  3747 D SGM:PkgDataHelper: getGamePkgData(). com.outsystemscloud.lucasgv.SandboxAppCordova
01-25 17:40:27.333  2829  3747 D SGM:SemGameManager: isGamePackage(), pkgName=com.outsystemscloud.lucasgv.SandboxAppCordova, ret=false
01-25 17:40:27.334  1895 11204 I PAL: Device: open: 488: Exit. deviceCount 1 for device id 26 (PAL_DEVICE_IN_SPEAKER_MIC), exit status: 0
01-25 17:40:27.334  1895 11204 I PAL: ResourceManager: allocateFrontEndIds: 6656: allocateFrontEndIds: front end 112
01-25 17:40:27.334  1895 11204 I PAL: PayloadBuilder: populateStreamKV: 2972: stream type 6
01-25 17:40:27.334  1895 11204 I PAL: PayloadBuilder: findKVs: 2703: key: 0xb1000000 value: 0xb1000004
01-25 17:40:27.334  1895 11204 I PAL: PayloadBuilder: populateStreamCkv: 3304: Entered default a4000000 f
01-25 17:40:27.334  1895 11204 I PAL: PayloadBuilder: populateDeviceKV: 3086: Enter device id:26
01-25 17:40:27.334  1895 11204 I PAL: PayloadBuilder: findKVs: 2703: key: 0xa3000000 value: 0xa3000001
01-25 17:40:27.334  1895 11204 I PAL: PayloadBuilder: populateDeviceKV: 3114: Exit device id:26, status 0
01-25 17:40:27.334  1895 11204 I PAL: PayloadBuilder: populateDevicePPKV: 3246: Tx device id:26
01-25 17:40:27.334  1895 11204 I PAL: PayloadBuilder: getSelectorValues: 2870: stream type: 6
01-25 17:40:27.334  1895 11204 I PAL: PayloadBuilder: findKVs: 2690: key: 0xa3000000 value: 0xa3000001
01-25 17:40:27.334  1895 11204 I PAL: PayloadBuilder: findKVs: 2690: key: 0xad000000 value: 0xad00041
01-25 17:40:27.334  1895 11204 I PAL: PayloadBuilder: populateDevicePPCkv: 3404: sattr->type(6) VoiP Sample Rate[48000]
01-25 17:40:27.334  1895 11204 D agm_server_wrapper: Aif id 5 already added to session list of 112
01-25 17:40:27.334  1895 11204 I AGM: session: session_obj_set_sess_aif_metadata: 1779 Exit
01-25 17:40:27.334  1895 11204 D agm_server_wrapper: Aif id 5 already added to session list of 112
01-25 17:40:27.334  1895 11204 I AGM: API: agm_session_aif_connect: 685 connecting aifid:5 with session id=112
01-25 17:40:27.334  1895 11204 I PAL: API: pal_stream_open: 242: Exit. Value of stream_handle 0xb400007ea47fb380K, status 0 : PAL_STREAM_VOIP_TX(6)
01-25 17:40:27.334  1895 11204 D AHAL: AudioStream: Open: 5774: Exit ret: 0
01-25 17:40:27.334  1895 11204 D AHAL: AudioStream: ~AutoPerfLock: 196: (release) perf_lock_handle: 0x0, count: 1
01-25 17:40:27.334  1895 11204 D AHAL: AudioStream: ~AutoPerfLock: 200: Releasing perf_lock_handle: 0x0
01-25 17:40:27.334  1895 11204 D AHAL: AudioStream: AutoPerfLock: 186: (Acquired) perf_lock_handle: 0x0, count: 1
01-25 17:40:27.334  1895 11204 D PreProcess_RA: PreProcessInit() There is no solutions for recording
01-25 17:40:27.334  1895 11204 I PAL: API: pal_stream_start: 310: Enter. Stream handle 0xb400007ea47fb380K
01-25 17:40:27.334  1895 11204 I PAL: SessionAlsaUtils: setDeviceMediaConfig: 1048: CODEC_DMA-LPAIF_RXTX-TX-3 rate ch fmt data_fmt 48000 4 2 1
01-25 17:40:27.334  1895 11204 I PAL: ResourceManager: voteSleepMonitor: 1950: Voting done for nlpi use case, lpi votes 0, nlpi votes : 2
01-25 17:40:27.335  1895 11204 D agm_client_wrapper: agm_session_open called with handle = 636fcda0 , *handle = 0
01-25 17:40:27.335  1895 11204 D AGM: graph: graph_open: 617 entry
01-25 17:40:27.335  1895 11204 D AGM: metadata: metadata_print: 79 *************************Metadata*************************
01-25 17:40:27.335  1895 11204 D AGM: metadata: metadata_print: 80 GKV size:3
01-25 17:40:27.335  1895 11204 D AGM: metadata: metadata_print: 83 key:0xb1000000, value:0xb1000004 
01-25 17:40:27.335  1895 11204 D AGM: metadata: metadata_print: 83 key:0xa3000000, value:0xa3000001 
01-25 17:40:27.335  1895 11204 D AGM: metadata: metadata_print: 83 key:0xad000000, value:0xad00041 
01-25 17:40:27.335  1895 11204 D AGM: metadata: metadata_print: 87 
01-25 17:40:27.335  1895 11204 D AGM: metadata: CKV count:2
01-25 17:40:27.335  1895 11204 D AGM: metadata: metadata_print: 90 key:0xa4000000, value:0xf 
01-25 17:40:27.335  1895 11204 D AGM: metadata: metadata_print: 90 key:0xd100000, value:0x3 
01-25 17:40:27.335  1895 11204 D AGM: metadata: metadata_print: 92 
01-25 17:40:27.335  1895 11204 D AGM: metadata: metadata_print: 94 Property ID:134217744
01-25 17:40:27.335  1895 11204 D AGM: metadata: metadata_print: 95 property count:4
01-25 17:40:27.335  1895 11204 D AGM: metadata: metadata_print: 98 Property Values: 
01-25 17:40:27.335  1895 11204 D AGM: metadata: metadata_print: 100 0x1 
01-25 17:40:27.335  1895 11204 D AGM: metadata: metadata_print: 100 0x3 
01-25 17:40:27.335  1895 11204 D AGM: metadata: metadata_print: 100 0x2 
01-25 17:40:27.335  1895 11204 D AGM: metadata: metadata_print: 100 0x5 
01-25 17:40:27.335  1895 11204 D AGM: metadata: metadata_print: 102 
01-25 17:40:27.335  1895 11204 D AGM: metadata: metadata_print: 103 ****************Metadata Done***************************
01-25 17:40:27.335  1895 11204 D AGM: metadata: 
01-25 17:40:27.335  1895 11204 I AGM: graph: print_graph_alias: 2404 GKV Alias 591 | DeviceTX_Speaker_Mic_DevicePP_Tx_Voip_ECNS_StreamTX_Voip_Tx
01-25 17:40:27.335  1895 11204 D AGM: graph: graph_open: 745 miid 43ad mid 7001024 tag c0000005
01-25 17:40:27.335  1895 11204 D AGM: graph: graph_open: 697 miid 402b mid 7001004 tag c000000f
01-25 17:40:27.335  1895 11204 D AGM: graph: graph_open: 697 miid 402c mid 7001003 tag c0000010
01-25 17:40:27.335  1895 11204 I GPR:    : __gpr_cmd_register_v2:902 GPR Register: Source Port is 8210 heap_index: 0
01-25 17:40:27.335  1895 11204 I gsl     : gsl_graph_open_sgids_and_connections:2725 num_sgid= 3
01-25 17:40:27.335  1895 11204 I gsl     : gsl_graph_open_sgids_and_connections:2726 sg list:
01-25 17:40:27.335  1895 11204 I gsl     : gsl_graph_open_sgids_and_connections:2728 b000000c
01-25 17:40:27.335  1895 11204 I gsl     : gsl_graph_open_sgids_and_connections:2728 b0000173
01-25 17:40:27.335  1895 11204 I gsl     : gsl_graph_open_sgids_and_connections:2728 b0000003
01-25 17:40:27.336  2829  3974 I AS.BtHelper: setHearingAidVolume: calling mHearingAid.setVolume idx=50 gain=-43
01-25 17:40:27.336  2829  3974 D BluetoothHearingAid: setVolume(-43)
01-25 17:40:27.336  1919 11196 I sensors-hal: handle_sns_client_event:574, [0][0] accel_sample [-0.269,  0.170,  9.762] 510597157329095
01-25 17:40:27.337  2829  3974 I AS.BtHelper: setLeAudioVolume: calling mLeAudio.setVolume idx=50 volume=159
01-25 17:40:27.337  2829  3974 I BluetoothLeAudio: setVolume(vol: 159)
01-25 17:40:27.337  4158  4158 W View    : requestLayout() improperly called by android.widget.FrameLayout{f252f7c V.E...... ......ID 0,177-1440,3035 #7f0a0866 app:id/qs_frame} during layout: running second layout pass
01-25 17:40:27.338  4520  9168 E LeAudioService: There is no active group 
01-25 17:40:27.338  2829  3974 D BluetoothA2dp: getActiveDevice()
01-25 17:40:27.339  2829  3972 D BluetoothA2dp: getActiveDevice()
01-25 17:40:27.339  2829  3972 D AS.AudioService: isBluetoothDualModeActive=false
01-25 17:40:27.339  2012  2012 V APM_AudioPolicyManager: setVolumeCurveIndex stream AUDIO_STREAM_ACCESSIBILITY, device 0x20000000, index 9
01-25 17:40:27.339  2829  3972 D BluetoothA2dp: getActiveDevice()
01-25 17:40:27.340  2829  3972 D AS.AudioService: isBluetoothDualModeActive=false
01-25 17:40:27.340  2012  2012 V APM_AudioPolicyManager: setVolumeCurveIndex stream AUDIO_STREAM_TTS, device 0x20000000, index 8
01-25 17:40:27.340  2829  3972 D BluetoothA2dp: getActiveDevice()
01-25 17:40:27.341  1895 11204 E ACDB    : AcdbCmdGetProcSubgraphCalDataPersist:8217 Error[19]: No calibration found
01-25 17:40:27.341  1895 11204 E ACDB    : AcdbCmdGetProcSubgraphCalDataPersist:8217 Error[19]: No calibration found
01-25 17:40:27.341  1895 11204 E ACDB    : AcdbCmdGetProcSubgraphCalDataPersist:8217 Error[19]: No calibration found
01-25 17:40:27.341  1895 11204 D AGM: graph: graph_open: 776 graph_handle 0x247534c
01-25 17:40:27.341  1895 11204 D AGM: graph: graph_open: 812 exit, ret 0
01-25 17:40:27.341  1895 11204 D agm_client_wrapper: agm_session_open Received handle = 0x7e636fcda0 , *handle = b400007ea773be00
01-25 17:40:27.341  1895 11204 D PLUGIN: pcm: agm_pcm_hw_params: 477 agm_pcm_hw_params: mode: 268435456
01-25 17:40:27.341  2829  3972 D AS.AudioService: isBluetoothDualModeActive=false
01-25 17:40:27.341  1895 11204 E PAL: SessionAlsaPcm: start: 1095: miid : 402f id = 112, data CODEC_DMA-LPAIF_RXTX-TX-3
01-25 17:40:27.341  1895 11204 I PAL: PayloadBuilder: payloadMFCConfig: 634: sample_rate:48000 bit_width:16 num_channels:1 Miid:16431
01-25 17:40:27.341  1895 11204 I PAL: Session: updateCustomPayload: 622: customPayloadSize = 32
01-25 17:40:27.341  1895 11204 E PAL: SessionAlsaPcm: start: 1121: getModuleInstanceId failed
01-25 17:40:27.341  1895 11204 D AGM: graph: graph_set_config: 1174 entry graph_handle 0x247534c
01-25 17:40:27.341  2012  2012 V APM_AudioPolicyManager: setVolumeCurveIndex stream AUDIO_STREAM_DTMF, device 0x20000000, index 9
01-25 17:40:27.341  1895 11204 D AGM: graph: graph_set_config: 1182 exit, graph handle 0x247534c, ret 0
01-25 17:40:27.341  1895 11204 D AGM: graph: graph_prepare: 873 entry graph_handle 0x247534c
01-25 17:40:27.341  1895 11204 D AGM: graph_module: configure_hw_ep_media_config: 704 entry mod tag c0000005 miid 43ad mid 7001024
01-25 17:40:27.341  1895 11204 D AGM: graph_module: configure_hw_ep_media_config: 734 rate 48000 bw 16 ch 4, data_fmt 1
01-25 17:40:27.341  2829  3972 D BluetoothA2dp: getActiveDevice()
01-25 17:40:27.341  1895 11204 D AGM: graph_module: configure_hw_ep_media_config: 744 exit, ret 0
01-25 17:40:27.341  1895 11204 D AGM: graph_module: configure_codec_dma_ep: 321 cdc_dma intf cfg lpaif 1 indx 4 ch_msk f
01-25 17:40:27.341  1895 11204 D AGM: graph_module: configure_codec_dma_ep: 336 exit, ret 0
01-25 17:40:27.341  1895 11204 D AGM: graph_module: configure_output_media_format: 827 entry mod tag c000000f miid 402b mid 7001004
01-25 17:40:27.341  1895 11204 D AGM: graph_module: configure_output_media_format: 958 exit, ret 0
01-25 17:40:27.341  1895 11204 D AGM: graph_module: configure_output_media_format: 827 entry mod tag c0000010 miid 402c mid 7001003
01-25 17:40:27.341  2829  3972 D AS.AudioService: isBluetoothDualModeActive=false
01-25 17:40:27.342  2012  2012 V APM_AudioPolicyManager: setVolumeCurveIndex stream AUDIO_STREAM_ENFORCED_AUDIBLE, device 0x20000000, index 15
01-25 17:40:27.342  1895 11204 D AGM: graph_module: configure_output_media_format: 958 exit, ret 0
01-25 17:40:27.342  1895 11204 D AGM: graph: configure_buffer_params: 209 Enter
01-25 17:40:27.342  1895 11204 D AGM: graph: configure_buffer_params: 272 Capture sess buf_sz 1920 num_bufs 2
01-25 17:40:27.342  1895 11204 E AGM: graph: configure_buffer_params: 305 Unsupported buffer mode : 0, Default to Blocking
01-25 17:40:27.342  1895 11204 D AGM: graph: configure_buffer_params: 325 exit, ret 0
01-25 17:40:27.342  2829  3972 D BluetoothA2dp: getActiveDevice()
01-25 17:40:27.342  2829  3972 D AS.AudioService: isBluetoothDualModeActive=false
01-25 17:40:27.342  2012  2012 V APM_AudioPolicyManager: setVolumeCurveIndex stream AUDIO_STREAM_BLUETOOTH_SCO, device 0x20000000, index 7
01-25 17:40:27.342  2829  3972 D BluetoothA2dp: getActiveDevice()
01-25 17:40:27.343  2829  3972 D AS.AudioService: isBluetoothDualModeActive=false
01-25 17:40:27.343  2012  2012 V APM_AudioPolicyManager: setVolumeCurveIndex stream AUDIO_STREAM_NOTIFICATION, device 0x20000000, index 0
01-25 17:40:27.343  2829  3972 D BluetoothA2dp: getActiveDevice()
01-25 17:40:27.344  2829  3972 D AS.AudioService: isBluetoothDualModeActive=false
01-25 17:40:27.344  2012  2012 V APM_AudioPolicyManager: setVolumeCurveIndex stream AUDIO_STREAM_ALARM, device 0x20000000, index 11
01-25 17:40:27.344  2829  3972 D BluetoothA2dp: getActiveDevice()
01-25 17:40:27.344  2829  3972 D AS.AudioService: isBluetoothDualModeActive=false
01-25 17:40:27.344  2829  3972 D BluetoothA2dp: getActiveDevice()
01-25 17:40:27.345  2829  3972 D AS.AudioService: isBluetoothDualModeActive=false
01-25 17:40:27.345  2012  2012 V APM_AudioPolicyManager: setVolumeCurveIndex stream AUDIO_STREAM_ACCESSIBILITY, device 0x20000000, index 9
01-25 17:40:27.345  2829  3972 D BluetoothA2dp: getActiveDevice()
01-25 17:40:27.345  2829  3972 D AS.AudioService: isBluetoothDualModeActive=false
01-25 17:40:27.346  2012  2012 V APM_AudioPolicyManager: setVolumeCurveIndex stream AUDIO_STREAM_ACCESSIBILITY, device 0x00000002, index 8
01-25 17:40:27.346  2012  2012 V APM_AudioPolicyManager: checkAndSetVolume: output 13, stream 10, index 8, devices 0x2, volume 0.500000
01-25 17:40:27.346  2012  2012 V APM_AudioPolicyManager: checkAndSetVolume: output 21, stream 10, index 8, devices 0x2, volume 0.500000
01-25 17:40:27.346  2012  2012 V APM_AudioPolicyManager: checkAndSetVolume: output 29, stream 10, index 8, devices 0x2, volume 0.500000
01-25 17:40:27.346  2012  2012 V APM_AudioPolicyManager: checkAndSetVolume: output 37, stream 10, index 8, devices 0x2, volume 0.500000
01-25 17:40:27.346  2012  2012 V APM_AudioPolicyManager: setVolumeCurveIndex stream AUDIO_STREAM_ACCESSIBILITY, device 0x00000001, index 8
01-25 17:40:27.346  2012  2012 V APM_AudioPolicyManager: setVolumeCurveIndex stream AUDIO_STREAM_TTS, device 0x20000000, index 8
01-25 17:40:27.346  2829  3972 D BluetoothA2dp: getActiveDevice()
01-25 17:40:27.347  2829  3972 D AS.AudioService: isBluetoothDualModeActive=false
01-25 17:40:27.347  2012  2012 V APM_AudioPolicyManager: setVolumeCurveIndex stream AUDIO_STREAM_TTS, device 0x00000002, index 8
01-25 17:40:27.347  2012  2012 V APM_AudioPolicyManager: checkAndSetVolume: output 13, stream 9, index 8, devices 0x2, volume 0.251189
01-25 17:40:27.347  2012  2012 V APM_AudioPolicyManager: checkAndSetVolume: output 21, stream 9, index 8, devices 0x2, volume 0.251189
01-25 17:40:27.347  2012  2012 V APM_AudioPolicyManager: checkAndSetVolume: output 29, stream 9, index 8, devices 0x2, volume 0.251189
01-25 17:40:27.347  2012  2012 V APM_AudioPolicyManager: checkAndSetVolume: output 37, stream 9, index 8, devices 0x2, volume 0.251189
01-25 17:40:27.347  2012  2012 V APM_AudioPolicyManager: setVolumeCurveIndex stream AUDIO_STREAM_TTS, device 0x00000001, index 8
01-25 17:40:27.347  2012  2012 V APM_AudioPolicyManager: setVolumeCurveIndex stream AUDIO_STREAM_RING, device 0x20000000, index 0
01-25 17:40:27.348  2829  3972 D BluetoothA2dp: getActiveDevice()
01-25 17:40:27.348  1895 11204 D AGM: graph: graph_prepare: 951 exit, ret 0
01-25 17:40:27.348  1895 11204 D AGM: graph: graph_start: 965 entry graph_handle 0x247534c
01-25 17:40:27.348  2829  3972 D AS.AudioService: isBluetoothDualModeActive=false
01-25 17:40:27.348  2012  2012 V APM_AudioPolicyManager: setVolumeCurveIndex stream AUDIO_STREAM_SYSTEM, device 0x20000000, index 0
01-25 17:40:27.348  2829  3972 D BluetoothA2dp: getActiveDevice()
01-25 17:40:27.349  2829  3972 D AS.AudioService: isBluetoothDualModeActive=false
01-25 17:40:27.349  2012  2012 V APM_AudioPolicyManager: setVolumeCurveIndex stream AUDIO_STREAM_VOICE_CALL, device 0x20000000, index 8
01-25 17:40:27.349  2829  3972 D BluetoothA2dp: getActiveDevice()
01-25 17:40:27.350  2829  3972 D AS.AudioService: isBluetoothDualModeActive=false
01-25 17:40:27.350  2012  2012 V APM_AudioPolicyManager: setVolumeCurveIndex stream AUDIO_STREAM_DTMF, device 0x20000000, index 9
01-25 17:40:27.350  2829  3972 D BluetoothA2dp: getActiveDevice()
01-25 17:40:27.350  1895 11204 D AGM: graph: graph_start: 977 exit, ret 0
01-25 17:40:27.350  2829  3972 D AS.AudioService: isBluetoothDualModeActive=false
01-25 17:40:27.351  2012  2012 V APM_AudioPolicyManager: setVolumeCurveIndex stream AUDIO_STREAM_DTMF, device 0x00000002, index 6
01-25 17:40:27.351  2012  2012 V APM_AudioPolicyManager: checkAndSetVolume: output 13, stream 8, index 6, devices 0x2, volume 0.500000
01-25 17:40:27.351  2012  2012 V APM_AudioPolicyManager: checkAndSetVolume: output 21, stream 8, index 6, devices 0x2, volume 0.500000
01-25 17:40:27.351 12024 12924 I MultimediaHelper: (Paran)(2.1.05) updateMediaRunning() : current media mode is 2
01-25 17:40:27.351 12024 12924 I MultimediaHelper: (Paran)(2.1.05) isMusicRunning() : audio playing pid - 10623 
01-25 17:40:27.351 12024 12924 I MultimediaHelper: (Paran)(2.1.05) isMusicRunning() : audio playing package - com.outsystemscloud.lucasgv.SandboxAppCordova 
01-25 17:40:27.351 12024 12924 I MultimediaHelper: (Paran)(2.1.05) isMusicRunning() : music is running
01-25 17:40:27.351  2012  2012 V APM_AudioPolicyManager: checkAndSetVolume: output 29, stream 8, index 6, devices 0x2, volume 0.500000
01-25 17:40:27.351 12024 12917 I ShtCoreImpl: (Paran)(2.1.05) handleMediaStateUpdated(true)/current internal val : false
01-25 17:40:27.351 12024 12917 I ShtCoreImpl: (Paran)(2.1.05) updateRunningCondition() : setting( false ), headtracking( true ), conn( false ), media( true ), wear( false ), screen( true ), audiopath( false ), sensorsupport( true )
01-25 17:40:27.351  2012  2012 V APM_AudioPolicyManager: checkAndSetVolume: output 37, stream 8, index 6, devices 0x2, volume 0.500000
01-25 17:40:27.351  2012  4655 D DlbEffectContext: getParam() received parameter EFFECT_PARAM_ENABLE
01-25 17:40:27.351  2012  4655 D DlbEffectContext: getParam() received parameter EFFECT_PARAM_ENABLE
01-25 17:40:27.351  2012  4655 D DlbEffectContext: getParam() received parameter EFFECT_PARAM_ENABLE
01-25 17:40:27.351  2012  4655 D DlbEffectContext: getParam() received parameter EFFECT_PARAM_ENABLE
01-25 17:40:27.351  2012  4655 D DlbEffectContext: getParam() received parameter EFFECT_PARAM_ENABLE
01-25 17:40:27.351  2012  4655 D DlbEffectContext: getParam() received parameter EFFECT_PARAM_PROFILE
01-25 17:40:27.351  2012  4655 D DlbEffectContext: getParam() received parameter EFFECT_PARAM_PROFILE
01-25 17:40:27.351  2012  4655 D DlbEffectContext: getParam() received parameter EFFECT_PARAM_PROFILE
01-25 17:40:27.351  2012  4655 D DlbEffectContext: getParam() received parameter EFFECT_PARAM_PROFILE
01-25 17:40:27.351  2012  4655 D DlbEffectContext: getParam() received parameter EFFECT_PARAM_PROFILE
01-25 17:40:27.352  2829  6761 I ActivityManager: Changes in 10130 15 to 5, 0 to 56
01-25 17:40:27.352  4520  4520 D HidDeviceService: handleMessage(): msg.what=8
01-25 17:40:27.353  2012  4655 V APM_AudioPolicyManager: setAppState(portId:1364, state:2)
01-25 17:40:27.353  2829  3974 V AS.AudioDeviceBroker: requestedCommunicationDevice: AudioDeviceAttributes: role:output type:speaker addr: name: profiles:[] descriptors:[] mAudioModeOwner: AudioModeInfo: mMode=MODE_NORMAL, mPid=0, mUid=0
01-25 17:40:27.353 31399 31474 I SAContentProvider: getAudioPathByQuery() : requested path is unknown (-1)
01-25 17:40:27.353  2829  3974 V AS.AudioDeviceBroker: onUpdateCommunicationRouteClient, crc: [CommunicationRouteClient: mUid: 10437 mDevice: AudioDeviceAttributes: role:output type:speaker addr: name: profiles:[] descriptors:[] mIsPrivileged: false mPlaybackActive: true mRecordingActive: false] wasBtScoRequested: false eventSource: setNewModeOwner
01-25 17:40:27.353 31399 31474 I SAContentProvider: query() : result is 0
01-25 17:40:27.353  2829  3974 V AS.AudioDeviceBroker: setCommunicationRouteForClient: device: AudioDeviceAttributes: role:output type:speaker addr: name: profiles:[] descriptors:[], eventSource: setNewModeOwner
01-25 17:40:27.353  2829  3974 I AS.AudioDeviceBroker: setCommunicationRouteForClient for uid: 10437 device: AudioDeviceAttributes: role:output type:speaker addr: name: profiles:[] descriptors:[] isPrivileged: false from API: setNewModeOwner
01-25 17:40:27.353  2829  3974 V AS.AudioDeviceBroker: requestedCommunicationDevice: AudioDeviceAttributes: role:output type:speaker addr: name: profiles:[] descriptors:[] mAudioModeOwner: AudioModeInfo: mMode=MODE_IN_COMMUNICATION, mPid=10623, mUid=10437
01-25 17:40:27.353  2829  3974 V AS.AudioDeviceBroker: requestedCommunicationDevice: AudioDeviceAttributes: role:output type:speaker addr: name: profiles:[] descriptors:[] mAudioModeOwner: AudioModeInfo: mMode=MODE_IN_COMMUNICATION, mPid=10623, mUid=10437
01-25 17:40:27.353  2829  3974 V AS.AudioDeviceBroker: requestedCommunicationDevice: AudioDeviceAttributes: role:output type:speaker addr: name: profiles:[] descriptors:[] mAudioModeOwner: AudioModeInfo: mMode=MODE_IN_COMMUNICATION, mPid=10623, mUid=10437
01-25 17:40:27.353  2829  3974 V AS.AudioDeviceBroker: requestedCommunicationDevice: AudioDeviceAttributes: role:output type:speaker addr: name: profiles:[] descriptors:[] mAudioModeOwner: AudioModeInfo: mMode=MODE_IN_COMMUNICATION, mPid=10623, mUid=10437
01-25 17:40:27.353  2829  3974 V AS.AudioDeviceBroker: requestedCommunicationDevice: AudioDeviceAttributes: role:output type:speaker addr: name: profiles:[] descriptors:[] mAudioModeOwner: AudioModeInfo: mMode=MODE_IN_COMMUNICATION, mPid=10623, mUid=10437
01-25 17:40:27.353  2829  3974 V AS.AudioDeviceBroker: updateCommunicationRoute, preferredCommunicationDevice: AudioDeviceAttributes: role:output type:speaker addr: name: profiles:[] descriptors:[] eventSource: setNewModeOwner
01-25 17:40:27.353  2829  3974 V AS.AudioDeviceBroker: requestedCommunicationDevice: AudioDeviceAttributes: role:output type:speaker addr: name: profiles:[] descriptors:[] mAudioModeOwner: AudioModeInfo: mMode=MODE_IN_COMMUNICATION, mPid=10623, mUid=10437
01-25 17:40:27.353  2829  3974 I MicModeManager: setCommunicationDevice() deviceType: 2
01-25 17:40:27.353  2829  3974 I MicModeManager: updateAudioDevice() audioMode: 3, curDevice: 2
01-25 17:40:27.353  2829  3974 I MicModeManager: isMicModeSupported() MicModeType: 1, audioMode: 3, curDevice: 2, translationState: false, dexState: false, smartViewState: false, gameChatState: false, wifiCallState: false, videoCallState: false
01-25 17:40:27.353  2829  3974 I MicModeManager: isMicModeSupported() MicMode ON
01-25 17:40:27.353  2829  3974 I MicModeManager: getVoipCallMicMode voipCallMicMode = 0
01-25 17:40:27.353  2829  3974 D KNOX_MDM_SettingsProvider: isChangeAllowed() : name = mic_mode_enable
01-25 17:40:27.353  2829  3974 D KNOX_MDM_SettingsProvider: isChangeAllowed() : name = mic_mode_effect
01-25 17:40:27.353  2829  3974 D KNOX_MDM_SettingsProvider: isChangeAllowed() : name = mic_mode_package
01-25 17:40:27.353  2829  3974 V AS.AudioDeviceBroker: requestedCommunicationDevice: AudioDeviceAttributes: role:output type:speaker addr: name: profiles:[] descriptors:[] mAudioModeOwner: AudioModeInfo: mMode=MODE_IN_COMMUNICATION, mPid=10623, mUid=10437
01-25 17:40:27.354  2829  3972 V AS.AudioDeviceBroker: requestedCommunicationDevice: AudioDeviceAttributes: role:output type:speaker addr: name: profiles:[] descriptors:[] mAudioModeOwner: AudioModeInfo: mMode=MODE_IN_COMMUNICATION, mPid=10623, mUid=10437
01-25 17:40:27.354  2829  3974 I Telecom : SamsungTelecomServiceImpl : isInCall - callingPackage : android / callingUser : UserHandle{0} / hasCrossUserAccess : true
01-25 17:40:27.354  2012  2012 V APM_AudioPolicyManager: setVolumeCurveIndex stream AUDIO_STREAM_VOICE_CALL, device 0x20000000, index 8
01-25 17:40:27.355  2012  4655 V APM_AudioPolicyManager: getAudioPolicyConfig: audioParam;l_device_current_output
01-25 17:40:27.355  2012  4655 V APM_AudioPolicyManager: getNewOutputDevices selected devices {AUDIO_DEVICE_OUT_SPEAKER, @:}
01-25 17:40:27.355  2829  3972 D BluetoothA2dp: getActiveDevice()
01-25 17:40:27.355  4158  4158 D SettingsHelper: onChange() COMPLETED elapsed= 1
01-25 17:40:27.355  4158  4158 D MicMode : onChanged() - mic_mode_enable : true
01-25 17:40:27.355  4158  4158 D VideoCallMicModeBar: updateBarVisibilities: videoCall: false micMode: true voIPTranslator: false
01-25 17:40:27.355  4158  4158 I VideoCallMicModeBar: showBar : true
01-25 17:40:27.355  2829  2829 D SemApeController: VoIP started: uid=10437 com.outsystemscloud.lucasgv.SandboxAppCordova
01-25 17:40:27.355  2829  2829 D SemApeController: updateAppState: type=0x01 (true) uid=10437 com.outsystemscloud.lucasgv.SandboxAppCordova (before=0x00 after=0x01) size=1, foreground uid=10437 com.outsystemscloud.lucasgv.SandboxAppCordova
01-25 17:40:27.355  2829  2829 I SemApeController: (v2.0.5) Send broadcast ENABLE_APE=1 uid=10437 com.outsystemscloud.lucasgv.SandboxAppCordova
01-25 17:40:27.356  2829  3972 D AS.AudioService: isBluetoothDualModeActive=false
01-25 17:40:27.356 12024 12917 I SoundAliveHelper: (Paran)(2.1.05) getSpatialAudioValueFromSoundAlive() : value from SoundAlive is 0
01-25 17:40:27.356  2012  4655 V APM_AudioPolicyManager: setVolumeCurveIndex stream AUDIO_STREAM_DTMF, device 0x20000000, index 9
01-25 17:40:27.356  2829  3972 D BluetoothA2dp: getActiveDevice()
01-25 17:40:27.357  2829  2829 I SemApeController: (v2.0.5) APE_INFO: msg_type=STREAMING_INFO #uids=0
01-25 17:40:27.357  1959  3786 I SS_3A   :  INFO:  AF: TsAf_get_metadata: 1149: [TsAf_Range] range_sensor_data is NULL
01-25 17:40:27.357  1959  3786 E AF_DEBUG: AfLib_ExecuteMain(1277) : [cam_id_4] still_capture_intent arrived
01-25 17:40:27.358  2829  2829 I SemApeController: (v2.0.5) APE_INFO: msg_type=REALTIME_APP_INFO Enable(1) type=0x01 uid=10437 com.outsystemscloud.lucasgv.SandboxAppCordova
01-25 17:40:27.358  2829  2829 D SemStrongRssiRoaming: intent getAction: com.samsung.android.wifi.APE_INFO
01-25 17:40:27.358  2829  3972 D AS.AudioService: isBluetoothDualModeActive=false
01-25 17:40:27.358  2829  4047 I SemApeService: (v2.1.0) EVENT_START: UID=10437 package=com.outsystemscloud.lucasgv.SandboxAppCordova type=0x01 mIsRuleApplied=false mTrafficMonitor.uid=invalid
01-25 17:40:27.358  2012  4655 V APM_AudioPolicyManager: setVolumeCurveIndex stream AUDIO_STREAM_DTMF, device 0x00000002, index 6
01-25 17:40:27.358  2829  2829 D SemStrongRssiRoaming: intent getAction: com.samsung.android.wifi.APE_INFO
01-25 17:40:27.358  2829  4047 I SemApeService: android.content.pm.PackageManager$NameNotFoundException: com.samsung.android.galaxycontinuity
01-25 17:40:27.358  2829  4046 D SemStrongRssiRoaming: handleMessage : mPsmEnabled(true), mScpmEnabled(true), msg.what(10)
01-25 17:40:27.358  2012  4655 V APM_AudioPolicyManager: checkAndSetVolume: output 13, stream 8, index 6, devices 0x2, volume 0.500000
01-25 17:40:27.358  2829  4046 D SemStrongRssiRoaming: realtime app detected
01-25 17:40:27.358  2829  4047 D SemApeService: Current userId=0, total allowed UIDs=3
01-25 17:40:27.359  2012  4655 V APM_AudioPolicyManager: checkAndSetVolume: output 21, stream 8, index 6, devices 0x2, volume 0.500000
01-25 17:40:27.359  2829  4047 D SGM:GameManager: identifyGamePackage. com.outsystemscloud.lucasgv.SandboxAppCordova, mCurrentUserId: 0, callerUserId: 0, callingMethodInfo: com.samsung.android.game.SemGameManager.isGamePackage(SemGameManager.java:111)
01-25 17:40:27.359  2829  4047 D SGM:PkgDataHelper: getGamePkgData(). com.outsystemscloud.lucasgv.SandboxAppCordova
01-25 17:40:27.359  2829  4047 D SGM:SemGameManager: isGamePackage(), pkgName=com.outsystemscloud.lucasgv.SandboxAppCordova, ret=false
01-25 17:40:27.359  1959  3781 W IS_ALGO : IS1028: V3: is_valid_frame_times(3304): frame_id previous frame 1: Frame drop was detected. (# of missing frames, current frame SOF, previous frame SOF): 1, 510602144549, 510602077838
01-25 17:40:27.359  2012  4655 V APM_AudioPolicyManager: checkAndSetVolume: output 29, stream 8, index 6, devices 0x2, volume 0.500000
01-25 17:40:27.360  2012  4655 V APM_AudioPolicyManager: checkAndSetVolume: output 37, stream 8, index 6, devices 0x2, volume 0.500000
01-25 17:40:27.360  1959  3782 W IS_ALGO : IS1028: V3: is_valid_frame_times(3304): frame_id previous frame 1: Frame drop was detected. (# of missing frames, current frame SOF, previous frame SOF): 1, 510602144549, 510602077838
01-25 17:40:27.360  1959  3783 I SS_3A   :  INFO: AEC: TsAec_process_get_aec_info: 2583: [F][5] algo_out Av=2.273 g=30.478 e_t=0.03326 LLS=0x0 Ev=4.223 Bv=-0.922 PEv=4.078 Cvgd=0 lux=338, lls=0x0, drc=1.102 wide=0 Vo=0.000
01-25 17:40:27.360  1959  3784 I SS_3A   :  INFO: AWB: TsAwb_process_preview: 3028: [5]TsAwb_gain_front=1.739,1.00,2.027,  BV=-0.836, lux=337, CT=4277, CT2=4277, TG=131, Ch_g=1.054, I/V=0.016, LT=0, PsnIdx=0
01-25 17:40:27.361  2012  4655 V APM_AudioPolicyManager: setForceUse() usage 7, config 0, mPhoneState 3
01-25 17:40:27.361  2012  4655 W APM_AudioPolicyManager: setForceUse() usage 7, config 0 is already set
01-25 17:40:27.362  2012  4655 V APM_AudioPolicyManager: setVolumeCurveIndex stream AUDIO_STREAM_DTMF, device 0x00000001, index 15
01-25 17:40:27.362  2012  4655 V APM_AudioPolicyManager: setVolumeCurveIndex stream AUDIO_STREAM_DTMF, device 0x00000002, index 6
01-25 17:40:27.362  2012  4655 V APM_AudioPolicyManager: checkAndSetVolume: output 13, stream 8, index 6, devices 0x2, volume 0.500000
01-25 17:40:27.362  2012  4655 V APM_AudioPolicyManager: checkAndSetVolume: output 21, stream 8, index 6, devices 0x2, volume 0.500000
01-25 17:40:27.362  2012  4655 V APM_AudioPolicyManager: checkAndSetVolume: output 29, stream 8, index 6, devices 0x2, volume 0.500000
01-25 17:40:27.363  2012  4655 V APM_AudioPolicyManager: checkAndSetVolume: output 37, stream 8, index 6, devices 0x2, volume 0.500000
01-25 17:40:27.363  2012  4655 V APM_AudioPolicyManager: setVolumeCurveIndex stream AUDIO_STREAM_DTMF, device 0x20000000, index 9
01-25 17:40:27.364  2012  4655 V APM_AudioPolicyManager: setVolumeCurveIndex stream AUDIO_STREAM_DTMF, device 0x40000000, index 9
01-25 17:40:27.364  2012  4655 V APM_AudioPolicyManager: checkAndSetVolume: output 69, stream 8, index 9, devices 0x10000, volume 1.000000
01-25 17:40:27.364  2012  4655 V APM_AudioPolicyManager: checkAndSetVolume: output 85, stream 8, index 9, devices 0x10000, volume 1.000000
01-25 17:40:27.364  2012  4655 V APM_AudioPolicyManager: setVolumeCurveIndex stream AUDIO_STREAM_DTMF, device 0x00000001, index 15
01-25 17:40:27.364  2012  4655 V APM_AudioPolicyManager: setVolumeCurveIndex stream AUDIO_STREAM_DTMF, device 0x00000002, index 6
01-25 17:40:27.365  2012  4655 V APM_AudioPolicyManager: checkAndSetVolume: output 13, stream 8, index 6, devices 0x2, volume 0.500000
01-25 17:40:27.365  2012  4655 V APM_AudioPolicyManager: checkAndSetVolume: output 21, stream 8, index 6, devices 0x2, volume 0.500000
01-25 17:40:27.366  2012  4655 V APM_AudioPolicyManager: checkAndSetVolume: output 29, stream 8, index 6, devices 0x2, volume 0.500000
01-25 17:40:27.366  2012  4655 V APM_AudioPolicyManager: checkAndSetVolume: output 37, stream 8, index 6, devices 0x2, volume 0.500000
01-25 17:40:27.367  2012  4655 V APM_AudioPolicyManager: setVolumeCurveIndex stream AUDIO_STREAM_DTMF, device 0x20000000, index 9
01-25 17:40:27.367  2012  4655 V APM_AudioPolicyManager: setVolumeCurveIndex stream AUDIO_STREAM_DTMF, device 0x40000000, index 9
01-25 17:40:27.367  2012  4655 V APM_AudioPolicyManager: checkAndSetVolume: output 69, stream 8, index 9, devices 0x10000, volume 1.000000
01-25 17:40:27.367  2012  4655 V APM_AudioPolicyManager: checkAndSetVolume: output 85, stream 8, index 9, devices 0x10000, volume 1.000000
01-25 17:40:27.368  2012  4655 V APM_AudioPolicyManager: setVolumeCurveIndex stream AUDIO_STREAM_ACCESSIBILITY, device 0x00000001, index 9
01-25 17:40:27.368  2012  4655 V APM_AudioPolicyManager: setVolumeCurveIndex stream AUDIO_STREAM_ACCESSIBILITY, device 0x00000002, index 9
01-25 17:40:27.368  2012  4655 V APM_AudioPolicyManager: checkAndSetVolume: output 13, stream 10, index 9, devices 0x2, volume 0.500000
01-25 17:40:27.368  2012  4655 V APM_AudioPolicyManager: checkAndSetVolume: output 21, stream 10, index 9, devices 0x2, volume 0.500000
01-25 17:40:27.368  2012  4655 V APM_AudioPolicyManager: checkAndSetVolume: output 29, stream 10, index 9, devices 0x2, volume 0.500000
01-25 17:40:27.368  2012  4655 V APM_AudioPolicyManager: checkAndSetVolume: output 37, stream 10, index 9, devices 0x2, volume 0.500000
01-25 17:40:27.368  2012  4655 V APM_AudioPolicyManager: setVolumeCurveIndex stream AUDIO_STREAM_ACCESSIBILITY, device 0x00000004, index 9
01-25 17:40:27.368  2012  4655 V APM_AudioPolicyManager: setVolumeCurveIndex stream AUDIO_STREAM_ACCESSIBILITY, device 0x00000008, index 9
01-25 17:40:27.369  2012  4655 V APM_AudioPolicyManager: setVolumeCurveIndex stream AUDIO_STREAM_ACCESSIBILITY, device 0x00000080, index 9
01-25 17:40:27.369  2012  4655 V APM_AudioPolicyManager: setVolumeCurveIndex stream AUDIO_STREAM_ACCESSIBILITY, device 0x00008000, index 15
01-25 17:40:27.369  2012  4655 V APM_AudioPolicyManager: setVolumeCurveIndex stream AUDIO_STREAM_ACCESSIBILITY, device 0x04000000, index 9
01-25 17:40:27.369  2012  4655 V APM_AudioPolicyManager: setVolumeCurveIndex stream AUDIO_STREAM_ACCESSIBILITY, device 0x20000000, index 9
01-25 17:40:27.369  2012  4655 V APM_AudioPolicyManager: setVolumeCurveIndex stream AUDIO_STREAM_ACCESSIBILITY, device 0x20000002, index 9
01-25 17:40:27.370  2012  4655 V APM_AudioPolicyManager: setVolumeCurveIndex stream AUDIO_STREAM_ACCESSIBILITY, device 0x40000000, index 8
01-25 17:40:27.370  2012  4655 V APM_AudioPolicyManager: checkAndSetVolume: output 69, stream 10, index 8, devices 0x10000, volume 1.000000
01-25 17:40:27.370  2012  4655 V APM_AudioPolicyManager: checkAndSetVolume: output 85, stream 10, index 8, devices 0x10000, volume 1.000000
01-25 17:40:27.370  2829  3972 V AS.AudioDeviceBroker: requestedCommunicationDevice: AudioDeviceAttributes: role:output type:speaker addr: name: profiles:[] descriptors:[] mAudioModeOwner: AudioModeInfo: mMode=MODE_IN_COMMUNICATION, mPid=10623, mUid=10437
01-25 17:40:27.370  2012  4655 V APM_AudioPolicyManager: setAudioPolicyConfig: audioParam;l_volume_fine_key;index=80;device=536870912
01-25 17:40:27.370  2012  4655 V APM_AudioPolicyManager: setVolumeCurveIndex stream AUDIO_STREAM_MUSIC, device 0x20000000, index 8
01-25 17:40:27.370  2012  4655 V APM_AudioPolicyManager: getNewOutputDevices selected devices {AUDIO_DEVICE_OUT_SPEAKER, @:}
01-25 17:40:27.370  2012  4655 V APM_AudioPolicyManager: checkAndSetVolume: output 13, stream 3, index 8, devices 0x2, volume 0.053088
01-25 17:40:27.370  2012  4655 V APM_AudioPolicyManager: checkAndSetVolume: output 21, stream 3, index 8, devices 0x2, volume 0.053088
01-25 17:40:27.371  2012  4655 V APM_AudioPolicyManager: checkAndSetVolume: output 29, stream 3, index 8, devices 0x2, volume 0.053088
01-25 17:40:27.371  2012  4655 V APM_AudioPolicyManager: checkAndSetVolume: output 37, stream 3, index 8, devices 0x2, volume 0.053088
01-25 17:40:27.372  2829  3972 I AS.AudioService: fine volume : l_volume_fine_key;index=80;device=536870912
01-25 17:40:27.372  2012  4655 V APM_AudioPolicyManager: setAudioPolicyConfig: audioParam;l_volume_fine_key;index=80;device=536870914
01-25 17:40:27.372  2012  4655 V APM_AudioPolicyManager: setVolumeCurveIndex stream AUDIO_STREAM_MUSIC, device 0x20000002, index 8
01-25 17:40:27.372  2012  4655 V APM_AudioPolicyManager: getNewOutputDevices selected devices {AUDIO_DEVICE_OUT_SPEAKER, @:}
01-25 17:40:27.372  2012  4655 V APM_AudioPolicyManager: checkAndSetVolume: output 13, stream 3, index 8, devices 0x2, volume 0.053088
01-25 17:40:27.373  2012  4655 V APM_AudioPolicyManager: checkAndSetVolume: output 21, stream 3, index 8, devices 0x2, volume 0.053088
01-25 17:40:27.373  2012  4655 V APM_AudioPolicyManager: checkAndSetVolume: output 29, stream 3, index 8, devices 0x2, volume 0.053088
01-25 17:40:27.373  2012  4655 V APM_AudioPolicyManager: checkAndSetVolume: output 37, stream 3, index 8, devices 0x2, volume 0.053088
01-25 17:40:27.373  1895 11204 I PAL: SessionAlsaPcm: start: 1715: Setting volume success
01-25 17:40:27.374  1895 11204 I PAL: Session: checkAndSetExtEC: 1040: Enter. 1 (extECRefCnt 0)
01-25 17:40:27.374  1895 11204 I PAL: ResourceManager: allocateFrontEndExtEcIds: 6558: allocateFrontEndExtEcIds: front end 122
01-25 17:40:27.374  1895 11204 I PAL: Device: open: 453: Enter. deviceCount 0 for device id 44 (PAL_DEVICE_IN_EXT_EC_REF)
01-25 17:40:27.374  1895 11204 I PAL: SessionAlsaUtils: setDeviceMediaConfig: 1048: TDM-LPAIF-TX-PRIMARY rate ch fmt data_fmt 48000 4 2 1
01-25 17:40:27.374  1895 11204 D audio_route: Apply path: ext_ec_ref_tx
01-25 17:40:27.374  1895 11204 I PAL: Device: open: 488: Exit. deviceCount 1 for device id 44 (PAL_DEVICE_IN_EXT_EC_REF), exit status: 0
01-25 17:40:27.374  1895 11204 I PAL: SessionAlsaUtils: setDeviceMediaConfig: 1048: TDM-LPAIF-TX-PRIMARY rate ch fmt data_fmt 48000 4 2 1
01-25 17:40:27.374  1895 11204 I PAL: PayloadBuilder: populateDeviceKV: 3086: Enter device id:44
01-25 17:40:27.374  1895 11204 I PAL: PayloadBuilder: findKVs: 2703: key: 0xd7000000 value: 0xd7000001
01-25 17:40:27.374  1895 11204 I PAL: PayloadBuilder: populateDeviceKV: 3114: Exit device id:44, status 0
01-25 17:40:27.374  1895 11204 D agm_server_wrapper: Aif id 30 already added to session list of 122
01-25 17:40:27.374  1895 11204 I AGM: API: agm_session_aif_connect: 685 connecting aifid:30 with session id=122
01-25 17:40:27.374  1895 11204 D agm_client_wrapper: agm_session_open called with handle = 636fc530 , *handle = 0
01-25 17:40:27.374  2829  3972 I AS.AudioService: fine volume : l_volume_fine_key;index=80;device=536870914
01-25 17:40:27.374  1895 11204 D AGM: graph: graph_open: 617 entry
01-25 17:40:27.374  1895 11204 D AGM: metadata: metadata_print: 79 *************************Metadata*************************
01-25 17:40:27.374  1895 11204 D AGM: metadata: metadata_print: 80 GKV size:1
01-25 17:40:27.374  1895 11204 D AGM: metadata: metadata_print: 83 key:0xd7000000, value:0xd7000001 
01-25 17:40:27.374  1895 11204 D AGM: metadata: metadata_print: 87 
01-25 17:40:27.374  1895 11204 D AGM: metadata: CKV count:0
01-25 17:40:27.374  1895 11204 D AGM: metadata: metadata_print: 92 
01-25 17:40:27.374  1895 11204 D AGM: metadata: metadata_print: 94 Property ID:134217744
01-25 17:40:27.374  1895 11204 D AGM: metadata: metadata_print: 95 property count:2
01-25 17:40:27.374  1895 11204 D AGM: metadata: metadata_print: 98 Property Values: 
01-25 17:40:27.374  1895 11204 D AGM: metadata: metadata_print: 100 0x2 
01-25 17:40:27.374  1895 11204 D AGM: metadata: metadata_print: 100 0x5 
01-25 17:40:27.374  1895 11204 D AGM: metadata: metadata_print: 102 
01-25 17:40:27.374  1895 11204 D AGM: metadata: metadata_print: 103 ****************Metadata Done***************************
01-25 17:40:27.374  1895 11204 D AGM: metadata: 
01-25 17:40:27.374  1895 11204 I AGM: graph: print_graph_alias: 2404 GKV Alias 274 | DeviceTX_EXT_Ext_EC_Tx
01-25 17:40:27.374  1895 11204 D AGM: graph: graph_open: 745 miid 4589 mid 700100f tag c0000005
01-25 17:40:27.374  1895 11204 I GPR:    : __gpr_cmd_register_v2:902 GPR Register: Source Port is 8211 heap_index: 0
01-25 17:40:27.374  1895 11204 I gsl     : gsl_graph_open_sgids_and_connections:2725 num_sgid= 2
01-25 17:40:27.374  1895 11204 I gsl     : gsl_graph_open_sgids_and_connections:2726 sg list:
01-25 17:40:27.374  1895 11204 I gsl     : gsl_graph_open_sgids_and_connections:2728 b0000178
01-25 17:40:27.374  1895 11204 I gsl     : gsl_graph_open_sgids_and_connections:2728 b00000d5
01-25 17:40:27.375  1959  3786 W IS_ALGO : IS1028: V3: is_valid_frame_times(3304): frame_id previous frame 1: Frame drop was detected. (# of missing frames, current frame SOF, previous frame SOF): 1, 510602144549, 510602077838
01-25 17:40:27.375  1959  3782 W IS_ALGO : IS1028: V3: is_valid_frame_times(3304): frame_id previous frame 1: Frame drop was detected. (# of missing frames, current frame SOF, previous frame SOF): 1, 510602144549, 510602077838
01-25 17:40:27.375  1959  3786 W IS_ALGO : IS1028: V3: is_valid_frame_times(3304): frame_id  2: Frame drop was detected. (# of missing frames, current frame SOF, previous frame SOF): 1, 510602144549, 510602077838
01-25 17:40:27.375  1959  3782 W IS_ALGO : IS1028: V3: is_valid_frame_times(3304): frame_id  2: Frame drop was detected. (# of missing frames, current frame SOF, previous frame SOF): 1, 510602144549, 510602077838
01-25 17:40:27.378  2012  4655 V APM_AudioPolicyManager: setForceUse() usage 7, config 0, mPhoneState 3
01-25 17:40:27.378  2012  4655 W APM_AudioPolicyManager: setForceUse() usage 7, config 0 is already set
01-25 17:40:27.378  1895 11204 E ACDB    : AcdbCmdGetProcSubgraphCalDataPersist:8217 Error[19]: No calibration found
01-25 17:40:27.378  1895 11204 E ACDB    : AcdbCmdGetProcSubgraphCalDataPersist:8217 Error[19]: No calibration found
01-25 17:40:27.378  1895 11204 D AGM: graph: graph_open: 776 graph_handle 0x347534c
01-25 17:40:27.378  1895 11204 D AGM: graph: graph_open: 812 exit, ret 0
01-25 17:40:27.378  1895 11204 D agm_client_wrapper: agm_session_open Received handle = 0x7e636fc530 , *handle = b400007ea773ca00
01-25 17:40:27.378  1895 11204 D PLUGIN: pcm: agm_pcm_hw_params: 477 agm_pcm_hw_params: mode: 268435456
01-25 17:40:27.378  1895 11204 D AGM: graph: graph_prepare: 873 entry graph_handle 0x347534c
01-25 17:40:27.378  1895 11204 D AGM: graph_module: configure_hw_ep_media_config: 704 entry mod tag c0000005 miid 4589 mid 700100f
01-25 17:40:27.378  1895 11204 D AGM: graph_module: configure_hw_ep_media_config: 734 rate 48000 bw 16 ch 4, data_fmt 1
01-25 17:40:27.379  1895 11204 D AGM: graph_module: configure_hw_ep_media_config: 744 exit, ret 0
01-25 17:40:27.379  1895 11204 D AGM: graph_module: configure_tdm_ep: 520 exit, ret 0
01-25 17:40:27.380  1895 11204 D AGM: graph: graph_prepare: 951 exit, ret 0
01-25 17:40:27.380  1895 11204 D AGM: graph: graph_start: 965 entry graph_handle 0x347534c
01-25 17:40:27.381  1895 11204 D AGM: graph: graph_start: 977 exit, ret 0
01-25 17:40:27.382  1895 11204 I PAL: API: pal_stream_start: 353: Exit. status 0
01-25 17:40:27.383  1895 11204 D AHAL: AudioStream: SetVoipMicModeEffectKvParams: 6653: out : voip_mic_mode 2 voip_sample_rate 48000 (pal_stream_handle_ 0xb400007e8d101580)
01-25 17:40:27.383  1895 11204 D AHAL: Effect: send_mic_mode_params_pal: 777: tag 0xc000086 mode 2 samplerate 3
01-25 17:40:27.383  1895 11204 I PAL: Session: setEffectParametersTKV: 430: mixer set tkv status = 0
01-25 17:40:27.383  1895 11204 D AHAL: AudioStream: SetVoipMicModeEffectKvParams: 6682: in : voip_mic_mode 2 voip_sample_rate 48000 (pal_stream_handle_ 0xb400007ea47fb380)
01-25 17:40:27.383  1895 11204 D AHAL: Effect: send_mic_mode_params_pal: 777: tag 0xc000085 mode 2 samplerate 3
01-25 17:40:27.384  1895 11204 I PAL: Session: setEffectParametersTKV: 430: mixer set tkv status = 0
01-25 17:40:27.384  1895 11204 D AHAL: Effect: send_mic_mode_params_pal: 777: tag 0xc000087 mode 2 samplerate 3
01-25 17:40:27.384  1895 11204 I PAL: Session: setEffectParametersTKV: 430: mixer set tkv status = 0
01-25 17:40:27.384  1895 11204 I AHAL: SecAudioVoice: SetVoipMicModeEffect: 826: set SetVoipMicModeEffect as 2
01-25 17:40:27.384  1895 11204 D AHAL: AudioStream: ~AutoPerfLock: 196: (release) perf_lock_handle: 0x0, count: 1
01-25 17:40:27.384  1895 11204 D AHAL: AudioStream: ~AutoPerfLock: 200: Releasing perf_lock_handle: 0x0
01-25 17:40:27.384  1895 11204 I AHAL: SecAudioVoice: SetECNSForVoip: 714: Enter enable 1
01-25 17:40:27.384  1895 11204 D AGM: graph: graph_set_config: 1174 entry graph_handle 0x247534c
01-25 17:40:27.384  1895 11204 D AGM: graph: graph_set_config: 1182 exit, graph handle 0x247534c, ret 0
01-25 17:40:27.384  1895 11204 I PAL: Session: setEffectParametersNonTKV: 477: mixer set param status = 0
01-25 17:40:27.384  1895 11204 D AHAL: SecAudioVoice: SetECNSForVoip: 741: Exit
01-25 17:40:27.384  1895 11204 E ACDB    : AcdbCmdGetModuleTagData:1216 Error[19]: No tag data found
01-25 17:40:27.384  1895 11204 E gsl     : gsl_graph_set_config:3366 Get module tag data for size failed 19
01-25 17:40:27.384  1895 11204 E gsl     : gsl_set_config:1462 graph set config failed: 19
01-25 17:40:27.384  1895 11204 E AGM: graph: graph_set_config_with_tag: 1224 graph_set_config failed -19
01-25 17:40:27.384  1895 11204 E AGM: session: session_obj_set_sess_aif_params_with_tag: 1544 Error:-19 setting for sess_aif params with tags                       on sess_id:112, aif_id:5
01-25 17:40:27.384  1895 11204 E AGM: API: agm_set_params_with_tag: 544 Error:-19 setting parameters for session obj with                            session id=112
01-25 17:40:27.384  1895 11204 E PLUGIN: mixer: amp_pcm_set_param_put: 1445 amp_pcm_set_param_put: set_params failed err -19 for PCM112 setParamTag is_param_tag true
01-25 17:40:27.384  1895 11204 E PAL: SessionAlsaPcm: setConfig: 613: failed to set the tag calibration -19
01-25 17:40:27.384  1895 11204 E PAL: SessionAlsaPcm: setConfig: 696: exit status: -19 (failed)
01-25 17:40:27.384  1895 11204 E PAL: StreamPCM: addRemoveEffect: 1553: session setConfig for addRemoveEffect failed with status -19
01-25 17:40:27.384  1895 11204 E PAL: API: pal_add_remove_effect: 844: pal_add_effect failed with status -19
01-25 17:40:27.385  2012 11199 I SoundAlive_SRC384 arch64: SoundAlive_SRC384() ID = 208 GID = 209
01-25 17:40:27.385  2012 11199 I SoundAlive_SRC384 arch64: SoundAlive_SRC384: Instance 208 Init(outFs 7, InFs 7, chnum 0, outBW 0, inBW 0)
01-25 17:40:27.385  2012 11199 I Samsung_SoundAlive_SRC arch64: SRC384 version Samsung SoundAlive SRC ver320 arch64  2021.08.04 (Cppref for ARM64, ver.300.c 32bit 07_10_2016 based)
01-25 17:40:27.385  2012 11199 D SoundAliveResampler: [SoundAliveResampler] Init+++
01-25 17:40:27.385  2012 11199 I SoundAlive_SRC384 arch64: SoundAlive_SRC384: Instance 208 Init(outFs 7, InFs 8, chnum 2, outBW 3, inBW 3)
01-25 17:40:27.385  2012 11199 I Samsung_SoundAlive_SRC arch64: SRC384 version Samsung SoundAlive SRC ver320 arch64  2021.08.04 (Cppref for ARM64, ver.300.c 32bit 07_10_2016 based)
01-25 17:40:27.389  2411  9635 I Camera3-Status: markComponent: Component 1 is now active - BufferRequestSM
01-25 17:40:27.389  1959  3784 I SS_3A   :  INFO:  AF: TsAf_get_metadata: 1149: [TsAf_Range] range_sensor_data is NULL
01-25 17:40:27.390  2411  9635 I Camera3-Status: markComponent: Component 1 is now idle - BufferRequestSM
01-25 17:40:27.390  1959  3784 E AF_DEBUG: AfLib_ExecuteMain(1277) : [cam_id_4] still_capture_intent arrived
01-25 17:40:27.393  1959  3784 I SS_3A   :  INFO: AWB: TsAwb_process_preview: 3028: [6]TsAwb_gain_front=1.730,1.00,2.027,  BV=-0.922, lux=339, CT=4261, CT2=4261, TG=129, Ch_g=1.055, I/V=0.016, LT=0, PsnIdx=0
01-25 17:40:27.393  1959  3781 I SS_3A   :  INFO: AEC: TsAec_process_get_aec_info: 2583: [F][6] algo_out Av=2.273 g=32.261 e_t=0.03326 LLS=0x0 Ev=4.141 Bv=-0.945 PEv=4.055 Cvgd=0 lux=339, lls=0x0, drc=1.142 wide=0 Vo=0.000
01-25 17:40:27.420  2411  9635 I Camera3-Status: markComponent: Component 1 is now active - BufferRequestSM
01-25 17:40:27.420  2411  9635 I Camera3-Status: markComponent: Component 1 is now idle - BufferRequestSM
01-25 17:40:27.423  1959  3786 I SS_3A   :  INFO:  AF: TsAf_get_metadata: 1149: [TsAf_Range] range_sensor_data is NULL
01-25 17:40:27.423  1959  3786 E AF_DEBUG: AfLib_ExecuteMain(1277) : [cam_id_4] still_capture_intent arrived
01-25 17:40:27.426  1959  3786 I SS_3A   :  INFO: AEC: TsAec_process_get_aec_info: 2583: [F][7] algo_out Av=2.273 g=33.872 e_t=0.03326 LLS=0x0 Ev=4.070 Bv=-0.945 PEv=4.055 Cvgd=0 lux=339, lls=0x0, drc=1.186 wide=0 Vo=0.000
01-25 17:40:27.427  1959  3783 I SS_3A   :  INFO: AWB: TsAwb_process_preview: 3028: [7]TsAwb_gain_front=1.725,1.00,2.026,  BV=-0.945, lux=339, CT=4255, CT2=4255, TG=143, Ch_g=1.055, I/V=0.016, LT=0, PsnIdx=0
01-25 17:40:27.433  2829  4072 D NetdEventListenerService: DNS Requested by 132, 10303, 236
01-25 17:40:27.434 14369 14593 D TrafficStats: tagSocket(6) with statsTag=0xffffffff, statsUid=-1
01-25 17:40:27.456  1959  3782 I SS_3A   :  INFO:  AF: TsAf_get_metadata: 1149: [TsAf_Range] range_sensor_data is NULL
01-25 17:40:27.457  1959  3782 E AF_DEBUG: AfLib_ExecuteMain(1277) : [cam_id_4] still_capture_intent arrived
01-25 17:40:27.457  1959  3782 E AF_DEBUG: UpdateAfStatus(179) : [cam_id_4] AF status 0x20 -> 0x2, called from : AfStagePhaseFindGoal(5284)  
01-25 17:40:27.457  1959  3782 I SS_3A   :  INFO:  AF: TsAf_update_focus_status: 3052: [cam_id_4 for Af Lib] Update output status! new status: 0x2 prev_status: 0x20
