01-25 20:01:40.346  1959  3782 I SS_3A   :  INFO: AWB: TsAwb_process_preview: 3028: [6]TsAwb_gain_front=1.775,1.00,1.812,  BV=-1.152, lux=344, CT=4766, CT2=4766, TG=1, Ch_g=1.064, I/V=0.000, LT=0, PsnIdx=0
01-25 20:01:40.354  1959  3785 I SS_3A   :  INFO: AEC: TsAec_process_get_aec_info: 2583: [F][7] algo_out Av=2.273 g=56.048 e_t=0.00831 LLS=0x0 Ev=5.344 Bv=-0.344 PEv=4.656 Cvgd=0 lux=325, lls=0x0, drc=1.000 wide=0 Vo=0.000
01-25 20:01:40.355  1959  3786 I SS_3A   :  INFO: AWB: TsAwb_process_preview: 3028: [7]TsAwb_gain_front=1.840,1.00,1.962,  BV=-1.152, lux=344, CT=4570, CT2=4570, TG=10, Ch_g=1.062, I/V=0.000, LT=0, PsnIdx=0
01-25 20:01:40.363  1959  3782 I SS_3A   :  INFO: AEC: TsAec_process_get_aec_info: 2583: [F][8] algo_out Av=2.273 g=92.492 e_t=0.00831 LLS=0x0 Ev=4.621 Bv=-0.410 PEv=4.590 Cvgd=0 lux=326, lls=0x0, drc=1.000 wide=0 Vo=0.000
01-25 20:01:40.363  1959  3781 I SS_3A   :  INFO: AWB: TsAwb_process_preview: 3028: [8]TsAwb_gain_front=1.840,1.00,1.963,  BV=-0.344, lux=325, CT=4568, CT2=4330, TG=79, Ch_g=1.055, I/V=0.000, LT=0, PsnIdx=0
01-25 20:01:40.388  1959 23464 I CHI     : [SS_LOW ]: [CHI_FAST_AEC]: chxextensionmodule.cpp: ChxFastAecProcessRequest: 15702: [CAMKPI] ChxFastAecProcessRequest: X (ret:0)
01-25 20:01:40.388  1959 23464 I CHI     : [SS_LOW ]: [CHI_FAST_AEC]: chxextensionmodule.cpp: ChxFastAecRunUseCase: 15542: [CAMKPI] FastAecDestroy: E
01-25 20:01:40.393  1959 23526 I SS_3A   :  INFO: AEC: TsAECDestroy: 409: overrideCameraClose in AECDestroy Camera close mask 29 
01-25 20:01:40.393  1959 23526 I SS_3A   :  INFO: AEC: TsAECDestroy: 415: pCameraInfo->cameraid in AECDestroy 5
01-25 20:01:40.393  1959 23526 I SS_3A   :  INFO: AEC: TsAECDestroy: 437: TsAECDestroy (refcnt:1 cameraId 5 overrideCameraClose 0 lensFacing: 0 pAECAlgorithm 0xb400007947ad4710 pAECSingletonWrapper->pAECSingleton 0xb400007947ad4710
01-25 20:01:40.393  1959 23526 I SS_3A   :  INFO: AEC: TsAECDestroy: 472: Not Actual Destroy 0
01-25 20:01:40.393  1959 23526 I SS_3A   :  INFO: AEC: TsAecFrontModeChange: 685: ModeChange! sa=0
01-25 20:01:40.393  1959 23527 I SS_3A   :  INFO: AWB: TsAwbDestroy: 385: overrideCameraClose in AWBDestroy 29
01-25 20:01:40.393  1959 23527 I SS_3A   :  INFO: AWB: TsAwbDestroy: 391: cameraId in AWBDestroy 5
01-25 20:01:40.393  1959 23527 I SS_3A   :  INFO: AWB: TsAwbDestroy: 413: TsAwbDestroy (refcnt:1 cameraId 5 overrideCameraClose 0 lensFacing 0 pAWBSingletonWrapper->pAWB 0xb400007947ad46c0
01-25 20:01:40.393  1959 23527 I SS_3A   :  INFO: AWB: TsAwbDestroy: 450: Not Actual Destroy 0
01-25 20:01:40.397  1959 23464 I CHI     : [SS_LOW ]: [CHI         ]: chxextensionmodule.cpp: TeardownOverrideSession: 8552: [DUAL_MODE_DBG] m_isFrontCameraOpened=0
01-25 20:01:40.397  1959 23464 I CHI     : [SS_LOW ]: [CHI_FAST_AEC]: chxextensionmodule.cpp: ChxFastAecRunUseCase: 15544: [CAMKPI] FastAecDestroy: X
01-25 20:01:40.397  1959 23464 I CHI     : [SS_LOW ]: [CHI_FAST_AEC]: chxextensionmodule.cpp: ChxFastAecRunUseCase: 15550: [CAMKPI] FastAecThread: X
01-25 20:01:40.399  1959 23530 I SS_3A   :  INFO:  AF: PDLibSetAlgoInterface: 2100: AF vendorTagBase 0x80d50000
01-25 20:01:40.399  1959 23530 I SS_3A   :  INFO:  AF: PDLibSetAlgoInterface: 2100: AF vendorTagBase 0x80d50000
01-25 20:01:40.399  1959 23530 I SS_3A   :  INFO:  AF: PDLibSetAlgoInterface: 2100: AF vendorTagBase 0x80d50000
01-25 20:01:40.399  1959 23530 I SS_3A   :  INFO:  AF: PDLibSetAlgoInterface: 2100: AF vendorTagBase 0x80d50000
01-25 20:01:40.399  1959 23530 I SS_3A   :  INFO:  AF: PDLibSetAlgoInterface: 2100: AF vendorTagBase 0x80d50000
01-25 20:01:40.399  1959 23530 I SS_3A   :  INFO:  AF: PDLibSetAlgoInterface: 2100: AF vendorTagBase 0x80d50000
01-25 20:01:40.399  1959 23530 I SS_3A   :  INFO:  AF: PDLibSetAlgoInterface: 2100: AF vendorTagBase 0x80d50000
01-25 20:01:40.399  1959 23530 I SS_3A   :  INFO:  AF: PDLibSetAlgoInterface: 2100: AF vendorTagBase 0x80d50000
01-25 20:01:40.399  1959 23530 I SS_3A   :  INFO:  AF: PDLibSetAlgoInterface: 2100: AF vendorTagBase 0x80d50000
01-25 20:01:40.399  1959 23530 I SS_3A   :  INFO:  AF: PDLibSetAlgoInterface: 2100: AF vendorTagBase 0x80d50000
01-25 20:01:40.399  1959 23530 I SS_3A   :  INFO:  AF: CreatePDLib: 2140: CreatePDLib
01-25 20:01:40.399  1959 23530 I SS_3A   :  INFO:  AF: CreatePDLib: 2149: CreatePDLib pParamList 0x79490466f0
01-25 20:01:40.399  1959 23530 I SS_3A   :  INFO:  AF: CreatePDLib: 2153: CreatePDLib i 0 paramCount 4
01-25 20:01:40.399  1959 23530 I SS_3A   :  INFO:  AF: CreatePDLib: 2161: CreatePDLib static create: overrideCameraOpen is 1
01-25 20:01:40.399  1959 23530 I SS_3A   :  INFO:  AF: CreatePDLib: 2153: CreatePDLib i 1 paramCount 4
01-25 20:01:40.399  1959 23530 I SS_3A   :  INFO:  AF: CreatePDLib: 2153: CreatePDLib i 2 paramCount 4
01-25 20:01:40.399  1959 23530 I SS_3A   :  INFO:  AF: CreatePDLib: 2169: CreatePDLib af_camera_info 5
01-25 20:01:40.399  1959 23530 I SS_3A   :  INFO:  AF: CreatePDLib: 2153: CreatePDLib i 3 paramCount 4
01-25 20:01:40.399  1959 23530 I SS_3A   :  INFO:  AF: CreatePDLib: 2178: StaticAF algo sizeOfParam for CHISTATSHANDLE is 24 i 3 pParam 0xb40000794899f338
01-25 20:01:40.399  1959 23530 I SS_3A   :  INFO:  AF: CreatePDLib: 2186: PDLibSetAlgoInterface 0x798d5a6480 pQueryVendorTagLocation 0x79a69cb920 staticMetaData metaTag = 0 chiSessionHandle 0xb40000794899f338
01-25 20:01:40.399  1959 23530 I SS_3A   :  INFO:  AF: CreatePDLib: 2195: Lens Facing(currentCam) = 1
01-25 20:01:40.399  1959 23530 I SS_3A   :  INFO:  AF: CreatePDLib: 2208: staticMetaData = 0xb40000797ecb09e8
01-25 20:01:40.399  1959 23530 I SS_3A   :  INFO:  AF: CreatePDLib: 2213: driverSensorId = 12
01-25 20:01:40.399  1959 23530 I SS_3A   :  INFO:  AF: CreatePDLib: 2232: CreatePDLib X
01-25 20:01:40.399  1959 23530 I SS_3A   :  INFO:  AF: TsCommonFillSensorIdMap: 26: Already filled, cameraId(5) driverSensorId(12)
01-25 20:01:40.399  1959 23530 I SS_3A   :  INFO:  AF: CreatePDLib: 2244: pPDAF before 0x0
01-25 20:01:40.399  1959 23530 I SS_3A   :  INFO:  AF: PDAf_init: 1259: [PD_cpu]PDAf_init E PDData 0xb4000079ae4c64c0
01-25 20:01:40.400  1959 23530 I SS_3A   :  INFO:  AF: CreatePDLib: 2274: CreatePDLib X2
01-25 20:01:40.404  1959 23530 E CamX    : [ERROR][LRME/CVP] camxevatitan780.cpp:6906 UpdateConfigSizes() agumma RealTimeFeatureZSLPreviewRaw_EVA7_cam5, dmeOut 480X360 dmmOut 488X360 sgmOut 244X180
01-25 20:01:40.404  1959 23530 E CamX    : [ERROR][LRME/CVP] camxevatitan780.cpp:6931 UpdateConfigSizes() agumma RealTimeFeatureZSLPreviewRaw_EVA7_cam5 Num Out 3 isVSR enable 0 isMVWarpOnly 0 [0]241X180 [1]61X45 [2]16X12 [3]0X0
01-25 20:01:40.404  1959 23530 E CamX    : [ERROR][LRME/CVP] camxevatitan780.cpp:6906 UpdateConfigSizes() agumma RealTimeFeatureZSLPreviewRaw_EVA0_cam5, dmeOut 480X360 dmmOut 488X360 sgmOut 244X180
01-25 20:01:40.404  1959 23530 E CamX    : [ERROR][LRME/CVP] camxevatitan780.cpp:6931 UpdateConfigSizes() agumma RealTimeFeatureZSLPreviewRaw_EVA0_cam5 Num Out 3 isVSR enable 0 isMVWarpOnly 0 [0]241X180 [1]61X45 [2]16X12 [3]0X0
01-25 20:01:40.404  1959 23530 I SS_3A   :  INFO:  AF: AFAlgoSetNodeInterface: 1220: AF vendorTagBase 0x80d50000
01-25 20:01:40.404  1959 23530 I SS_3A   :  INFO:  AF: AFAlgoSetNodeInterface: 1228: AWB vendorTagBase 0x80d60000
01-25 20:01:40.404  1959 23530 I SS_3A   :  INFO:  AF: AFAlgoSetNodeInterface: 1236: AEC vendorTagBase 0x80d40000
01-25 20:01:40.404  1959 23530 I SS_3A   :  INFO:  AF: PDLibDestroy: 1314: [PD_cpu]PDLibDestroy 0xb4000079ae4c64c0
01-25 20:01:40.404  1959 23530 I SS_3A   :  INFO:  AF: PDLibDestroy: 1352: pCameraInfo->cameraid in AFDestroy 5
01-25 20:01:40.404  1959 23530 I SS_3A   :  INFO:  AF: PDLibDestroy: 1374: overrideCameraClose in overrideCameraClose 0, pPDAFSingleton(0xb4000079ae4c64c0) referenceCount 0
01-25 20:01:40.404  1959 23530 I SS_3A   :  INFO:  AF: PDLibDestroy: 1378: StaticAF pPDAF in destroy is 0xb4000079ae4c64c0
01-25 20:01:40.404  1959 23530 I SS_3A   :  INFO:  AF: PDAf_deinit: 1234: [PD_cpu]TsAf_wrap: 0xb4000078e9f72f00, E
01-25 20:01:40.404  1959 23530 I SS_3A   : 
01-25 20:01:40.404  1959 23530 I SS_3A   :  INFO:  AF: PDAf_deinit: 1244: [PD_cpu] X
01-25 20:01:40.404  1959 23530 I SS_3A   : 
01-25 20:01:40.404  1959 23530 I SS_3A   :  INFO:  AF: PDLibSetAlgoInterface: 2100: AF vendorTagBase 0x80d50000
01-25 20:01:40.404  1959 23530 I SS_3A   :  INFO:  AF: PDLibSetAlgoInterface: 2100: AF vendorTagBase 0x80d50000
01-25 20:01:40.404  1959 23530 I SS_3A   :  INFO:  AF: PDLibSetAlgoInterface: 2100: AF vendorTagBase 0x80d50000
01-25 20:01:40.404  1959 23530 I SS_3A   :  INFO:  AF: PDLibSetAlgoInterface: 2100: AF vendorTagBase 0x80d50000
01-25 20:01:40.404  1959 23530 I SS_3A   :  INFO:  AF: PDLibSetAlgoInterface: 2100: AF vendorTagBase 0x80d50000
01-25 20:01:40.404  1959 23530 I SS_3A   :  INFO:  AF: PDLibSetAlgoInterface: 2100: AF vendorTagBase 0x80d50000
01-25 20:01:40.404  1959 23530 I SS_3A   :  INFO:  AF: PDLibSetAlgoInterface: 2100: AF vendorTagBase 0x80d50000
01-25 20:01:40.404  1959 23530 I SS_3A   :  INFO:  AF: PDLibSetAlgoInterface: 2100: AF vendorTagBase 0x80d50000
01-25 20:01:40.404  1959 23530 I SS_3A   :  INFO:  AF: PDLibSetAlgoInterface: 2100: AF vendorTagBase 0x80d50000
01-25 20:01:40.404  1959 23530 I SS_3A   :  INFO:  AF: PDLibSetAlgoInterface: 2100: AF vendorTagBase 0x80d50000
01-25 20:01:40.404  1959 23530 I SS_3A   :  INFO:  AF: CreatePDLib: 2140: CreatePDLib
01-25 20:01:40.404  1959 23530 I SS_3A   :  INFO:  AF: CreatePDLib: 2149: CreatePDLib pParamList 0x79490096f0
01-25 20:01:40.404  1959 23530 I SS_3A   :  INFO:  AF: CreatePDLib: 2153: CreatePDLib i 0 paramCount 4
01-25 20:01:40.404  1959 23530 I SS_3A   :  INFO:  AF: CreatePDLib: 2161: CreatePDLib static create: overrideCameraOpen is 1
01-25 20:01:40.404  1959 23530 I SS_3A   :  INFO:  AF: CreatePDLib: 2153: CreatePDLib i 1 paramCount 4
01-25 20:01:40.404  1959 23530 I SS_3A   :  INFO:  AF: CreatePDLib: 2153: CreatePDLib i 2 paramCount 4
01-25 20:01:40.404  1959 23530 I SS_3A   :  INFO:  AF: CreatePDLib: 2169: CreatePDLib af_camera_info 5
01-25 20:01:40.404  1959 23530 I SS_3A   :  INFO:  AF: CreatePDLib: 2153: CreatePDLib i 3 paramCount 4
01-25 20:01:40.404  1959 23530 I SS_3A   :  INFO:  AF: CreatePDLib: 2178: StaticAF algo sizeOfParam for CHISTATSHANDLE is 24 i 3 pParam 0xb40000794899f338
01-25 20:01:40.404  1959 23530 I SS_3A   :  INFO:  AF: CreatePDLib: 2186: PDLibSetAlgoInterface 0x798d5a6480 pQueryVendorTagLocation 0x79a69cb920 staticMetaData metaTag = 0 chiSessionHandle 0xb40000794899f338
01-25 20:01:40.404  1959 23530 I SS_3A   :  INFO:  AF: CreatePDLib: 2195: Lens Facing(currentCam) = 1
01-25 20:01:40.404  1959 23530 I SS_3A   :  INFO:  AF: CreatePDLib: 2208: staticMetaData = 0xb40000797ecb09e8
01-25 20:01:40.404  1959 23530 I SS_3A   :  INFO:  AF: CreatePDLib: 2213: driverSensorId = 12
01-25 20:01:40.404  1959 23530 I SS_3A   :  INFO:  AF: CreatePDLib: 2232: CreatePDLib X
01-25 20:01:40.404  1959 23530 I SS_3A   :  INFO:  AF: TsCommonFillSensorIdMap: 26: Already filled, cameraId(5) driverSensorId(12)
01-25 20:01:40.404  1959 23530 I SS_3A   :  INFO:  AF: CreatePDLib: 2244: pPDAF before 0x0
01-25 20:01:40.405  1959 23530 I SS_3A   :  INFO:  AF: PDAf_init: 1259: [PD_cpu]PDAf_init E PDData 0xb4000079ae4c6540
01-25 20:01:40.405  1959 23530 I SS_3A   :  INFO:  AF: CreatePDLib: 2274: CreatePDLib X2
01-25 20:01:40.405  1959 23530 I SS_3A   :  INFO:  AF: PDLibInitialize: 1833: initParam [0xb4000079ae4c6540 0x7949005bd8]
01-25 20:01:40.405  1959 23530 I SS_3A   :  INFO:  AF: PDLibInitialize: 1839: initParam CameraID 1 sensorType 4 sensor info [4000 3000] pd info 2pd [4000 750] sparsepd [4000 750] pdStride 8000
01-25 20:01:40.405  1959 23530 I SS_3A   :  INFO:  AF: PDLibDestroy: 1314: [PD_cpu]PDLibDestroy 0xb4000079ae4c6540
01-25 20:01:40.405  1959 23530 I SS_3A   :  INFO:  AF: PDLibDestroy: 1352: pCameraInfo->cameraid in AFDestroy 5
01-25 20:01:40.405  1959 23530 I SS_3A   :  INFO:  AF: PDLibDestroy: 1374: overrideCameraClose in overrideCameraClose 0, pPDAFSingleton(0xb4000079ae4c6540) referenceCount 0
01-25 20:01:40.405  1959 23530 I SS_3A   :  INFO:  AF: PDLibDestroy: 1378: StaticAF pPDAF in destroy is 0xb4000079ae4c6540
01-25 20:01:40.405  1959 23530 I SS_3A   :  INFO:  AF: PDAf_deinit: 1234: [PD_cpu]TsAf_wrap: 0xb4000078e9f728c0, E
01-25 20:01:40.405  1959 23530 I SS_3A   : 
01-25 20:01:40.405  1959 23530 I SS_3A   :  INFO:  AF: PDAf_deinit: 1244: [PD_cpu] X
01-25 20:01:40.405  1959 23530 I SS_3A   : 
01-25 20:01:40.406  1959 23530 I SS_3A   :  INFO:  AF: PDLibSetAlgoInterface: 2100: AF vendorTagBase 0x80d50000
01-25 20:01:40.406  1959 23530 I SS_3A   :  INFO:  AF: PDLibSetAlgoInterface: 2100: AF vendorTagBase 0x80d50000
01-25 20:01:40.406  1959 23530 I SS_3A   :  INFO:  AF: PDLibSetAlgoInterface: 2100: AF vendorTagBase 0x80d50000
01-25 20:01:40.406  1959 23530 I SS_3A   :  INFO:  AF: PDLibSetAlgoInterface: 2100: AF vendorTagBase 0x80d50000
01-25 20:01:40.406  1959 23530 I SS_3A   :  INFO:  AF: PDLibSetAlgoInterface: 2100: AF vendorTagBase 0x80d50000
01-25 20:01:40.406  1959 23530 I SS_3A   :  INFO:  AF: PDLibSetAlgoInterface: 2100: AF vendorTagBase 0x80d50000
01-25 20:01:40.406  1959 23530 I SS_3A   :  INFO:  AF: PDLibSetAlgoInterface: 2100: AF vendorTagBase 0x80d50000
01-25 20:01:40.406  1959 23530 I SS_3A   :  INFO:  AF: PDLibSetAlgoInterface: 2100: AF vendorTagBase 0x80d50000
01-25 20:01:40.406  1959 23530 I SS_3A   :  INFO:  AF: PDLibSetAlgoInterface: 2100: AF vendorTagBase 0x80d50000
01-25 20:01:40.406  1959 23530 I SS_3A   :  INFO:  AF: PDLibSetAlgoInterface: 2100: AF vendorTagBase 0x80d50000
01-25 20:01:40.406  1959 23530 I SS_3A   :  INFO:  AF: CreatePDLib: 2140: CreatePDLib
01-25 20:01:40.406  1959 23530 I SS_3A   :  INFO:  AF: CreatePDLib: 2149: CreatePDLib pParamList 0x79490096f0
01-25 20:01:40.406  1959 23530 I SS_3A   :  INFO:  AF: CreatePDLib: 2153: CreatePDLib i 0 paramCount 4
01-25 20:01:40.406  1959 23530 I SS_3A   :  INFO:  AF: CreatePDLib: 2161: CreatePDLib static create: overrideCameraOpen is 1
01-25 20:01:40.406  1959 23530 I SS_3A   :  INFO:  AF: CreatePDLib: 2153: CreatePDLib i 1 paramCount 4
01-25 20:01:40.406  1959 23530 I SS_3A   :  INFO:  AF: CreatePDLib: 2153: CreatePDLib i 2 paramCount 4
01-25 20:01:40.406  1959 23530 I SS_3A   :  INFO:  AF: CreatePDLib: 2169: CreatePDLib af_camera_info 5
01-25 20:01:40.406  1959 23530 I SS_3A   :  INFO:  AF: CreatePDLib: 2153: CreatePDLib i 3 paramCount 4
01-25 20:01:40.406  1959 23530 I SS_3A   :  INFO:  AF: CreatePDLib: 2178: StaticAF algo sizeOfParam for CHISTATSHANDLE is 24 i 3 pParam 0xb40000794899f338
01-25 20:01:40.406  1959 23530 I SS_3A   :  INFO:  AF: CreatePDLib: 2186: PDLibSetAlgoInterface 0x798d5a6480 pQueryVendorTagLocation 0x79a69cb920 staticMetaData metaTag = 0 chiSessionHandle 0xb40000794899f338
01-25 20:01:40.406  1959 23530 I SS_3A   :  INFO:  AF: CreatePDLib: 2195: Lens Facing(currentCam) = 1
01-25 20:01:40.406  1959 23530 I SS_3A   :  INFO:  AF: CreatePDLib: 2208: staticMetaData = 0xb40000797ecb09e8
01-25 20:01:40.406  1959 23530 I SS_3A   :  INFO:  AF: CreatePDLib: 2213: driverSensorId = 12
01-25 20:01:40.406  1959 23530 I SS_3A   :  INFO:  AF: CreatePDLib: 2232: CreatePDLib X
01-25 20:01:40.406  1959 23530 I SS_3A   :  INFO:  AF: TsCommonFillSensorIdMap: 26: Already filled, cameraId(5) driverSensorId(12)
01-25 20:01:40.406  1959 23530 I SS_3A   :  INFO:  AF: CreatePDLib: 2244: pPDAF before 0x0
01-25 20:01:40.406  1959 23530 I SS_3A   :  INFO:  AF: PDAf_init: 1259: [PD_cpu]PDAf_init E PDData 0xb4000079ae4c6500
01-25 20:01:40.406  1959 23530 I SS_3A   :  INFO:  AF: CreatePDLib: 2274: CreatePDLib X2
01-25 20:01:40.406  1959 23530 I SS_3A   :  INFO:  AF: PDLibInitialize: 1833: initParam [0xb4000079ae4c6500 0x7949005bd8]
01-25 20:01:40.406  1959 23530 I SS_3A   :  INFO:  AF: PDLibInitialize: 1839: initParam CameraID 1 sensorType 4 sensor info [4000 3000] pd info 2pd [4000 750] sparsepd [4000 750] pdStride 8000
01-25 20:01:40.406  1959 23530 I SS_3A   :  INFO:  AF: CreateAFAlgorithm: 396: E
01-25 20:01:40.406  1959 23530 I SS_3A   :  INFO:  AF: CreateAFAlgorithm: 430: StaticAF algo sizeOfParam for CHISTATSHANDLE is 24
01-25 20:01:40.406  1959 23530 I SS_3A   :  INFO:  AF: CreateAFAlgorithm: 439: Lens Facing(currentCam) = 0
01-25 20:01:40.406  1959 23530 I SS_3A   :  INFO:  AF: CreateAFAlgorithm: 458: driverSensorId = 12
01-25 20:01:40.406  1959 23530 I SS_3A   :  INFO:  AF: CreateAFAlgorithm: 478: FactoryCamera : 0
01-25 20:01:40.406  1959 23530 I SS_3A   :  INFO:  AF: CreateAFAlgorithm: 490: SamsungCamera : 0
01-25 20:01:40.406  1959 23530 I SS_3A   :  INFO:  AF: CreateAFAlgorithm: 503: rangeSensorMode : 0
01-25 20:01:40.406  1959 23530 I SS_3A   :  INFO:  AF: CreateAFAlgorithm: 562: StaticAF algo create: overrideCameraOpen is 32
01-25 20:01:40.406  1959 23530 I SS_3A   :  INFO:  AF: CreateAFAlgorithm: 424: af_camera_info 5
01-25 20:01:40.406  1959 23530 I SS_3A   :  INFO:  AF: TsCommonFillSensorIdMap: 26: Already filled, cameraId(5) driverSensorId(12)
01-25 20:01:40.406  1959 23530 I SS_3A   :  INFO:  AF: CreateAFAlgorithm: 578: newly mapped af_camera_info(sensorId) 1
01-25 20:01:40.406  1959 23530 I SS_3A   :  INFO:  AF: CreateAFAlgorithm: 582: CreateAFAlgorithm (refcnt:0 cameraId 1 overrideCameraOpen 1 lensFacing 0 pAFSingletonWrapper->pAFSingleton 0x0
01-25 20:01:40.406  1959 23530 I SS_3A   :  INFO:  AF: CreateAFAlgorithm: 588: pAF before 0x0
01-25 20:01:40.406  1959 23530 I SS_3A   :  INFO:  AF: CreateAFAlgorithm: 597: SS_AF_LIB loading cam[0]
01-25 20:01:40.406  1959 23530 I SS_3A   :  INFO:  AF: LoadAlgorithmAndSymbols: 281: E
01-25 20:01:40.406  1959 23530 I SS_3A   :  INFO:  AF: LoadAlgorithmAndSymbols: 290: libPathName : libTsAf_DM123Q.so!
01-25 20:01:40.406  1959 23530 I SS_3A   :  INFO:  AF: LoadAlgorithmAndSymbols: 300: [DBG_APEX] ApexIQBasePath: /apex/com.samsung.android.camera.qciq/
01-25 20:01:40.406  1959 23530 I SS_3A   :  INFO:  AF: LoadAlgorithmAndSymbols: 302: [DBG_APEX] loadApex: 0
01-25 20:01:40.409  1959 23530 I SS_3A   :  INFO:  AF: LoadAlgorithmAndSymbols: 346: [DBG_APEX] Loading AF lib: libTsAf_DM123Q.so
01-25 20:01:40.409  1959 23530 I SS_3A   :  INFO:  AF: TsAf_init: 4795: TsAf_init FirstTsAf_wrapper_data_t addr 0xb4000078f4f1d900 size 1746152
01-25 20:01:40.409  1959 23530 I SS_3A   :  INFO:  AF: TsAf_init_param: 4741: TsAf_init_param setting init param
01-25 20:01:40.409  1959 23530 I SS_3A   :  INFO:  AF: TsAf_init_param: 4756: TsAf_init_param: lens type 4 last_pos_rear 1376
01-25 20:01:40.409  1959 23530 I SS_3A   :  INFO:  AF: TsAf_init: 4870: TsAf_init camera id 1 0xb4000078f4f1d900 TsAf [0xb4000078f5072960] 0x7935d4ff18
01-25 20:01:40.409  1959 23530 I SS_3A   :  INFO:  AF: TsAf_get_cal_data: 2453: Device modle = SAMSUNG_DM3
01-25 20:01:40.409  1959 23530 I SS_3A   :  INFO:  AF: TsAf_init: 4899: Set AF last pos lens_type_for_lib 4 pos 1376
01-25 20:01:40.409  1959 23530 E AF_DEBUG: AfLib_BootingInit(628) : [cam_id_4] AF_Lib Version = 0xD561 Chip Type = 1 (0:LSI, 1:QC) 
01-25 20:01:40.409  1959 23530 E AF_DEBUG: LinkAfCalData(172) : af_cal = ref_table_arr[0]->af_cal_data max_arr= 5
01-25 20:01:40.409  1959 23530 E AF_DEBUG: SetAfModuleInfo(371) : [cam_id_4] Module = P12XLPE00CM, ModuleInfo = DM12_FRONT, ModuleType = 17, phaseType = 1
01-25 20:01:40.409  1959 23530 E AF_DEBUG: PrintAfCalData(491) : [cam_id_4] 12bit(9bit) | af cal data far: 1376(172), mid2: -1(-1), mid1: -1(-1), near: 2208(276), max: 4088(511), add_80: -1(-1), plus_offset: 65535(8191), minus_offset: 65535(8191) zoom_rate(x1000) 1000
01-25 20:01:40.409  1959 23530 E AF_DEBUG: AfLib_BootingInit(647) : [cam_id_4][factory_af_booting_init]  factory_af_flag = 0
01-25 20:01:40.409  1959 23530 E AF_DEBUG: CheckBootingInitDone(710) : [cam_id_4] Booting Init is not done!!
01-25 20:01:40.409  1959 23530 I SS_3A   :  INFO:  AF: LoadAlgorithmAndSymbols: 363: TsAf_init calls
01-25 20:01:40.409  1959 23530 I SS_3A   :  INFO:  AF: LoadAlgorithmAndSymbols: 384: X
01-25 20:01:40.409  1959 23530 I SS_3A   :  INFO:  AF: CreateAFAlgorithm: 614: pAF first time 0xb4000079ae4483f0
01-25 20:01:40.409  1959 23530 I SS_3A   :  INFO:  AF: CreateAFAlgorithm: 647: X
01-25 20:01:40.409  1959 23530 E AF_DEBUG: AfLib_AlgorithmInit(1178) : [cam_id_4] paf_cal_data_info = 20220725 paf_cal_errcheck 0x00000000 vpd_cal 0 vpd_cal_data_info = 0 vpaf_cal_errcheck 0x00000000 
01-25 20:01:40.409  1959 23530 E AF_DEBUG: AfInit(7504) : [cam_id_4] Version(0xD561). mode(0). lens(1376). sensor(4000 x 3000). touch(0 x 0 ). pafstatvalid(1)
01-25 20:01:40.409  1959 23530 E AF_DEBUG: UpdateAfStatus(179) : [cam_id_4] AF status 0x0 -> 0x20, called from : AfInit(7536)  
01-25 20:01:40.409  1959 23530 I SS_3A   :  INFO: AWB: CreateAWBAlgorithm: 684: statsStreamInitConfig operationMode 0
01-25 20:01:40.409  1959 23530 I SS_3A   :  INFO: AWB: CreateAWBAlgorithm: 608: StaticAWB algo sizeOfParam for CHISTATSHANDLE is 24
01-25 20:01:40.409  1959 23530 I SS_3A   :  INFO: AWB: CreateAWBAlgorithm: 617: Lens Facing = 0
01-25 20:01:40.409  1959 23530 I SS_3A   :  INFO: AWB: CreateAWBAlgorithm: 665: StaticAWB algo create: overrideCameraOpen is 32
01-25 20:01:40.409  1959 23530 I SS_3A   :  INFO: AWB: CreateAWBAlgorithm: 675: cameraInfo algoRole 0, cameraId 5
01-25 20:01:40.409  1959 23530 I SS_3A   :  INFO: AWB: TsCommonFillSensorIdMap: 26: Already filled, cameraId(5) driverSensorId(12)
01-25 20:01:40.409  1959 23530 I SS_3A   :  INFO: AWB: CreateAWBAlgorithm: 702: CreateAWBAlgorithm (refcnt:0 cameraId 5 OverrideCameraOpen 1 lensFacing 0 pAWBSingletonWrapper->pAWB 0xb400007947ad46c0
01-25 20:01:40.409  1959 23530 I SS_3A   :  INFO: AWB: CreateAWBAlgorithm: 768: ReCreate AWBAlgorithm, pAWB 0xb400007947ad46c0
01-25 20:01:40.409  1959 23530 I SS_3A   :  INFO: AWB: TsAwb_get_cal_data_front: 127: module[0] 361 742 745 375
01-25 20:01:40.409  1959 23530 I SS_3A   :  INFO: AWB: TsAwb_get_cal_data_front: 129: module[0] RG 0.485541 , BG 0.504371
01-25 20:01:40.409  1959 23530 I SS_3A   :  INFO: AWB: TsAwb_init_with_mode: 168: TuningVersion 0xED1A0428
01-25 20:01:40.409  1959 23530 I SS_3A   :  INFO: AWB: TsAwb_init_with_mode: 212: [eLensType 0] Adjust_gain = 0.985368, 1.010038
01-25 20:01:40.409  1959 23530 I SS_3A   :  INFO: AEC: AECAlgoSetNodeInterface: 1022: AEC vendorTagBase 0x80d40000
01-25 20:01:40.409  1959 23530 I SS_3A   :  INFO: AEC: AECAlgoSetNodeInterface: 1032: AWB vendorTagBase 0x80d60000
01-25 20:01:40.409  1959 23530 I SS_3A   :  INFO: AEC: AECAlgoSetNodeInterface: 1042: AF vendorTagBase 0x80d50000
01-25 20:01:40.410  1959 23530 I SS_3A   :  INFO: AEC: CreateAEC: 699: StaticAEC algo sizeOfParam for CHISTATSHANDLE is 24
01-25 20:01:40.410  1959 23530 I SS_3A   :  INFO: AEC: CreateAEC: 713: AEC_VendorTag:: Lens Facing = 0 chiSessionHandle = 0xb4000078f4c61608
01-25 20:01:40.410  1959 23530 I SS_3A   :  INFO: AEC: CreateAEC: 783: StaticAEC algo create: camera open mask 32 
01-25 20:01:40.410  1959 23530 I SS_3A   :  INFO: AEC: CreateAEC: 693: aec_camera_info 0 5
01-25 20:01:40.410  1959 23530 I SS_3A   :  INFO: AEC: CreateAEC: 790: flicker CSC:60 
01-25 20:01:40.410  1959 23530 I SS_3A   :  INFO: AEC: TsCommonFillSensorIdMap: 26: Already filled, cameraId(5) driverSensorId(12)
01-25 20:01:40.410  1959 23530 I SS_3A   :  INFO: AEC: CreateAEC: 808: CreateAECAlgorithm (refcnt:0 cameraId 5 OverrideCameraOpen 1 lensFacing 0 pAECSingletonWrapper->pAECSingleton 0xb400007947ad4710 [sensor:S5K3LU]
01-25 20:01:40.410  1959 23530 I SS_3A   :  INFO: AEC: CreateAEC: 909: ReCreate AECAlgorithm 0xb400007947ad4710
01-25 20:01:40.417  1959 23531 I EVA     : File: vendor/qcom/proprietary/cv-noship/eva/3.0/src/cpu/platform/android/evaSession.cpp Line: 394 Function: evaGetDebugEnable() Msg:  EVA Debug Logs Disabled 
01-25 20:01:40.418  1959 19063 I CHI     : [SS_LOW ]: [CHI         ]: chxextensionmodule.cpp: InitializeOverrideSession: 7975: MemAvailable: 3685832 kB
01-25 20:01:40.418  1959 19063 I CHI     : [SS_LOW ]: [CHI         ]: chxextensionmodule.cpp: InitializeOverrideSession: 7995: [DUAL_MODE_DBG] m_isFrontCameraOpened=1
01-25 20:01:40.418  1959 19063 I Unihal  : CameraDevice.cpp: ConfigureStreams: 96: [UNIKPI][1] VndHAL->configure_streams: X
01-25 20:01:40.418  1959 19063 I Unihal  : UniState.cpp: transitState: 102: Transiting to state 4
01-25 20:01:40.418  1959 19063 I Unihal  : UniHal3InterfaceEntry.cpp: uni_configure_streams: 288: [UNIKPI][1] UniHAL->configure_streams: X
01-25 20:01:40.418  1959 19063 I Samsung_CameraDeviceSession_impl: [CAMKPI] camera3->configure_streams : X
01-25 20:01:40.418  2411  9635 D AidlCamera3-Device: configureStreams : stream[0] : format = 0x23(YUV_420_888), data_space = 146931712, color_space = -1 usage flag = 0x20003 max_buffers = 8, physical_camera_id = 
01-25 20:01:40.418  2411  9635 D Camera3-Device: CameraPerf: Connect Streams E
01-25 20:01:40.418  2411  9635 I Camera3-Status: addComponent: Adding new component 3 - streamId = 0, format = 0x23(YUV_420_888), width = 640, height = 480, option = 0x0, type = OUTPUT
01-25 20:01:40.419  2411  9635 D Camera3-OutputStream: configureConsumerQueueLocked: Consumer wants 3 buffers, HAL wants 8
01-25 20:01:40.419  2411  9635 D Camera3-Device: CameraPerf: Connect Streams X (0ms)
01-25 20:01:40.419  2012 15269 V APM_AudioPolicyManager: getInputForAttr() source 7, sampling rate 44100, format 0x1, channel mask 0x10, session 13225, flags 0 attributes={ Content type: AUDIO_CONTENT_TYPE_UNKNOWN Usage: AUDIO_USAGE_UNKNOWN Source: AUDIO_SOURCE_VOICE_COMMUNICATION Flags: 0x2800 Tags:  } requested device ID 0
01-25 20:01:40.419  2012 15269 V APM_AudioPolicyManager: getInputForAttr found device type is 0x80000080
01-25 20:01:40.419  2012 15269 I MultiRecordManager: openMultiRecordAllowed() skipMultiRecord 1, openMultiRecordAllowed 0, moduleName primary, source 7, flag 0x20
01-25 20:01:40.419  2012 15269 I MultiRecordManager: openInputStream() skipMultiRecord
01-25 20:01:40.420  1895 16913 D AHAL: AudioDevice: adev_open_input_stream: 1059: enter: sample_rate(48000) channel_mask(0x10) devices(0x80000080)        io_handle(334) source(7) format 1
01-25 20:01:40.420  2411  9635 D Camera3-Device: Set real time priority for request queue thread (tid 23459)
01-25 20:01:40.420  1895 16913 D AHAL: AudioStream: StreamPrimary: 6476: handle: 334 channel_mask: 16 
01-25 20:01:40.420  2411  9635 D Camera3-Device: CameraPerf: configureStreamsLocked: Camera 1: Stream configuration X (269ms)
01-25 20:01:40.420  1895 16913 D AHAL: AudioStream: StreamInPrimary: 6240: enter: handle (14e) format(0x1) sample_rate(48000) channel_mask(0x10) devices(1) flags(0x20)
01-25 20:01:40.420  1895 16913 D AHAL: AudioStream: StreamInPrimary: 6341: local : handle (14e) format(0x1) sample_rate(48000) channel_mask(0x10) devices(0x80000080) flags(0x20)
01-25 20:01:40.420  1895 16913 D AHAL: AudioStream: StreamInPrimary: 6350: No of devices 1
01-25 20:01:40.420  1895 16913 D AHAL: AudioDevice: GetPalDeviceIds: 2721: haldeviceIds: 1
01-25 20:01:40.420  1895 16913 D AHAL: AudioDevice: GetPalDeviceIds: 2728: Found haldeviceId: 80000080 and PAL Device ID 26
01-25 20:01:40.420  1895 16913 D AHAL: AudioDevice: GetPalDeviceIds: 2747: devices allocated 1, pal device ids before returning 1
01-25 20:01:40.420  1895 16913 D AHAL: AudioStream: StreamInPrimary: 6439: Exit
01-25 20:01:40.420  1895 16913 D AHAL: AudioDevice: CreateStreamIn: 715: input stream 1 0x7e864a8d88
01-25 20:01:40.420  1895 16913 D AHAL: AudioDevice: adev_open_input_stream: 1118: Exit ret: 0
01-25 20:01:40.420  1895 16913 D AHAL: AudioStream: in_update_sink_metadata_v7: 1607: in_update_sink_metadata_v7: sink device 0
01-25 20:01:40.420  1895 16913 D AHAL: AudioStream: in_update_sink_metadata_v7: 1632: track count is 1 for usecase (33: audio-record-voip)
01-25 20:01:40.420  1895 16913 D AHAL: AudioStream: in_update_sink_metadata_v7: 1641: channel_mask 0
01-25 20:01:40.420  1895 16913 V sec_audio_hw: sec_dev_open_audio_stream: enter: handle 334, type 1, tag 
01-25 20:01:40.420  1895 16913 V sec_audio_hw: sec_dev_open_audio_stream: exit
01-25 20:01:40.421  2411  9635 D Camera3-Device: setStreamingRequestList: Enter: calling submitRequestsHelper: repeating = true
01-25 20:01:40.421  2411  9635 D Camera3-Device: submitRequestsHelper: mInterfaceLock.lock()
01-25 20:01:40.421  2012 15269 I AudioEffectStage: StageAttribute name input_voip_input_voice_changer, io 2, mixerType 3, openDevice 0, threadFlags 20
01-25 20:01:40.421  2012 15269 I AudioEffectStage:     format 0, sample -1, streamMask 0,InChannelMask ffffffff, OutChannelMask ffffffff, usage 0, content 0
01-25 20:01:40.421  2411  9635 I Camera3-Device: Submit request type: 0x1, repeating(true), burst(false)
01-25 20:01:40.421  2411  9635 D Camera3-Device: setRepeatingRequests: lastFrameNumber 0.
01-25 20:01:40.421  2411  9635 I Camera3-Status: markComponent: Component 2 is now active - RequestThread
01-25 20:01:40.421  2829  3548 I EDMNativeHelperService: isCameraEnabled
01-25 20:01:40.421  2829  3548 D EDMNativeHelper: isCameraEnabled
01-25 20:01:40.421  2411 23459 D Camera3-Device: CameraPerf: PrepareHALRequests E
01-25 20:01:40.421  2829  3548 D EDMNativeHelper: checking for camera in EnterpriseDeviceManagerService
01-25 20:01:40.421  2829  3548 D EnterpriseDeviceManagerService: isCameraEnabledNative
01-25 20:01:40.421  2829  3548 D EnterpriseDeviceManagerService: checking for camera in restriction policy
01-25 20:01:40.421  2411 23459 I Camera3-Status: markComponent: Component 0 is now active - InflightRequests
01-25 20:01:40.421  2411 23459 D Camera3-Device: CameraPerf: PrepareHALRequests X (0ms)
01-25 20:01:40.421  2411 23459 D Camera3-Device: CameraPerf: sendRequestsBatch E
01-25 20:01:40.421  2829  3548 D RestrictionPolicy: isCameraEnabled ret(true) userId(0) cxtInfo.mCallerUid(10450) cxtInfo.mContainerId(0)
01-25 20:01:40.421   915   915 I hwservicemanager: getTransport: Cannot find entry android.hardware.audio.effect@7.1::IEffectsFactory/default in either framework or device VINTF manifest.
01-25 20:01:40.421  1959 19063 I Samsung_CameraDeviceSession_impl: [CAMKPI] camera3->process_capture_request : E
01-25 20:01:40.421  1959 19063 I Unihal  : UniHal3InterfaceEntry.cpp: uni_process_capture_request: 379: [UNIKPI][1] UniHAL->process_capture_request: E
01-25 20:01:40.421  1959 19063 I Unihal  : CameraDevice.cpp: ProcessCaptureRequest: 167: [UNIKPI][1] VndHAL->process_capture_request: E
01-25 20:01:40.421  2411 23456 I CameraService: startCameraStreamingOps: Start camera streaming ops, package name = com.outsystemscloud.lucasgv.SandboxAppCordova, client UID = 10450
01-25 20:01:40.421  2411  9635 D Camera3-Device: submitRequestsHelper: mInterfaceLock.unlock()
01-25 20:01:40.422  2411  9635 I Camera3-Status: markComponent: Component 1 is now active - BufferRequestSM
01-25 20:01:40.422  2411 23456 I CameraServiceProxyWrapper: updateProxyDeviceState: notifyCameraState for Camera ID 1, newState 1, facing 1, clientName com.outsystemscloud.lucasgv.SandboxAppCordova, apiLevel 2
01-25 20:01:40.422  1959 19063 I CHI     : [SS_LOW ]: [CHI         ]: chxutils.cpp: FillTuningModeDebug: 6887: [FRONT_FULL] sensorModeIndex 0  Sensor:NORMAL(0)  usecase:Third_party_preview(8)  feature1:ADRC(2)  feature2:None(0)  scene:None(0)   [chifeature2base.cpp]
01-25 20:01:40.422  1959 19063 I CHI     : [SS_LOW ]: [CHI         ]: chxutils.cpp: FillTuningModeDebug: 6887: [FRONT_FULL] sensorModeIndex 0  Sensor:NORMAL(0)  usecase:Third_party_preview(8)  feature1:ADRC(2)  feature2:None(0)  scene:None(0)   [chifeature2realtime.cpp]
01-25 20:01:40.422  2829  3548 I CameraService_proxy: wmi.addRefreshRateRangeForPackage minFPS = 30.000002, maxFPS = 60.0, clientName = com.outsystemscloud.lucasgv.SandboxAppCordova
01-25 20:01:40.422  1959 19063 I Unihal  : CameraDevice.cpp: ProcessCaptureRequest: 167: [UNIKPI][1] VndHAL->process_capture_request: X
01-25 20:01:40.422  1959 19063 I Unihal  : UniHal3InterfaceEntry.cpp: uni_process_capture_request: 379: [UNIKPI][1] UniHAL->process_capture_request: X
01-25 20:01:40.422  1959 19063 I Samsung_CameraDeviceSession_impl: [CAMKPI] camera3->process_capture_request : X
01-25 20:01:40.422  2411 23459 D Camera3-Device: CameraPerf: sendRequestsBatch X (1ms)
01-25 20:01:40.422 10008 10008 W ContextImpl: Calling a method in the system process without a qualified user: android.app.ContextImpl.startService:1960 android.content.ContextWrapper.startService:842 android.content.ContextWrapper.startService:842 com.sec.android.diagmonagent.sa.receiver.CFLogReceiver.onReceive:56 android.app.ActivityThread.handleReceiver:4981 
01-25 20:01:40.423  2829  3132 D SensorPrivacyService: onOpNoted  com.outsystemscloud.lucasgv.SandboxAppCordova  code=26  uid=10450
01-25 20:01:40.423  2829  3123 I RefreshRateModeManager: Schedule to change allowedModes=baseModeId=3 allowGroupSwitching=false primary=physical: (30.000002 120.0) render:  (30.000002 60.0) appRequest=physical: (30.000002 120.0) render:  (30.000002 60.0), displayToken=android.os.BinderProxy@e4cac0f  mVotesByDisplay:
01-25 20:01:40.423  2829  3123 I RefreshRateModeManager:     -1:
01-25 20:01:40.423  2829  3123 I RefreshRateModeManager:       PRIORITY_REFRESH_RATE_MODE -> Vote: {width: -1, height: -1, refreshRateRanges: physical: (10.0 120.0) render:  (0.0 Infinity), disableRefreshRateSwitching: false, appRequestBaseModeRefreshRate: 0.0}
01-25 20:01:40.423  2829  3123 I RefreshRateModeManager:       PRIORITY_USER_SETTING_PEAK_RENDER_FRAME_RATE -> Vote: {width: -1, height: -1, refreshRateRanges: physical: (0.0 Infinity) render:  (0.0 120.0), disableRefreshRateSwitching: false, appRequestBaseModeRefreshRate: 0.0}
01-25 20:01:40.423  2829  3123 I RefreshRateModeManager:       PRIORITY_USER_SETTING_MIN_RENDER_FRAME_RATE -> Vote: {width: -1, height: -1, refreshRateRanges: physical: (0.0 Infinity) render:  (0.0 Infinity), disableRefreshRateSwitching: false, appRequestBaseModeRefreshRate: 0.0}
01-25 20:01:40.423  2829  3123 I RefreshRateModeManager:     0:
01-25 20:01:40.423  2829  3123 I RefreshRateModeManager:       PRIORITY_RESOLUTION -> Vote: {width: 1440, height: 3088, refreshRateRanges: physical: (0.0 Infinity) render:  (0.0 Infinity), disableRefreshRateSwitching: false, appRequestBaseModeRefreshRate: 0.0}
01-25 20:01:40.423  2829  3123 I RefreshRateModeManager:       PRIORITY_APP_REQUEST_RENDER_FRAME_RATE_RANGE -> Vote: {width: -1, height: -1, refreshRateRanges: physical: (0.0 Infinity) render:  (30.000002 60.0), disableRefreshRateSwitching: false, appRequestBaseModeRefreshRate: 0.0}
01-25 20:01:40.423  2829  3123 I RefreshRateModeManager: 
01-25 20:01:40.423  2829  3123 I RefreshRateModeManager:  mModeSwitchingType: SWITCHING_TYPE_WITHIN_GROUPS mAlwaysRespectAppRequest: false
01-25 20:01:40.423  2829  3123 I RefreshRateModeManager:  Current Mode mReportedRefreshRateMode(toSurfaceFlinger)=REFRESH_RATE_MODE_SEAMLESS, mRefreshRateMode(fromSettings)=REFRESH_RATE_MODE_SEAMLESS
01-25 20:01:40.423  2829  3123 I RefreshRateModeManager:  BrightnessState mPassive=false, PassiveModeToken=false, mLfd=0, mBrightness=68, mAmbientLux=39.0, mIsWirelessCharing=false
01-25 20:01:40.425  2829  3548 I CameraManagerGlobal: Camera 1 facing CAMERA_FACING_FRONT state now CAMERA_STATE_ACTIVE for client com.outsystemscloud.lucasgv.SandboxAppCordova API Level 2 User Id 0
01-25 20:01:40.425  2829  3548 I CameraManagerGlobal: onCameraDeviceStateChangedLocked: post device state update
01-25 20:01:40.425  2829  3548 I CameraManagerGlobal: onCameraDeviceStateChangedLocked: post device state update
01-25 20:01:40.425  2829  5883 D AutoRotationHandler: inject auto rotation priority = 1.0
01-25 20:01:40.426 17851 13084 I CameraManagerGlobal: Camera 1 facing CAMERA_FACING_FRONT state now CAMERA_STATE_ACTIVE for client com.outsystemscloud.lucasgv.SandboxAppCordova API Level 2 User Id 0
01-25 20:01:40.425 25689 30712 I CameraManagerGlobal: Camera 1 facing CAMERA_FACING_FRONT state now CAMERA_STATE_ACTIVE for client com.outsystemscloud.lucasgv.SandboxAppCordova API Level 2 User Id 0
01-25 20:01:40.426 17429 19963 I CameraManagerGlobal: Camera 1 facing CAMERA_FACING_FRONT state now CAMERA_STATE_ACTIVE for client com.outsystemscloud.lucasgv.SandboxAppCordova API Level 2 User Id 0
01-25 20:01:40.425  9872 10615 I CameraManagerGlobal: Camera 1 facing CAMERA_FACING_FRONT state now CAMERA_STATE_ACTIVE for client com.outsystemscloud.lucasgv.SandboxAppCordova API Level 2 User Id 0
01-25 20:01:40.426 21700 22468 I CameraManagerGlobal: Camera 1 facing CAMERA_FACING_FRONT state now CAMERA_STATE_ACTIVE for client com.outsystemscloud.lucasgv.SandboxAppCordova API Level 2 User Id 0
01-25 20:01:40.426 21188 21211 I CameraManagerGlobal: Camera 1 facing CAMERA_FACING_FRONT state now CAMERA_STATE_ACTIVE for client com.outsystemscloud.lucasgv.SandboxAppCordova API Level 2 User Id 0
01-25 20:01:40.426 10023 10087 I CameraManagerGlobal: Camera 1 facing CAMERA_FACING_FRONT state now CAMERA_STATE_ACTIVE for client com.outsystemscloud.lucasgv.SandboxAppCordova API Level 2 User Id 0
01-25 20:01:40.426 10023 10087 I CameraManagerGlobal: onCameraDeviceStateChangedLocked: post device state update
01-25 20:01:40.426 10023 10087 I CameraManagerGlobal: onCameraDeviceStateChangedLocked: post device state update
01-25 20:01:40.426  2829  3123 D LocalDisplayAdapter: setDesiredDisplayModeSpecsAsync(4630947093241269891) : defaultMode=2 allowGroupSwitching=false primaryRanges=physical: (30.000002 120.0) render:  (30.000002 60.0) appRequestRanges=physical: (30.000002 120.0) render:  (30.000002 60.0)
01-25 20:01:40.426 11685 10991 I CameraManagerGlobal: Camera 1 facing CAMERA_FACING_FRONT state now CAMERA_STATE_ACTIVE for client com.outsystemscloud.lucasgv.SandboxAppCordova API Level 2 User Id 0
01-25 20:01:40.426  2031  2031 I RefreshRateSelector: Display 4630947093241269891 policy changed
01-25 20:01:40.426  2031  2031 I RefreshRateSelector: Previous: {defaultModeId=2, allowGroupSwitching=false, primaryRanges={physical=[10.00 Hz, 120.00 Hz], render=[0.00 Hz, 120.00 Hz]}, appRequestRanges={physical=[10.00 Hz, 120.00 Hz], render=[0.00 Hz, 120.00 Hz]}}
01-25 20:01:40.426  2031  2031 I RefreshRateSelector: Current:  DisplayManagerPolicy{defaultModeId=2, allowGroupSwitching=false, primaryRanges={physical=[30.00 Hz, 120.00 Hz], render=[30.00 Hz, 60.00 Hz]}, appRequestRanges={physical=[30.00 Hz, 120.00 Hz], render=[30.00 Hz, 60.00 Hz]}}
01-25 20:01:40.426  2031  2031 I RefreshRateSelector: 1 mode changes were performed under the previous policy
01-25 20:01:40.426  2031  2031 I SurfaceFlinger: [4630947093241269891] Setting desired display mode specs: {defaultModeId=2, allowGroupSwitching=false, primaryRanges={physical=[30.00 Hz, 120.00 Hz], render=[30.00 Hz, 60.00 Hz]}, appRequestRanges={physical=[30.00 Hz, 120.00 Hz], render=[30.00 Hz, 60.00 Hz]}}
01-25 20:01:40.426  4549  4571 I CameraManagerGlobal: Camera 1 facing CAMERA_FACING_FRONT state now CAMERA_STATE_ACTIVE for client com.outsystemscloud.lucasgv.SandboxAppCordova API Level 2 User Id 0
01-25 20:01:40.427  4158  6181 I CameraManagerGlobal: Camera 1 facing CAMERA_FACING_FRONT state now CAMERA_STATE_ACTIVE for client com.outsystemscloud.lucasgv.SandboxAppCordova API Level 2 User Id 0
01-25 20:01:40.427  2031  2031 E RefreshRateSelector: Can't find current refresh rate by policy with the same mode group as the current mode {id=0, hwcId=0, resolution=1440x3088, refreshRate=120.00 Hz, dpi=501.04x502.79, group=1440}
01-25 20:01:40.427  1959 23531 I EVA     : File: vendor/qcom/proprietary/cv-noship/eva/3.0/src/cpu/evaDmm.cpp Line: 1277 Function: evaInitDmm() Msg: evaDmmDumpLevel = 0
01-25 20:01:40.427  1959 23531 I EVA     : File: vendor/qcom/proprietary/cv-noship/eva/3.0/src/cpu/evaDmm.cpp Line: 1363 Function: evaInitDmm() Msg:  pevaHandleDmm->pSession->nHangdumpReplayFreq = 0 
01-25 20:01:40.427  1919  3900 I sensors-hal: ssc_conn_event_cb:901, event[0] sensor:Light seamless  Wakeup, msg_id=1025, ts=9966244370146
01-25 20:01:40.427  1959 23531 I DMABUFHEAPS: Using DMA-BUF heap named: qcom,system
01-25 20:01:40.427  1919  3900 I sensors-hal: handle_sns_client_event:46, light_seamless ts=519070305851436 ns, 40,40,2147483647, M:0,0, S:0,0
01-25 20:01:40.427  1959 23531 I DMABUFHEAPS: Using DMA-BUF heap named: qcom,system
01-25 20:01:40.427  1959 23531 I DMABUFHEAPS: Using DMA-BUF heap named: qcom,system
01-25 20:01:40.427  1959 23531 I DMABUFHEAPS: Using DMA-BUF heap named: qcom,system
01-25 20:01:40.427  2031  2031 I HWComposer: [4630947093241269891] ActiveConfigToHWC, ID : 2
01-25 20:01:40.427  1959 23531 I DMABUFHEAPS: Using DMA-BUF heap named: qcom,system
01-25 20:01:40.427  1959 23531 I DMABUFHEAPS: Using DMA-BUF heap named: qcom,system
01-25 20:01:40.427  1959 23531 I DMABUFHEAPS: Using DMA-BUF heap named: qcom,system
01-25 20:01:40.427  2031  2031 I LayerHistory: com.outsystemscloud.lucasgv.SandboxAppCordova/com.outsystemscloud.lucasgv.SandboxAppCordova.MainActivity$_22904#47686 Max (can't resolve refresh rate)
01-25 20:01:40.427  2031  2031 I SurfaceFlinger: scored - choose 60.00 Hz
01-25 20:01:40.428 22904 22928 I CameraManagerGlobal: Camera 1 facing CAMERA_FACING_FRONT state now CAMERA_STATE_ACTIVE for client com.outsystemscloud.lucasgv.SandboxAppCordova API Level 2 User Id 0
01-25 20:01:40.428   915   915 I hwservicemanager: getTransport: Cannot find entry android.hardware.audio.effect@7.1::IEffectsFactory/default in either framework or device VINTF manifest.
01-25 20:01:40.428 17849 22220 I CameraManagerGlobal: Camera 1 facing CAMERA_FACING_FRONT state now CAMERA_STATE_ACTIVE for client com.outsystemscloud.lucasgv.SandboxAppCordova API Level 2 User Id 0
01-25 20:01:40.428  2411  9635 I Camera3-Status: markComponent: Component 3 is now active - streamId = 0, format = 0x23(YUV_420_888), width = 640, height = 480, option = 0x0, type = OUTPUT
01-25 20:01:40.428  2411  9635 I Camera3-Status: markComponent: Component 1 is now idle - BufferRequestSM
01-25 20:01:40.428   913   913 I lmkd    : check camkillboostmode : 11 , ionheap: 108285, pid : 22904, index : 2 , camprocall/provider/server size : (88644, 24690, 3715), available : 945167, heap_pool : 0, kreclaimable : 145493, init_cam : 0
01-25 20:01:40.428   913   913 I lmkd    : check finished camerakillboostmode
01-25 20:01:40.429  4158  4158 I DesktopManager: notifyPrivacyItemsChanged() visible = true mDesktopMode = 710
01-25 20:01:40.429  2411  9635 I Camera3-Status: markComponent: Component 1 is now active - BufferRequestSM
01-25 20:01:40.430  1959 23531 I EVA     : File: vendor/qcom/proprietary/cv-noship/eva/3.0/src/cpu/evaDmm.cpp Line: 1879 Function: evaInitDmm() Msg: DMM Config for session: mode 4, nonWSrcWid 480, nonWSrcHgt 360, nonWFormat 16388, WSrcWid 480, WSrcHgt 360, WFormat 32785, IntMaxWid 488, IntMaxHgt 360, SGMWid 244, SGMHei 180, AlignTyp 0, DisAliCtl 0, StreamId 0
01-25 20:01:40.430  2012 15269 I EffectsFactory: EffectCreate() create_effect
01-25 20:01:40.430  2012 23545 I AudioFlinger: AudioFlinger's thread 0xb4000074ab9f3ec0 tid=23545 ready to run
01-25 20:01:40.430  1895 16913 D AHAL: AudioStream: astream_in_standby: 1818: enter: stream (0xb400007ea77c9600) usecase(33: audio-record-voip)
01-25 20:01:40.431  1895 16913 D AHAL: AudioStream: Standby: 4911: Enter
01-25 20:01:40.431  1895 16913 D AHAL: AudioStream: Standby: 4941: Exit ret: 0
01-25 20:01:40.431  1895 16913 D AHAL: AudioStream: astream_in_standby: 1827: Exit ret: 0
01-25 20:01:40.431  2012 15269 V APM_AudioPolicyManager: getInputForAttr() returns input 334 type 0 selectedDeviceId 25 for port ID 1415
01-25 20:01:40.431  1919  1919 I sensors-hal: inject_sensor_data:262, auto_rotation ar_mode:1
01-25 20:01:40.431  1919  1919 I sensors-hal: write_auto_rotation_mode:249, write_auto_rotation_mode ar_mode:1
01-25 20:01:40.431  2011  2011 I SSC_DAEMON: physical_sensor_test_req_msg Sensor type :13, Msg type:15
01-25 20:01:40.431  2011  2011 I SSC_DAEMON: 0.algo_id:3, num:1
01-25 20:01:40.432  2012 15269 W AudioFlinger: The package name(android) provided does not correspond to the uid 1041
01-25 20:01:40.432  2011  3752 I SSC_DAEMON: AR od: 8, 1, 0
01-25 20:01:40.433  1959 23531 I EVA     : File: vendor/qcom/proprietary/cv-noship/eva/3.0/src/cpu/platform/android/evaSession.cpp Line: 394 Function: evaGetDebugEnable() Msg:  EVA Debug Logs Disabled 
01-25 20:01:40.433  1895 16913 V EffectsFactory: EffectCreate() UUID: 0F8D0D2A-59E5-45FE-B6E4-248C8A799109
01-25 20:01:40.433  1895 16913 I EffectsFactory: EffectCreate() create_effect
01-25 20:01:40.433  1895 16913 V EffectsFactory: EffectCreate() gInterface
01-25 20:01:40.433  1895 16913 V EffectsFactory: EffectCreate() created entry 0xb400007e8d1e9240 with sub itfe 0xb400007ea7627ee0 in library pre_processing
01-25 20:01:40.434  2829  3123 D RefreshRateModeManager: onBrightnessChangedLocked, brightness=68, lux=40.0
01-25 20:01:40.434  1895 16913 W EffectHAL: Effect 0xb400007e8d1e9240 command SET_CONFIG returned status: Invalid argument
01-25 20:01:40.435  1895 16913 W EffectHAL: Effect 0xb400007e8d1e9240 command SET_CONFIG returned status: Invalid argument
01-25 20:01:40.435  2411  9635 I Camera3-Status: markComponent: Component 1 is now idle - BufferRequestSM
01-25 20:01:40.435  1895 16913 D AHAL: AudioStream: astream_in_standby: 1818: enter: stream (0xb400007ea77c9600) usecase(33: audio-record-voip)
01-25 20:01:40.436  1895 16913 D AHAL: AudioStream: Standby: 4911: Enter
01-25 20:01:40.436  1895 16913 D AHAL: AudioStream: Standby: 4941: Exit ret: 0
01-25 20:01:40.436  1895 16913 D AHAL: AudioStream: astream_in_standby: 1827: Exit ret: 0
01-25 20:01:40.437  1959 23531 I EVA     : File: vendor/qcom/proprietary/cv-noship/eva/3.0/src/cpu/evaDmm.cpp Line: 1277 Function: evaInitDmm() Msg: evaDmmDumpLevel = 0
01-25 20:01:40.437  1959 23531 I EVA     : File: vendor/qcom/proprietary/cv-noship/eva/3.0/src/cpu/evaDmm.cpp Line: 1363 Function: evaInitDmm() Msg:  pevaHandleDmm->pSession->nHangdumpReplayFreq = 0 
01-25 20:01:40.438  2031  2222 I VSyncReactor: Current= 120, Period= 60, hwcPeriod= 120
01-25 20:01:40.438  2031  2222 I VSyncReactor: Current= 120, Period= 60, hwcPeriod= 60
01-25 20:01:40.438  1959 23531 I DMABUFHEAPS: Using DMA-BUF heap named: qcom,system
01-25 20:01:40.438  1947  2300 I SDM     : HWDeviceDRM::SetDisplaySwitchMode: [DispConfigs] check hs_mode 1
01-25 20:01:40.438  1947  2300 W SDM     : HWDeviceDRM::GetSupportedBitClkRate: Requested rate not supported: 1362080000
01-25 20:01:40.438  1947  2300 I SDM     : HWDeviceDRM::SetDisplaySwitchMode: [DispConfigs] Set mode index:2 1440x3088x60xcmdHS, hs_mode(1), found_mode(1)
01-25 20:01:40.438  1959 23531 I DMABUFHEAPS: Using DMA-BUF heap named: qcom,system
01-25 20:01:40.438  1959 23531 I DMABUFHEAPS: Using DMA-BUF heap named: qcom,system
01-25 20:01:40.438  1947  2300 I SDM     : HWDeviceDRM::UpdateMixerAttributes: Mixer WxH 1440x3088-1 for Peripheral
01-25 20:01:40.438  1947  2300 I SDM     : HWCDisplay::SubmitDisplayConfig: Active configuration changed from config 0 to 2
01-25 20:01:40.438  1959 23531 I DMABUFHEAPS: Using DMA-BUF heap named: qcom,system
01-25 20:01:40.438  1959 23531 I DMABUFHEAPS: Using DMA-BUF heap named: qcom,system
01-25 20:01:40.438  1959 23531 I DMABUFHEAPS: Using DMA-BUF heap named: qcom,system
01-25 20:01:40.439  2829  3123 D LocalDisplayAdapter: updateActiveModeLocked for d=4630947093241269891, mActiveModeId=3, mActiveSfDisplayMode=DisplayMode{id=2, width=1440, height=3088, xDpi=501.041, yDpi=502.789, refreshRate=60.000004, appVsyncOffsetNanos=0, presentationDeadlineNanos=17666666, supportedHdrTypes=[4, 2, 3], group=1440}
01-25 20:01:40.439  1959 23531 I DMABUFHEAPS: Using DMA-BUF heap named: qcom,system
01-25 20:01:40.441  1959 23531 I EVA     : File: vendor/qcom/proprietary/cv-noship/eva/3.0/src/cpu/evaDmm.cpp Line: 1879 Function: evaInitDmm() Msg: DMM Config for session: mode 4, nonWSrcWid 480, nonWSrcHgt 360, nonWFormat 16388, WSrcWid 480, WSrcHgt 360, WFormat 32785, IntMaxWid 488, IntMaxHgt 360, SGMWid 244, SGMHei 180, AlignTyp 0, DisAliCtl 0, StreamId 0
