01-25 17:40:28.323  2829  3972 I CAE     : showListenerList(ContextAwareService.java:334) - Listener : com.samsung.android.contextaware.manager.ContextAwareService$Listener@e8766f2, Service : TEST_FLAT_MOTION(1)
01-25 17:40:28.323  2829  3972 I CAE     : showListenerList(ContextAwareService.java:334) - Listener : com.samsung.android.contextaware.manager.ContextAwareService$Listener@e8766f2, Service : SENSOR_STATUS_CHECK_RUNNER(1)
01-25 17:40:28.323  2829  3972 W CAE     : registerCallback(ContextAwareService.java:209) - [regi 02] Mutex is unlocked for TEST_FLAT_MOTION
01-25 17:40:28.323  2829  3972 E SemContext.CaeProvider: setAttribute() : attribute is null!
01-25 17:40:28.323  2829  3972 D SemContextService: 	.registerCallback : 8, client= android
01-25 17:40:28.323  2829  3972 D SemContextService: unlock : registerCallback
01-25 17:40:28.323  2829  3972 D SemContextManager:   .registerListener : listener = Thread[SensorHandleThread,5,main], service=Device Position
01-25 17:40:28.324  1959  3784 I SS_3A   :  INFO:  AF: TsAf_get_metadata: 1149: [TsAf_Range] range_sensor_data is NULL
01-25 17:40:28.351  2829  3570 E SensorService: [EARPROXIMITY] Update the first event 
01-25 17:40:28.352  2012  4655 I AudioFlinger: monoMixMode[0] for haptic playback
01-25 17:40:28.352  2012  4655 I SecAudioParamFlinger: proximity_sensor_parameter: sensorValue=0;ampLPowerOn=1;curOutDevice=2
01-25 17:40:28.357  1959  3782 I SS_3A   :  INFO:  AF: TsAf_get_metadata: 1149: [TsAf_Range] range_sensor_data is NULL
01-25 17:40:28.360  2829  4047 D SemApeService: Deducted link capacity (M: R=604 T=907) RSSI=-52
01-25 17:40:28.360  2829  4047 D SemApeService: Set mCalibrationTimer=180 based on mMaxRssi=-41 mMinRssi=-41
01-25 17:40:28.362  2829  4047 D SemApeService: Timer=0 RT(R=1895 T=739) NRT(R=32 T=30) Alloc=5 Estimate(gamma=0 our=1 gapi=117) NB=0 SB=0 DC=0 Link(R=604 T=907) RSSI=-52 Rule=[false][RecalStart][NoneCase]
01-25 17:40:28.364  2411  2819 I Camera3-Status: markComponent: Component 1 is now active - BufferRequestSM
01-25 17:40:28.365  2411  2819 I Camera3-Status: markComponent: Component 1 is now idle - BufferRequestSM
01-25 17:40:28.391  1959  3781 I SS_3A   :  INFO:  AF: TsAf_get_metadata: 1149: [TsAf_Range] range_sensor_data is NULL
01-25 17:40:28.392  2411  2819 I Camera3-Status: markComponent: Component 1 is now active - BufferRequestSM
01-25 17:40:28.393  2411  2819 I Camera3-Status: markComponent: Component 1 is now idle - BufferRequestSM
01-25 17:40:28.424  1959  3784 I SS_3A   :  INFO:  AF: TsAf_get_metadata: 1149: [TsAf_Range] range_sensor_data is NULL
01-25 17:40:28.425  1959  3784 E AF_DEBUG: AfStageErrorEnd(4550) : [cam_id_4][AF_INFO] Final Lens position 1376  AF VERSION(0xD561) touch(x y : 0 0) roi( sx sy ex ey : 1616 1116 2384 1884 ) sensor(w h 4000 3000) af cal(1376 -1 2000 2208) exception(0x0) af_restart_from(0x0) ob(-1) sky(0) hb(0) moon(0) noMotion(0) moire(0) source(0) offset(0)
01-25 17:40:28.425  1959  3784 E AF_DEBUG: UpdateAfStatus(179) : [cam_id_4] AF status 0x2 -> 0x4, called from : UpdateAfStatusAtError(4493)  
01-25 17:40:28.425  1959  3784 E AF_DEBUG: LogPrintAfResult(37) : [cam_id_4] ver(0xD561) | cur_position 1376 , bv -214 , af_method 1 , roi_type 0, fd_cnt 0
01-25 17:40:28.425  1959  3784 I SS_3A   :  INFO:  AF: TsAf_update_focus_status: 3052: [cam_id_4 for Af Lib] Update output status! new status: 0x4 prev_status: 0x2
01-25 17:40:28.427  1919  5700 I sensors-hal: handle_sns_std_sensor_event:137, [SSC_LIGHT] A: 25(25),m:13,c:291,b:69,c0:2,l:3,r:813,bl:0,j:13
01-25 17:40:28.428  1959  3781 I SS_3A   :  INFO: AEC: TsAec_process_get_aec_info: 2583: [F][37] algo_out Av=2.273 g=32.967 e_t=0.03326 LLS=0x0 Ev=4.109 Bv=-0.828 PEv=4.172 Cvgd=0 lux=336, lls=0x0, drc=1.123 wide=0 Vo=0.000
01-25 17:40:28.433  2411  2819 I Camera3-Status: markComponent: Component 1 is now active - BufferRequestSM
01-25 17:40:28.434  2411  2819 I Camera3-Status: markComponent: Component 1 is now idle - BufferRequestSM
01-25 17:40:28.457  1959  3781 I SS_3A   :  INFO:  AF: TsAf_get_metadata: 1149: [TsAf_Range] range_sensor_data is NULL
01-25 17:40:28.458  1959  3781 E AF_DEBUG: AfHistory_PrintData(1014) : REWRAMSGF0A0_4 0 1E011E 40C2C46 0 1E011E 40C2A32 0 1E011E 40C281E 0 1E011E 40C2560 0 18011E 40C4560 0 0 0 0 0 0 0 0 0 0 0 0 0 0 0 
01-25 17:40:28.458  1959  3781 E AF_DEBUG: AfHistory_PrintData(1020) : DUMPLOGINDEX_4 82379233 2143311872 78622324 2133885440 75459137 2133888000 73262519 2133892096 0 2142819328 0 0 0 0 0 0 0 0 0 0 -214 
01-25 17:40:28.461  1959  3781 I SS_3A   :  INFO: AEC: TsAec_process_get_aec_info: 2583: [F][38] algo_out Av=2.273 g=32.174 e_t=0.03326 LLS=0x0 Ev=4.145 Bv=-0.816 PEv=4.184 Cvgd=0 lux=336, lls=0x0, drc=1.117 wide=0 Vo=0.000
01-25 17:40:28.462  2411  2819 I Camera3-Status: markComponent: Component 1 is now active - BufferRequestSM
01-25 17:40:28.462  2411  2819 I Camera3-Status: markComponent: Component 1 is now idle - BufferRequestSM
01-25 17:40:28.490  1959  3781 I SS_3A   :  INFO:  AF: TsAf_get_metadata: 1149: [TsAf_Range] range_sensor_data is NULL
01-25 17:40:28.495  1959  3783 I SS_3A   :  INFO: AEC: TsAec_process_get_aec_info: 2583: [F][39] algo_out Av=2.273 g=31.655 e_t=0.03326 LLS=0x0 Ev=4.168 Bv=-0.805 PEv=4.195 Cvgd=0 lux=335, lls=0x0, drc=1.111 wide=0 Vo=0.000
01-25 17:40:28.495  2411  2819 I Camera3-Status: markComponent: Component 1 is now active - BufferRequestSM
01-25 17:40:28.495  2411  2819 I Camera3-Status: markComponent: Component 1 is now idle - BufferRequestSM
01-25 17:40:28.524  1959  3783 I SS_3A   :  INFO:  AF: TsAf_get_metadata: 1149: [TsAf_Range] range_sensor_data is NULL
01-25 17:40:28.527  1959  3784 I SS_3A   :  INFO: AEC: TsAec_process_get_aec_info: 2583: [F][40] algo_out Av=2.273 g=30.977 e_t=0.03326 LLS=0x0 Ev=4.199 Bv=-0.777 PEv=4.223 Cvgd=0 lux=335, lls=0x0, drc=1.108 wide=0 Vo=0.000
01-25 17:40:28.536  2411  2819 I Camera3-Status: markComponent: Component 1 is now active - BufferRequestSM
01-25 17:40:28.537  2411  2819 I Camera3-Status: markComponent: Component 1 is now idle - BufferRequestSM
01-25 17:40:28.557  1959  3781 I SS_3A   :  INFO:  AF: TsAf_get_metadata: 1149: [TsAf_Range] range_sensor_data is NULL
01-25 17:40:28.561  1959  3781 I SS_3A   :  INFO: AEC: TsAec_process_get_aec_info: 2583: [F][41] algo_out Av=2.273 g=30.560 e_t=0.03326 LLS=0x0 Ev=4.219 Bv=-0.762 PEv=4.238 Cvgd=0 lux=334, lls=0x0, drc=1.102 wide=0 Vo=0.000
01-25 17:40:28.564  2829  3602 D ActivityManager: FCA:Reclamation for pid: 7617
01-25 17:40:28.565  1904  5484 I vendor.qti.bluetooth@1.1-ibs_handler: DeviceSleep: TX Awake, Sending SLEEP_IND
01-25 17:40:28.565  1904  5484 D vendor.qti.bluetooth@1.1-ibs_handler: SerialClockVote: vote for UART CLK OFF
01-25 17:40:28.566  2411  2819 I Camera3-Status: markComponent: Component 1 is now active - BufferRequestSM
01-25 17:40:28.567  2411  2819 I Camera3-Status: markComponent: Component 1 is now idle - BufferRequestSM
01-25 17:40:28.577  1919  3889 I sensors-hal: ssc_conn_event_cb:869, SCHED_FIFO(10) for qmi_cbk
01-25 17:40:28.577  1919  3889 I sensors-hal: ssc_conn_event_cb:901, event[0] sensor:device_position  Wakeup, msg_id=1025, ts=9803584852590
01-25 17:40:28.577  1919  3889 I sensors-hal: handle_sns_client_event:78, device_position_event: msgid:1025
01-25 17:40:28.577  1919  3889 I sensors-hal: handle_sns_client_event:97, device_position_event: 1
01-25 17:40:28.578  2829  3887 D CAE     : onGetSensorHubData(SensorHubParserProvider.java:92) - onGetSensorHubData Event [event buffer len :4], AP_WAKEUP
01-25 17:40:28.578  2829  3887 I CAE     : parse(SensorHubParserProvider.java:193) - buffer size = 4
01-25 17:40:28.578  2829  3887 I CAE     : parse(SensorHubParserProvider.java:204) - 1, 1, 23, 1,
01-25 17:40:28.578  2829  3887 D CAE     : display(ContextProvider.java:375) - ================= TEST_FLAT_MOTION =================
01-25 17:40:28.578  2829  3887 I CAE     : display(ContextProvider.java:391) - Action=[1]
01-25 17:40:28.579  2829  3884 D SemContextService: Service.updateContext() : service = Device Position
01-25 17:40:28.579  2829  2829 D SemContextManager: onSemContextChanged() : event = Device Position
01-25 17:40:28.579  1895 16913 V sec_audio_hw: sec_dev_set_parameters : l_hw_flat_motion_state=1
01-25 17:40:28.579  1895 16913 D AHAL: AudioDevice: SetParameters: 1799: enter
01-25 17:40:28.579  1895 16913 D AHAL: AudioVoice: VoiceSetParameters: 171: Enter
01-25 17:40:28.579  1895 16913 D AHAL: AudioVoice: VoiceSetParameters: 416: Exit ret: 0
01-25 17:40:28.579  1895 16913 D AHAL: Effect: send_soundbooster_flatmotion: 654: flatmotion : 1
01-25 17:40:28.579  1895 16913 D AHAL: Effect: send_custom_payload_effect: 244: Enter with tag(0xc00000a) size(4) paramId SB_PARAMS_FLATMOTION(0x10001f05)
01-25 17:40:28.579  1895 16913 I PAL: ResourceManager: setParameter: 10453: PAL_PARAM_ID_UIEFFECT SB_PARAMS_FLATMOTION(0x10001f05)
01-25 17:40:28.579  1895 16913 I PAL: API: pal_gef_rw_param: 1205: set global parameter 4, status -22
01-25 17:40:28.579  1895 16913 D AHAL: Effect: send_custom_payload_effect: 250: Exit with tag(0xc00000a) size(4) 
01-25 17:40:28.579  1895 16913 D AHAL: Effect: send_soundbooster_flatmotion: 661: Exit
01-25 17:40:28.579  1895 16913 D AHAL: hfp: hfp_set_parameters: 447: enter
01-25 17:40:28.579  1895 16913 D AHAL: AudioDevice: SetParameters: 2521: exit: l_hw_flat_motion_state=1
01-25 17:40:28.580  1895 16913 I Audio_a2dpsink_hw: adev_set_parameters: kevpairs=[l_hw_flat_motion_state=1]
01-25 17:40:28.587  1919  5700 I sensors-hal: handle_sns_std_sensor_event:137, [SSC_LIGHT] A: 23(23),m:13,c:291,b:69,c0:3,l:4,r:805,bl:0,j:15
01-25 17:40:28.590  1959  3783 I SS_3A   :  INFO:  AF: TsAf_get_metadata: 1149: [TsAf_Range] range_sensor_data is NULL
01-25 17:40:28.594  1959  3784 I SS_3A   :  INFO: AEC: TsAec_process_get_aec_info: 2583: [F][42] algo_out Av=2.273 g=30.150 e_t=0.03326 LLS=0x0 Ev=4.238 Bv=-0.742 PEv=4.258 Cvgd=0 lux=334, lls=0x0, drc=1.099 wide=0 Vo=0.000
01-25 17:40:28.595  2411  2819 I Camera3-Status: markComponent: Component 1 is now active - BufferRequestSM
01-25 17:40:28.596  2411  2819 I Camera3-Status: markComponent: Component 1 is now idle - BufferRequestSM
01-25 17:40:28.624  1919  3900 I sensors-hal: ssc_conn_event_cb:869, SCHED_FIFO(10) for qmi_cbk
01-25 17:40:28.624  1959  3784 I SS_3A   :  INFO:  AF: TsAf_get_metadata: 1149: [TsAf_Range] range_sensor_data is NULL
01-25 17:40:28.624  1919  3900 I sensors-hal: ssc_conn_event_cb:901, event[0] sensor:TMD4913 Proximity  Wakeup, msg_id=769, ts=9803585730443
01-25 17:40:28.624  1919  3900 I sensors-hal: handle_sns_client_event:132, [SSC_PROX] prox_event: near_far=2, distance=9.000000, raw=802, base=807, lux=15, thd=857, m=30000, ts=510598501703470
01-25 17:40:28.625  1959  3784 E AF_DEBUG: UpdateAfStatus(179) : [cam_id_4] AF status 0x4 -> 0x2, called from : AfStagePhaseFindGoal(5284)  
01-25 17:40:28.625  1959  3784 I SS_3A   :  INFO:  AF: TsAf_update_focus_status: 3052: [cam_id_4 for Af Lib] Update output status! new status: 0x2 prev_status: 0x4
01-25 17:40:28.627  2829  3570 D SensorService: to ignore 9.0
01-25 17:40:28.628  1959  3784 I SS_3A   :  INFO: AEC: TsAec_process_get_aec_info: 2583: [F][43] algo_out Av=2.273 g=29.906 e_t=0.03326 LLS=0x0 Ev=4.250 Bv=-0.734 PEv=4.266 Cvgd=0 lux=334, lls=0x0, drc=1.099 wide=0 Vo=0.000
01-25 17:40:28.636  2411  2819 I Camera3-Status: markComponent: Component 1 is now active - BufferRequestSM
01-25 17:40:28.636  2411  2819 I Camera3-Status: markComponent: Component 1 is now idle - BufferRequestSM
01-25 17:40:28.657  1959  3783 I SS_3A   :  INFO:  AF: TsAf_get_metadata: 1149: [TsAf_Range] range_sensor_data is NULL
01-25 17:40:28.661  1959  3781 I SS_3A   :  INFO: AEC: TsAec_process_get_aec_info: 2583: [F][44] algo_out Av=2.273 g=29.744 e_t=0.03326 LLS=0x0 Ev=4.258 Bv=-0.738 PEv=4.262 Cvgd=1 lux=334, lls=0x0, drc=1.096 wide=0 Vo=0.000
01-25 17:40:28.667  2411  2819 I Camera3-Status: markComponent: Component 1 is now active - BufferRequestSM
01-25 17:40:28.668  2411  2819 I Camera3-Status: markComponent: Component 1 is now idle - BufferRequestSM
01-25 17:40:28.691  1959  3783 I SS_3A   :  INFO:  AF: TsAf_get_metadata: 1149: [TsAf_Range] range_sensor_data is NULL
01-25 17:40:28.696  2411  2819 I Camera3-Status: markComponent: Component 1 is now active - BufferRequestSM
01-25 17:40:28.696  2411  2819 I Camera3-Status: markComponent: Component 1 is now idle - BufferRequestSM
01-25 17:40:28.716  1904  4711 D vendor.qti.bluetooth@1.1-wake_lock: Release wakelock is released 
01-25 17:40:28.724  1959  3782 I SS_3A   :  INFO:  AF: TsAf_get_metadata: 1149: [TsAf_Range] range_sensor_data is NULL
01-25 17:40:28.738  2411  2819 I Camera3-Status: markComponent: Component 1 is now active - BufferRequestSM
01-25 17:40:28.739  2411  2819 I Camera3-Status: markComponent: Component 1 is now idle - BufferRequestSM
01-25 17:40:28.758  1959  3786 I SS_3A   :  INFO:  AF: TsAf_get_metadata: 1149: [TsAf_Range] range_sensor_data is NULL
01-25 17:40:28.758  2411  2819 I Camera3-Status: markComponent: Component 1 is now active - BufferRequestSM
01-25 17:40:28.759  2411  2819 I Camera3-Status: markComponent: Component 1 is now idle - BufferRequestSM
01-25 17:40:28.791  1959  3781 I SS_3A   :  INFO:  AF: TsAf_get_metadata: 1149: [TsAf_Range] range_sensor_data is NULL
01-25 17:40:28.801  2411  2819 I Camera3-Status: markComponent: Component 1 is now active - BufferRequestSM
01-25 17:40:28.801  2411  2819 I Camera3-Status: markComponent: Component 1 is now idle - BufferRequestSM
01-25 17:40:28.824  1959  3786 I SS_3A   :  INFO:  AF: TsAf_get_metadata: 1149: [TsAf_Range] range_sensor_data is NULL
01-25 17:40:28.839  2411  2819 I Camera3-Status: markComponent: Component 1 is now active - BufferRequestSM
01-25 17:40:28.839  2411  2819 I Camera3-Status: markComponent: Component 1 is now idle - BufferRequestSM
01-25 17:40:28.857  1959  3786 I SS_3A   :  INFO:  AF: TsAf_get_metadata: 1149: [TsAf_Range] range_sensor_data is NULL
01-25 17:40:28.858  2411  2819 I Camera3-Status: markComponent: Component 1 is now active - BufferRequestSM
01-25 17:40:28.859  2411  2819 I Camera3-Status: markComponent: Component 1 is now idle - BufferRequestSM
01-25 17:40:28.891  1959  3781 I SS_3A   :  INFO:  AF: TsAf_get_metadata: 1149: [TsAf_Range] range_sensor_data is NULL
01-25 17:40:28.897  2411  2819 I Camera3-Status: markComponent: Component 1 is now active - BufferRequestSM
01-25 17:40:28.898  2411  2819 I Camera3-Status: markComponent: Component 1 is now idle - BufferRequestSM
01-25 17:40:28.906  1919  5700 I sensors-hal: handle_sns_std_sensor_event:137, [SSC_LIGHT] A: 24(24),m:13,c:291,b:69,c0:3,l:3,r:802,bl:807,j:15
01-25 17:40:28.924  1959  3784 I SS_3A   :  INFO:  AF: TsAf_get_metadata: 1149: [TsAf_Range] range_sensor_data is NULL
01-25 17:40:28.925  1959  3784 E AF_DEBUG: AfHistory_PrintData(1014) : REWRAMSGF0A0_4 0 12011E 40C2560 0 12011E 40C2880 0 12011E 40C2BA0 0 12011E 40C2DCC 0 12031E 40C2EE2 0 12031E 40C2F6D 0 12011E 40C2FB2 0 1C011E 40C2FD5 0 1C011E 40C2FEF 0 1C011E 40C2FEF 
01-25 17:40:28.925  1959  3784 E AF_DEBUG: AfHistory_PrintData(1020) : DUMPLOGINDEX_4 68440190 2143343616 69815634 2143345152 73676811 2143372800 78218402 2143372800 84744924 2143369728 88459703 2143374336 89668387 2143378944 90149281 2138670592 90198466 2138682880 90469163 2116145152 -201 
01-25 17:40:28.940  2411  2819 I Camera3-Status: markComponent: Component 1 is now active - BufferRequestSM
01-25 17:40:28.941  2411  2819 I Camera3-Status: markComponent: Component 1 is now idle - BufferRequestSM
01-25 17:40:28.958  1959  3782 I SS_3A   :  INFO:  AF: TsAf_get_metadata: 1149: [TsAf_Range] range_sensor_data is NULL
01-25 17:40:28.958  1959  3782 E AF_DEBUG: UpdateAfStatus(179) : [cam_id_4] AF status 0x2 -> 0x3, called from : UpdateAfStatusAtComplete(4238)  
01-25 17:40:28.958  1959  3782 E AF_DEBUG: AfStageComplete(4366) : [cam_id_4][AF_INFO] Final Lens position 4079  AF VERSION(0xD561) touch(x y : 0 0) roi( sx sy ex ey : 1616 1116 2384 1884 ) sensor(w h 4000 3000) af cal(1376 -1 2000 2208) exception(0x0) af_restart_from(0x100) ob(-1) sky(0) hb(0) moon(0) noMotion(0) moire(0) source(0), offset(0)
01-25 17:40:28.958  1959  3782 E AF_DEBUG: LogPrintAfResult(37) : [cam_id_4] ver(0xD561) | cur_position 4079 , bv -200 , af_method 3 , roi_type 0, fd_cnt 0
01-25 17:40:28.958  1959  3782 I SS_3A   :  INFO:  AF: TsAf_update_focus_status: 3052: [cam_id_4 for Af Lib] Update output status! new status: 0x3 prev_status: 0x2
01-25 17:40:28.959  2411  2819 I Camera3-Status: markComponent: Component 1 is now active - BufferRequestSM
01-25 17:40:28.959  2411  2819 I Camera3-Status: markComponent: Component 1 is now idle - BufferRequestSM
01-25 17:40:28.975  2829  6045 D SemWifiUsabilityStatsMonitor: onWifiUsabilityStats - seqNum 21102, isSameBssidAndFreq true
01-25 17:40:28.975  2829  4028 I SemWifiLinkQualityMonitor: Link stat: 2569 / 15 / 1,13 (483) / 1152 / -42.0 || 100.0 : 1152,00 / 0.5 : 0,88 / 0.55 : 0,01 / G (G) || 0,08 ms / 100,80 Mbps / N || 0 / N / 0 N / 0 Y
01-25 17:40:28.991  1959  3781 I SS_3A   :  INFO:  AF: TsAf_get_metadata: 1149: [TsAf_Range] range_sensor_data is NULL
01-25 17:40:28.991  1919  3297 D SensorsFlicker: Als_common::readEvents, enabled : 1, data : 0.000000, 0.000000, 0.000000, 0.000000, 0.000000, 66368.000000, 4096000.000000
01-25 17:40:28.992  1959  3781 E AF_DEBUG: AfHistory_PrintData(1014) : REWRAMSGF0A0_4 0 18011E 40C3FEF 0 0 0 0 0 0 0 0 0 0 0 0 0 0 0 0 0 0 0 0 0 0 0 0 0 0 0 
01-25 17:40:28.992  1959  3781 E AF_DEBUG: AfHistory_PrintData(1020) : DUMPLOGINDEX_4 90469538 2120869888 0 0 0 0 0 0 0 0 0 0 0 0 0 0 0 0 0 0 -200 
01-25 17:40:29.000  2411  2819 I Camera3-Status: markComponent: Component 1 is now active - BufferRequestSM
01-25 17:40:29.000  2411  2819 I Camera3-Status: markComponent: Component 1 is now idle - BufferRequestSM
01-25 17:40:29.009  1919  5700 I sensors-hal: handle_sns_client_event:190, auto_rotation_debug_2 mode,255, type,1,0 acc,-0.225,0.187,9.811, ar,1, ver,12, pedo,1,e,1,i,3
01-25 17:40:29.024  1959  3781 I SS_3A   :  INFO:  AF: TsAf_get_metadata: 1149: [TsAf_Range] range_sensor_data is NULL
01-25 17:40:29.030  2411  2819 I Camera3-Status: markComponent: Component 1 is now active - BufferRequestSM
01-25 17:40:29.030  2411  2819 I Camera3-Status: markComponent: Component 1 is now idle - BufferRequestSM
01-25 17:40:29.058  1959  3783 I SS_3A   :  INFO:  AF: TsAf_get_metadata: 1149: [TsAf_Range] range_sensor_data is NULL
01-25 17:40:29.060  2411  2819 I Camera3-Status: markComponent: Component 1 is now active - BufferRequestSM
01-25 17:40:29.062  2411  2819 I Camera3-Status: markComponent: Component 1 is now idle - BufferRequestSM
01-25 17:40:29.091  1959  3783 I SS_3A   :  INFO:  AF: TsAf_get_metadata: 1149: [TsAf_Range] range_sensor_data is NULL
01-25 17:40:29.100  2411  2819 I Camera3-Status: markComponent: Component 1 is now active - BufferRequestSM
01-25 17:40:29.101  2411  2819 I Camera3-Status: markComponent: Component 1 is now idle - BufferRequestSM
01-25 17:40:29.124  1959  3783 I SS_3A   :  INFO:  AF: TsAf_get_metadata: 1149: [TsAf_Range] range_sensor_data is NULL
01-25 17:40:29.132  2411  2819 I Camera3-Status: markComponent: Component 1 is now active - BufferRequestSM
01-25 17:40:29.132  2411  2819 I Camera3-Status: markComponent: Component 1 is now idle - BufferRequestSM
01-25 17:40:29.158  1959  3784 I SS_3A   :  INFO:  AF: TsAf_get_metadata: 1149: [TsAf_Range] range_sensor_data is NULL
01-25 17:40:29.161  2411  2819 I Camera3-Status: markComponent: Component 1 is now active - BufferRequestSM
01-25 17:40:29.161  2411  2819 I Camera3-Status: markComponent: Component 1 is now idle - BufferRequestSM
01-25 17:40:29.191  1959  3781 I SS_3A   :  INFO:  AF: TsAf_get_metadata: 1149: [TsAf_Range] range_sensor_data is NULL
01-25 17:40:29.204  2411  2819 I Camera3-Status: markComponent: Component 1 is now active - BufferRequestSM
01-25 17:40:29.206  2411  2819 I Camera3-Status: markComponent: Component 1 is now idle - BufferRequestSM
01-25 17:40:29.224  1959  3786 I SS_3A   :  INFO:  AF: TsAf_get_metadata: 1149: [TsAf_Range] range_sensor_data is NULL
01-25 17:40:29.229  1919 11191 I sensors-hal: handle_sns_client_event:689, [0][20] gyro_sample_cal(3) [-0.000,-0.001, 0.000] bias[-0.009,-0.003,-0.013] 510599054665345
01-25 17:40:29.234  2411  2819 I Camera3-Status: markComponent: Component 1 is now active - BufferRequestSM
01-25 17:40:29.234  2411  2819 I Camera3-Status: markComponent: Component 1 is now idle - BufferRequestSM
01-25 17:40:29.258  1959  3783 I SS_3A   :  INFO:  AF: TsAf_get_metadata: 1149: [TsAf_Range] range_sensor_data is NULL
01-25 17:40:29.265  2411  2819 I Camera3-Status: markComponent: Component 1 is now active - BufferRequestSM
01-25 17:40:29.265  2411  2819 I Camera3-Status: markComponent: Component 1 is now idle - BufferRequestSM
01-25 17:40:29.291  1959  3786 I SS_3A   :  INFO:  AF: TsAf_get_metadata: 1149: [TsAf_Range] range_sensor_data is NULL
01-25 17:40:29.293  2411  2819 I Camera3-Status: markComponent: Component 1 is now active - BufferRequestSM
01-25 17:40:29.293  2411  2819 I Camera3-Status: markComponent: Component 1 is now idle - BufferRequestSM
01-25 17:40:29.324  1959  3781 I SS_3A   :  INFO:  AF: TsAf_get_metadata: 1149: [TsAf_Range] range_sensor_data is NULL
01-25 17:40:29.337  2411  2819 I Camera3-Status: markComponent: Component 1 is now active - BufferRequestSM
01-25 17:40:29.338  2411  2819 I Camera3-Status: markComponent: Component 1 is now idle - BufferRequestSM
01-25 17:40:29.339  1919 11196 I sensors-hal: handle_sns_client_event:574, [0][21] accel_sample [-0.268,  0.170,  9.761] 510599159412012
01-25 17:40:29.358  1959  3786 I SS_3A   :  INFO:  AF: TsAf_get_metadata: 1149: [TsAf_Range] range_sensor_data is NULL
01-25 17:40:29.363  2829  4047 D SemApeService: Deducted link capacity (M: R=604 T=806) RSSI=-42
01-25 17:40:29.363  2411  2819 I Camera3-Status: markComponent: Component 1 is now active - BufferRequestSM
01-25 17:40:29.363  2411  2819 I Camera3-Status: markComponent: Component 1 is now idle - BufferRequestSM
01-25 17:40:29.364  2829  4047 D SemApeService: Timer=1 RT(R=759 T=615) NRT(R=1 T=2) Alloc=5 Estimate(gamma=0 our=1 gapi=117) NB=0 SB=0 DC=0 Link(R=604 T=806) RSSI=-42 Rule=[false][Recal][NoneCase]
01-25 17:40:29.368  2829  6761 I ActivityManager: Changes in 10235 3 to 17, 56 to 0
01-25 17:40:29.370  2411  9635 I CameraService: onUidStateChanged: uid=10233, procState is changed. (3 -> 5)
01-25 17:40:29.370  4520  4520 D HidDeviceService: handleMessage(): msg.what=8
01-25 17:40:29.371  2012  4655 V APM_AudioPolicyManager: setAppState(portId:1364, state:2)
01-25 17:40:29.371  2012  4655 V APM_AudioPolicyManager: setAppState(portId:1364, state:2)
01-25 17:40:29.371  2012  4655 V APM_AudioPolicyManager: setAppState(portId:1364, state:2)
01-25 17:40:29.385  2031  2222 I VSyncReactor: Current= 60, Period= 60, Distance= 0
01-25 17:40:29.391  1959  3784 I SS_3A   :  INFO:  AF: TsAf_get_metadata: 1149: [TsAf_Range] range_sensor_data is NULL
01-25 17:40:29.392  2411  9635 I Camera3-Status: markComponent: Component 1 is now active - BufferRequestSM
01-25 17:40:29.392  2411  9635 I Camera3-Status: markComponent: Component 1 is now idle - BufferRequestSM
01-25 17:40:29.401  2031  2222 I VSyncReactor: Current= 60, Period= 60, Distance= 60
01-25 17:40:29.424  1959  3784 I SS_3A   :  INFO:  AF: TsAf_get_metadata: 1149: [TsAf_Range] range_sensor_data is NULL
01-25 17:40:29.433  2411  9635 I Camera3-Status: markComponent: Component 1 is now active - BufferRequestSM
01-25 17:40:29.433  2411  9635 I Camera3-Status: markComponent: Component 1 is now idle - BufferRequestSM
01-25 17:40:29.458  1959  3782 I SS_3A   :  INFO:  AF: TsAf_get_metadata: 1149: [TsAf_Range] range_sensor_data is NULL
01-25 17:40:29.464  2411  9635 I Camera3-Status: markComponent: Component 1 is now active - BufferRequestSM
01-25 17:40:29.464  2411  9635 I Camera3-Status: markComponent: Component 1 is now idle - BufferRequestSM
01-25 17:40:29.491  1959  3781 I SS_3A   :  INFO:  AF: TsAf_get_metadata: 1149: [TsAf_Range] range_sensor_data is NULL
01-25 17:40:29.494  2411  9635 I Camera3-Status: markComponent: Component 1 is now active - BufferRequestSM
01-25 17:40:29.494  2411  9635 I Camera3-Status: markComponent: Component 1 is now idle - BufferRequestSM
01-25 17:40:29.524  1959  3784 I SS_3A   :  INFO:  AF: TsAf_get_metadata: 1149: [TsAf_Range] range_sensor_data is NULL
01-25 17:40:29.525  2411  9635 I Camera3-Status: markComponent: Component 1 is now active - BufferRequestSM
01-25 17:40:29.526  2411  9635 I Camera3-Status: markComponent: Component 1 is now idle - BufferRequestSM
01-25 17:40:29.558  1959  3781 I SS_3A   :  INFO:  AF: TsAf_get_metadata: 1149: [TsAf_Range] range_sensor_data is NULL
01-25 17:40:29.567  2411  9635 I Camera3-Status: markComponent: Component 1 is now active - BufferRequestSM
01-25 17:40:29.568  2411  9635 I Camera3-Status: markComponent: Component 1 is now idle - BufferRequestSM
01-25 17:40:29.591  1959  3781 I SS_3A   :  INFO:  AF: TsAf_get_metadata: 1149: [TsAf_Range] range_sensor_data is NULL
01-25 17:40:29.592  1251  1251 D keymint_swd: keymint_swd keymint [WRN] (swd_run_cb:260) swd_abort() returns 0
01-25 17:40:29.592  1251  1251 D android.hardware.security.keymint-service: abort: ret 0
01-25 17:40:29.593  1251  1251 D keymint_swd: keymint_swd keymint [WRN] (swd_run_cb:260) swd_abort() returns 0
01-25 17:40:29.593  1251  1251 D android.hardware.security.keymint-service: abort: ret 0
01-25 17:40:29.595  2411  9635 I Camera3-Status: markComponent: Component 1 is now active - BufferRequestSM
01-25 17:40:29.596  2411  9635 I Camera3-Status: markComponent: Component 1 is now idle - BufferRequestSM
01-25 17:40:29.624  1959  3783 I SS_3A   :  INFO:  AF: TsAf_get_metadata: 1149: [TsAf_Range] range_sensor_data is NULL
01-25 17:40:29.626  2411  9635 I Camera3-Status: markComponent: Component 1 is now active - BufferRequestSM
01-25 17:40:29.626  2411  9635 I Camera3-Status: markComponent: Component 1 is now idle - BufferRequestSM
01-25 17:40:29.637  1928 10887 I HYPER-HAL: [RequestManager.cpp]releaseLocked(): Released ID : 4065548
01-25 17:40:29.657  2411  9635 I Camera3-Status: markComponent: Component 1 is now active - BufferRequestSM
01-25 17:40:29.657  2411  9635 I Camera3-Status: markComponent: Component 1 is now idle - BufferRequestSM
01-25 17:40:29.658  1959  3783 I SS_3A   :  INFO:  AF: TsAf_get_metadata: 1149: [TsAf_Range] range_sensor_data is NULL
01-25 17:40:29.671 28295 28295 I BadgeCountReceiver: onReceive: Intent { act=android.intent.action.BADGE_COUNT_UPDATE flg=0x1000010 cmp=com.sec.android.provider.badge/.BadgeCountReceiver (has extras) }
01-25 17:40:29.671 28295  6914 I BadgeCountReceiver: UpdateTask START: PendingResult hashCode: 13265927
01-25 17:40:29.671 28295  6914 I BadgeCountReceiver: packageName: com.whatsapp, className: com.whatsapp.Main, count: 27
01-25 17:40:29.672 28295  6914 I BadgeProvider: sendNotify [uri]: content://com.sec.badge/apps, [notify]: null
01-25 17:40:29.672 28295  6914 I BadgeProvider: update, [calling package]: com.sec.android.provider.badge, [uri]: content://com.sec.badge/apps, [uri.query]: null, [BadgeCount]: badgecount=27, [UpdateCount]: 1
01-25 17:40:29.672 28295  6914 I BadgeCountReceiver: UpdateTask END: PendingResult hashCode: 13265927
01-25 17:40:29.674 28295 28310 I BadgeProvider: query, [calling package]: com.sec.android.app.launcher, [selection]: null
01-25 17:40:29.675  4640 12348 I HoneySpace.BadgeDataSourceImpl: Badge Provider update. PK(p='com.linkedin.android', u=UserHandle{0}): 27 -> 24
01-25 17:40:29.675  4640 12348 I HoneySpace.BadgeDataSourceImpl: Get notification count. PK(p='com.linkedin.android', u=UserHandle{0}) - forceBadgeCount: false, notification listener: 26, badge provider: 24
01-25 17:40:29.675  4640 12348 I HoneySpace.BadgeDataSourceImpl: Badge Provider update. PK(p='com.linkedin.android', u=UserHandle{0}): 24 -> 27
01-25 17:40:29.676  4640 12348 I HoneySpace.BadgeDataSourceImpl: Get notification count. PK(p='com.linkedin.android', u=UserHandle{0}) - forceBadgeCount: false, notification listener: 26, badge provider: 27
01-25 17:40:29.676  4640 18583 I HoneySpace.BadgeDataSourceImpl: Get notification count. PK(p='com.itau', u=UserHandle{0}) - forceBadgeCount: false, notification listener: 2, badge provider: 0
01-25 17:40:29.676  4640 18583 I HoneySpace.BadgeDataSourceImpl: Get notification count. PK(p='br.com.Inter.CDPro', u=UserHandle{0}) - forceBadgeCount: false, notification listener: 1, badge provider: 0
01-25 17:40:29.676  4640 28566 I HoneySpace.PackageEventOperator: [ApplistViewModel] badge count is updated. com.linkedin.android/.authenticator.LaunchActivityDefault#UserHandle{0}|185 : 24
01-25 17:40:29.676  4640 18583 I HoneySpace.BadgeDataSourceImpl: Get notification count. PK(p='br.com.intermedium', u=UserHandle{0}) - forceBadgeCount: false, notification listener: 1, badge provider: 0
01-25 17:40:29.676  4640 28566 I HoneySpace.BadgeDataSourceImpl: Get notification count. PK(p='com.google.android.googlequicksearchbox', u=UserHandle{0}) - forceBadgeCount: false, notification listener: 9, badge provider: 0
01-25 17:40:29.676  4640 18583 I HoneySpace.BadgeDataSourceImpl: Get notification count. PK(p='com.itau', u=UserHandle{0}) - forceBadgeCount: false, notification listener: 2, badge provider: 0
01-25 17:40:29.676  4640 28566 I HoneySpace.BadgeDataSourceImpl: Get notification count. PK(p='com.google.android.gm', u=UserHandle{0}) - forceBadgeCount: false, notification listener: 9, badge provider: 0
01-25 17:40:29.676  4640 18583 I HoneySpace.BadgeDataSourceImpl: Get notification count. PK(p='br.com.Inter.CDPro', u=UserHandle{0}) - forceBadgeCount: false, notification listener: 1, badge provider: 0
01-25 17:40:29.676  4640 18583 I HoneySpace.BadgeDataSourceImpl: Get notification count. PK(p='br.com.intermedium', u=UserHandle{0}) - forceBadgeCount: false, notification listener: 1, badge provider: 0
01-25 17:40:29.676  4640 28566 I HoneySpace.BadgeDataSourceImpl: Get notification count. PK(p='com.google.android.apps.photos', u=UserHandle{0}) - forceBadgeCount: false, notification listener: 2, badge provider: 0
01-25 17:40:29.676  4640 28566 I HoneySpace.PackageEventOperator: [ApplistViewModel] badge count is updated. com.linkedin.android/.authenticator.LaunchActivityDefault#UserHandle{0}|185 : 27
01-25 17:40:29.676  4640 28566 I HoneySpace.BadgeDataSourceImpl: Get notification count. PK(p='com.google.android.googlequicksearchbox', u=UserHandle{0}) - forceBadgeCount: false, notification listener: 9, badge provider: 0
01-25 17:40:29.676  4640 28566 I HoneySpace.BadgeDataSourceImpl: Get notification count. PK(p='com.google.android.gm', u=UserHandle{0}) - forceBadgeCount: false, notification listener: 9, badge provider: 0
01-25 17:40:29.676  4640 28566 I HoneySpace.BadgeDataSourceImpl: Get notification count. PK(p='com.google.android.apps.photos', u=UserHandle{0}) - forceBadgeCount: false, notification listener: 2, badge provider: 0
01-25 17:40:29.679 28295 28310 I BadgeProvider: query, [calling package]: com.sec.android.app.launcher, [selection]: null
01-25 17:40:29.679  4640 12348 I HoneySpace.BadgeDataSourceImpl: Badge Provider update. PK(p='com.linkedin.android', u=UserHandle{0}): 27 -> 24
01-25 17:40:29.679  4640 12348 I HoneySpace.BadgeDataSourceImpl: Get notification count. PK(p='com.linkedin.android', u=UserHandle{0}) - forceBadgeCount: false, notification listener: 26, badge provider: 24
01-25 17:40:29.679  4640 12348 I HoneySpace.BadgeDataSourceImpl: Badge Provider update. PK(p='com.linkedin.android', u=UserHandle{0}): 24 -> 27
01-25 17:40:29.679  4640 18583 I HoneySpace.BadgeDataSourceImpl: Get notification count. PK(p='com.itau', u=UserHandle{0}) - forceBadgeCount: false, notification listener: 2, badge provider: 0
01-25 17:40:29.679  4640 13863 I HoneySpace.PackageEventOperator: [ApplistViewModel] badge count is updated. com.linkedin.android/.authenticator.LaunchActivityDefault#UserHandle{0}|185 : 24
01-25 17:40:29.680  4640 18583 I HoneySpace.BadgeDataSourceImpl: Get notification count. PK(p='br.com.Inter.CDPro', u=UserHandle{0}) - forceBadgeCount: false, notification listener: 1, badge provider: 0
01-25 17:40:29.680  4640 12348 I HoneySpace.BadgeDataSourceImpl: Get notification count. PK(p='com.linkedin.android', u=UserHandle{0}) - forceBadgeCount: false, notification listener: 26, badge provider: 27
01-25 17:40:29.680  4640 13863 I HoneySpace.BadgeDataSourceImpl: Get notification count. PK(p='com.google.android.googlequicksearchbox', u=UserHandle{0}) - forceBadgeCount: false, notification listener: 9, badge provider: 0
01-25 17:40:29.680  4640 18583 I HoneySpace.BadgeDataSourceImpl: Get notification count. PK(p='br.com.intermedium', u=UserHandle{0}) - forceBadgeCount: false, notification listener: 1, badge provider: 0
01-25 17:40:29.680  4640 18583 I HoneySpace.BadgeDataSourceImpl: Get notification count. PK(p='com.itau', u=UserHandle{0}) - forceBadgeCount: false, notification listener: 2, badge provider: 0
01-25 17:40:29.680  4640 18583 I HoneySpace.BadgeDataSourceImpl: Get notification count. PK(p='br.com.Inter.CDPro', u=UserHandle{0}) - forceBadgeCount: false, notification listener: 1, badge provider: 0
01-25 17:40:29.680  4640 18583 I HoneySpace.BadgeDataSourceImpl: Get notification count. PK(p='br.com.intermedium', u=UserHandle{0}) - forceBadgeCount: false, notification listener: 1, badge provider: 0
01-25 17:40:29.680  4640 13863 I HoneySpace.BadgeDataSourceImpl: Get notification count. PK(p='com.google.android.gm', u=UserHandle{0}) - forceBadgeCount: false, notification listener: 9, badge provider: 0
01-25 17:40:29.680  4640 13863 I HoneySpace.BadgeDataSourceImpl: Get notification count. PK(p='com.google.android.apps.photos', u=UserHandle{0}) - forceBadgeCount: false, notification listener: 2, badge provider: 0
01-25 17:40:29.680  4640 13863 I HoneySpace.PackageEventOperator: [ApplistViewModel] badge count is updated. com.linkedin.android/.authenticator.LaunchActivityDefault#UserHandle{0}|185 : 27
01-25 17:40:29.680  4640 13863 I HoneySpace.BadgeDataSourceImpl: Get notification count. PK(p='com.google.android.googlequicksearchbox', u=UserHandle{0}) - forceBadgeCount: false, notification listener: 9, badge provider: 0
01-25 17:40:29.680  4640 13863 I HoneySpace.BadgeDataSourceImpl: Get notification count. PK(p='com.google.android.gm', u=UserHandle{0}) - forceBadgeCount: false, notification listener: 9, badge provider: 0
01-25 17:40:29.680  4640 13863 I HoneySpace.BadgeDataSourceImpl: Get notification count. PK(p='com.google.android.apps.photos', u=UserHandle{0}) - forceBadgeCount: false, notification listener: 2, badge provider: 0
01-25 17:40:29.691  1959  3784 I SS_3A   :  INFO:  AF: TsAf_get_metadata: 1149: [TsAf_Range] range_sensor_data is NULL
01-25 17:40:29.696  2411  9635 I Camera3-Status: markComponent: Component 1 is now active - BufferRequestSM
01-25 17:40:29.697  2411  9635 I Camera3-Status: markComponent: Component 1 is now idle - BufferRequestSM
01-25 17:40:29.700  2829  5012 D FreecessController: com.whatsapp(10301) is important[18]
01-25 17:40:29.708  4158  5697 I WindowManager: WindowManagerGlobal#addView, ty=2024, view=com.android.systemui.RegionInterceptingFrameLayout{4980e7c V.E...... ......I. 0,0-0,0}, caller=android.view.WindowManagerImpl.addView:150 com.android.systemui.ScreenDecorations.setupDecorations:792 com.android.systemui.statusbar.events.PrivacyDotViewController$systemStatusAnimationCallback$1$onSystemStatusAnimationTransitionToPersistentDot$1$1.run:37 
01-25 17:40:29.709  4158  4234 D NativeCustomFrequencyManager: [NativeCFMS] BpCustomFrequencyManager::BpCustomFrequencyManager()
01-25 17:40:29.712  2031  2394 I SurfaceFlinger: id=42534 createSurf, flag=84004, WindowToken{7e9d6c1 type=2024 android.os.BinderProxy@3558ba8}#42534
01-25 17:40:29.713  2829  6761 D InputTransport: Input channel constructed: '8456e66', fd=1236
01-25 17:40:29.713  2829  6761 D InputTransport: Input channel constructed: '8456e66', fd=1247
01-25 17:40:29.713  2829  6761 D InputTransport: Input channel constructed: '8456e66', fd=1268
01-25 17:40:29.713  2031  2394 I SurfaceFlinger: id=42535 createSurf, flag=84004, 8456e66 ScreenDecorOverlay#42535
01-25 17:40:29.714  2829  6761 D InputTransport: Input channel destroyed: '8456e66', fd=1268
01-25 17:40:29.715  4158  5697 I InsetsController: onStateChanged: host=ScreenDecorOverlay, from=android.view.ViewRootImpl.setView:1797, state=InsetsState: {mDisplayFrame=Rect(0, 0 - 1440, 3088), mDisplayCutout=DisplayCutout{insets=Rect(0, 100 - 0, 0) waterfall=Insets{left=0, top=0, right=0, bottom=0} boundingRect={Bounds=[Rect(0, 0 - 0, 0), Rect(685, 0 - 756, 100), Rect(0, 0 - 0, 0), Rect(0, 0 - 0, 0)]} cutoutPathParserInfo={CutoutPathParserInfo{displayWidth=1440 displayHeight=3088 physicalDisplayWidth=1440 physicalDisplayHeight=3088 density={3.75} cutoutSpec={M 0,0 H -9.466666666666667 V 26.66666666666667 H 9.466666666666667 V 0 H 0 Z @dp} rotation={0} scale={1.0} physicalPixelDisplaySizeRatio={1.0}}}}, mRoundedCorners=RoundedCorners{[RoundedCorner{position=TopLeft, radius=14, center=Point(14, 14)}, RoundedCorner{position=TopRight, radius=14, center=Point(1426, 14)}, RoundedCorner{position=BottomRight, radius=14, center=Point(1426, 3074)}, RoundedCorner{position=BottomLeft, radius=14, center=Point(14, 3074)}]}  mRoundedCornerFrame=Rect(0, 0 - 0, 0), mPrivacyIndicatorBounds=PrivacyIndicatorBounds {static bounds=Rect(1286, 0 - 1440, 100) rotation=0}, mDisplayShape=DisplayShape{ spec=-311912193 displayWidth=1440 displayHeight=3088 physicalPixelDisplaySizeRatio=1.0 rotation=0 offsetX=0 offsetY=0 scale=1.0}, mSources= { InsetsSource: {86080005 mType=mandatorySystemGestures mFrame=[0,0][1440,142] mVisible=true mFlags=[]}, InsetsSource: {27 mType=displayCutout mFrame=[0,0][1440,100] mVisible=true mFlags=[]}, InsetsSource: {434c0004 mType=systemGestures mFrame=[0,0][105,3088] mVisible=true mFlags=[]}, InsetsSource: {434c0005 mType=mandatorySystemGestures mFrame=[0,2976][1440,3088] mVisible=true mFlags=[]}, InsetsSource: {434c0024 mType=systemGestures mFrame=[1335,0][1440,3088] mVisible=true mFlags=[]} }
01-25 17:40:29.715  4158  5697 I ViewRootImpl@9102305[ScreenDecorOverlay]: synced displayState. AttachInfo displayState=2
01-25 17:40:29.716  4158  5697 I ViewRootImpl@9102305[ScreenDecorOverlay]: setView = com.android.systemui.RegionInterceptingFrameLayout@4980e7c TM=true
01-25 17:40:29.717  4158  5697 I WindowManager: WindowManagerGlobal#addView, ty=2024, view=com.android.systemui.RegionInterceptingFrameLayout{d815726 V.E...... ......I. 0,0-0,0}, caller=android.view.WindowManagerImpl.addView:150 com.android.systemui.ScreenDecorations.setupDecorations:792 com.android.systemui.statusbar.events.PrivacyDotViewController$systemStatusAnimationCallback$1$onSystemStatusAnimationTransitionToPersistentDot$1$1.run:37 
01-25 17:40:29.718  4158  4234 D NativeCustomFrequencyManager: [NativeCFMS] BpCustomFrequencyManager::BpCustomFrequencyManager()
01-25 17:40:29.719  2031  2394 I SurfaceFlinger: id=42536 createSurf, flag=84004, WindowToken{f2a0af2 type=2024 android.os.BinderProxy@4fc1dfd}#42536
01-25 17:40:29.720  2031  2155 D RenderEngine: [SEC_GC_CMN_SF_EFFECTS] drawLayersInternal,1279, Rendering layer  at index 0
01-25 17:40:29.720  2031  2155 D RenderEngine: [SEC_GC_CMN_SF_EFFECTS] drawLayersInternal,1279, Rendering layer com.outsystemscloud.lucasgv.SandboxAppCordova/com.outsystemscloud.lucasgv.SandboxAppCordova.MainActivity$_10623#42528 at index 1
01-25 17:40:29.720  2829  6761 D InputTransport: Input channel constructed: 'd689543', fd=1268
01-25 17:40:29.720  2829  6761 D InputTransport: Input channel constructed: 'd689543', fd=1274
01-25 17:40:29.720  2829  6761 D InputTransport: Input channel constructed: 'd689543', fd=1291
01-25 17:40:29.720  2031  2144 I SurfaceFlinger: id=42537 createSurf, flag=84004, d689543 ScreenDecorOverlayBottom#42537
01-25 17:40:29.721  2829  6761 D InputTransport: Input channel destroyed: 'd689543', fd=1291
01-25 17:40:29.722  4158  5697 I InsetsController: onStateChanged: host=ScreenDecorOverlayBottom, from=android.view.ViewRootImpl.setView:1797, state=InsetsState: {mDisplayFrame=Rect(0, 0 - 1440, 3088), mDisplayCutout=DisplayCutout{insets=Rect(0, 100 - 0, 0) waterfall=Insets{left=0, top=0, right=0, bottom=0} boundingRect={Bounds=[Rect(0, 0 - 0, 0), Rect(685, 0 - 756, 100), Rect(0, 0 - 0, 0), Rect(0, 0 - 0, 0)]} cutoutPathParserInfo={CutoutPathParserInfo{displayWidth=1440 displayHeight=3088 physicalDisplayWidth=1440 physicalDisplayHeight=3088 density={3.75} cutoutSpec={M 0,0 H -9.466666666666667 V 26.66666666666667 H 9.466666666666667 V 0 H 0 Z @dp} rotation={0} scale={1.0} physicalPixelDisplaySizeRatio={1.0}}}}, mRoundedCorners=RoundedCorners{[RoundedCorner{position=TopLeft, radius=14, center=Point(14, 14)}, RoundedCorner{position=TopRight, radius=14, center=Point(1426, 14)}, RoundedCorner{position=BottomRight, radius=14, center=Point(1426, 3074)}, RoundedCorner{position=BottomLeft, radius=14, center=Point(14, 3074)}]}  mRoundedCornerFrame=Rect(0, 0 - 0, 0), mPrivacyIndicatorBounds=PrivacyIndicatorBounds {static bounds=Rect(1286, 0 - 1440, 100) rotation=0}, mDisplayShape=DisplayShape{ spec=-311912193 displayWidth=1440 displayHeight=3088 physicalPixelDisplaySizeRatio=1.0 rotation=0 offsetX=0 offsetY=0 scale=1.0}, mSources= { InsetsSource: {86080005 mType=mandatorySystemGestures mFrame=[0,0][1440,142] mVisible=true mFlags=[]}, InsetsSource: {27 mType=displayCutout mFrame=[0,0][1440,100] mVisible=true mFlags=[]}, InsetsSource: {434c0004 mType=systemGestures mFrame=[0,0][105,3088] mVisible=true mFlags=[]}, InsetsSource: {434c0005 mType=mandatorySystemGestures mFrame=[0,2976][1440,3088] mVisible=true mFlags=[]}, InsetsSource: {434c0024 mType=systemGestures mFrame=[1335,0][1440,3088] mVisible=true mFlags=[]} }
01-25 17:40:29.722  4158  5697 I ViewRootImpl@603df67[ScreenDecorOverlayBottom]: synced displayState. AttachInfo displayState=2
01-25 17:40:29.723  4158  5697 I ViewRootImpl@603df67[ScreenDecorOverlayBottom]: setView = com.android.systemui.RegionInterceptingFrameLayout@d815726 TM=true
01-25 17:40:29.724  1959  3786 I SS_3A   :  INFO:  AF: TsAf_get_metadata: 1149: [TsAf_Range] range_sensor_data is NULL
01-25 17:40:29.724  4158  4234 D OpenGLRenderer: HWUI - treat SMPTE_170M as sRGB
01-25 17:40:29.725 28295 28295 I BadgeCountReceiver: onReceive: Intent { act=android.intent.action.BADGE_COUNT_UPDATE flg=0x1000010 cmp=com.sec.android.provider.badge/.BadgeCountReceiver (has extras) }
01-25 17:40:29.725 28295  6914 I BadgeCountReceiver: UpdateTask START: PendingResult hashCode: 126112052
01-25 17:40:29.725 28295  6914 I BadgeCountReceiver: packageName: com.whatsapp, className: com.whatsapp.Main, count: 27
01-25 17:40:29.725  2829  6761 D CoreBackPreview: Window{8456e66 u0 ScreenDecorOverlay}: Setting back callback OnBackInvokedCallbackInfo{mCallback=android.window.IOnBackInvokedCallback$Stub$Proxy@6260fb5, mPriority=0, mIsAnimationCallback=false}
01-25 17:40:29.725  2829  5889 V WindowManager: Relayout Window{8456e66 u0 ScreenDecorOverlay}: viewVisibility=0 req=1440x100 ty=2024 d0
01-25 17:40:29.725  2829  5889 D RestrictionPolicy: isScreenCaptureEnabled : ret=true userId=0
01-25 17:40:29.726  2031  2394 I SurfaceFlinger: id=42538 createSurf, flag=44044, ScreenDecorOverlay$_4158#42538
01-25 17:40:29.726  2829  5889 D WindowManager: makeSurface duration=1 name=ScreenDecorOverlay$_4158
01-25 17:40:29.726 28295  6914 I BadgeProvider: sendNotify [uri]: content://com.sec.badge/apps, [notify]: null
01-25 17:40:29.726 28295  6914 I BadgeProvider: update, [calling package]: com.sec.android.provider.badge, [uri]: content://com.sec.badge/apps, [uri.query]: null, [BadgeCount]: badgecount=27, [UpdateCount]: 1
01-25 17:40:29.726 28295  6914 I BadgeCountReceiver: UpdateTask END: PendingResult hashCode: 126112052
01-25 17:40:29.730  2829  5889 V WindowManager: Relayout hash=8456e66, pid=4158, syncId=-1: mAttrs={(0,0)(fillxwrap) gr=TOP CENTER_VERTICAL sim={adjust=pan} layoutInDisplayCutoutMode=always ty=NAVIGATION_BAR_PANEL fmt=TRANSLUCENT
01-25 17:40:29.730  2829  5889 V WindowManager:   fl=21800138
01-25 17:40:29.730  2829  5889 V WindowManager:   pfl=33100050
01-25 17:40:29.730  2829  5889 V WindowManager:   vsysui=100
01-25 17:40:29.730  2829  5889 V WindowManager:   bhv=DEFAULT naviIconColor=0}
01-25 17:40:29.730 28295 28310 I BadgeProvider: query, [calling package]: com.sec.android.app.launcher, [selection]: null
01-25 17:40:29.731  4158  5697 I BufferQueueProducer: [](id:103e00000ad0,api:0,p:-1,c:4158) setDequeueTimeout:2077252342
01-25 17:40:29.731  2411  9635 I Camera3-Status: markComponent: Component 1 is now active - BufferRequestSM
01-25 17:40:29.731  4640 12348 I HoneySpace.BadgeDataSourceImpl: Badge Provider update. PK(p='com.linkedin.android', u=UserHandle{0}): 27 -> 24
01-25 17:40:29.731  4640 12348 I HoneySpace.BadgeDataSourceImpl: Get notification count. PK(p='com.linkedin.android', u=UserHandle{0}) - forceBadgeCount: false, notification listener: 26, badge provider: 24
01-25 17:40:29.731  4158  5697 I BLASTBufferQueue_Java: new BLASTBufferQueue, mName= ViewRootImpl@9102305[ScreenDecorOverlay] mNativeObject= 0xb4000072b9054400 sc.mNativeObject= 0xb4000071b5b7f780 caller= android.view.ViewRootImpl.updateBlastSurfaceIfNeeded:3085 android.view.ViewRootImpl.relayoutWindow:10224 android.view.ViewRootImpl.performTraversals:4167 android.view.ViewRootImpl.doTraversal:3345 android.view.ViewRootImpl$TraversalRunnable.run:11437 android.view.Choreographer$CallbackRecord.run:1690 android.view.Choreographer$CallbackRecord.run:1699 android.view.Choreographer.doCallbacks:1154 android.view.Choreographer.doFrame:1080 android.view.Choreographer$FrameDisplayEventReceiver.run:1647 
01-25 17:40:29.731  2411  9635 I Camera3-Status: markComponent: Component 1 is now idle - BufferRequestSM
01-25 17:40:29.731  4158  5697 I BLASTBufferQueue_Java: update, w= 1440 h= 100 mName = ViewRootImpl@9102305[ScreenDecorOverlay] mNativeObject= 0xb4000072b9054400 sc.mNativeObject= 0xb4000071b5b7f780 format= -3 caller= android.graphics.BLASTBufferQueue.<init>:89 android.view.ViewRootImpl.updateBlastSurfaceIfNeeded:3085 android.view.ViewRootImpl.relayoutWindow:10224 android.view.ViewRootImpl.performTraversals:4167 android.view.ViewRootImpl.doTraversal:3345 android.view.ViewRootImpl$TraversalRunnable.run:11437 
01-25 17:40:29.731  4640 12348 I HoneySpace.BadgeDataSourceImpl: Badge Provider update. PK(p='com.linkedin.android', u=UserHandle{0}): 24 -> 27
01-25 17:40:29.731  4640 12348 I HoneySpace.BadgeDataSourceImpl: Get notification count. PK(p='com.linkedin.android', u=UserHandle{0}) - forceBadgeCount: false, notification listener: 26, badge provider: 27
01-25 17:40:29.731  4640 18583 I HoneySpace.BadgeDataSourceImpl: Get notification count. PK(p='com.itau', u=UserHandle{0}) - forceBadgeCount: false, notification listener: 2, badge provider: 0
01-25 17:40:29.731  4640 18583 I HoneySpace.BadgeDataSourceImpl: Get notification count. PK(p='br.com.Inter.CDPro', u=UserHandle{0}) - forceBadgeCount: false, notification listener: 1, badge provider: 0
01-25 17:40:29.731  4640 32567 I HoneySpace.PackageEventOperator: [ApplistViewModel] badge count is updated. com.linkedin.android/.authenticator.LaunchActivityDefault#UserHandle{0}|185 : 24
01-25 17:40:29.731  4640 32567 I HoneySpace.BadgeDataSourceImpl: Get notification count. PK(p='com.google.android.googlequicksearchbox', u=UserHandle{0}) - forceBadgeCount: false, notification listener: 9, badge provider: 0
01-25 17:40:29.731  4640 32567 I HoneySpace.BadgeDataSourceImpl: Get notification count. PK(p='com.google.android.gm', u=UserHandle{0}) - forceBadgeCount: false, notification listener: 9, badge provider: 0
01-25 17:40:29.731  4640 18583 I HoneySpace.BadgeDataSourceImpl: Get notification count. PK(p='br.com.intermedium', u=UserHandle{0}) - forceBadgeCount: false, notification listener: 1, badge provider: 0
01-25 17:40:29.731  4158  5697 I ViewRootImpl@9102305[ScreenDecorOverlay]: Relayout returned: old=(0,0,1440,3088) new=(0,0,1440,100) relayoutAsync=false req=(1440,100)0 dur=6 res=0x3 s={true 0xb40000718dcaa000} ch=true seqId=0
01-25 17:40:29.731  4640 18583 I HoneySpace.BadgeDataSourceImpl: Get notification count. PK(p='com.itau', u=UserHandle{0}) - forceBadgeCount: false, notification listener: 2, badge provider: 0
01-25 17:40:29.731  4640 18583 I HoneySpace.BadgeDataSourceImpl: Get notification count. PK(p='br.com.Inter.CDPro', u=UserHandle{0}) - forceBadgeCount: false, notification listener: 1, badge provider: 0
01-25 17:40:29.731  4640 18583 I HoneySpace.BadgeDataSourceImpl: Get notification count. PK(p='br.com.intermedium', u=UserHandle{0}) - forceBadgeCount: false, notification listener: 1, badge provider: 0
01-25 17:40:29.732  4640 32567 I HoneySpace.BadgeDataSourceImpl: Get notification count. PK(p='com.google.android.apps.photos', u=UserHandle{0}) - forceBadgeCount: false, notification listener: 2, badge provider: 0
01-25 17:40:29.732  4158  5697 I ViewRootImpl@9102305[ScreenDecorOverlay]: performConfigurationChange setNightDimText nightDimLevel=0
01-25 17:40:29.732  4640 32567 I HoneySpace.PackageEventOperator: [ApplistViewModel] badge count is updated. com.linkedin.android/.authenticator.LaunchActivityDefault#UserHandle{0}|185 : 27
01-25 17:40:29.732  4640 32567 I HoneySpace.BadgeDataSourceImpl: Get notification count. PK(p='com.google.android.googlequicksearchbox', u=UserHandle{0}) - forceBadgeCount: false, notification listener: 9, badge provider: 0
01-25 17:40:29.732  4640 32567 I HoneySpace.BadgeDataSourceImpl: Get notification count. PK(p='com.google.android.gm', u=UserHandle{0}) - forceBadgeCount: false, notification listener: 9, badge provider: 0
01-25 17:40:29.732  4640 32567 I HoneySpace.BadgeDataSourceImpl: Get notification count. PK(p='com.google.android.apps.photos', u=UserHandle{0}) - forceBadgeCount: false, notification listener: 2, badge provider: 0
