01-25 16:40:48.515 17851 17942 I eznv    : (REDACTED) Running synclets: %s
01-25 16:40:48.515 17851 17994 I eznv    : Scheduling next wakeup
01-25 16:40:48.515 17851 17994 I ezot    : Scheduling next periodic WorkManager workers
01-25 16:40:48.528 17851 17950 D WM-GreedyScheduler: Cancelling work ID a7786f30-0633-4f76-a47b-d4a1ee5d7cb1
01-25 16:40:48.529 17851 17994 I eznv    : (REDACTED) Starting synclet: %s
01-25 16:40:48.530 17851 18844 I eznv    : (REDACTED) Starting synclet: %s
01-25 16:40:48.530 17851 17976 I eznv    : (REDACTED) Starting synclet: %s
01-25 16:40:48.557 17851 17955 D WM-GreedyScheduler: Cancelling work ID aeeeb513-cf1b-411b-b38c-b0e77fd06cd3
01-25 16:40:48.566 17851 17976 I enni    : #fetchAndCacheConfiguration
01-25 16:40:48.569 17851 17955 D WM-GreedyScheduler: Cancelling work ID efe0d560-b4de-450a-83fd-f5032c2f375d
01-25 16:40:48.579 17851 17955 D WM-GreedyScheduler: Cancelling work ID aeeeb513-cf1b-411b-b38c-b0e77fd06cd3
01-25 16:40:48.588 17851 17994 I ezot    : Successfully scheduled next periodic workers
01-25 16:40:48.592 17851 17955 I eznv    : #sync() complete
01-25 16:40:48.622 17851 17955 D RemoteListenableDelegatingWorker: Cleaning up
01-25 16:40:48.626 17851 17955 I WM-WorkerWrapper: Worker result SUCCESS for Work [ id=3aefcae3-64f0-4d81-9b30-37bd11ea14ea, tags={ com.google.apps.tiktok.contrib.work.TikTokListenableWorker,com.google.apps.tiktok.sync.impl.workmanager.SyncPeriodicWorker_proc<search>,TikTokWorker#com.google.apps.tiktok.sync.impl.workmanager.SyncPeriodicWorker } ]
01-25 16:40:48.631 17851 17851 D WM-Processor: kdm 3aefcae3-64f0-4d81-9b30-37bd11ea14ea executed; reschedule = false
01-25 16:40:48.631 17851 17851 D WM-GreedyScheduler: Stopping tracking for WorkGenerationalId(workSpecId=3aefcae3-64f0-4d81-9b30-37bd11ea14ea, generation=1098)
01-25 16:40:48.633 17851 17955 D WM-GreedyScheduler: Cancelling work ID 3aefcae3-64f0-4d81-9b30-37bd11ea14ea
01-25 16:40:48.637 17851 17955 D WM-NetworkStateTracker: Unregistering network callback
01-25 16:40:48.638 17851 17955 D ConnectivityManager: StackLog: [android.net.ConnectivityManager.unregisterNetworkCallback(ConnectivityManager.java:5478)] [kic.e(PG:21)] [khf.a(PG:26)] [fztt.a(PG:105)] [fztr.hB(PG:11)] [fzgx.s(PG:12)] [fzpz.run(PG:102)] [klc.run(PG:3)] [dibx.run(PG:5)] [fiic.run(PG:50)] [dibo.run(PG:42)] [java.lang.Thread.run(Thread.java:1012)] [dicz.run(PG:64)]
01-25 16:40:48.639  2829  3953 D ConnectivityService:  Removing from current network [132 WIFI], leaving 211 requests.
01-25 16:40:48.950  2829  2850 I system_server: Background concurrent mark compact GC freed 27MB AllocSpace bytes, 109(2168KB) LOS objects, 16% free, 122MB/146MB, paused 2.229ms,6.473ms total 366.319ms
01-25 16:40:48.951  2829  6045 D SemWifiUsabilityStatsMonitor: onWifiUsabilityStats - seqNum 20528, isSameBssidAndFreq true
01-25 16:40:48.952  4158  4158 D StatusBarIconController: ignoring old pipeline callback because the new wifi icon is enabled
01-25 16:40:48.955  2829  2852 W System  : A resource failed to call close. 
01-25 16:40:48.955  2829  2852 W System  : A resource failed to call close. 
01-25 16:40:48.955  2031  2222 I VSyncReactor: Current= 24, Period= 24, Distance= 0
01-25 16:40:48.955  2829  2852 W System  : A resource failed to call close. 
01-25 16:40:48.955  2829  2852 W System  : A resource failed to call close. 
01-25 16:40:48.997  2031  2222 I VSyncReactor: Current= 24, Period= 24, Distance= 24
01-25 16:40:49.001  2031  2155 D RenderEngine: [SEC_GC_CMN_SF_EFFECTS] drawLayersInternal,1279, Rendering layer  at index 0
01-25 16:40:49.002  2031  2155 D RenderEngine: [SEC_GC_CMN_SF_EFFECTS] drawLayersInternal,1279, Rendering layer com.outsystemscloud.lucasgv.SandboxAppCordova/com.outsystemscloud.lucasgv.SandboxAppCordova.MainActivity$_32098#40782 at index 1
01-25 16:40:49.040  2829  5012 D FreecessController: com.whatsapp(10301) is important[18]
01-25 16:40:49.158 17851 26354 I cn_CronetUrlRequestContext: destroyNativeStreamLocked org.chromium.net.impl.CronetBidirectionalStream@f2d34e7
01-25 16:40:49.235  4158  4158 D StatusBarIconController: ignoring old pipeline callbacks, because the new mobile icons are enabled
01-25 16:40:49.296 17851 17876 W earchbox:search: ApkAssets: Deleting an ApkAssets object '<empty> and /data/app/~~D-2NXpxB8tfwkPB66Zo9SQ==/com.android.chrome-ugeSfHDIG9KWmTeuGwXFcg==/base.apk' with 1 weak references
01-25 16:40:49.297 17851 17876 W earchbox:search: ApkAssets: Deleting an ApkAssets object '<empty> and /data/app/~~D-2NXpxB8tfwkPB66Zo9SQ==/com.android.chrome-ugeSfHDIG9KWmTeuGwXFcg==/split_auxiliary_search.apk' with 1 weak references
01-25 16:40:49.297 17851 17876 W earchbox:search: ApkAssets: Deleting an ApkAssets object '<empty> and /data/app/~~D-2NXpxB8tfwkPB66Zo9SQ==/com.android.chrome-ugeSfHDIG9KWmTeuGwXFcg==/split_chrome.apk' with 1 weak references
01-25 16:40:49.297 17851 17876 W earchbox:search: ApkAssets: Deleting an ApkAssets object '<empty> and /data/app/~~D-2NXpxB8tfwkPB66Zo9SQ==/com.android.chrome-ugeSfHDIG9KWmTeuGwXFcg==/split_config.pt.apk' with 1 weak references
01-25 16:40:49.297 17851 17876 W earchbox:search: ApkAssets: Deleting an ApkAssets object '<empty> and /data/app/~~D-2NXpxB8tfwkPB66Zo9SQ==/com.android.chrome-ugeSfHDIG9KWmTeuGwXFcg==/split_dev_ui.apk' with 1 weak references
01-25 16:40:49.299 17851 17876 W earchbox:search: ApkAssets: Deleting an ApkAssets object '<empty> and /data/app/~~D-2NXpxB8tfwkPB66Zo9SQ==/com.android.chrome-ugeSfHDIG9KWmTeuGwXFcg==/split_feedv2.apk' with 1 weak references
01-25 16:40:49.299 17851 17876 W earchbox:search: ApkAssets: Deleting an ApkAssets object '<empty> and /data/app/~~D-2NXpxB8tfwkPB66Zo9SQ==/com.android.chrome-ugeSfHDIG9KWmTeuGwXFcg==/split_read_aloud_playback.apk' with 1 weak references
01-25 16:40:49.299 17851 17876 W earchbox:search: ApkAssets: Deleting an ApkAssets object '<empty> and /data/app/~~D-2NXpxB8tfwkPB66Zo9SQ==/com.android.chrome-ugeSfHDIG9KWmTeuGwXFcg==/split_stack_unwinder.apk' with 1 weak references
01-25 16:40:49.299 17851 17876 W earchbox:search: ApkAssets: Deleting an ApkAssets object '<empty> and /data/app/~~D-2NXpxB8tfwkPB66Zo9SQ==/com.android.chrome-ugeSfHDIG9KWmTeuGwXFcg==/split_survey.apk' with 1 weak references
01-25 16:40:49.299 17851 17876 W earchbox:search: ApkAssets: Deleting an ApkAssets object '<empty> and /data/app/~~D-2NXpxB8tfwkPB66Zo9SQ==/com.android.chrome-ugeSfHDIG9KWmTeuGwXFcg==/split_test_dummy.apk' with 1 weak references
01-25 16:40:49.299 17851 17876 W earchbox:search: ApkAssets: Deleting an ApkAssets object '<empty> and /data/app/~~OVCzr-ptYBLQDs-oWkeUeg==/com.google.android.trichromelibrary_683407933-UsEKKYNVgYaeOTXqHQjmiA==/base.apk' with 1 weak references
01-25 16:40:49.299 17851 17876 W earchbox:search: ApkAssets: Deleting an ApkAssets object '<empty> and /data/app/~~B5Ks11fRhpyV88I7cMqCew==/com.google.android.youtube-C4WN4261y_CoqUqaEsJdoA==/base.apk' with 1 weak references
01-25 16:40:49.300 17851 17876 W earchbox:search: ApkAssets: Deleting an ApkAssets object '<empty> and /data/app/~~B5Ks11fRhpyV88I7cMqCew==/com.google.android.youtube-C4WN4261y_CoqUqaEsJdoA==/split_config.arm64_v8a.apk' with 1 weak references
01-25 16:40:49.300 17851 17876 W earchbox:search: ApkAssets: Deleting an ApkAssets object '<empty> and /data/app/~~B5Ks11fRhpyV88I7cMqCew==/com.google.android.youtube-C4WN4261y_CoqUqaEsJdoA==/split_config.pt.apk' with 1 weak references
01-25 16:40:49.300 17851 17876 W earchbox:search: ApkAssets: Deleting an ApkAssets object '<empty> and /data/app/~~B5Ks11fRhpyV88I7cMqCew==/com.google.android.youtube-C4WN4261y_CoqUqaEsJdoA==/split_config.xxhdpi.apk' with 1 weak references
01-25 16:40:49.300 17851 17876 W earchbox:search: ApkAssets: Deleting an ApkAssets object '<empty> and /data/app/~~gdW4pMS_Ms5kQs_5bI_whQ==/com.spotify.music-DphlqhC_3JzdnqQX4N28Xg==/base.apk' with 1 weak references
01-25 16:40:49.301 17851 17876 W earchbox:search: ApkAssets: Deleting an ApkAssets object '<empty> and /data/app/~~gdW4pMS_Ms5kQs_5bI_whQ==/com.spotify.music-DphlqhC_3JzdnqQX4N28Xg==/split_config.arm64_v8a.apk' with 1 weak references
01-25 16:40:49.301 17851 17876 W earchbox:search: ApkAssets: Deleting an ApkAssets object '<empty> and /data/app/~~gdW4pMS_Ms5kQs_5bI_whQ==/com.spotify.music-DphlqhC_3JzdnqQX4N28Xg==/split_config.pt.apk' with 1 weak references
01-25 16:40:49.301 17851 17876 W earchbox:search: ApkAssets: Deleting an ApkAssets object '<empty> and /data/app/~~gdW4pMS_Ms5kQs_5bI_whQ==/com.spotify.music-DphlqhC_3JzdnqQX4N28Xg==/split_config.xxhdpi.apk' with 1 weak references
01-25 16:40:49.301 17851 17876 W earchbox:search: ApkAssets: Deleting an ApkAssets object '<empty> and /data/app/~~xqTV5m0Jk12yzPyvp7ju5g==/com.linkedin.android-S4X3oofe7YuG3CgjM8CIUw==/base.apk' with 1 weak references
01-25 16:40:49.301 17851 17876 W earchbox:search: ApkAssets: Deleting an ApkAssets object '<empty> and /data/app/~~xqTV5m0Jk12yzPyvp7ju5g==/com.linkedin.android-S4X3oofe7YuG3CgjM8CIUw==/split_config.arm64_v8a.apk' with 1 weak references
01-25 16:40:49.301 17851 17876 W earchbox:search: ApkAssets: Deleting an ApkAssets object '<empty> and /data/app/~~xqTV5m0Jk12yzPyvp7ju5g==/com.linkedin.android-S4X3oofe7YuG3CgjM8CIUw==/split_config.pt.apk' with 1 weak references
01-25 16:40:49.301 17851 17876 W earchbox:search: ApkAssets: Deleting an ApkAssets object '<empty> and /data/app/~~xqTV5m0Jk12yzPyvp7ju5g==/com.linkedin.android-S4X3oofe7YuG3CgjM8CIUw==/split_config.xxhdpi.apk' with 1 weak references
01-25 16:40:49.301 17851 17876 W earchbox:search: ApkAssets: Deleting an ApkAssets object '<empty> and /data/app/~~RSwrsJpfLWQLgdAmqwGMwQ==/com.whatsapp-Bmpc_Wdyvmr8McMlSe1QsQ==/base.apk' with 1 weak references
01-25 16:40:49.302 17851 17876 W earchbox:search: ApkAssets: Deleting an ApkAssets object '<empty> and /data/app/~~RSwrsJpfLWQLgdAmqwGMwQ==/com.whatsapp-Bmpc_Wdyvmr8McMlSe1QsQ==/split_config.arm64_v8a.apk' with 1 weak references
01-25 16:40:49.304 17851 17876 W earchbox:search: ApkAssets: Deleting an ApkAssets object '<empty> and /data/app/~~7mP8pAetVUo20-Fhx7SafA==/org.telegram.messenger-Wr3MNUpp1Al4n7_Iq-liyA==/base.apk' with 1 weak references
01-25 16:40:49.304 17851 17876 W earchbox:search: ApkAssets: Deleting an ApkAssets object '<empty> and /data/app/~~7mP8pAetVUo20-Fhx7SafA==/org.telegram.messenger-Wr3MNUpp1Al4n7_Iq-liyA==/split_config.arm64_v8a.apk' with 1 weak references
01-25 16:40:49.304 17851 17876 W earchbox:search: ApkAssets: Deleting an ApkAssets object '<empty> and /data/app/~~7mP8pAetVUo20-Fhx7SafA==/org.telegram.messenger-Wr3MNUpp1Al4n7_Iq-liyA==/split_config.pt.apk' with 1 weak references
01-25 16:40:49.304 17851 17876 W earchbox:search: ApkAssets: Deleting an ApkAssets object '<empty> and /data/app/~~7mP8pAetVUo20-Fhx7SafA==/org.telegram.messenger-Wr3MNUpp1Al4n7_Iq-liyA==/split_config.xxhdpi.apk' with 1 weak references
01-25 16:40:49.318 17851 26354 I cn_CronetUrlRequestContext: destroyNativeStreamLocked org.chromium.net.impl.CronetBidirectionalStream@115b7f3
01-25 16:40:49.447  1067  1067 D io_stats: !@   8,0 r 25332329 733813991 w 24096213 285565044 d 1479248 270638788 f 436342 2134298 iot 17484500 0 th 0 0 0 pt 0 inp 0 0 292018.355
01-25 16:40:49.447  1067  1067 D io_stats: !@ Read_top(KB): earchbox:search(17851) 12500 .gms.persistent(25301) 56 gle.android.gms(21724) 4
01-25 16:40:49.447  1067  1067 D io_stats: !@ Write_top(KB): f2fs_ckpt-254:5(4875) 276 earchbox:search(17851) 176 system_server(2829) 56
01-25 16:40:49.853 28295 28295 I BadgeCountReceiver: onReceive: Intent { act=android.intent.action.BADGE_COUNT_UPDATE flg=0x1000010 cmp=com.sec.android.provider.badge/.BadgeCountReceiver (has extras) }
01-25 16:40:49.853 28295  6914 I BadgeCountReceiver: UpdateTask START: PendingResult hashCode: 140108826
01-25 16:40:49.853 28295  6914 I BadgeCountReceiver: packageName: com.whatsapp, className: com.whatsapp.Main, count: 37
01-25 16:40:49.855  2829  6053 I ActivityManager: Changes in 10049 11 to 5, 0 to 56
01-25 16:40:49.856 28295  6914 I BadgeProvider: sendNotify [uri]: content://com.sec.badge/apps, [notify]: null
01-25 16:40:49.857 28295  6914 I BadgeProvider: update, [calling package]: com.sec.android.provider.badge, [uri]: content://com.sec.badge/apps, [uri.query]: null, [BadgeCount]: badgecount=37, [UpdateCount]: 1
01-25 16:40:49.857 28295  6914 I BadgeCountReceiver: UpdateTask END: PendingResult hashCode: 140108826
01-25 16:40:49.857  4520  4520 D HidDeviceService: handleMessage(): msg.what=8
01-25 16:40:49.860 28295 15283 I BadgeProvider: query, [calling package]: com.sec.android.app.launcher, [selection]: null
01-25 16:40:49.862  4640 12348 I HoneySpace.BadgeDataSourceImpl: Badge Provider update. PK(p='com.linkedin.android', u=UserHandle{0}): 27 -> 24
01-25 16:40:49.862  4640 12348 I HoneySpace.BadgeDataSourceImpl: Get notification count. PK(p='com.linkedin.android', u=UserHandle{0}) - forceBadgeCount: false, notification listener: 26, badge provider: 24
01-25 16:40:49.862  4640 12348 I HoneySpace.BadgeDataSourceImpl: Badge Provider update. PK(p='com.linkedin.android', u=UserHandle{0}): 24 -> 27
01-25 16:40:49.862  4640 12348 I HoneySpace.BadgeDataSourceImpl: Get notification count. PK(p='com.linkedin.android', u=UserHandle{0}) - forceBadgeCount: false, notification listener: 26, badge provider: 27
01-25 16:40:49.862  4640 15987 I HoneySpace.BadgeDataSourceImpl: Get notification count. PK(p='com.itau', u=UserHandle{0}) - forceBadgeCount: false, notification listener: 2, badge provider: 0
01-25 16:40:49.862  4640 15987 I HoneySpace.BadgeDataSourceImpl: Get notification count. PK(p='br.com.Inter.CDPro', u=UserHandle{0}) - forceBadgeCount: false, notification listener: 1, badge provider: 0
01-25 16:40:49.862  4640 15987 I HoneySpace.BadgeDataSourceImpl: Get notification count. PK(p='br.com.intermedium', u=UserHandle{0}) - forceBadgeCount: false, notification listener: 1, badge provider: 0
01-25 16:40:49.862  4640 15987 I HoneySpace.BadgeDataSourceImpl: Get notification count. PK(p='com.itau', u=UserHandle{0}) - forceBadgeCount: false, notification listener: 2, badge provider: 0
01-25 16:40:49.862  4640 15987 I HoneySpace.BadgeDataSourceImpl: Get notification count. PK(p='br.com.Inter.CDPro', u=UserHandle{0}) - forceBadgeCount: false, notification listener: 1, badge provider: 0
01-25 16:40:49.862  4640 15987 I HoneySpace.BadgeDataSourceImpl: Get notification count. PK(p='br.com.intermedium', u=UserHandle{0}) - forceBadgeCount: false, notification listener: 1, badge provider: 0
01-25 16:40:49.863  4640  4753 I HoneySpace.PackageEventOperator: [ApplistViewModel] badge count is updated. com.linkedin.android/.authenticator.LaunchActivityDefault#UserHandle{0}|185 : 24
01-25 16:40:49.863  4640  4753 I HoneySpace.BadgeDataSourceImpl: Get notification count. PK(p='com.google.android.googlequicksearchbox', u=UserHandle{0}) - forceBadgeCount: false, notification listener: 9, badge provider: 0
01-25 16:40:49.863  4640  4753 I HoneySpace.BadgeDataSourceImpl: Get notification count. PK(p='com.google.android.gm', u=UserHandle{0}) - forceBadgeCount: false, notification listener: 8, badge provider: 0
01-25 16:40:49.863  4640  4753 I HoneySpace.BadgeDataSourceImpl: Get notification count. PK(p='com.google.android.apps.photos', u=UserHandle{0}) - forceBadgeCount: false, notification listener: 2, badge provider: 0
01-25 16:40:49.863  4640  4753 I HoneySpace.PackageEventOperator: [ApplistViewModel] badge count is updated. com.linkedin.android/.authenticator.LaunchActivityDefault#UserHandle{0}|185 : 27
01-25 16:40:49.863  4640  4753 I HoneySpace.BadgeDataSourceImpl: Get notification count. PK(p='com.google.android.googlequicksearchbox', u=UserHandle{0}) - forceBadgeCount: false, notification listener: 9, badge provider: 0
01-25 16:40:49.863  4640  4753 I HoneySpace.BadgeDataSourceImpl: Get notification count. PK(p='com.google.android.gm', u=UserHandle{0}) - forceBadgeCount: false, notification listener: 8, badge provider: 0
01-25 16:40:49.863  4640  4753 I HoneySpace.BadgeDataSourceImpl: Get notification count. PK(p='com.google.android.apps.photos', u=UserHandle{0}) - forceBadgeCount: false, notification listener: 2, badge provider: 0
01-25 16:40:49.868 28295 15283 I BadgeProvider: query, [calling package]: com.sec.android.app.launcher, [selection]: null
01-25 16:40:49.869  4640 12348 I HoneySpace.BadgeDataSourceImpl: Badge Provider update. PK(p='com.linkedin.android', u=UserHandle{0}): 27 -> 24
01-25 16:40:49.869  4640 12348 I HoneySpace.BadgeDataSourceImpl: Get notification count. PK(p='com.linkedin.android', u=UserHandle{0}) - forceBadgeCount: false, notification listener: 26, badge provider: 24
01-25 16:40:49.870  4640 12348 I HoneySpace.BadgeDataSourceImpl: Badge Provider update. PK(p='com.linkedin.android', u=UserHandle{0}): 24 -> 27
01-25 16:40:49.870  4640 12348 I HoneySpace.BadgeDataSourceImpl: Get notification count. PK(p='com.linkedin.android', u=UserHandle{0}) - forceBadgeCount: false, notification listener: 26, badge provider: 27
01-25 16:40:49.870  4640 18945 I HoneySpace.PackageEventOperator: [ApplistViewModel] badge count is updated. com.linkedin.android/.authenticator.LaunchActivityDefault#UserHandle{0}|185 : 24
01-25 16:40:49.870  4640 18945 I HoneySpace.BadgeDataSourceImpl: Get notification count. PK(p='com.google.android.googlequicksearchbox', u=UserHandle{0}) - forceBadgeCount: false, notification listener: 9, badge provider: 0
01-25 16:40:49.870  4640 16436 I HoneySpace.BadgeDataSourceImpl: Get notification count. PK(p='com.itau', u=UserHandle{0}) - forceBadgeCount: false, notification listener: 2, badge provider: 0
01-25 16:40:49.870  4640 16436 I HoneySpace.BadgeDataSourceImpl: Get notification count. PK(p='br.com.Inter.CDPro', u=UserHandle{0}) - forceBadgeCount: false, notification listener: 1, badge provider: 0
01-25 16:40:49.870  4640 16436 I HoneySpace.BadgeDataSourceImpl: Get notification count. PK(p='br.com.intermedium', u=UserHandle{0}) - forceBadgeCount: false, notification listener: 1, badge provider: 0
01-25 16:40:49.870  4640 18945 I HoneySpace.BadgeDataSourceImpl: Get notification count. PK(p='com.google.android.gm', u=UserHandle{0}) - forceBadgeCount: false, notification listener: 8, badge provider: 0
01-25 16:40:49.870  4640 16436 I HoneySpace.BadgeDataSourceImpl: Get notification count. PK(p='com.itau', u=UserHandle{0}) - forceBadgeCount: false, notification listener: 2, badge provider: 0
01-25 16:40:49.870  4640 18945 I HoneySpace.BadgeDataSourceImpl: Get notification count. PK(p='com.google.android.apps.photos', u=UserHandle{0}) - forceBadgeCount: false, notification listener: 2, badge provider: 0
01-25 16:40:49.870  4640 16436 I HoneySpace.BadgeDataSourceImpl: Get notification count. PK(p='br.com.Inter.CDPro', u=UserHandle{0}) - forceBadgeCount: false, notification listener: 1, badge provider: 0
01-25 16:40:49.870  4640 16436 I HoneySpace.BadgeDataSourceImpl: Get notification count. PK(p='br.com.intermedium', u=UserHandle{0}) - forceBadgeCount: false, notification listener: 1, badge provider: 0
01-25 16:40:49.870  4640 18945 I HoneySpace.PackageEventOperator: [ApplistViewModel] badge count is updated. com.linkedin.android/.authenticator.LaunchActivityDefault#UserHandle{0}|185 : 27
01-25 16:40:49.870  4640 18945 I HoneySpace.BadgeDataSourceImpl: Get notification count. PK(p='com.google.android.googlequicksearchbox', u=UserHandle{0}) - forceBadgeCount: false, notification listener: 9, badge provider: 0
01-25 16:40:49.870  4640 18945 I HoneySpace.BadgeDataSourceImpl: Get notification count. PK(p='com.google.android.gm', u=UserHandle{0}) - forceBadgeCount: false, notification listener: 8, badge provider: 0
01-25 16:40:49.871  4640 18945 I HoneySpace.BadgeDataSourceImpl: Get notification count. PK(p='com.google.android.apps.photos', u=UserHandle{0}) - forceBadgeCount: false, notification listener: 2, badge provider: 0
01-25 16:40:49.872  2031  2222 I VSyncReactor: Current= 24, Period= 24, Distance= 1
01-25 16:40:49.914  2031  2222 I VSyncReactor: Current= 24, Period= 24, Distance= 24
01-25 16:40:49.954  1919  5700 I sensors-hal: handle_sns_client_event:190, auto_rotation_debug_2 mode,255, type,1,0 acc,-0.282,0.091,9.782, ar,0, ver,12, pedo,1,e,1,i,3
01-25 16:40:49.975 18215 18253 I WM-WorkerWrapper: Worker result SUCCESS for Work [ id=c2ad0e6e-2a07-494e-b87c-8fe7e595c9be, tags={ com.whatsapp.messaging.xmpp.XmppLifecycleWorker } ]
01-25 16:40:49.980 18215 18215 D WM-Processor: 9ge c2ad0e6e-2a07-494e-b87c-8fe7e595c9be executed; reschedule = false
01-25 16:40:49.981 18215 18215 D WM-GreedyScheduler: Stopping tracking for WorkGenerationalId(workSpecId=c2ad0e6e-2a07-494e-b87c-8fe7e595c9be, generation=0)
01-25 16:40:49.981 18215 18215 D WM-SystemJobService: c2ad0e6e-2a07-494e-b87c-8fe7e595c9be executed on JobScheduler
01-25 16:40:49.985  2829  4379 I ActivityManager: Changes in 10301 8 to 10, 8 to 0
01-25 16:40:49.986  9050  9155 I eplu    : (REDACTED) appOpsListener %s %s
01-25 16:40:49.986  9050  9155 I eplu    : (REDACTED) Ignoring irrelevant audio permission changes for package %s
01-25 16:40:49.987  5020  5104 I RequestManager_FLP: onOpChanged, op=0 / packageName=com.whatsapp
01-25 16:40:49.989 18215 18253 D WM-GreedyScheduler: Cancelling work ID c2ad0e6e-2a07-494e-b87c-8fe7e595c9be
01-25 16:40:49.991 18215 18253 D WM-NetworkStateTracker: Unregistering network callback
01-25 16:40:49.992 18215 18253 D ConnectivityManager: StackLog: [android.net.ConnectivityManager.unregisterNetworkCallback(ConnectivityManager.java:5478)] [X.7hp.A04(:20)] [X.AO0.invoke(:27)] [X.3OU.A00(:96)] [X.3nx.invokeSuspend(Unknown Source:10)] [X.1Uy.resumeWith(:8)] [X.EcH.run(:85)] [X.4hp.A1M(:2)] [X.A7R.run(:3108)] [java.util.concurrent.ThreadPoolExecutor.runWorker(ThreadPoolExecutor.java:1145)] [java.util.concurrent.ThreadPoolExecutor$Worker.run(ThreadPoolExecutor.java:644)] [java.lang.Thread.run(Thread.java:1012)]
01-25 16:40:49.995  2829  3953 D ConnectivityService:  Removing from current network [132 WIFI], leaving 210 requests.
01-25 16:40:50.171  1919 30517 I sensors-hal: handle_sns_std_sensor_event:436, [SSC_LIGHT] P: 42(42),m:13,c:291,b:71,c0:30381,l:43,f(r):98,u(bl):100,j:15
01-25 16:40:50.441  2829  3127 E Watchdog: !@Sync: 9728 heap: 123 / 146 FD: 1470 [2025-01-25 16:40:50.441]
01-25 16:40:50.447  2829  2850 I system_server: Background concurrent mark compact GC freed 29MB AllocSpace bytes, 2(40KB) LOS objects, 16% free, 123MB/147MB, paused 2.090ms,7.627ms total 347.097ms
01-25 16:40:50.677  2829  5892 D CompatibilityChangeReporter: Compat change id reported: 135634846; UID 10233; state: DISABLED
01-25 16:40:50.677  2829  5892 D CompatibilityChangeReporter: Compat change id reported: 177438394; UID 10233; state: DISABLED
01-25 16:40:50.677  2829  5892 D CompatibilityChangeReporter: Compat change id reported: 135772972; UID 10233; state: DISABLED
01-25 16:40:50.678  2829  5892 D CompatibilityChangeReporter: Compat change id reported: 135754954; UID 10233; state: ENABLED
01-25 16:40:50.679  2829  3133 D CompatibilityChangeReporter: Compat change id reported: 143937733; UID 10233; state: ENABLED
01-25 16:40:50.697  1838  1838 D Zygote  : Forked child process 32577
01-25 16:40:50.698  2829  3133 I ActivityManager: Start proc 32577:com.google.process.gapps/u0a233 for content provider {com.google.android.gsf/com.google.android.gsf.settings.GoogleSettingsProvider}
01-25 16:40:50.724 32577 32577 I e.process.gapps: Using CollectorTypeCMC GC.
01-25 16:40:50.727 32577 32577 E e.process.gapps: Not starting debugger since process cannot load the jdwp agent.
01-25 16:40:50.732 32577 32577 D nativeloader: Load libframework-connectivity-tiramisu-jni.so using APEX ns com_android_tethering for caller /apex/com.android.tethering/javalib/framework-connectivity-t.jar: ok
01-25 16:40:50.735 32577 32577 D ActivityThread: setConscryptValidator
01-25 16:40:50.735 32577 32577 D ActivityThread: setConscryptValidator - put
01-25 16:40:50.740  2829  6761 D CompatibilityChangeReporter: Compat change id reported: 168419799; UID 10233; state: DISABLED
01-25 16:40:50.740  2829  6761 D CompatibilityChangeReporter: Compat change id reported: 273564678; UID 10233; state: DISABLED
01-25 16:40:50.743 32577 32577 D CompatibilityChangeReporter: Compat change id reported: 171979766; UID 10233; state: ENABLED
01-25 16:40:50.743 32577 32577 D CompatibilityChangeReporter: Compat change id reported: 242716250; UID 10233; state: ENABLED
01-25 16:40:50.748 32577 32577 D nativeloader: Configuring clns-shared-4 for other apk /system/framework/org.apache.http.legacy.jar. target_sdk_version=34, uses_libraries=ALL, library_path=/system_ext/priv-app/GoogleServicesFramework/lib/arm64:/system_ext/priv-app/GoogleServicesFramework/GoogleServicesFramework.apk!/lib/arm64-v8a:/system/lib64:/system_ext/lib64, permitted_path=/data:/mnt/expand:/data/user/0/com.google.android.gsf:/system_ext/priv-app/GoogleServicesFramework:/system/lib64:/system_ext/lib64
01-25 16:40:50.748 32577 32577 D nativeloader: Extending system_exposed_libraries: libhumantracking.arcsoft.so:libPortraitDistortionCorrection.arcsoft.so:libPortraitDistortionCorrectionCali.arcsoft.so:libface_landmark.arcsoft.so:libFacialStickerEngine.arcsoft.so:libfrtracking_engine.arcsoft.so:libFaceRecognition.arcsoft.so:libveengine.arcsoft.so:lib_pet_detection.arcsoft.so:libae_bracket_hdr.arcsoft.so:libaiclearzoom_raw.arcsoft.so:libacz_hhdr.arcsoft.so:libhybrid_high_dynamic_range.arcsoft.so:libimage_enhancement.arcsoft.so:liblow_light_hdr.arcsoft.so:libmacroclearshot_raw.arcsoft.so:libhigh_dynamic_range.arcsoft.so:libsuperresolution_raw.arcsoft.so:libobjectcapture_jni.arcsoft.so:libobjectcapture.arcsoft.so:libFacialAttributeDetection.arcsoft.so:libaudiomirroring_jni.audiomirroring.samsung.so:libBeauty_v4.camera.samsung.so:libexifa.camera.samsung.so:libjpega.camera.samsung.so:libOpenCv.camera.samsung.so:libaifrcInterface.camera.samsung.so:libVideoClassifier.camera.samsung.so:libImageScreener.camera.samsung.so:libMyFilter.camera.samsung.so:libtflite2.my
01-25 16:40:50.750 32577 32577 D nativeloader: Configuring clns-shared-5 for other apk /system_ext/priv-app/GoogleServicesFramework/GoogleServicesFramework.apk. target_sdk_version=34, uses_libraries=, library_path=/system_ext/priv-app/GoogleServicesFramework/lib/arm64:/system_ext/priv-app/GoogleServicesFramework/GoogleServicesFramework.apk!/lib/arm64-v8a:/system/lib64:/system_ext/lib64, permitted_path=/data:/mnt/expand:/data/user/0/com.google.android.gsf:/system_ext/priv-app/GoogleServicesFramework:/system/lib64:/system_ext/lib64
01-25 16:40:50.754 32577 32577 D nativeloader: Load libframework-connectivity-jni.so using APEX ns com_android_tethering for caller /apex/com.android.tethering/javalib/framework-connectivity.jar: ok
01-25 16:40:50.755  2829  5892 E VpnManagerService: Exception occured while trying to get the getProxyInfoForUid for knoxvpn uid 10233
01-25 16:40:50.757 32577 32577 V GraphicsEnvironment: Currently set values for:
01-25 16:40:50.757 32577 32577 V GraphicsEnvironment:   angle_gl_driver_selection_pkgs=[]
01-25 16:40:50.757 32577 32577 V GraphicsEnvironment:   angle_gl_driver_selection_values=[]
01-25 16:40:50.757 32577 32577 V GraphicsEnvironment: ANGLE GameManagerService for com.google.android.gsf: false
01-25 16:40:50.757 32577 32577 V GraphicsEnvironment: com.google.android.gsf is not listed in per-application setting
01-25 16:40:50.775 32577 32593 I carui   : CarUi plugin is disabled
01-25 16:40:50.779  2829  5892 I ActivityManager: Flag disabled. Ignoring finishAttachApplication from uid: 10233. pid: 32577
01-25 16:40:50.789  2031  2222 I VSyncReactor: Current= 24, Period= 24, Distance= 1
01-25 16:40:50.804  2829  5892 D CompatibilityChangeReporter: Compat change id reported: 171306433; UID 10233; state: ENABLED
01-25 16:40:50.808 25301 32323 I FusedLocation: (REDACTED) stationary throttling engaged @%s
01-25 16:40:50.811 25301 32360 I FusedLocation: (REDACTED) stationary throttling engaged @%s
01-25 16:40:50.831  2031  2222 I VSyncReactor: Current= 24, Period= 24, Distance= 24
01-25 16:40:51.210  2829  3636 D InputReader: Btn_touch(4): value=1 when=292020.116821
01-25 16:40:51.211  2829  3636 I InputReader: Touch event's action is 0x0 (id=6, t=0) [pCnt=1, s=0.25107 ] when=292020.116821
01-25 16:40:51.212  2829  3635 I InputDispatcher: Delivering touch to (4158): action: 0x4, f=0x0, d=0, '2f88cfd', t=1 
01-25 16:40:51.213  2829  3635 I InputDispatcher: Delivering touch to (32098): action: 0x0, f=0x0, d=0, '3f1799b', t=1 
01-25 16:40:51.213 32098 32098 I ViewRootImpl@a5a591a[MainActivity]: ViewPostIme pointer 0
01-25 16:40:51.213  4640  4640 I HoneySpace.GestureInputHandler: inputConsumers = [com.honeyspace.gesture.inputconsumer.InputConsumer$Companion$NO_OP$1@28f8d2f]
01-25 16:40:51.214  4640  4640 I HoneySpace.InputSession: inputConsumers = NO_OP
01-25 16:40:51.214  4640  4640 I HoneySpace.InputSession: open
01-25 16:40:51.214  2829  3121 I GestureDetector: obtain mCurrentDownEvent. id: 895474916 caller: com.android.server.wm.SystemGesturesPointerEventListener.onPointerEvent:204 com.android.server.wm.PointerEventDispatcher.onInputEvent:53 android.view.InputEventReceiver.dispatchInputEvent:337 
01-25 16:40:51.215  2829  3635 D PowerManagerService: [api] userActivityFromNative : touch displayId=0 eventTime=292020116
01-25 16:40:51.215  2829  3121 I GestureDetector: obtain mCurrentDownEvent. id: 895474916 caller: com.android.server.wm.SystemPerformancePointerEventListener.onPointerEvent:89 com.android.server.wm.PointerEventDispatcher.onInputEvent:53 android.view.InputEventReceiver.dispatchInputEvent:337 
01-25 16:40:51.215  2829  3635 D PowerManagerService: UserActivityStateListenerState: 1
01-25 16:40:51.216 10023 10023 I SemDvfsHyPerManager: acquire hyper - TATouchBoost/10023@28, type = 1090523139
01-25 16:40:51.217  2031  2031 I HWComposer: [4630947093241269891] ActiveConfigToHWC, ID : 0
01-25 16:40:51.217  2031  2031 I SurfaceFlinger: Touch Boost - choose 120.00 Hz
01-25 16:40:51.217  2829  3635 D PowerManagerService: UserActivityState : 4 -> 1 groupId=0
01-25 16:40:51.217  1928  1949 I HYPER-HAL: [RequestManager.cpp]acquire(): Acquired ID : 50516354  [10023 / 28]    HINT :      list : [TABoost / 1] [TIMEOUT / 1500] 
01-25 16:40:51.219  2829  3121 I GestureDetector: obtain mCurrentMotionEventRaw. action: 2 id: 983970169
01-25 16:40:51.219  2829  3121 I GestureDetector: obtain mCurrentMotionEventRaw. action: 2 id: 983970169
01-25 16:40:51.220  2829  2829 I MdnieScenarioControlService: action  :  com.samsung.server.PowerManagerService.action.USER_ACTIVITY
01-25 16:40:51.220  2829  2829 D PowerManagerService: [api] setScreenDimDurationOverrideFromSqdInternal: mScreenDimDurationOverrideFromSQD: -1
01-25 16:40:51.229  1947  2324 I SDM     : HWDeviceDRM::SetDisplaySwitchMode: [DispConfigs] check hs_mode 1
01-25 16:40:51.229  1947  2324 W SDM     : HWDeviceDRM::GetSupportedBitClkRate: Requested rate not supported: 1362080000
01-25 16:40:51.229  1947  2324 I SDM     : HWDeviceDRM::SetDisplaySwitchMode: [DispConfigs] Set mode index:0 1440x3088x120xcmdHS, hs_mode(1), found_mode(1)
01-25 16:40:51.229  1947  2324 I SDM     : HWDeviceDRM::UpdateMixerAttributes: Mixer WxH 1440x3088-1 for Peripheral
01-25 16:40:51.230  1947  2324 I SDM     : HWCDisplay::SubmitDisplayConfig: Active configuration changed from config 5 to 0
01-25 16:40:51.233  2031  2155 D RenderEngine: [SEC_GC_CMN_SF_EFFECTS] drawLayersInternal,1279, Rendering layer  at index 0
01-25 16:40:51.233  2031  2155 D RenderEngine: [SEC_GC_CMN_SF_EFFECTS] drawLayersInternal,1279, Rendering layer com.outsystemscloud.lucasgv.SandboxAppCordova/com.outsystemscloud.lucasgv.SandboxAppCordova.MainActivity$_32098#40782 at index 1
01-25 16:40:51.239  2829  3123 D LocalDisplayAdapter: updateActiveModeLocked for d=4630947093241269891, mActiveModeId=1, mActiveSfDisplayMode=DisplayMode{id=0, width=1440, height=3088, xDpi=501.041, yDpi=502.789, refreshRate=120.00001, appVsyncOffsetNanos=100000, presentationDeadlineNanos=9233333, supportedHdrTypes=[4, 2, 3], group=1440}
01-25 16:40:51.239  2829  3123 I DisplayDeviceRepository: Display device changed: DisplayDeviceInfo{"Tela integrada": uniqueId="local:4630947093241269891", 1440 x 3088, modeId 1, renderFrameRate 120.00001, defaultModeId 3, supportedModes [{id=1, width=1440, height=3088, fps=120.00001, alternativeRefreshRates=[10.0, 24.000002, 30.000002, 48.000004, 60.000004, 96.00001], supportedHdrTypes=[2, 3, 4]}, {id=2, width=1440, height=3088, fps=96.00001, alternativeRefreshRates=[10.0, 24.000002, 30.000002, 48.000004, 60.000004, 120.00001], supportedHdrTypes=[2, 3, 4]}, {id=3, width=1440, height=3088, fps=60.000004, alternativeRefreshRates=[10.0, 24.000002, 30.000002, 48.000004, 96.00001, 120.00001], supportedHdrTypes=[2, 3, 4]}, {id=4, width=1440, height=3088, fps=48.000004, alternativeRefreshRates=[10.0, 24.000002, 30.000002, 60.000004, 96.00001, 120.00001], supportedHdrTypes=[2, 3, 4]}, {id=5, width=1440, height=3088, fps=30.000002, alternativeRefreshRates=[10.0, 24.000002, 48.000004, 60.000004, 96.00001, 120.00001], supportedHdrTypes=[2, 3, 4]}, {id=6, width=1440, height=3088, fps=24.000002, alternativeRefreshRates=[10.0, 30.000002, 48.000004, 60.000004, 96.00001, 120.00001], supportedHdrTypes=[2, 3, 4]}, {id=7, width=1440, height=3088, fps=10.0, alternativeRefreshRates=[24.000002, 30.000002, 48.000004, 60.000004, 96.00001, 120.00001], supportedHdrTypes=[2, 3, 4]}, {id=8, width=1080, height=2316, fps=120.00001, alternativeRefreshRates=[10.0, 24.000002, 30.000002, 48.000004, 60.000004, 96.00001], supportedHdrTypes=[2, 3, 4]}, {id=9, width=1080, height=2316, fps=96.00001, alternativeRefreshRates=[10.0, 24.000002, 30.000002, 48.000004, 60.000004, 120.00001], supportedHdrTypes=[2, 3, 4]}, {id=10, width=1080, height=2316, fps=60.000004, alternativeRefreshRates=[10.0, 24.000002, 30.000002, 48.000004, 96.00001, 120.00001], supportedHdrTypes=[2, 3, 4]}, {id=11, width=1080, height=2316, fps=48.000004, alternativeRefreshRates=[10.0, 24.000002, 30.000002, 60.000004, 96.00001, 120.00001], supportedHdrTypes=[2, 3, 4]}, {id=12, width=1080, height=2316, fps=30.000002, alternativeRefreshRates=[10.0, 24.000002, 48.000004, 60.000004, 96.00001, 120.00001], supportedHdrTypes=[2, 3, 4]}, {id=13, width=1080, height=2316, fps=24.000002, alternativeRefreshRates=[10.0, 30.000002, 48.000004, 60.000004, 96.00001, 120.00001], supportedHdrTypes=[2, 3, 4]}, {id=14, width=1080, height=2316, fps=10.0, alternativeRefreshRates=[24.000002, 30.000002, 48.000004, 60.000004, 96.00001, 120.00001], supportedHdrTypes=[2, 3, 4]}, {id=15, width=720, height=1544, fps=120.00001, alternativeRefreshRates=[10.0, 24.000002, 30.000002, 48.000004, 60.000004, 96.00001], supportedHdrTypes=[2, 3, 4]}, {id=16, width=720, height=1544, fps=96.00001, alternativeRefreshRates=[10.0, 24.000002, 30.000002, 48.000004, 60.000004, 120.00001], supportedHdrTypes=[2, 3, 4]}, {id=17, width=720, height=1544, fps=60.000004, alternativeRefreshRates=[10.0, 24.000002, 30.000002, 48.000004, 96.00001, 120.00001], supportedHdrTypes=[2, 3, 4]}, {id=18, width=720, height=1544, fps=48.000004, alternativeRefreshRates=[10.0, 24.000002, 30.000002, 60.000004, 96.00001, 120.00001], supportedHdrTypes=[2, 3, 4]}, {id=19, width=720, height=1544, fps=30.000002, alternativeRefreshRates=[10.0, 24.000002, 48.000004, 60.000004, 96.00001, 120.00001], supportedHdrTypes=[2, 3, 4]}, {id=20, width=720, height=1544, fps=24.000002, alternativeRefreshRates=[10.0, 30.000002, 48.000004, 60.000004, 96.00001, 120.00001], supportedHdrTypes=[2, 3, 4]}, {id=21, width=720, height=1544, fps=10.0, alternativeRefreshRates=[24.000002, 30.000002, 48.000004, 60.000004, 96.00001, 120.00001], supportedHdrTypes=[2, 3, 4]}], colorMode 0, supportedColorModes [0, 7, 9], hdrCapabilities HdrCapabilities{mSupportedHdrTypes=[2, 3, 4], mMaxLuminance=450.0, mMaxAverageLuminance=225.00024, mMinLuminance=5.0E-4}, allmSupported false, gameContentTypeSupported false, density 600, 501.041 x 502.789 dpi, appVsyncOff 0, presDeadline 17666666, cutout DisplayCutout{insets=Rect(0, 100 - 0, 0) waterfall=Insets{left=0, top=0, right=0, bottom=0} boundingRect={Bounds=[Re
01-25 16:40:51.242  2829  2829 D SGM:GameManager: onDisplayChanged. displyId: 0, state: 2
01-25 16:40:51.242  2829  2829 D SGM:GameManager: dpi: 560, longPixel: 2935, shortPixel: 1440
01-25 16:40:51.242  2829  3656 D SGM:FgCheckThread: onLooperPrepared(), msg: MSG_LCD_ON
01-25 16:40:51.242  2829  5881 D LiftUpHandler: [LTW] Stopped already.
01-25 16:40:51.242  2829  2829 D AODManagerService: requestReCalToTSP IsSingleTouchMode = truerequestedReCalToTSP = false / previousDisplayState = ON
01-25 16:40:51.242  4158  4206 I ViewRootImpl@6cb3efa[ShellDropTarget]: onDisplayChanged oldDisplayState=2 newDisplayState=2
01-25 16:40:51.243  4158  4231 D StackScroller: onDisplayChanged for predraw skip to 2
01-25 16:40:51.243  4158  4158 D DisplayLifecycle: updateDisplay id = 0
01-25 16:40:51.243  4158  4158 I ViewRootImpl@83f9512[LockscreenShortcutBlur]: onDisplayChanged oldDisplayState=2 newDisplayState=2
01-25 16:40:51.244  4640  4640 I ViewRootImpl@5d4fed7[LauncherActivity]: onDisplayChanged oldDisplayState=2 newDisplayState=2
01-25 16:40:51.244  4640  4640 I ViewRootImpl@3881dbb[RecentsTransitionOverlay]: onDisplayChanged oldDisplayState=2 newDisplayState=2
01-25 16:40:51.244  4640  4640 I ViewRootImpl@9644d1f[RecentsActivity]: onDisplayChanged oldDisplayState=2 newDisplayState=2
01-25 16:40:51.244  4640  4640 I ViewRootImpl@7a55b13[CocktailBarService]: onDisplayChanged oldDisplayState=2 newDisplayState=2
01-25 16:40:51.244  4158  4158 I ViewRootImpl@7575777[NavigationBar0]: onDisplayChanged oldDisplayState=2 newDisplayState=2
01-25 16:40:51.244  4158  4158 I ViewRootImpl@2fe0803[EdgeBackGestureHandler0]: onDisplayChanged oldDisplayState=2 newDisplayState=2
01-25 16:40:51.244  4158  4158 I ViewRootImpl@fe56a9f[NotificationShade]: onDisplayChanged oldDisplayState=2 newDisplayState=2
01-25 16:40:51.244  4158  4158 I ViewRootImpl@d2eb1a1[StatusBar]: onDisplayChanged oldDisplayState=2 newDisplayState=2
01-25 16:40:51.244  4640 15987 I HoneySpace.DeXLaunchService: Display changed - 0
01-25 16:40:51.244  4158  4158 I ViewRootImpl@3d6a451[Bouncer]: onDisplayChanged oldDisplayState=2 newDisplayState=2
01-25 16:40:51.244  4640 15987 I HoneySpace.Memory-Monitor: current state = 2, didTrim = false
01-25 16:40:51.244  4158  4158 I ViewRootImpl@9dc1510[SecondaryHomeHandle0]: onDisplayChanged oldDisplayState=2 newDisplayState=2
01-25 16:40:51.244  4158  4158 I ViewRootImpl@33532b2[KeyguardBiometricToastView]: onDisplayChanged oldDisplayState=2 newDisplayState=2
01-25 16:40:51.244  4640 15987 I HoneySpace.RefreshRateSource: singleFrameMs 8
01-25 16:40:51.245  9821  9821 I ViewRootImpl@790fbb3[InputMethod]: onDisplayChanged oldDisplayState=2 newDisplayState=2
01-25 16:40:51.246  2829  3123 D DisplayManagerService: Ignore redundant display event 0/2 to 10303/14369
01-25 16:40:51.246  2829  3123 D DisplayManagerService: Ignore redundant display event 0/2 to 10105/17429
01-25 16:40:51.247  2829  3123 D DisplayManagerService: Ignore redundant display event 0/2 to 10364/24294
01-25 16:40:51.247  2829  3123 D DisplayManagerService: Ignore redundant display event 0/2 to 10245/25689
01-25 16:40:51.247  2829  3123 D DisplayManagerService: Ignore redundant display event 0/2 to 10245/26106
01-25 16:40:51.247  2829  3123 D DisplayManagerService: Ignore redundant display event 0/2 to 10235/28433
01-25 16:40:51.247 13142 13142 I CAMERA_CONTROLLER: [2]a.m():2 - display changed
01-25 16:40:51.247 13142 13142 I CAMERA_CONTROLLER: [2]a.m():2
01-25 16:40:51.247 13142 13142 I CAMERA_CONTROLLER: [2]e.a():39 - presentationDisplaynull
01-25 16:40:51.247 13142 13142 W CAMERA_CONTROLLER: [2]a.m():2 - presentationDisplay is null, return
01-25 16:40:51.247 13142 13142 W CAMERA_CONTROLLER: [2]a.m():2 - display is not portrait mode 
01-25 16:40:51.247  2031  2222 I VSyncReactor: Current= 24, Period= 120, hwcPeriod= 120
01-25 16:40:51.248  2829  3123 D DisplayManagerService: Ignore redundant display event 0/2 to 10076/30998
01-25 16:40:51.248 17849 17849 I ViewRootImpl@aa7f65[HintService]: onDisplayChanged oldDisplayState=2 newDisplayState=2
01-25 16:40:51.249 17849 17849 I ViewRootImpl@697aa76[HomeContainerActivity]: onDisplayChanged oldDisplayState=2 newDisplayState=2
01-25 16:40:51.249 29214 29214 I ViewRootImpl@7726f74[HomeDashboardActivity]: onDisplayChanged oldDisplayState=2 newDisplayState=2
01-25 16:40:51.249  2829  3123 D RefreshRateModeManager: updateDefaultDisplayToken: android.os.BinderProxy@e4cac0f, isChanged: false
01-25 16:40:51.250 32098 32098 I ViewRootImpl@a5a591a[MainActivity]: onDisplayChanged oldDisplayState=2 newDisplayState=2
01-25 16:40:51.251 17851 17851 I ViewRootImpl@29a438b[InternalGoogleAppActivityEntrypoint]: onDisplayChanged oldDisplayState=2 newDisplayState=2
01-25 16:40:51.267  2829  3636 D InputReader: Btn_touch(4): value=0 when=292020.174854
01-25 16:40:51.267  2829  3636 I InputReader: Touch event's action is 0x1 (id=6, t=0) [pCnt=1, s=] when=292020.174854
01-25 16:40:51.267  2829  3635 I InputDispatcher: Delivering touch to (32098): action: 0x1, f=0x0, d=0, '3f1799b', t=1 
01-25 16:40:51.267  4640  4640 I HoneySpace.GestureInputHandler: reset
01-25 16:40:51.267 32098 32098 I ViewRootImpl@a5a591a[MainActivity]: ViewPostIme pointer 1
01-25 16:40:51.267  4640  4640 I HoneySpace.InputSession: close
01-25 16:40:51.313 32098 32098 I chromium: [INFO:CONSOLE(4361)] "Debugger [2025-01-25T19:40:51.305Z]: Couldn't evaluate variable with key 'gaGxzKsRVUW7UwkBL7SdFA', that was evaluated in the context of the action with the key 'aeaqv5t3N0igBXpEYuPVTA' at stack level '2' of callContextId '42'. ", source: https://lucasgv.outsystemscloud.com/SandboxAppCordova/scripts/OutSystems.js?xwJ42XJB3nhViyalYN4nig (4361)
01-25 16:40:51.322 32098 32098 I chromium: [INFO:CONSOLE(4361)] "Debugger [2025-01-25T19:40:51.322Z]: Couldn't evaluate variable with key 'vBA3Ps_d5kahAxEn9GxpKQ', that was evaluated in the context of the action with the key 'aeaqv5t3N0igBXpEYuPVTA' at stack level '2' of callContextId '42'. ", source: https://lucasgv.outsystemscloud.com/SandboxAppCordova/scripts/OutSystems.js?xwJ42XJB3nhViyalYN4nig (4361)
01-25 16:40:51.333  2031  2155 D RenderEngine: [SEC_GC_CMN_SF_EFFECTS] drawLayersInternal,1279, Rendering layer  at index 0
01-25 16:40:51.333  2031  2155 D RenderEngine: [SEC_GC_CMN_SF_EFFECTS] drawLayersInternal,1279, Rendering layer com.outsystemscloud.lucasgv.SandboxAppCordova/com.outsystemscloud.lucasgv.SandboxAppCordova.MainActivity$_32098#40782 at index 1
01-25 16:40:51.336 32098 32098 I chromium: [INFO:CONSOLE(4361)] "Debugger [2025-01-25T19:40:51.335Z]: Couldn't evaluate variable with key 'bkj7dAAMNESt9W+Bzuoywg', that was evaluated in the context of the action with the key 'aeaqv5t3N0igBXpEYuPVTA' at stack level '2' of callContextId '42'. ", source: https://lucasgv.outsystemscloud.com/SandboxAppCordova/scripts/OutSystems.js?xwJ42XJB3nhViyalYN4nig (4361)
01-25 16:40:51.436  2031  2155 D RenderEngine: [SEC_GC_CMN_SF_EFFECTS] drawLayersInternal,1279, Rendering layer  at index 0
01-25 16:40:51.436  2031  2155 D RenderEngine: [SEC_GC_CMN_SF_EFFECTS] drawLayersInternal,1279, Rendering layer com.outsystemscloud.lucasgv.SandboxAppCordova/com.outsystemscloud.lucasgv.SandboxAppCordova.MainActivity$_32098#40782 at index 1
01-25 16:40:51.448  1067  1067 D io_stats: !@   8,0 r 25332340 733814039 w 24096378 285566564 d 1479248 270638788 f 436344 2134318 iot 17484568 0 th 0 0 0 pt 0 inp 0 0 292020.356
01-25 16:40:51.451  1919  3900 I sensors-hal: ssc_conn_event_cb:901, event[0] sensor:Light seamless  Wakeup, msg_id=1025, ts=9734904031566
01-25 16:40:51.451  1919  3900 I sensors-hal: handle_sns_client_event:46, light_seamless ts=507021329888739 ns, 38,40,2147483647, M:0,0, S:0,0
01-25 16:40:51.454  2829  3123 D RefreshRateModeManager: onBrightnessChangedLocked, brightness=71, lux=38.0
01-25 16:40:51.514  2829  2829 I GestureDetector: handleMessage TAP
01-25 16:40:51.515  2829  3121 I GestureDetector: handleMessage TAP
01-25 16:40:51.536  2031  2155 D RenderEngine: [SEC_GC_CMN_SF_EFFECTS] drawLayersInternal,1279, Rendering layer  at index 0
01-25 16:40:51.536  2031  2155 D RenderEngine: [SEC_GC_CMN_SF_EFFECTS] drawLayersInternal,1279, Rendering layer com.outsystemscloud.lucasgv.SandboxAppCordova/com.outsystemscloud.lucasgv.SandboxAppCordova.MainActivity$_32098#40782 at index 1
01-25 16:40:51.713  2829  2850 I system_server: Background concurrent mark compact GC freed 33MB AllocSpace bytes, 3(56KB) LOS objects, 16% free, 123MB/147MB, paused 1.793ms,7.216ms total 344.021ms
01-25 16:40:51.786 18215 18253 D WM-SystemJobScheduler: Scheduling work ID f97ba738-34a2-405d-90b6-a6bb94a7876fJob ID 245212
01-25 16:40:51.793  2829  5651 I ActivityManager: Changes in 10301 16 to 8, 0 to 8
01-25 16:40:51.796  9050  9155 I eplu    : (REDACTED) appOpsListener %s %s
01-25 16:40:51.796  9050  9155 I eplu    : (REDACTED) Ignoring irrelevant audio permission changes for package %s
01-25 16:40:51.797  2829  3987 D UsbStatsMonitor: 0 0 0 0 0 0 0 0 0 0 0 0 3 0 0 0 0 0 0 0 0 0 0 0 0 0 0 0 0 0 0 0 0 0 0 0 0 0 0 0 0 0 0 0 0 0 0 1 0 0 0 0 0 0 0 0 106034152603674
01-25 16:40:51.797  5020  5104 I RequestManager_FLP: onOpChanged, op=0 / packageName=com.whatsapp
01-25 16:40:51.799 18215 18253 D WM-GreedyScheduler: Starting tracking for f97ba738-34a2-405d-90b6-a6bb94a7876f
01-25 16:40:51.799 18215 18215 I ViewRootImpl@72a2f46[HomeActivity]: onDisplayChanged oldDisplayState=2 newDisplayState=2
01-25 16:40:51.801 18215 18253 D WM-ConstraintTracker: 7hp: initial state = NetworkState(isConnected=true, isValidated=true, isMetered=false, isNotRoaming=true)
01-25 16:40:51.801 18215 18253 D WM-NetworkStateTracker: Registering network callback
01-25 16:40:51.801 18215 18253 D ConnectivityManager: StackLog: [android.net.ConnectivityManager.sendRequestForNetwork(ConnectivityManager.java:4679)] [android.net.ConnectivityManager.registerDefaultNetworkCallbackForUid(ConnectivityManager.java:5368)] [android.net.ConnectivityManager.registerDefaultNetworkCallback(ConnectivityManager.java:5335)] [android.net.ConnectivityManager.registerDefaultNetworkCallback(ConnectivityManager.java:5309)] [X.7hp.A03(:20)] [androidx.work.impl.constraints.controllers.BaseConstraintController$track$1.invokeSuspend(:81)] [androidx.work.impl.constraints.controllers.BaseConstraintController$track$1.invoke(:8)] [X.4bu.A00(:2)] [X.4bt.A00(:52)] [X.41X.invokeSuspend(:26)] [X.1Uy.resumeWith(:8)] [X.EcH.run(:136)] [X.4hp.A1M(:2)] [X.A7R.run(:3108)] [java.util.concurrent.ThreadPoolExecutor.runWorker(ThreadPoolExecutor.java:1145)] [java.util.concurrent.ThreadPoolExecutor$Worker.run(ThreadPoolExecutor.java:644)] [java.lang.Thread.run(Thread.java:1012)]
01-25 16:40:51.802  2829  5012 D FreecessController: com.whatsapp(10301) is important[18]
01-25 16:40:51.804  2829  6769 D ConnectivityService: requestNetwork for uid/pid:10301/18215 activeRequest: null callbackRequest: 31743 [NetworkRequest [ REQUEST id=31744, [ Capabilities: INTERNET&NOT_RESTRICTED&TRUSTED&NOT_VCN_MANAGED Uid: 10301 RequestorUid: 10301 RequestorPkg: com.whatsapp UnderlyingNetworks: Null] ]] callback flags: 0 order: 2147483647 isUidTracked: false declaredMethods: ALL
01-25 16:40:51.804 18215 18266 D WM-GreedyScheduler: Constraints met: Scheduling work ID WorkGenerationalId(workSpecId=f97ba738-34a2-405d-90b6-a6bb94a7876f, generation=0)
01-25 16:40:51.804  2829  3953 D ConnectivityService:    accepting network in place of null for NetworkRequest [ REQUEST id=31744, [ Capabilities: INTERNET&NOT_RESTRICTED&TRUSTED&NOT_VCN_MANAGED Uid: 10301 RequestorUid: 10301 RequestorPkg: com.whatsapp UnderlyingNetworks: Null] ]
01-25 16:40:51.805 18215 18215 D WM-SystemJobService: onStartJob for WorkGenerationalId(workSpecId=f97ba738-34a2-405d-90b6-a6bb94a7876f, generation=0)
01-25 16:40:51.805 18215 18585 D WM-NetworkStateTracker: Network capabilities changed: [ Transports: WIFI Capabilities: NOT_METERED&INTERNET&NOT_RESTRICTED&TRUSTED&NOT_VPN&VALIDATED&NOT_ROAMING&FOREGROUND&NOT_CONGESTED&NOT_SUSPENDED&NOT_VCN_MANAGED LinkUpBandwidth>=286679Kbps LinkDnBandwidth>=107654Kbps TransportInfo: <SSID: <unknown ssid>, BSSID: 02:00:00:00:00:00, MAC: 02:00:00:00:00:00, IP: /10.0.110.100, Security type: 2, Supplicant state: COMPLETED, Wi-Fi standard: 6, RSSI: -39, Link speed: 1921Mbps, Tx Link speed: 1921Mbps, Max Supported Tx Link speed: 2401Mbps, Rx Link speed: 576Mbps, Max Supported Rx Link speed: 2401Mbps, Frequency: 5560MHz, Net ID: -1, Metered hint: false, score: 60, isUsable: true, CarrierMerged: false, SubscriptionId: -1, IsPrimary: -1, Trusted: true, Restricted: false, Ephemeral: false, OEM paid: false, OEM private: false, OSU AP: false, FQDN: <none>, Provider friendly name: <none>, Requesting package name: <none><none>MLO Information: , Is TID-To-Link negotiation supported by the AP: false, AP MLD Address: <none>, AP MLO Link Id: <none>, AP MLO Affiliated links: <none>> SignalStrength: -39 UnderlyingNetworks: Null]
01-25 16:40:51.806  2829  3905 D WifiNetworkFactory: got request NetworkRequest [ REQUEST id=31744, [ Capabilities: INTERNET&NOT_RESTRICTED&TRUSTED&NOT_VCN_MANAGED Uid: 10301 RequestorUid: 10301 RequestorPkg: com.whatsapp UnderlyingNetworks: Null] ]
01-25 16:40:51.806 18215 18266 D WM-Processor: 9ge: processing WorkGenerationalId(workSpecId=f97ba738-34a2-405d-90b6-a6bb94a7876f, generation=0)
01-25 16:40:51.806  2829  3905 D UntrustedWifiNetworkFactory: got request NetworkRequest [ REQUEST id=31744, [ Capabilities: INTERNET&NOT_RESTRICTED&TRUSTED&NOT_VCN_MANAGED Uid: 10301 RequestorUid: 10301 RequestorPkg: com.whatsapp UnderlyingNetworks: Null] ]
01-25 16:40:51.806  2829  3905 D OemPaidWifiNetworkFactory: got request NetworkRequest [ REQUEST id=31744, [ Capabilities: INTERNET&NOT_RESTRICTED&TRUSTED&NOT_VCN_MANAGED Uid: 10301 RequestorUid: 10301 RequestorPkg: com.whatsapp UnderlyingNetworks: Null] ]
