--------- beginning of main
01-25 16:40:38.938  1904  5478 I vendor.qti.bluetooth@1.1-ibs_handler: ProcessIbsCmd: Received IBS_WAKE_IND: 0xFD
01-25 16:40:38.938  1904  5478 D vendor.qti.bluetooth@1.1-ibs_handler: SerialClockVote: vote for UART CLK ON
01-25 16:40:38.938  1904  5478 D vendor.qti.bluetooth@1.1-wake_lock: Acquire wakelock is acquired 
01-25 16:40:38.938  1904  5478 I vendor.qti.bluetooth@1.1-ibs_handler: ProcessIbsCmd: Writing IBS_WAKE_ACK
01-25 16:40:38.948  4520  5508 D BtGatt.GattService: onScanResult to scannerId: 12- eventType=0x10, addressType=1, address=XX:XX:XX:XX:4F:3E, primaryPhy=1, secondaryPhy=0, advertisingSid=0xff, txPower=127, rssi=-84, periodicAdvInt=0x0
01-25 16:40:38.985  1904  5478 I vendor.qti.bluetooth@1.1-ibs_handler: ProcessIbsCmd: Received IBS_SLEEP_IND: 0xFE
01-25 16:40:38.985  1904  5478 D vendor.qti.bluetooth@1.1-ibs_handler: SerialClockVote: vote for UART CLK OFF
--------- beginning of system
01-25 16:40:39.036  2829  5012 D FreecessController: com.whatsapp(10301) is important[18]
01-25 16:40:39.111 28295 28295 I BadgeCountReceiver: onReceive: Intent { act=android.intent.action.BADGE_COUNT_UPDATE flg=0x1000010 cmp=com.sec.android.provider.badge/.BadgeCountReceiver (has extras) }
01-25 16:40:39.111 28295  6914 I BadgeCountReceiver: UpdateTask START: PendingResult hashCode: 85923132
01-25 16:40:39.112 28295  6914 I BadgeCountReceiver: packageName: com.whatsapp, className: com.whatsapp.Main, count: 37
01-25 16:40:39.115  2829  5892 I ActivityManager: Changes in 10049 11 to 5, 0 to 56
01-25 16:40:39.117  4520  4520 D HidDeviceService: handleMessage(): msg.what=8
01-25 16:40:39.118 28295  6914 I BadgeProvider: sendNotify [uri]: content://com.sec.badge/apps, [notify]: null
01-25 16:40:39.119 28295  6914 I BadgeProvider: update, [calling package]: com.sec.android.provider.badge, [uri]: content://com.sec.badge/apps, [uri.query]: null, [BadgeCount]: badgecount=37, [UpdateCount]: 1
01-25 16:40:39.119 28295  6914 I BadgeCountReceiver: UpdateTask END: PendingResult hashCode: 85923132
01-25 16:40:39.120  2031  2222 I VSyncReactor: Current= 24, Period= 24, Distance= 0
01-25 16:40:39.120 28295 15283 I BadgeProvider: query, [calling package]: com.sec.android.app.launcher, [selection]: null
01-25 16:40:39.122  4640 12348 I HoneySpace.BadgeDataSourceImpl: Badge Provider update. PK(p='com.linkedin.android', u=UserHandle{0}): 27 -> 24
01-25 16:40:39.122  4640 12348 I HoneySpace.BadgeDataSourceImpl: Get notification count. PK(p='com.linkedin.android', u=UserHandle{0}) - forceBadgeCount: false, notification listener: 26, badge provider: 24
01-25 16:40:39.122  4640 12348 I HoneySpace.BadgeDataSourceImpl: Badge Provider update. PK(p='com.linkedin.android', u=UserHandle{0}): 24 -> 27
01-25 16:40:39.123  4640 12348 I HoneySpace.BadgeDataSourceImpl: Get notification count. PK(p='com.linkedin.android', u=UserHandle{0}) - forceBadgeCount: false, notification listener: 26, badge provider: 27
01-25 16:40:39.123  4640 18946 I HoneySpace.BadgeDataSourceImpl: Get notification count. PK(p='com.itau', u=UserHandle{0}) - forceBadgeCount: false, notification listener: 2, badge provider: 0
01-25 16:40:39.123  4640 18946 I HoneySpace.BadgeDataSourceImpl: Get notification count. PK(p='br.com.Inter.CDPro', u=UserHandle{0}) - forceBadgeCount: false, notification listener: 1, badge provider: 0
01-25 16:40:39.123  4640 18946 I HoneySpace.BadgeDataSourceImpl: Get notification count. PK(p='br.com.intermedium', u=UserHandle{0}) - forceBadgeCount: false, notification listener: 1, badge provider: 0
01-25 16:40:39.123  4640 16436 I HoneySpace.PackageEventOperator: [ApplistViewModel] badge count is updated. com.linkedin.android/.authenticator.LaunchActivityDefault#UserHandle{0}|185 : 24
01-25 16:40:39.123  4640 18946 I HoneySpace.BadgeDataSourceImpl: Get notification count. PK(p='com.itau', u=UserHandle{0}) - forceBadgeCount: false, notification listener: 2, badge provider: 0
01-25 16:40:39.123  4640 18946 I HoneySpace.BadgeDataSourceImpl: Get notification count. PK(p='br.com.Inter.CDPro', u=UserHandle{0}) - forceBadgeCount: false, notification listener: 1, badge provider: 0
01-25 16:40:39.123  4640 16436 I HoneySpace.BadgeDataSourceImpl: Get notification count. PK(p='com.google.android.googlequicksearchbox', u=UserHandle{0}) - forceBadgeCount: false, notification listener: 9, badge provider: 0
01-25 16:40:39.123  4640 18946 I HoneySpace.BadgeDataSourceImpl: Get notification count. PK(p='br.com.intermedium', u=UserHandle{0}) - forceBadgeCount: false, notification listener: 1, badge provider: 0
01-25 16:40:39.123  4640 16436 I HoneySpace.BadgeDataSourceImpl: Get notification count. PK(p='com.google.android.gm', u=UserHandle{0}) - forceBadgeCount: false, notification listener: 8, badge provider: 0
01-25 16:40:39.123  4640 16436 I HoneySpace.BadgeDataSourceImpl: Get notification count. PK(p='com.google.android.apps.photos', u=UserHandle{0}) - forceBadgeCount: false, notification listener: 2, badge provider: 0
01-25 16:40:39.123  4640 16436 I HoneySpace.PackageEventOperator: [ApplistViewModel] badge count is updated. com.linkedin.android/.authenticator.LaunchActivityDefault#UserHandle{0}|185 : 27
01-25 16:40:39.123  4640 16436 I HoneySpace.BadgeDataSourceImpl: Get notification count. PK(p='com.google.android.googlequicksearchbox', u=UserHandle{0}) - forceBadgeCount: false, notification listener: 9, badge provider: 0
01-25 16:40:39.123  4640 16436 I HoneySpace.BadgeDataSourceImpl: Get notification count. PK(p='com.google.android.gm', u=UserHandle{0}) - forceBadgeCount: false, notification listener: 8, badge provider: 0
01-25 16:40:39.123  4640 16436 I HoneySpace.BadgeDataSourceImpl: Get notification count. PK(p='com.google.android.apps.photos', u=UserHandle{0}) - forceBadgeCount: false, notification listener: 2, badge provider: 0
01-25 16:40:39.127 28295 15283 I BadgeProvider: query, [calling package]: com.sec.android.app.launcher, [selection]: null
01-25 16:40:39.129  4640 12348 I HoneySpace.BadgeDataSourceImpl: Badge Provider update. PK(p='com.linkedin.android', u=UserHandle{0}): 27 -> 24
01-25 16:40:39.129  4640 12348 I HoneySpace.BadgeDataSourceImpl: Get notification count. PK(p='com.linkedin.android', u=UserHandle{0}) - forceBadgeCount: false, notification listener: 26, badge provider: 24
01-25 16:40:39.129  4640 18945 I HoneySpace.BadgeDataSourceImpl: Get notification count. PK(p='com.itau', u=UserHandle{0}) - forceBadgeCount: false, notification listener: 2, badge provider: 0
01-25 16:40:39.129  4640 18945 I HoneySpace.BadgeDataSourceImpl: Get notification count. PK(p='br.com.Inter.CDPro', u=UserHandle{0}) - forceBadgeCount: false, notification listener: 1, badge provider: 0
01-25 16:40:39.129  4640 18945 I HoneySpace.BadgeDataSourceImpl: Get notification count. PK(p='br.com.intermedium', u=UserHandle{0}) - forceBadgeCount: false, notification listener: 1, badge provider: 0
01-25 16:40:39.129  4640 18944 I HoneySpace.PackageEventOperator: [ApplistViewModel] badge count is updated. com.linkedin.android/.authenticator.LaunchActivityDefault#UserHandle{0}|185 : 24
01-25 16:40:39.129  4640 18944 I HoneySpace.BadgeDataSourceImpl: Get notification count. PK(p='com.google.android.googlequicksearchbox', u=UserHandle{0}) - forceBadgeCount: false, notification listener: 9, badge provider: 0
01-25 16:40:39.129  4640 18944 I HoneySpace.BadgeDataSourceImpl: Get notification count. PK(p='com.google.android.gm', u=UserHandle{0}) - forceBadgeCount: false, notification listener: 8, badge provider: 0
01-25 16:40:39.129  4640 18944 I HoneySpace.BadgeDataSourceImpl: Get notification count. PK(p='com.google.android.apps.photos', u=UserHandle{0}) - forceBadgeCount: false, notification listener: 2, badge provider: 0
01-25 16:40:39.130  4640 12348 I HoneySpace.BadgeDataSourceImpl: Badge Provider update. PK(p='com.linkedin.android', u=UserHandle{0}): 24 -> 27
01-25 16:40:39.130  4640 12348 I HoneySpace.BadgeDataSourceImpl: Get notification count. PK(p='com.linkedin.android', u=UserHandle{0}) - forceBadgeCount: false, notification listener: 26, badge provider: 27
01-25 16:40:39.130  4640  4753 I HoneySpace.BadgeDataSourceImpl: Get notification count. PK(p='com.itau', u=UserHandle{0}) - forceBadgeCount: false, notification listener: 2, badge provider: 0
01-25 16:40:39.130  4640  4753 I HoneySpace.BadgeDataSourceImpl: Get notification count. PK(p='br.com.Inter.CDPro', u=UserHandle{0}) - forceBadgeCount: false, notification listener: 1, badge provider: 0
01-25 16:40:39.130  4640  4753 I HoneySpace.BadgeDataSourceImpl: Get notification count. PK(p='br.com.intermedium', u=UserHandle{0}) - forceBadgeCount: false, notification listener: 1, badge provider: 0
01-25 16:40:39.131  4640 12210 I HoneySpace.PackageEventOperator: [ApplistViewModel] badge count is updated. com.linkedin.android/.authenticator.LaunchActivityDefault#UserHandle{0}|185 : 27
01-25 16:40:39.131  4640 12210 I HoneySpace.BadgeDataSourceImpl: Get notification count. PK(p='com.google.android.googlequicksearchbox', u=UserHandle{0}) - forceBadgeCount: false, notification listener: 9, badge provider: 0
01-25 16:40:39.131  4640 12210 I HoneySpace.BadgeDataSourceImpl: Get notification count. PK(p='com.google.android.gm', u=UserHandle{0}) - forceBadgeCount: false, notification listener: 8, badge provider: 0
01-25 16:40:39.131  4640 12210 I HoneySpace.BadgeDataSourceImpl: Get notification count. PK(p='com.google.android.apps.photos', u=UserHandle{0}) - forceBadgeCount: false, notification listener: 2, badge provider: 0
01-25 16:40:39.135  1904  4711 D vendor.qti.bluetooth@1.1-wake_lock: Release wakelock is released 
01-25 16:40:39.161  2031  2222 I VSyncReactor: Current= 24, Period= 24, Distance= 24
01-25 16:40:39.219 21724 21724 D BoundBrokerSvc: onBind: Intent { act=com.google.android.gms.feedback.internal.IFeedbackService dat=chimera-action:/... cmp=com.google.android.gms/.chimera.GmsBoundBrokerService }
01-25 16:40:39.219 21724 21724 D BoundBrokerSvc: Loading bound service for intent: Intent { act=com.google.android.gms.feedback.internal.IFeedbackService dat=chimera-action:/... cmp=com.google.android.gms/.chimera.GmsBoundBrokerService }
01-25 16:40:39.221 21724 22796 E ActivityThread: Failed to find provider info for gmail-ofls
01-25 16:40:39.225 21724 22796 E ActivityThread: Failed to find provider info for gmail-ofls
01-25 16:40:39.440  1067  1067 D io_stats: !@   8,0 r 25331596 733801415 w 24095680 285560552 d 1479224 270603856 f 436332 2134260 iot 17484044 0 th 0 0 0 pt 0 inp 0 0 292008.348
01-25 16:40:39.843  2829  6045 D SemWifiUsabilityStatsMonitor: onWifiUsabilityStats - seqNum 20525, isSameBssidAndFreq true
01-25 16:40:40.288  4158  4158 D StatusBarIconController: ignoring old pipeline callbacks, because the new mobile icons are enabled
01-25 16:40:40.764  1919  5700 I sensors-hal: handle_sns_client_event:190, auto_rotation_debug_2 mode,255, type,1,0 acc,-0.263,0.110,9.801, ar,0, ver,12, pedo,1,e,1,i,3
01-25 16:40:41.211  1919 30517 I sensors-hal: handle_sns_std_sensor_event:436, [SSC_LIGHT] P: 46(46),m:13,c:291,b:71,c0:32420,l:46,f(r):98,u(bl):100,j:42
01-25 16:40:41.441  1067  1067 D io_stats: !@   8,0 r 25331598 733801423 w 24095700 285562764 d 1479224 270603856 f 436332 2134260 iot 17484088 0 th 0 0 0 pt 0 inp 0 0 292010.349
01-25 16:40:41.442  1067  1067 D io_stats: !@ Read_top(KB): ogle.android.gm(31918) 4296 gle.android.gms(21724) 360 sh(32546) 84
01-25 16:40:41.442  1067  1067 D io_stats: !@ Write_top(KB): kworker/u16:14(9367) 2052 com.whatsapp(18215) 176 gle.android.gms(21724) 72
01-25 16:40:41.869 28295 28295 I BadgeCountReceiver: onReceive: Intent { act=android.intent.action.BADGE_COUNT_UPDATE flg=0x1000010 cmp=com.sec.android.provider.badge/.BadgeCountReceiver (has extras) }
01-25 16:40:41.869 28295  6914 I BadgeCountReceiver: UpdateTask START: PendingResult hashCode: 253526725
01-25 16:40:41.869 28295  6914 I BadgeCountReceiver: packageName: com.whatsapp, className: com.whatsapp.Main, count: 37
01-25 16:40:41.872 28295  6914 I BadgeProvider: sendNotify [uri]: content://com.sec.badge/apps, [notify]: null
01-25 16:40:41.872 28295  6914 I BadgeProvider: update, [calling package]: com.sec.android.provider.badge, [uri]: content://com.sec.badge/apps, [uri.query]: null, [BadgeCount]: badgecount=37, [UpdateCount]: 1
01-25 16:40:41.872 28295  6914 I BadgeCountReceiver: UpdateTask END: PendingResult hashCode: 253526725
01-25 16:40:41.877 28295 15283 I BadgeProvider: query, [calling package]: com.sec.android.app.launcher, [selection]: null
01-25 16:40:41.878  4640 12348 I HoneySpace.BadgeDataSourceImpl: Badge Provider update. PK(p='com.linkedin.android', u=UserHandle{0}): 27 -> 24
01-25 16:40:41.879  4640 12348 I HoneySpace.BadgeDataSourceImpl: Get notification count. PK(p='com.linkedin.android', u=UserHandle{0}) - forceBadgeCount: false, notification listener: 26, badge provider: 24
01-25 16:40:41.879  4640 12348 I HoneySpace.BadgeDataSourceImpl: Badge Provider update. PK(p='com.linkedin.android', u=UserHandle{0}): 24 -> 27
01-25 16:40:41.879  4640 12348 I HoneySpace.BadgeDataSourceImpl: Get notification count. PK(p='com.linkedin.android', u=UserHandle{0}) - forceBadgeCount: false, notification listener: 26, badge provider: 27
01-25 16:40:41.879  4640 18944 I HoneySpace.BadgeDataSourceImpl: Get notification count. PK(p='com.itau', u=UserHandle{0}) - forceBadgeCount: false, notification listener: 2, badge provider: 0
01-25 16:40:41.879  4640 18944 I HoneySpace.BadgeDataSourceImpl: Get notification count. PK(p='br.com.Inter.CDPro', u=UserHandle{0}) - forceBadgeCount: false, notification listener: 1, badge provider: 0
01-25 16:40:41.879  4640 18944 I HoneySpace.BadgeDataSourceImpl: Get notification count. PK(p='br.com.intermedium', u=UserHandle{0}) - forceBadgeCount: false, notification listener: 1, badge provider: 0
01-25 16:40:41.879  4640 18946 I HoneySpace.PackageEventOperator: [ApplistViewModel] badge count is updated. com.linkedin.android/.authenticator.LaunchActivityDefault#UserHandle{0}|185 : 24
01-25 16:40:41.879  4640 18944 I HoneySpace.BadgeDataSourceImpl: Get notification count. PK(p='com.itau', u=UserHandle{0}) - forceBadgeCount: false, notification listener: 2, badge provider: 0
01-25 16:40:41.879  4640 18944 I HoneySpace.BadgeDataSourceImpl: Get notification count. PK(p='br.com.Inter.CDPro', u=UserHandle{0}) - forceBadgeCount: false, notification listener: 1, badge provider: 0
01-25 16:40:41.879  4640 18946 I HoneySpace.BadgeDataSourceImpl: Get notification count. PK(p='com.google.android.googlequicksearchbox', u=UserHandle{0}) - forceBadgeCount: false, notification listener: 9, badge provider: 0
01-25 16:40:41.879  4640 18946 I HoneySpace.BadgeDataSourceImpl: Get notification count. PK(p='com.google.android.gm', u=UserHandle{0}) - forceBadgeCount: false, notification listener: 8, badge provider: 0
01-25 16:40:41.879  4640 18946 I HoneySpace.BadgeDataSourceImpl: Get notification count. PK(p='com.google.android.apps.photos', u=UserHandle{0}) - forceBadgeCount: false, notification listener: 2, badge provider: 0
01-25 16:40:41.880  4640 18946 I HoneySpace.PackageEventOperator: [ApplistViewModel] badge count is updated. com.linkedin.android/.authenticator.LaunchActivityDefault#UserHandle{0}|185 : 27
01-25 16:40:41.880  4640 18944 I HoneySpace.BadgeDataSourceImpl: Get notification count. PK(p='br.com.intermedium', u=UserHandle{0}) - forceBadgeCount: false, notification listener: 1, badge provider: 0
01-25 16:40:41.880  4640 18946 I HoneySpace.BadgeDataSourceImpl: Get notification count. PK(p='com.google.android.googlequicksearchbox', u=UserHandle{0}) - forceBadgeCount: false, notification listener: 9, badge provider: 0
01-25 16:40:41.880  4640 18946 I HoneySpace.BadgeDataSourceImpl: Get notification count. PK(p='com.google.android.gm', u=UserHandle{0}) - forceBadgeCount: false, notification listener: 8, badge provider: 0
01-25 16:40:41.880  4640 18946 I HoneySpace.BadgeDataSourceImpl: Get notification count. PK(p='com.google.android.apps.photos', u=UserHandle{0}) - forceBadgeCount: false, notification listener: 2, badge provider: 0
01-25 16:40:41.883 28295 15283 I BadgeProvider: query, [calling package]: com.sec.android.app.launcher, [selection]: null
01-25 16:40:41.884  4640 12348 I HoneySpace.BadgeDataSourceImpl: Badge Provider update. PK(p='com.linkedin.android', u=UserHandle{0}): 27 -> 24
01-25 16:40:41.884  4640 12348 I HoneySpace.BadgeDataSourceImpl: Get notification count. PK(p='com.linkedin.android', u=UserHandle{0}) - forceBadgeCount: false, notification listener: 26, badge provider: 24
01-25 16:40:41.884  4640 12348 I HoneySpace.BadgeDataSourceImpl: Badge Provider update. PK(p='com.linkedin.android', u=UserHandle{0}): 24 -> 27
01-25 16:40:41.884  4640 18944 I HoneySpace.PackageEventOperator: [ApplistViewModel] badge count is updated. com.linkedin.android/.authenticator.LaunchActivityDefault#UserHandle{0}|185 : 24
01-25 16:40:41.884  4640 12348 I HoneySpace.BadgeDataSourceImpl: Get notification count. PK(p='com.linkedin.android', u=UserHandle{0}) - forceBadgeCount: false, notification listener: 26, badge provider: 27
01-25 16:40:41.885  4640 18944 I HoneySpace.BadgeDataSourceImpl: Get notification count. PK(p='com.google.android.googlequicksearchbox', u=UserHandle{0}) - forceBadgeCount: false, notification listener: 9, badge provider: 0
01-25 16:40:41.885  4640 18944 I HoneySpace.BadgeDataSourceImpl: Get notification count. PK(p='com.google.android.gm', u=UserHandle{0}) - forceBadgeCount: false, notification listener: 8, badge provider: 0
01-25 16:40:41.885  4640 18944 I HoneySpace.BadgeDataSourceImpl: Get notification count. PK(p='com.google.android.apps.photos', u=UserHandle{0}) - forceBadgeCount: false, notification listener: 2, badge provider: 0
01-25 16:40:41.885  4640 18946 I HoneySpace.BadgeDataSourceImpl: Get notification count. PK(p='com.itau', u=UserHandle{0}) - forceBadgeCount: false, notification listener: 2, badge provider: 0
01-25 16:40:41.885  4640 18944 I HoneySpace.PackageEventOperator: [ApplistViewModel] badge count is updated. com.linkedin.android/.authenticator.LaunchActivityDefault#UserHandle{0}|185 : 27
01-25 16:40:41.885  4640 18946 I HoneySpace.BadgeDataSourceImpl: Get notification count. PK(p='br.com.Inter.CDPro', u=UserHandle{0}) - forceBadgeCount: false, notification listener: 1, badge provider: 0
01-25 16:40:41.885  4640 18946 I HoneySpace.BadgeDataSourceImpl: Get notification count. PK(p='br.com.intermedium', u=UserHandle{0}) - forceBadgeCount: false, notification listener: 1, badge provider: 0
01-25 16:40:41.885  4640 18946 I HoneySpace.BadgeDataSourceImpl: Get notification count. PK(p='com.itau', u=UserHandle{0}) - forceBadgeCount: false, notification listener: 2, badge provider: 0
01-25 16:40:41.885  4640 18946 I HoneySpace.BadgeDataSourceImpl: Get notification count. PK(p='br.com.Inter.CDPro', u=UserHandle{0}) - forceBadgeCount: false, notification listener: 1, badge provider: 0
01-25 16:40:41.885  4640 18946 I HoneySpace.BadgeDataSourceImpl: Get notification count. PK(p='br.com.intermedium', u=UserHandle{0}) - forceBadgeCount: false, notification listener: 1, badge provider: 0
01-25 16:40:41.885  4640 18944 I HoneySpace.BadgeDataSourceImpl: Get notification count. PK(p='com.google.android.googlequicksearchbox', u=UserHandle{0}) - forceBadgeCount: false, notification listener: 9, badge provider: 0
01-25 16:40:41.885  4640 18944 I HoneySpace.BadgeDataSourceImpl: Get notification count. PK(p='com.google.android.gm', u=UserHandle{0}) - forceBadgeCount: false, notification listener: 8, badge provider: 0
01-25 16:40:41.885  4640 18944 I HoneySpace.BadgeDataSourceImpl: Get notification count. PK(p='com.google.android.apps.photos', u=UserHandle{0}) - forceBadgeCount: false, notification listener: 2, badge provider: 0
01-25 16:40:41.906  2829 20244 I AfterimageCompensationService: AfcThread mLuminance : 96 , AfpcPeriodCount : 2083 , rotation : 0 , AOD : false
01-25 16:40:41.912  2031  2222 I VSyncReactor: Current= 24, Period= 24, Distance= 0
01-25 16:40:41.915  2031  2155 D RenderEngine: [SEC_GC_CMN_SF_EFFECTS] drawLayersInternal,1279, Rendering layer  at index 0
01-25 16:40:41.915  2031  2155 D RenderEngine: [SEC_GC_CMN_SF_EFFECTS] drawLayersInternal,1279, Rendering layer com.outsystemscloud.lucasgv.SandboxAppCordova/com.outsystemscloud.lucasgv.SandboxAppCordova.MainActivity$_32098#40782 at index 1
01-25 16:40:41.916  2031  2155 D RenderEngine: [SEC_GC_CMN_SF_EFFECTS] drawLayersInternal,1279, Rendering layer StatusBar$_4158#103 at index 2
01-25 16:40:41.916  2031  2155 D RenderEngine: [SEC_GC_CMN_SF_EFFECTS] drawLayersInternal,1279, Rendering layer com.sec.android.app.launcher/com.samsung.app.honeyspace.edge.CocktailBarService$_4640#40601 at index 3
01-25 16:40:41.916  2031  2155 D RenderEngine: [SEC_GC_CMN_SF_EFFECTS] drawLayersInternal,1279, Rendering layer NavigationBar0$_4158#101 at index 4
01-25 16:40:41.932  2829 20244 D system_server: mAFPC_Read - w = 1440, h = 3088, s = 32, f = 4, s_size = 18182144, luminance = 96, count = 2083, captureOrientation = 0
01-25 16:40:41.954  2031  2222 I VSyncReactor: Current= 24, Period= 24, Distance= 24
01-25 16:40:42.013  2410  2410 I CNSS    : cnss_open_log_file: directory /data/vendor/log/wifi/ created
01-25 16:40:42.578  1919  1919 I sensors-hal: set_config:61, sample_period_ns is adjusted to 200000000 based on min/max delay_ns
01-25 16:40:42.579  1919  1919 I sensors-hal: batch:369, com.samsung.sensor.light_cct/1511, period=200000000, max_latency=0 request completed
01-25 16:40:42.579  1919  1919 I sensors-hal: activate:285, com.samsung.sensor.light_cct/1511 en=1
01-25 16:40:42.579  1919  1919 I sensors-hal: acquire_ssc_interface:114, acquire_ssc_interface with sensor_id 13 , conn_type 3 
01-25 16:40:42.582  1875  2041 E minksocket: MinkIPC_QRTR_Service: client with node 1 port 412c went down
01-25 16:40:42.583  1875  2046 E minksocket: MinkIPC_QRTR_Service: client with node 1 port 412c went down
01-25 16:40:42.583  1875  2046 E minksocket: MinkIPC_QRTR_Service: client with node 1 port 412d went down
01-25 16:40:42.583  1875  2041 E minksocket: MinkIPC_QRTR_Service: client with node 1 port 412d went down
01-25 16:40:42.584  1875  2046 E minksocket: MinkIPC_QRTR_Service: client with node 1 port 412e went down
01-25 16:40:42.584  1875  2041 E minksocket: MinkIPC_QRTR_Service: client with node 1 port 412e went down
01-25 16:40:42.584  1919  1919 I sensors-hal: ssc_qmi:36, ssc_qmi
01-25 16:40:42.584  1919  1919 I sensors-hal: register_cb:305, register_cb start this=0xb400007dcc1ba000x
01-25 16:40:42.584  1919  1919 I sensors-hal: register_cb:321, register_cb End with succes
01-25 16:40:42.585  1919  1919 I sensors-hal: send_sync_sensor_request:521, send sync request
01-25 16:40:42.585  1919  1919 I sensors-hal: send_sync_sensor_request:531, send_sync_sensor_request before send_request for light_cct with SUID low=17242558634497898280 high=6270869527188043453
01-25 16:40:42.585  1919  1919 I sensors-hal: send_request:330, send_request start this=0xb400007dcc1ba000x 
01-25 16:40:42.585  1919  1919 I sensors-hal: send_request:415, send_request completed, this=0xb400007dcc1ba000x
01-25 16:40:42.585  1919  1919 I sensors-hal: send_sync_sensor_request:552, wait for notification of response
01-25 16:40:42.585  1875  2046 E minksocket: MinkIPC_QRTR_Service: client with node 1 port 4130 went down
01-25 16:40:42.585  1875  2041 E minksocket: MinkIPC_QRTR_Service: client with node 1 port 4130 went down
01-25 16:40:42.587  1919 32552 I sensors-hal: ssc_conn_resp_cb:941, resp_value = 0 for light_cct 
01-25 16:40:42.587  1919 32552 I sensors-hal: handle_resp_cb:517, handle_resp_cb Ended this=0xb400007dcc1ba000x
01-25 16:40:42.587  1919  1919 I sensors-hal: send_sync_sensor_request:558, takes 2 ms to receive the response with 0
01-25 16:40:42.587  1919  1919 I sensors-hal: activate:303, com.samsung.sensor.light_cct/1511 en=1 completed
01-25 16:40:42.587  2829  3966 D SensorManager: registerListener :: 1511, TMD4913 Light CCT  Non-wakeup, 200000, 0, com.samsung.android.displaysolution.EyeComfortSolutionService$2@a5e9e7f
01-25 16:40:42.641  1904  5478 I vendor.qti.bluetooth@1.1-ibs_handler: ProcessIbsCmd: Received IBS_WAKE_IND: 0xFD
01-25 16:40:42.641  1904  5478 D vendor.qti.bluetooth@1.1-ibs_handler: SerialClockVote: vote for UART CLK ON
01-25 16:40:42.641  1904  5478 D vendor.qti.bluetooth@1.1-wake_lock: Acquire wakelock is acquired 
01-25 16:40:42.641  1904  5478 I vendor.qti.bluetooth@1.1-ibs_handler: ProcessIbsCmd: Writing IBS_WAKE_ACK
01-25 16:40:42.651  4520  5508 D BtGatt.GattService: onScanResult to scannerId: 12- eventType=0x10, addressType=1, address=XX:XX:XX:XX:4F:3E, primaryPhy=1, secondaryPhy=0, advertisingSid=0xff, txPower=127, rssi=-76, periodicAdvInt=0x0
01-25 16:40:42.652  1919 32552 I sensors-hal: ssc_conn_event_cb:869, SCHED_FIFO(10) for qmi_cbk
01-25 16:40:42.652  1919 32552 I sensors-hal: handle_sns_std_sensor_event:90, light_cct: ts = 507012526189937 ns; value = [45, 45, 236, 234, 45, 71, 4, 9, 32345, 13]
01-25 16:40:42.654  1919  1919 I sensors-hal: activate:285, com.samsung.sensor.light_cct/1511 en=0
01-25 16:40:42.655  1919  1919 I sensors-hal: ~ssc_qmi:63, ~ssc_qmi
01-25 16:40:42.655  1919  1919 I sensors-hal: activate:303, com.samsung.sensor.light_cct/1511 en=0 completed
01-25 16:40:42.656  2829  3966 D SensorManager: unregisterListener :: com.samsung.android.displaysolution.EyeComfortSolutionService$2@a5e9e7f
01-25 16:40:42.658  1875  2046 E minksocket: MinkIPC_QRTR_Service: client with node 1 port 4131 went down
01-25 16:40:42.658  1875  2041 E minksocket: MinkIPC_QRTR_Service: client with node 1 port 4131 went down
01-25 16:40:42.690  1904  5478 I vendor.qti.bluetooth@1.1-ibs_handler: ProcessIbsCmd: Received IBS_SLEEP_IND: 0xFE
01-25 16:40:42.691  1904  5478 D vendor.qti.bluetooth@1.1-ibs_handler: SerialClockVote: vote for UART CLK OFF
01-25 16:40:42.814 25301 32360 I NearbyMediums: Found Fast Ble Advertisements :
01-25 16:40:42.814 25301 32360 I NearbyMediums: BleAdvertisement { version=2, socketVersion=2, isFast=true, serviceIdHash=null, data=[ 0x23 0x36 0x35 0x33 0x51 0x11 0x32 0x4f 0x56 0x40 0xa7 0x62 0x30 0x12 0xcc 0x26 0x1c 0x0e 0x96 0x36 0xc6 0x75 0x53 ], deviceToken=[ 0xa2 0x68 ], rxAdvertisement=null } : 3 times.
01-25 16:40:42.814 25301 32360 I NearbyMediums: Total 3 fast advertisements from 1 unique advertisers.
01-25 16:40:42.841  1904  4711 D vendor.qti.bluetooth@1.1-wake_lock: Release wakelock is released 
01-25 16:40:42.890  2829  6045 D SemWifiUsabilityStatsMonitor: onWifiUsabilityStats - seqNum 20526, isSameBssidAndFreq true
01-25 16:40:43.035 10023 10023 I SDHMS:LOAD: type: LoadsFreqs, value: 0:0:0:898559:2592000:864000:625535:1171200:614400:220:220:220
01-25 16:40:43.189  4158  4158 D SecPowerUI.Notification: showChargingNotice oldChargingType : 8 / currentChargingType : 8, oldChargingTime : 438000 / mChargingTime : 438000
01-25 16:40:43.189  4158  4158 D SecPowerUI.Notification: showChargingNotice There is no change about charging status, so return!
01-25 16:40:43.443  1067  1067 D io_stats: !@   8,0 r 25331598 733801423 w 24095703 285562784 d 1479224 270603856 f 436332 2134260 iot 17484096 0 th 0 0 0 pt 0 inp 0 0 292012.351
01-25 16:40:43.890 10023 11531 I SDHMS:C : SIOP:: AP:403 BAT:382 USB:374 CHG:403 PA:398 CP:-200 WIFI:398 CF:392 BLK:0 SUBBAT:0 SKIN:380 SKINF:380 SKINB:371 LRP:380 LRP2:380 LRF2:380 LRB2:371 AP2:380 CHG2:380 WIFI2:377 UANT2:376 DANT2:372 RCV2:375 SPK2:373 FCAM:374 UPSPK:395 DNSPK:374 VAP02:415 VWIFI:408 AMB:369 AMB2:327 AVGCUR:8
01-25 16:40:44.038  2829  5012 D FreecessController: com.whatsapp(10301) is important[18]
01-25 16:40:44.352  1904  5478 I vendor.qti.bluetooth@1.1-ibs_handler: ProcessIbsCmd: Received IBS_WAKE_IND: 0xFD
01-25 16:40:44.353  1904  5478 D vendor.qti.bluetooth@1.1-ibs_handler: SerialClockVote: vote for UART CLK ON
01-25 16:40:44.353  1904  5478 D vendor.qti.bluetooth@1.1-wake_lock: Acquire wakelock is acquired 
01-25 16:40:44.353  1904  5478 I vendor.qti.bluetooth@1.1-ibs_handler: ProcessIbsCmd: Writing IBS_WAKE_ACK
01-25 16:40:44.364  4520  5508 D BtGatt.GattService: onScanResult to scannerId: 12- eventType=0x10, addressType=1, address=XX:XX:XX:XX:4F:3E, primaryPhy=1, secondaryPhy=0, advertisingSid=0xff, txPower=127, rssi=-87, periodicAdvInt=0x0
01-25 16:40:44.400  1904  5478 I vendor.qti.bluetooth@1.1-ibs_handler: ProcessIbsCmd: Received IBS_SLEEP_IND: 0xFE
01-25 16:40:44.400  1904  5478 D vendor.qti.bluetooth@1.1-ibs_handler: SerialClockVote: vote for UART CLK OFF
01-25 16:40:44.412  1919 30517 I sensors-hal: handle_sns_std_sensor_event:436, [SSC_LIGHT] P: 48(48),m:13,c:291,b:71,c0:33289,l:49,f(r):98,u(bl):100,j:42
01-25 16:40:44.551  1904  4711 D vendor.qti.bluetooth@1.1-wake_lock: Release wakelock is released 
01-25 16:40:45.152  2829  3131 I ActivityManager: Changes in 10049 5 to 15, 56 to 0
01-25 16:40:45.156  4520  4520 D HidDeviceService: handleMessage(): msg.what=8
01-25 16:40:45.444  1067  1067 D io_stats: !@   8,0 r 25331600 733801431 w 24095967 285564032 d 1479224 270603856 f 436335 2134281 iot 17484160 0 th 0 0 0 pt 0 inp 0 0 292014.352
01-25 16:40:45.445  1067  1067 D io_stats: !@ Read_top(KB): f2fs_ckpt-254:5(4875) 8
01-25 16:40:45.445  1067  1067 D io_stats: !@ Write_top(KB): kworker/u16:14(9367) 408 f2fs_ckpt-254:5(4875) 132 soft.appmanager(10450) 96
01-25 16:40:45.935  2829  6045 D SemWifiUsabilityStatsMonitor: onWifiUsabilityStats - seqNum 20527, isSameBssidAndFreq true
01-25 16:40:45.939  4158  4158 D StatusBarIconController: ignoring old pipeline callback because the new wifi icon is enabled
01-25 16:40:45.956  2031  2222 I VSyncReactor: Current= 24, Period= 24, Distance= 0
01-25 16:40:45.995  2031  2031 I SurfaceFlinger: SFWD update time=292014903685218
01-25 16:40:45.997  2031  2222 I VSyncReactor: Current= 24, Period= 24, Distance= 24
01-25 16:40:46.007  2031  2155 D RenderEngine: [SEC_GC_CMN_SF_EFFECTS] drawLayersInternal,1279, Rendering layer  at index 0
01-25 16:40:46.007  2031  2155 D RenderEngine: [SEC_GC_CMN_SF_EFFECTS] drawLayersInternal,1279, Rendering layer com.outsystemscloud.lucasgv.SandboxAppCordova/com.outsystemscloud.lucasgv.SandboxAppCordova.MainActivity$_32098#40782 at index 1
01-25 16:40:46.352  1904  5478 I vendor.qti.bluetooth@1.1-ibs_handler: ProcessIbsCmd: Received IBS_WAKE_IND: 0xFD
01-25 16:40:46.353  1904  5478 D vendor.qti.bluetooth@1.1-ibs_handler: SerialClockVote: vote for UART CLK ON
01-25 16:40:46.353  1904  5478 D vendor.qti.bluetooth@1.1-wake_lock: Acquire wakelock is acquired 
01-25 16:40:46.353  1904  5478 I vendor.qti.bluetooth@1.1-ibs_handler: ProcessIbsCmd: Writing IBS_WAKE_ACK
01-25 16:40:46.363  4520  5508 D BtGatt.GattService: onScanResult to scannerId: 12- eventType=0x10, addressType=1, address=XX:XX:XX:XX:4F:3E, primaryPhy=1, secondaryPhy=0, advertisingSid=0xff, txPower=127, rssi=-85, periodicAdvInt=0x0
01-25 16:40:46.394 27887 27887 I ENTM:EventListenerService: onDestroy()
01-25 16:40:46.400  1904  5478 I vendor.qti.bluetooth@1.1-ibs_handler: ProcessIbsCmd: Received IBS_SLEEP_IND: 0xFE
01-25 16:40:46.400  1904  5478 D vendor.qti.bluetooth@1.1-ibs_handler: SerialClockVote: vote for UART CLK OFF
01-25 16:40:46.551  1904  4711 D vendor.qti.bluetooth@1.1-wake_lock: Release wakelock is released 
01-25 16:40:46.567  5583  5583 I wpa_supplicant: Heartbeat 19386
01-25 16:40:47.132  1919 30517 I sensors-hal: handle_sns_std_sensor_event:436, [SSC_LIGHT] P: 38(38),m:13,c:291,b:71,c0:28834,l:38,f(r):98,u(bl):100,j:13
01-25 16:40:47.132  1919  3900 I sensors-hal: ssc_conn_event_cb:901, event[0] sensor:Light seamless  Wakeup, msg_id=1025, ts=9734821086721
01-25 16:40:47.132  1919  3900 I sensors-hal: handle_sns_client_event:46, light_seamless ts=507017009844729 ns, 38,40,2147483647, M:0,0, S:0,0
01-25 16:40:47.140  2829  3123 D RefreshRateModeManager: onBrightnessChangedLocked, brightness=71, lux=38.0
01-25 16:40:47.291  1919  3900 I sensors-hal: ssc_conn_event_cb:901, event[0] sensor:Light seamless  Wakeup, msg_id=1025, ts=9734824165032
01-25 16:40:47.292  1919  3900 I sensors-hal: handle_sns_client_event:46, light_seamless ts=507017170173427 ns, 42,40,2147483647, M:0,0, S:0,0
01-25 16:40:47.295  2829  3123 D RefreshRateModeManager: onBrightnessChangedLocked, brightness=71, lux=42.0
01-25 16:40:47.350 21724 32553 D TrafficStats: tagSocket(130) with statsTag=0x30000200, statsUid=10354
01-25 16:40:47.351  2829  4072 D NetdEventListenerService: DNS Requested by 132, 10233, 38
01-25 16:40:47.354  2829  4072 D NetdEventListenerService: DNS Requested by 132, 10233, 0
01-25 16:40:47.360 21724 32553 W GAv4-SVC: Network compressed POST connection error: java.net.ConnectException: Failed to connect to ssl.google-analytics.com/0.0.0.0:443
01-25 16:40:47.446  1067  1067 D io_stats: !@   8,0 r 25331600 733801431 w 24095969 285564048 d 1479224 270603856 f 436335 2134281 iot 17484172 0 th 0 0 0 pt 0 inp 0 0 292016.354
01-25 16:40:47.666  2829  5892 W libc    : Access denied finding property "persist.debug.user_mode_emulation"
01-25 16:40:47.668  2829  5892 V UserSystemPackageInstaller: dumpPackageWhitelistProblems(): using mode 5
01-25 16:40:47.971  4158  4158 D StatusBarIconController: ignoring old pipeline callbacks, because the new mobile icons are enabled
01-25 16:40:48.053  1904  5478 I vendor.qti.bluetooth@1.1-ibs_handler: ProcessIbsCmd: Received IBS_WAKE_IND: 0xFD
01-25 16:40:48.054  1904  5478 D vendor.qti.bluetooth@1.1-ibs_handler: SerialClockVote: vote for UART CLK ON
01-25 16:40:48.054  1904  5478 D vendor.qti.bluetooth@1.1-wake_lock: Acquire wakelock is acquired 
01-25 16:40:48.054  1904  5478 I vendor.qti.bluetooth@1.1-ibs_handler: ProcessIbsCmd: Writing IBS_WAKE_ACK
01-25 16:40:48.061  2829 32569 D TrafficStats: tagSocket(948) with statsTag=0xffffffff, statsUid=-1
01-25 16:40:48.063  4520  5508 D BtGatt.GattService: onScanResult to scannerId: 12- eventType=0x10, addressType=1, address=XX:XX:XX:XX:4F:3E, primaryPhy=1, secondaryPhy=0, advertisingSid=0xff, txPower=127, rssi=-66, periodicAdvInt=0x0
01-25 16:40:48.066  2829 32569 D TrafficStats: tagSocket(1012) with statsTag=0xffffffff, statsUid=-1
01-25 16:40:48.099  1904  5478 I vendor.qti.bluetooth@1.1-ibs_handler: ProcessIbsCmd: Received IBS_SLEEP_IND: 0xFE
01-25 16:40:48.100  1904  5478 D vendor.qti.bluetooth@1.1-ibs_handler: SerialClockVote: vote for UART CLK OFF
01-25 16:40:48.250  1904  4711 D vendor.qti.bluetooth@1.1-wake_lock: Release wakelock is released 
01-25 16:40:48.271  2829 32569 D WifiConnectivityMonitor.DnsThread:  [|210] []
01-25 16:40:48.273  2829  4054 D WifiConnectivityMonitor.NetworkStatsAnalyzer: DNS resultType : 0, responseTime : 210
01-25 16:40:48.274  2829  4052 D OpenNetworkQos[4.00]: updateBssidLatestDnsResultType - result: 0
01-25 16:40:48.274  2829  4052 D OpenNetworkQos[4.00]: updateBssidNoInternet: mBssidNoInternet = false
01-25 16:40:48.274  2829  4052 D OpenNetworkQos[4.00]: getOpenNetworkQosNoInternetStatus: false
01-25 16:40:48.274  2829  4052 D OpenNetworkQos[4.00]: getOpenNetworkQosScores: 26 19 26 
01-25 16:40:48.274  2829  4052 D KNOX_MDM_SettingsProvider: isChangeAllowed() : name = wifi_wcm_qos_sharing_score_summary
01-25 16:40:48.275  2829  4052 I WifiProfileShare: network QoS data was changed (internet), updateQoSData networkType: true, qosData: false
01-25 16:40:48.275  2829  5124 V WifiProfileShare.Caster: update wips network, size: 0
01-25 16:40:48.276  2829  5124 D WifiProfileShare: nearby scanning settings run
01-25 16:40:48.276  2829  5124 D WifiProfileShare: network score provider settings enabled
01-25 16:40:48.276  2829  5124 D OpenNetworkQos[4.00]: getOpenNetworkQosScores: 26 19 26 
01-25 16:40:48.276  2829  5124 D OpenNetworkQos[4.00]: getOpenNetworkQosNoInternetStatus: false
01-25 16:40:48.276  2829  5124 I WifiProfileShare.Caster: current network type: 0, score: [26, 19, 26]
01-25 16:40:48.277  2829  5124 V WifiProfileShare.Cache: update network score ac:8b:a9:**:**:5b
01-25 16:40:48.278  2829  5124 D WifiProfileShare.ScanMatcher: getMcfDataList size:2
01-25 16:40:48.278  2829  5124 I WifiProfileShare.Caster: qos data was updated , before:type:QOS, pBssid:cd:f5:f7, qosData:77 after:type:QOS, pBssid:cd:f5:f7, qosData:77
01-25 16:40:48.280  2829  5124 I [MCFSDK_android_1.2.13040]_4_McfCasterImpl: isNetworkEnabled - type : 1 ret : true
01-25 16:40:48.280  2829  5124 D WifiProfileShare.McfCast: -ME--- mIsNetworkEnabled :true
01-25 16:40:48.280  2829  5124 D WifiProfileShare.McfCast: updateQoSData ignored, same contents
01-25 16:40:48.280  2829  5124 D WifiProfileShare.MCF: success update QosData !
01-25 16:40:48.282  2829  5124 I [MCFSDK_android_1.2.13040]_4_McfCasterImpl: isNetworkEnabled - type : 1 ret : true
01-25 16:40:48.282  2829  5124 D WifiProfileShare.McfCast: -ME--- mIsNetworkEnabled :true
01-25 16:40:48.282  2829  5124 D WifiProfileShare.McfCast: -ME--- updatePasswordDate pwdData size:2
01-25 16:40:48.336  1963  1971 E BatteryDump: !@new_battery_dump : 4178,-68,300,1500,79,382,374,402,382,0,381,404,0,Charging,NO_CHARGING,Normal,Good,USB_CDP,2,Normal,0,0,9293,0x8000,0x10000,0x0,0,0,0000,0000,00000000,0,0,0,0,263,4186,7924,1000,0,
01-25 16:40:48.339  1963  1963 I sehhealth-service: updateLrpSysfs: write: 380
01-25 16:40:48.339  2829  5892 D BatteryService: Sending ACTION_BATTERY_CHANGED: level:79, status:2, health:2, remain:438, ac:false, usb:true, wireless:false, pogo:false, misc:0x10000, charge_type:2, charger_type:0, voltage:4178, temperature:382, online:5, charging_status:0, cycle_count:0, current_avg:16, ps:false, hvc:false, capacity:280000, current_event:0x8000, current_now:25, mcc:0, mcv:0, cc:3789720, present:true, scale:100, technology:Li-ion
01-25 16:40:48.343  2829  4067 I DeviceBatteryInfoService: action: android.intent.action.BATTERY_CHANGED
01-25 16:40:48.343  2829  4067 I DeviceBatteryInfoService: phone battery level: 79
01-25 16:40:48.343  2829  4067 I DeviceBatteryInfoService: phone battery status: 2
01-25 16:40:48.345  2829  3896 D MotionRecognitionService: [SAR]  onReceive : ACTION_BATTERY_CHANGED, Plugged: 2
01-25 16:40:48.346  2829  2829 D AdaptiveBrightnessLongtermModelBuilder: Received android.intent.action.BATTERY_CHANGED
01-25 16:40:48.347  4158  4158 I AODBatteryManager: updateBatteryData: ACTION_BATTERY_CHANGED
01-25 16:40:48.347  4131  4131 D SemBigDataInfoController: Intent: android.intent.action.BATTERY_CHANGED
01-25 16:40:48.347  4131  4131 D SemBigDataInfoController: Intent: android.intent.action.BATTERY_CHANGED
01-25 16:40:48.349  2829  3132 W ProcessStats: Tracking association SourceState{ab365ec com.google.android.gms.persistent/10233 BFgs #1107513} whose proc state 4 is better than process ProcessState{f2d3d52 com.samsung.android.carkey/10104 pkg=com.samsung.android.carkey} proc state 14 (158 skipped)
01-25 16:40:48.349  4158  4158 I AODBatteryManager: saveBatteryData : AOD BatteryData [mBatteryLevel=79, mBatteryStatus=CHARGING, mBatteryPlugType=USB, mBatteryPlugged=true, mRemainingChargeTime=438000, mBatteryChargingType=1, mBatteryChargerType=NORMAL, mBatteryOnline=NOT_DEFINED, mBatterySwellingMode=NONE, mBatteryProtectMode=false, mBatteryProtectModeType=1, mSleepChargingEvent=null, mSleepChargingEventFinishTime=null]
01-25 16:40:48.349  4158  4158 I PowerUI : mBootCompleted = true |  mFullyConnected = true
01-25 16:40:48.349  4158  4158 I PowerUI : BATTERY_HEALTH_CHECK extraHealth=2 mBatteryMiscEvent=65536
01-25 16:40:48.350  4158  4158 W PowerUI : Plug reason
01-25 16:40:48.350  4158  4158 W PowerUI : Skip charging animation - by plug status
01-25 16:40:48.350  4158  4158 D PowerUI : priorPlugType = 2 mPlugType = 2 priorBatteryStatus = 2 mBatteryStatus = 2
01-25 16:40:48.350  4158  6708 D SecPowerUI.Notification: dismissing low battery warning: level=79
01-25 16:40:48.350  4158  6708 D SecPowerUI.Notification: updateNotification mWarning=false mPlaySound=false
01-25 16:40:48.350  4158  6708 D SecPowerUI.Notification: SecBatteryStatsSnapshot{batteryLevel=79, currentBatteryMode=0, chargingTime=438000, chargingType=8, batteryHealth=2, automaticTestMode=false, isHiccupState=false, optChargingFinishTime=}
01-25 16:40:48.350  4158  4158 W PowerUI : Plug reason
01-25 16:40:48.350  4158  4158 W PowerUI : Skip charging sound - by plug status
01-25 16:40:48.350  4158  4158 I PowerUI : oldMisalign : false, curMisalign : false
01-25 16:40:48.351  4158  6708 D SecPowerUI.Notification: 1. restoreScreenTimeOut - saved_value : :
01-25 16:40:48.351  4158  6708 E SecPowerUI.Notification: no saved value, so we do nothing !!
01-25 16:40:48.351  4158  4158 D SecPowerUI.Notification: showChargingNotice oldChargingType : 8 / currentChargingType : 8, oldChargingTime : 438000 / mChargingTime : 438000
01-25 16:40:48.351  4158  4158 D SecPowerUI.Notification: showChargingNotice There is no change about charging status, so return!
01-25 16:40:48.351  4158  4158 D PowerUI : Battery swelling mode - priorBatterySwellingMode = 0 mBatterySwellingMode = 0 mBatteryStatus = 2
01-25 16:40:48.351  4158  4158 I PowerUI : mBatteryMiscEvent = 65536
01-25 16:40:48.351  4158  4158 I PowerUI : checkRestoreProtectBattery pb value : 1, Scheduling start ? : false
01-25 16:40:48.351  4158  4158 I PowerUI : Clear time
01-25 16:40:48.352  2829  6760 D KNOX_MDM_SettingsProvider: isChangeAllowed() : name = ltc_highsoc_exceed_time
01-25 16:40:48.352  2829  6760 D KNOX_MDM_SettingsProvider: edmUri: content://com.sec.knox.provider/RestrictionPolicy3
01-25 16:40:48.352  2829  6760 D KNOX_MDM_SettingsProvider: projectionArgs: isSettingsChangesAllowed
01-25 16:40:48.352  2829  6760 D KNOX_MDM_SettingsProvider: selectionArgs: false
01-25 16:40:48.352  2829  6760 D KNOX_MDM_SettingsProvider: selectionArgs: 10041
01-25 16:40:48.352  2829  6760 D SecContentProvider: query(), uri = 17 selection = isSettingsChangesAllowed
01-25 16:40:48.352 17941 17941 I [SCPMV2][SystemMonitorReceiver]: onReceive: android.intent.action.BATTERY_CHANGED
01-25 16:40:48.352  2829  6760 D SecContentProvider: called from android.uid.systemui:10041
01-25 16:40:48.352  2829  6760 D RestrictionPolicy: isSettingsChangesAllowedAsUser, userId 0 : true
01-25 16:40:48.352  2829  6760 D KNOX_MDM_SettingsProvider: ret = 1
01-25 16:40:48.352  4158  4158 I PowerUI : checkBatteryProtectionNotification : 2, pb value : 1, plugType : 2, level : 79
01-25 16:40:48.352  4158  4158 D SecPowerUI.Notification: SecBatteryStatsSnapshot{batteryLevel=79, currentBatteryMode=0, chargingTime=438000, chargingType=8, batteryHealth=2, automaticTestMode=false, isHiccupState=false, optChargingFinishTime=}
01-25 16:40:48.353  4158  4158 D PowerUI : checkBatteryProtectionTipsNotification, first : false
01-25 16:40:48.353  4158  4158 D SamsungBatteryMeterDrawable: onBatteryLevelChanged isSomethingChanged: false
01-25 16:40:48.354  4158  4158 D SamsungBatteryMeterDrawable: onBatteryLevelChanged isSomethingChanged: false
01-25 16:40:48.354  4158  4158 D SamsungBatteryMeterDrawable: onBatteryLevelChanged isSomethingChanged: false
01-25 16:40:48.354  4158  4158 D KeyguardUpdateMonitor: handleBatteryUpdate
01-25 16:40:48.437 17851 17966 D WM-DelayedWorkTracker: Scheduling work 6132515c-6c5a-4a1a-823d-4c2e7c715b1e
01-25 16:40:48.440 17851 17966 D WM-GreedyScheduler: Starting tracking for 6132515c-6c5a-4a1a-823d-4c2e7c715b1e
01-25 16:40:48.442 17851 17966 D WM-DelayedWorkTracker: Scheduling work 3aefcae3-64f0-4d81-9b30-37bd11ea14ea
01-25 16:40:48.442 17851 17966 D WM-GreedyScheduler: Starting tracking for 3aefcae3-64f0-4d81-9b30-37bd11ea14ea
01-25 16:40:48.450 17851 17950 D WM-ConstraintTracker: khr: initial state = true
01-25 16:40:48.450 17851 17950 D WM-BrdcstRcvrCnstrntTrc: khr: registering receiver
01-25 16:40:48.458 17851 17950 D WM-ConstraintTracker: kic: initial state = NetworkState(isConnected=true, isValidated=true, isMetered=false, isNotRoaming=true)
01-25 16:40:48.458 17851 17950 D WM-NetworkStateTracker: Registering network callback
01-25 16:40:48.464 17851 17950 D ConnectivityManager: StackLog: [android.net.ConnectivityManager.sendRequestForNetwork(ConnectivityManager.java:4679)] [android.net.ConnectivityManager.registerDefaultNetworkCallbackForUid(ConnectivityManager.java:5368)] [android.net.ConnectivityManager.registerDefaultNetworkCallback(ConnectivityManager.java:5335)] [android.net.ConnectivityManager.registerDefaultNetworkCallback(ConnectivityManager.java:5309)] [bv$$ExternalSyntheticApiModelOutline1.m(D8$$SyntheticClass:64)] [kic.d(PG:21)] [khh.hB(PG:91)] [khh.a(PG:13)] [fzui.g(PG:3)] [fzud.b(PG:57)] [fzyx.hB(PG:20)] [fzgx.s(PG:12)] [fzpz.run(PG:110)] [klc.run(PG:3)] [dibx.run(PG:5)] [fiic.run(PG:50)] [dibo.run(PG:42)] [java.lang.Thread.run(Thread.java:1012)] [dicz.run(PG:64)]
01-25 16:40:48.466  2829  6760 D ConnectivityService: requestNetwork for uid/pid:10236/17851 activeRequest: null callbackRequest: 31741 [NetworkRequest [ REQUEST id=31742, [ Capabilities: INTERNET&NOT_RESTRICTED&TRUSTED&NOT_VCN_MANAGED Uid: 10236 RequestorUid: 10236 RequestorPkg: com.google.android.googlequicksearchbox UnderlyingNetworks: Null] ]] callback flags: 0 order: 2147483647 isUidTracked: false declaredMethods: ALL
01-25 16:40:48.466 17851 17975 D WM-GreedyScheduler: Constraints met: Scheduling work ID WorkGenerationalId(workSpecId=6132515c-6c5a-4a1a-823d-4c2e7c715b1e, generation=1882)
01-25 16:40:48.467 17851 17975 D WM-GreedyScheduler: Constraints met: Scheduling work ID WorkGenerationalId(workSpecId=3aefcae3-64f0-4d81-9b30-37bd11ea14ea, generation=1098)
01-25 16:40:48.467  2829  3953 D ConnectivityService:    accepting network in place of null for NetworkRequest [ REQUEST id=31742, [ Capabilities: INTERNET&NOT_RESTRICTED&TRUSTED&NOT_VCN_MANAGED Uid: 10236 RequestorUid: 10236 RequestorPkg: com.google.android.googlequicksearchbox UnderlyingNetworks: Null] ]
01-25 16:40:48.469 17851 26340 D WM-NetworkStateTracker: Network capabilities changed: [ Transports: WIFI Capabilities: NOT_METERED&INTERNET&NOT_RESTRICTED&TRUSTED&NOT_VPN&VALIDATED&NOT_ROAMING&FOREGROUND&NOT_CONGESTED&NOT_SUSPENDED&NOT_VCN_MANAGED LinkUpBandwidth>=286679Kbps LinkDnBandwidth>=107654Kbps TransportInfo: <SSID: <unknown ssid>, BSSID: 02:00:00:00:00:00, MAC: 02:00:00:00:00:00, IP: /10.0.110.100, Security type: 2, Supplicant state: COMPLETED, Wi-Fi standard: 6, RSSI: -39, Link speed: 1921Mbps, Tx Link speed: 1921Mbps, Max Supported Tx Link speed: 2401Mbps, Rx Link speed: 576Mbps, Max Supported Rx Link speed: 2401Mbps, Frequency: 5560MHz, Net ID: -1, Metered hint: false, score: 60, isUsable: true, CarrierMerged: false, SubscriptionId: -1, IsPrimary: -1, Trusted: true, Restricted: false, Ephemeral: false, OEM paid: false, OEM private: false, OSU AP: false, FQDN: <none>, Provider friendly name: <none>, Requesting package name: <none><none>MLO Information: , Is TID-To-Link negotiation supported by the AP: false, AP MLD Address: <none>, AP MLO Link Id: <none>, AP MLO Affiliated links: <none>> SignalStrength: -39 UnderlyingNetworks: Null]
01-25 16:40:48.470  2829  3905 D WifiNetworkFactory: got request NetworkRequest [ REQUEST id=31742, [ Capabilities: INTERNET&NOT_RESTRICTED&TRUSTED&NOT_VCN_MANAGED Uid: 10236 RequestorUid: 10236 RequestorPkg: com.google.android.googlequicksearchbox UnderlyingNetworks: Null] ]
01-25 16:40:48.471  2829  3905 D UntrustedWifiNetworkFactory: got request NetworkRequest [ REQUEST id=31742, [ Capabilities: INTERNET&NOT_RESTRICTED&TRUSTED&NOT_VCN_MANAGED Uid: 10236 RequestorUid: 10236 RequestorPkg: com.google.android.googlequicksearchbox UnderlyingNetworks: Null] ]
01-25 16:40:48.471  2829  3905 D OemPaidWifiNetworkFactory: got request NetworkRequest [ REQUEST id=31742, [ Capabilities: INTERNET&NOT_RESTRICTED&TRUSTED&NOT_VCN_MANAGED Uid: 10236 RequestorUid: 10236 RequestorPkg: com.google.android.googlequicksearchbox UnderlyingNetworks: Null] ]
01-25 16:40:48.471 17851 17950 D WM-Processor: kdm: processing WorkGenerationalId(workSpecId=6132515c-6c5a-4a1a-823d-4c2e7c715b1e, generation=1882)
01-25 16:40:48.471  2829  3905 D MultiInternetWifiNetworkFactory: got request NetworkRequest [ REQUEST id=31742, [ Capabilities: INTERNET&NOT_RESTRICTED&TRUSTED&NOT_VCN_MANAGED Uid: 10236 RequestorUid: 10236 RequestorPkg: com.google.android.googlequicksearchbox UnderlyingNetworks: Null] ]
01-25 16:40:48.472 17851 17950 D WM-Processor: kdm: processing WorkGenerationalId(workSpecId=3aefcae3-64f0-4d81-9b30-37bd11ea14ea, generation=1098)
01-25 16:40:48.473  2829  3953 D ConnectivityService: Rematched networks [computed 0ms] [applied 2ms] [issued 4]
01-25 16:40:48.473  2829  3953 D ConnectivityService: NetworkReassignment :
01-25 16:40:48.473  2829  3953 D ConnectivityService:   31742 : null → 132
01-25 16:40:48.483 17851 17851 D WM-WorkerWrapper: Starting work for androidx.work.multiprocess.RemoteListenableDelegatingWorker
01-25 16:40:48.484 17851 17851 D WM-ListenableWorkerImpl: Binding to com.google.android.googlequicksearchbox, com.google.android.libraries.search.integrations.tiktok.RemoteWorkerService_search
01-25 16:40:48.489 17851 17851 D WM-WorkerWrapper: Starting work for androidx.work.multiprocess.RemoteListenableDelegatingWorker
01-25 16:40:48.489 17851 17851 D WM-ListenableWorkerImpl: Binding to com.google.android.googlequicksearchbox, com.google.android.libraries.search.integrations.tiktok.RemoteWorkerService_search
01-25 16:40:48.492 17851 17851 D WM-ListenableWorkerImpl: Service connected
01-25 16:40:48.492 17851 17851 D WM-ListenableWorkerImpl: Service connected
01-25 16:40:48.499 17851 17950 D WM-ListenableWorkerImpl: Executing work request (3aefcae3-64f0-4d81-9b30-37bd11ea14ea, com.google.apps.tiktok.contrib.work.TikTokListenableWorker)
01-25 16:40:48.499 17851 17942 D WM-ListenableWorkerImpl: Executing work request (6132515c-6c5a-4a1a-823d-4c2e7c715b1e, com.google.apps.tiktok.contrib.work.TikTokListenableWorker)
01-25 16:40:48.503 17851 17851 I eznv    : #sync(). Running Synclets and scheduling next sync.
01-25 16:40:48.504 17851 17851 I eznv    : #sync(). Running Synclets and scheduling next sync.
01-25 16:40:48.515 17851 17975 I eznv    : (REDACTED) Running synclets: %s
