--------- beginning of main
01-25 18:52:12.099  1919  3900 I sensors-hal: ssc_conn_event_cb:901, event[0] sensor:Light seamless  Wakeup, msg_id=1025, ts=9886212461013
01-25 18:52:12.099  1919  3900 I sensors-hal: handle_sns_client_event:46, light_seamless ts=514901977252505 ns, 39,40,2147483647, M:0,0, S:0,0
--------- beginning of system
01-25 18:52:12.103  2829  3123 D RefreshRateModeManager: onBrightnessChangedLocked, brightness=68, lux=39.0
01-25 18:52:12.259  1919  3900 I sensors-hal: ssc_conn_event_cb:901, event[0] sensor:Light seamless  Wakeup, msg_id=1025, ts=9886215533356
01-25 18:52:12.260  1919  3900 I sensors-hal: handle_sns_client_event:46, light_seamless ts=514902137270370 ns, 40,40,2147483647, M:0,0, S:0,0
01-25 18:52:12.262  2829  3123 D RefreshRateModeManager: onBrightnessChangedLocked, brightness=68, lux=40.0
01-25 18:52:12.548  1067  1067 D io_stats: !@   8,0 r 26338924 757481903 w 24732703 297333716 d 1532942 280603460 f 446586 2184575 iot 18114324 0 th 0 0 0 pt 0 inp 0 0 299901.456
01-25 18:52:12.580  1919  3900 I sensors-hal: ssc_conn_event_cb:901, event[0] sensor:Light seamless  Wakeup, msg_id=1025, ts=9886221677042
01-25 18:52:12.580  1919  3900 I sensors-hal: handle_sns_client_event:46, light_seamless ts=514902457254016 ns, 39,40,2147483647, M:0,0, S:0,0
01-25 18:52:12.585  2829  3123 D RefreshRateModeManager: onBrightnessChangedLocked, brightness=68, lux=39.0
01-25 18:52:12.732  2829  3636 D InputReader: Btn_touch(4): value=1 when=299901.640440
01-25 18:52:12.734  2829  3636 I InputReader: Touch event's action is 0x0 (id=6, t=0) [pCnt=1, s=0.25679 ] when=299901.640440
01-25 18:52:12.736  2829  3635 I InputDispatcher: Delivering touch to (4158): action: 0x4, f=0x0, d=0, '2f88cfd', t=1 
01-25 18:52:12.736  2829  3635 I InputDispatcher: Delivering touch to (27085): action: 0x0, f=0x0, d=0, '9273211', t=1 
01-25 18:52:12.737  2829  3635 D PowerManagerService: [api] userActivityFromNative : touch displayId=0 eventTime=299901640
01-25 18:52:12.737  2829  3635 D PowerManagerService: UserActivityStateListenerState: 1
01-25 18:52:12.738  4640  4640 I HoneySpace.GestureInputHandler: inputConsumers = [com.honeyspace.gesture.inputconsumer.InputConsumer$Companion$NO_OP$1@28f8d2f]
01-25 18:52:12.738 27085 27085 I ViewRootImpl@89f9cd4[MainActivity]: ViewPostIme pointer 0
01-25 18:52:12.738  4640  4640 I HoneySpace.InputSession: inputConsumers = NO_OP
01-25 18:52:12.739  4640  4640 I HoneySpace.InputSession: open
01-25 18:52:12.739  1919  3900 I sensors-hal: ssc_conn_event_cb:901, event[0] sensor:Light seamless  Wakeup, msg_id=1025, ts=9886224749181
01-25 18:52:12.739  1919  3900 I sensors-hal: handle_sns_client_event:46, light_seamless ts=514902617261255 ns, 41,40,2147483647, M:0,0, S:0,0
01-25 18:52:12.739  2829  3121 I GestureDetector: obtain mCurrentDownEvent. id: 1000076369 caller: com.android.server.wm.SystemGesturesPointerEventListener.onPointerEvent:204 com.android.server.wm.PointerEventDispatcher.onInputEvent:53 android.view.InputEventReceiver.dispatchInputEvent:337 
01-25 18:52:12.739  2829  3121 I GestureDetector: obtain mCurrentDownEvent. id: 1000076369 caller: com.android.server.wm.SystemPerformancePointerEventListener.onPointerEvent:89 com.android.server.wm.PointerEventDispatcher.onInputEvent:53 android.view.InputEventReceiver.dispatchInputEvent:337 
01-25 18:52:12.741  2829  3121 I GestureDetector: obtain mCurrentMotionEventRaw. action: 2 id: 933396799
01-25 18:52:12.741  2829  3121 I GestureDetector: obtain mCurrentMotionEventRaw. action: 2 id: 933396799
01-25 18:52:12.743  2829  3123 D RefreshRateModeManager: onBrightnessChangedLocked, brightness=68, lux=41.0
01-25 18:52:12.744  2031  2222 I VSyncReactor: Current= 120, Period= 120, Distance= 1
01-25 18:52:12.745 10023 10023 I SemDvfsHyPerManager: acquire hyper - TATouchBoost/10023@28, type = 1090523139
01-25 18:52:12.746  1928  1949 I HYPER-HAL: [RequestManager.cpp]acquire(): Acquired ID : 50516354  [10023 / 28]    HINT :      list : [TABoost / 1] [TIMEOUT / 1500] 
01-25 18:52:12.752  2031  2222 I VSyncReactor: Current= 120, Period= 120, Distance= 120
01-25 18:52:12.780  2829  3636 D InputReader: Btn_touch(4): value=0 when=299901.688573
01-25 18:52:12.780  2829  3636 I InputReader: Touch event's action is 0x1 (id=6, t=0) [pCnt=1, s=] when=299901.688573
01-25 18:52:12.781  2829  3635 I InputDispatcher: Delivering touch to (27085): action: 0x1, f=0x0, d=0, '9273211', t=1 
01-25 18:52:12.781 27085 27085 I ViewRootImpl@89f9cd4[MainActivity]: ViewPostIme pointer 1
01-25 18:52:12.781  4640  4640 I HoneySpace.GestureInputHandler: reset
01-25 18:52:12.781  4640  4640 I HoneySpace.InputSession: close
01-25 18:52:12.790 27085 27165 D PluginManager: getPlugin - put: VonagePlugin
01-25 18:52:12.805 27085 27165 D nativeloader: Load /data/app/~~wyM0s40af7s74YXKOP2ahg==/com.outsystemscloud.lucasgv.SandboxAppCordova-LshaPhVF9b7Cjb0eN_mukQ==/base.apk!/lib/arm64-v8a/libopentok.so using ns clns-4 from class loader (caller=/data/app/~~wyM0s40af7s74YXKOP2ahg==/com.outsystemscloud.lucasgv.SandboxAppCordova-LshaPhVF9b7Cjb0eN_mukQ==/base.apk): ok
01-25 18:52:12.809 27085 27165 I BluetoothAdapter: BluetoothAdapter() : com.outsystemscloud.lucasgv.SandboxAppCordova
01-25 18:52:12.810 27085 27099 W ndboxAppCordova: ApkAssets: Deleting an ApkAssets object '<empty> and /data/app/~~csm7hMd9SIgmMfIk_WLXUw==/com.google.android.webview-vNirgsnPv40aWpuAbf8oxA==/base.apk' with 1 weak references
01-25 18:52:12.811 27085 27099 W System  : A resource failed to call release. 
01-25 18:52:12.817  2829  2855 V AS.AudioDeviceBroker: startBluetoothScoForClient, uid: 10443
01-25 18:52:12.817  2829  3974 V AS.AudioDeviceBroker: onSetCommunicationDeviceForClient: CommunicationDeviceInfo mCb=android.os.BinderProxy@bc3de31 mUid=10443 mDevice=[AudioDeviceAttributes: role:output type:bt_sco addr: name: profiles:[] descriptors:[]] mOn=true mScoAudioMode=-1 mIsPrivileged=false mEventSource=startBluetoothSco()) from u/pid:10443/27085
01-25 18:52:12.817  2829  3974 V AS.AudioDeviceBroker: setCommunicationRouteForClient: device: AudioDeviceAttributes: role:output type:bt_sco addr: name: profiles:[] descriptors:[], eventSource: startBluetoothSco()) from u/pid:10443/27085
01-25 18:52:12.817  2829  3974 I AS.AudioDeviceBroker: setCommunicationRouteForClient for uid: 10443 device: AudioDeviceAttributes: role:output type:bt_sco addr: name: profiles:[] descriptors:[] isPrivileged: false from API: startBluetoothSco()) from u/pid:10443/27085
01-25 18:52:12.817  2829  3974 V AS.AudioDeviceBroker: requestedCommunicationDevice: null mAudioModeOwner: AudioModeInfo: mMode=MODE_NORMAL, mPid=0, mUid=0
01-25 18:52:12.817  2829  3974 V AS.AudioDeviceBroker: requestedCommunicationDevice: AudioDeviceAttributes: role:output type:bt_sco addr: name: profiles:[] descriptors:[] mAudioModeOwner: AudioModeInfo: mMode=MODE_NORMAL, mPid=0, mUid=0
01-25 18:52:12.817  2829  3974 W AS.BtHelper: requestScoState: no active device while connecting, mScoAudioMode=0
01-25 18:52:12.817  2829  3974 W AS.AudioDeviceBroker: setCommunicationRouteForClient: failure to start BT SCO for uid: 10443
01-25 18:52:12.817  2829  3974 V AS.AudioDeviceBroker: requestedCommunicationDevice: null mAudioModeOwner: AudioModeInfo: mMode=MODE_NORMAL, mPid=0, mUid=0
01-25 18:52:12.817  2829  3974 V AS.AudioDeviceBroker: requestedCommunicationDevice: null mAudioModeOwner: AudioModeInfo: mMode=MODE_NORMAL, mPid=0, mUid=0
01-25 18:52:12.817  2829  3974 V AS.AudioDeviceBroker: requestedCommunicationDevice: null mAudioModeOwner: AudioModeInfo: mMode=MODE_NORMAL, mPid=0, mUid=0
01-25 18:52:12.817  2829  3974 V AS.AudioDeviceBroker: updateCommunicationRoute, preferredCommunicationDevice: null eventSource: startBluetoothSco()) from u/pid:10443/27085
01-25 18:52:12.817  2829  3974 V AS.AudioDeviceBroker: requestedCommunicationDevice: null mAudioModeOwner: AudioModeInfo: mMode=MODE_NORMAL, mPid=0, mUid=0
01-25 18:52:12.818  2012  3284 D AudioFlinger: ro.audio.silent is ignored since no output device is set
01-25 18:52:12.818  2829  3974 I MicModeManager: setCommunicationDevice() deviceType: 1
01-25 18:52:12.818  2829  3974 I MicModeManager: updateAudioDevice() audioMode: 0, curDevice: 1
01-25 18:52:12.818  2829  3974 I MicModeManager: isMicModeSupported() MicModeType: 1, audioMode: 0, curDevice: 1, translationState: false, dexState: false, smartViewState: false, gameChatState: false, wifiCallState: false, videoCallState: false
01-25 18:52:12.818  2829  3974 D KNOX_MDM_SettingsProvider: isChangeAllowed() : name = mic_mode_enable
01-25 18:52:12.818 27085 27165 V [com.opentok.android]: ***** OpenTok Android SDK | Version/Revision: android-2.25.0/d4431ca9bcd213d5f2faa19289fa919cfeac7e97 | Library built on: Apr  4 2023 | CA bundle version: Tue Jan 10 04:12:06 2023 GMT | Copyright 2023 Vonage | https://www.vonage.com/legal/communications-apis/terms-of-use/
01-25 18:52:12.818  2829  3974 V AS.AudioDeviceBroker: requestedCommunicationDevice: null mAudioModeOwner: AudioModeInfo: mMode=MODE_NORMAL, mPid=0, mUid=0
01-25 18:52:12.818  2012  3293 D AudioFlinger: ro.audio.silent is ignored since no output device is set
01-25 18:52:12.818  2829  3974 E AS.AudioDeviceBroker: mCommunicationDeviceUpdateCount already 0 in MSG_L_SET_COMMUNICATION_DEVICE_FOR_CLIENT
01-25 18:52:12.818  2012  3304 D AudioFlinger: ro.audio.silent is ignored since no output device is set
01-25 18:52:12.820  2829  3974 I Telecom : SamsungTelecomServiceImpl : isInCall - callingPackage : android / callingUser : UserHandle{0} / hasCrossUserAccess : true
01-25 18:52:12.821  2829  4350 V AS.AudioDeviceBroker: setSpeakerphoneOn, on: true uid: 10443
01-25 18:52:12.821  2829  3974 V AS.AudioDeviceBroker: onSetCommunicationDeviceForClient: CommunicationDeviceInfo mCb=android.os.BinderProxy@bc3de31 mUid=10443 mDevice=[AudioDeviceAttributes: role:output type:speaker addr: name: profiles:[] descriptors:[]] mOn=true mScoAudioMode=-1 mIsPrivileged=false mEventSource=setSpeakerphoneOn(true) from u/pid:10443/27085 Package Name:com.outsystemscloud.lucasgv.SandboxAppCordova
01-25 18:52:12.821  2829  3974 V AS.AudioDeviceBroker: setCommunicationRouteForClient: device: AudioDeviceAttributes: role:output type:speaker addr: name: profiles:[] descriptors:[], eventSource: setSpeakerphoneOn(true) from u/pid:10443/27085 Package Name:com.outsystemscloud.lucasgv.SandboxAppCordova
01-25 18:52:12.821  2829  3974 I AS.AudioDeviceBroker: setCommunicationRouteForClient for uid: 10443 device: AudioDeviceAttributes: role:output type:speaker addr: name: profiles:[] descriptors:[] isPrivileged: false from API: setSpeakerphoneOn(true) from u/pid:10443/27085 Package Name:com.outsystemscloud.lucasgv.SandboxAppCordova
01-25 18:52:12.821  2829  3974 V AS.AudioDeviceBroker: requestedCommunicationDevice: null mAudioModeOwner: AudioModeInfo: mMode=MODE_NORMAL, mPid=0, mUid=0
01-25 18:52:12.821  2829  3974 V AS.AudioDeviceBroker: requestedCommunicationDevice: AudioDeviceAttributes: role:output type:speaker addr: name: profiles:[] descriptors:[] mAudioModeOwner: AudioModeInfo: mMode=MODE_NORMAL, mPid=0, mUid=0
01-25 18:52:12.821  2829  3974 V AS.AudioDeviceBroker: requestedCommunicationDevice: AudioDeviceAttributes: role:output type:speaker addr: name: profiles:[] descriptors:[] mAudioModeOwner: AudioModeInfo: mMode=MODE_NORMAL, mPid=0, mUid=0
01-25 18:52:12.821  2829  3974 V AS.AudioDeviceBroker: requestedCommunicationDevice: AudioDeviceAttributes: role:output type:speaker addr: name: profiles:[] descriptors:[] mAudioModeOwner: AudioModeInfo: mMode=MODE_NORMAL, mPid=0, mUid=0
01-25 18:52:12.821  2829  3974 V AS.AudioDeviceBroker: requestedCommunicationDevice: AudioDeviceAttributes: role:output type:speaker addr: name: profiles:[] descriptors:[] mAudioModeOwner: AudioModeInfo: mMode=MODE_NORMAL, mPid=0, mUid=0
01-25 18:52:12.821  2829  3974 V AS.AudioDeviceBroker: updateCommunicationRoute, preferredCommunicationDevice: AudioDeviceAttributes: role:output type:speaker addr: name: profiles:[] descriptors:[] eventSource: setSpeakerphoneOn(true) from u/pid:10443/27085 Package Name:com.outsystemscloud.lucasgv.SandboxAppCordova
01-25 18:52:12.822  2012 31361 V APM_AudioPolicyManager: setDevicesRoleForStrategy() strategy=14 role=1 AUDIO_DEVICE_OUT_SPEAKER, @:
01-25 18:52:12.822  2012 31361 V APM_AudioPolicyManager: selectOutput new bestOutput 13 criteria 0 100 0 0 0 0 4 2 
01-25 18:52:12.822  2012 31361 V APM_AudioPolicyManager: selectOutput new bestOutput 29 criteria 0 100 0 0 0 1 4 0 
01-25 18:52:12.822  2012 31361 V APM_AudioPolicyManager: selectOutput new bestOutput 13 criteria 0 100 0 0 0 0 4 2 
01-25 18:52:12.822  2012 31361 V APM_AudioPolicyManager: selectOutput new bestOutput 29 criteria 0 100 0 0 0 1 4 0 
01-25 18:52:12.822  2012 31361 V APM_AudioPolicyManager: selectOutput new bestOutput 13 criteria 0 100 0 0 0 0 4 2 
01-25 18:52:12.822  2012 31361 V APM_AudioPolicyManager: selectOutput new bestOutput 29 criteria 0 100 0 0 0 1 4 0 
01-25 18:52:12.822  2012 31361 V APM_AudioPolicyManager: selectOutput new bestOutput 13 criteria 0 100 0 0 0 0 4 2 
01-25 18:52:12.822  2012 31361 V APM_AudioPolicyManager: selectOutput new bestOutput 77 criteria 0 199 0 0 0 0 4 0 
01-25 18:52:12.822  2012 31361 V APM_AudioPolicyManager: selectOutput new bestOutput 13 criteria 0 100 0 0 0 0 4 2 
01-25 18:52:12.822  2012 31361 V APM_AudioPolicyManager: selectOutput new bestOutput 77 criteria 0 199 0 0 0 0 4 0 
01-25 18:52:12.822  2012 31361 V APM_AudioPolicyManager: checkOutputForAttributes: strategy 14, moving from output 13 to output 13
01-25 18:52:12.823  2012 31361 V APM_AudioPolicyManager: getNewOutputDevices selected devices AUDIO_DEVICE_NONE
01-25 18:52:12.823  2012 31361 V APM_AudioPolicyManager: setOutputDevices device AUDIO_DEVICE_NONE delayMs 100
01-25 18:52:12.823  2012 31361 V APM_AudioPolicyManager: setOutputDevices() prevDevice {AUDIO_DEVICE_OUT_EARPIECE, @:}
01-25 18:52:12.823  2012 31361 V APM_AudioPolicyManager: setOutputDevices setting same device AUDIO_DEVICE_NONE or null device, force=0, patch handle=1050
01-25 18:52:12.823  2012 31361 V APM_AudioPolicyManager: getNewOutputDevices selected devices AUDIO_DEVICE_NONE
01-25 18:52:12.823  2012 31361 V APM_AudioPolicyManager: setOutputDevices device AUDIO_DEVICE_NONE delayMs 0
01-25 18:52:12.823  2012 31361 V APM_AudioPolicyManager: setOutputDevices() prevDevice {AUDIO_DEVICE_OUT_SPEAKER, @:}
01-25 18:52:12.824  2012 31361 V APM_AudioPolicyManager: setOutputDevices setting same device AUDIO_DEVICE_NONE or null device, force=0, patch handle=1144
01-25 18:52:12.824  2012 31361 V APM_AudioPolicyManager: getNewOutputDevices selected devices AUDIO_DEVICE_NONE
01-25 18:52:12.824  2012 31361 V APM_AudioPolicyManager: setOutputDevices device AUDIO_DEVICE_NONE delayMs 0
01-25 18:52:12.824  2012 31361 V APM_AudioPolicyManager: setOutputDevices() prevDevice {AUDIO_DEVICE_OUT_SPEAKER, @:}
01-25 18:52:12.824  2012 31361 V APM_AudioPolicyManager: setOutputDevices setting same device AUDIO_DEVICE_NONE or null device, force=0, patch handle=1289
01-25 18:52:12.824  2012 31361 V APM_AudioPolicyManager: getNewOutputDevices selected devices AUDIO_DEVICE_NONE
01-25 18:52:12.824  2012 31361 V APM_AudioPolicyManager: setOutputDevices device AUDIO_DEVICE_NONE delayMs 0
01-25 18:52:12.824  2012 31361 V APM_AudioPolicyManager: setOutputDevices() prevDevice {AUDIO_DEVICE_OUT_SPEAKER, @:}
01-25 18:52:12.824  2012 31361 V APM_AudioPolicyManager: setOutputDevices changing device to AUDIO_DEVICE_NONE
01-25 18:52:12.824  2012 31361 V APM_AudioPolicyManager: checkAndSetVolume: output 37, stream 10, index 9, devices 0x2, volume 0.063096
01-25 18:52:12.824  2012 31361 V APM_AudioPolicyManager: checkAndSetVolume: output 37, stream 4, index 15, devices 0x2, volume 1.000000
01-25 18:52:12.824  2012 31361 V APM_AudioPolicyManager: checkAndSetVolume: output 37, stream 8, index 0, devices 0x2, volume 0.000000
01-25 18:52:12.825  2012 31361 V APM_AudioPolicyManager: checkAndSetVolume: output 37, stream 3, index 8, devices 0x2, volume 0.053088
01-25 18:52:12.826  2012 31361 V APM_AudioPolicyManager: checkAndSetVolume: output 37, stream 5, index 0, devices 0x2, volume 0.000000
01-25 18:52:12.826  2012 31361 V APM_AudioPolicyManager: checkAndSetVolume: output 37, stream 2, index 0, devices 0x2, volume 0.000000
01-25 18:52:12.826  2012 31361 V APM_AudioPolicyManager: checkAndSetVolume: output 37, stream 1, index 0, devices 0x2, volume 0.000000
01-25 18:52:12.826  2012 31361 V APM_AudioPolicyManager: checkAndSetVolume: output 37, stream 9, index 8, devices 0x2, volume 0.251189
01-25 18:52:12.826  2012 31361 V APM_AudioPolicyManager: checkAndSetVolume: output 37, stream 0, index 4, devices 0x2, volume 0.500000
01-25 18:52:12.827  2012 31361 V APM_AudioPolicyManager: checkAndSetVolume: output 37, stream 11, index 7, devices 0x2, volume 0.044668
01-25 18:52:12.827  2012 31361 V APM_AudioPolicyManager: getNewOutputDevices selected devices AUDIO_DEVICE_NONE
01-25 18:52:12.827  2012 31361 V APM_AudioPolicyManager: setOutputDevices device AUDIO_DEVICE_NONE delayMs 0
01-25 18:52:12.827  2012 31361 V APM_AudioPolicyManager: setOutputDevices() prevDevice {AUDIO_DEVICE_OUT_SPEAKER, @:}
01-25 18:52:12.827  2012 31361 V APM_AudioPolicyManager: setOutputDevices setting same device AUDIO_DEVICE_NONE or null device, force=0, patch handle=1038
01-25 18:52:12.827  2012 31361 V APM_AudioPolicyManager: getNewOutputDevices selected devices AUDIO_DEVICE_NONE
01-25 18:52:12.827  2012 31361 V APM_AudioPolicyManager: setOutputDevices device AUDIO_DEVICE_NONE delayMs 0
01-25 18:52:12.827  2012 31361 V APM_AudioPolicyManager: setOutputDevices() prevDevice {AUDIO_DEVICE_OUT_TELEPHONY_TX, @:}
01-25 18:52:12.827  2012 31361 V APM_AudioPolicyManager: setOutputDevices changing device to AUDIO_DEVICE_NONE
01-25 18:52:12.827  2012 31361 V APM_AudioPolicyManager: checkAndSetVolume: output 69, stream 10, index 9, devices 0x10000, volume 1.000000
01-25 18:52:12.827  2012 31361 V APM_AudioPolicyManager: checkAndSetVolume: output 69, stream 4, index 15, devices 0x10000, volume 1.000000
01-25 18:52:12.827  2012 31361 V APM_AudioPolicyManager: checkAndSetVolume: output 69, stream 8, index 0, devices 0x10000, volume 1.000000
01-25 18:52:12.828  2012 31361 V APM_AudioPolicyManager: checkAndSetVolume: output 69, stream 3, index 8, devices 0x10000, volume 1.000000
01-25 18:52:12.828  2012 31361 V APM_AudioPolicyManager: checkAndSetVolume: output 69, stream 5, index 0, devices 0x10000, volume 1.000000
01-25 18:52:12.828  2012 31361 V APM_AudioPolicyManager: checkAndSetVolume: output 69, stream 2, index 0, devices 0x10000, volume 1.000000
01-25 18:52:12.828  2012 31361 V APM_AudioPolicyManager: checkAndSetVolume: output 69, stream 1, index 0, devices 0x10000, volume 1.000000
01-25 18:52:12.829  2012 31361 V APM_AudioPolicyManager: checkAndSetVolume: output 69, stream 9, index 8, devices 0x10000, volume 1.000000
01-25 18:52:12.829  2012 31361 V APM_AudioPolicyManager: checkAndSetVolume: output 69, stream 0, index 4, devices 0x10000, volume 1.000000
01-25 18:52:12.829  2012 31361 V APM_AudioPolicyManager: checkAndSetVolume: output 69, stream 11, index 7, devices 0x10000, volume 1.000000
01-25 18:52:12.829  2012 31361 V APM_AudioPolicyManager: getNewOutputDevices selected devices AUDIO_DEVICE_NONE
01-25 18:52:12.829  2012 31361 V APM_AudioPolicyManager: setOutputDevices device AUDIO_DEVICE_NONE delayMs 0
01-25 18:52:12.829  2012 31361 V APM_AudioPolicyManager: setOutputDevices() prevDevice {AUDIO_DEVICE_OUT_SPEAKER, @:}
01-25 18:52:12.829  2012 31361 V APM_AudioPolicyManager: setOutputDevices setting same device AUDIO_DEVICE_NONE or null device, force=0, patch handle=1057
01-25 18:52:12.829  2012 31361 V APM_AudioPolicyManager: getNewOutputDevices selected devices AUDIO_DEVICE_NONE
01-25 18:52:12.829  2012 31361 V APM_AudioPolicyManager: setOutputDevices device AUDIO_DEVICE_NONE delayMs 0
01-25 18:52:12.829  2012 31361 V APM_AudioPolicyManager: setOutputDevices() prevDevice {AUDIO_DEVICE_OUT_TELEPHONY_TX, @:}
01-25 18:52:12.829  2012 31361 V APM_AudioPolicyManager: setOutputDevices changing device to AUDIO_DEVICE_NONE
01-25 18:52:12.829  2012 31361 V APM_AudioPolicyManager: checkAndSetVolume: output 85, stream 10, index 9, devices 0x10000, volume 1.000000
01-25 18:52:12.829  2012 31361 V APM_AudioPolicyManager: checkAndSetVolume: output 85, stream 4, index 15, devices 0x10000, volume 1.000000
01-25 18:52:12.829  2012 31361 V APM_AudioPolicyManager: checkAndSetVolume: output 85, stream 8, index 0, devices 0x10000, volume 1.000000
01-25 18:52:12.830  2012 31361 V APM_AudioPolicyManager: checkAndSetVolume: output 85, stream 3, index 8, devices 0x10000, volume 1.000000
01-25 18:52:12.830  2012 31361 V APM_AudioPolicyManager: checkAndSetVolume: output 85, stream 5, index 0, devices 0x10000, volume 1.000000
01-25 18:52:12.830  2012 31361 V APM_AudioPolicyManager: checkAndSetVolume: output 85, stream 2, index 0, devices 0x10000, volume 1.000000
01-25 18:52:12.830  2012 31361 V APM_AudioPolicyManager: checkAndSetVolume: output 85, stream 1, index 0, devices 0x10000, volume 1.000000
01-25 18:52:12.831  2012 31361 V APM_AudioPolicyManager: checkAndSetVolume: output 85, stream 9, index 8, devices 0x10000, volume 1.000000
01-25 18:52:12.831  2012 31361 V APM_AudioPolicyManager: checkAndSetVolume: output 85, stream 0, index 4, devices 0x10000, volume 1.000000
01-25 18:52:12.831  2012 31361 V APM_AudioPolicyManager: checkAndSetVolume: output 85, stream 11, index 7, devices 0x10000, volume 1.000000
01-25 18:52:12.832  2012  2177 V APM_AudioPolicyManager: setDevicesRoleForStrategy() strategy=17 role=1 AUDIO_DEVICE_OUT_SPEAKER, @:
01-25 18:52:12.833  2012  2177 V APM_AudioPolicyManager: getNewOutputDevices selected devices AUDIO_DEVICE_NONE
01-25 18:52:12.833  2012  2177 V APM_AudioPolicyManager: setOutputDevices device AUDIO_DEVICE_NONE delayMs 0
01-25 18:52:12.833  2012  2177 V APM_AudioPolicyManager: setOutputDevices() prevDevice {AUDIO_DEVICE_OUT_EARPIECE, @:}
01-25 18:52:12.833  2012  2177 V APM_AudioPolicyManager: setOutputDevices setting same device AUDIO_DEVICE_NONE or null device, force=0, patch handle=1050
01-25 18:52:12.833  2012  2177 V APM_AudioPolicyManager: getNewOutputDevices selected devices AUDIO_DEVICE_NONE
01-25 18:52:12.833  2012  2177 V APM_AudioPolicyManager: setOutputDevices device AUDIO_DEVICE_NONE delayMs 0
01-25 18:52:12.833  2012  2177 V APM_AudioPolicyManager: setOutputDevices() prevDevice {AUDIO_DEVICE_OUT_SPEAKER, @:}
01-25 18:52:12.833  2012  2177 V APM_AudioPolicyManager: setOutputDevices setting same device AUDIO_DEVICE_NONE or null device, force=0, patch handle=1144
01-25 18:52:12.833  2012  2177 V APM_AudioPolicyManager: getNewOutputDevices selected devices AUDIO_DEVICE_NONE
01-25 18:52:12.833  2012  2177 V APM_AudioPolicyManager: setOutputDevices device AUDIO_DEVICE_NONE delayMs 0
01-25 18:52:12.833  2012  2177 V APM_AudioPolicyManager: setOutputDevices() prevDevice {AUDIO_DEVICE_OUT_SPEAKER, @:}
01-25 18:52:12.834  2012  2177 V APM_AudioPolicyManager: setOutputDevices setting same device AUDIO_DEVICE_NONE or null device, force=0, patch handle=1289
01-25 18:52:12.834  2012  2177 V APM_AudioPolicyManager: getNewOutputDevices selected devices AUDIO_DEVICE_NONE
01-25 18:52:12.834  2012  2177 V APM_AudioPolicyManager: setOutputDevices device AUDIO_DEVICE_NONE delayMs 0
01-25 18:52:12.834  2012  2177 V APM_AudioPolicyManager: setOutputDevices() prevDevice {AUDIO_DEVICE_OUT_SPEAKER, @:}
01-25 18:52:12.834  2012  2177 V APM_AudioPolicyManager: setOutputDevices changing device to AUDIO_DEVICE_NONE
01-25 18:52:12.834  2012  2177 V APM_AudioPolicyManager: checkAndSetVolume: output 37, stream 10, index 9, devices 0x2, volume 0.063096
01-25 18:52:12.834  2012  2177 V APM_AudioPolicyManager: checkAndSetVolume: output 37, stream 4, index 15, devices 0x2, volume 1.000000
01-25 18:52:12.834  2012  2177 V APM_AudioPolicyManager: checkAndSetVolume: output 37, stream 8, index 0, devices 0x2, volume 0.000000
01-25 18:52:12.834  2012  2177 V APM_AudioPolicyManager: checkAndSetVolume: output 37, stream 3, index 8, devices 0x2, volume 0.053088
01-25 18:52:12.835  2012  2177 V APM_AudioPolicyManager: checkAndSetVolume: output 37, stream 5, index 0, devices 0x2, volume 0.000000
01-25 18:52:12.835  2012  2177 V APM_AudioPolicyManager: checkAndSetVolume: output 37, stream 2, index 0, devices 0x2, volume 0.000000
01-25 18:52:12.835  2012  2177 V APM_AudioPolicyManager: checkAndSetVolume: output 37, stream 1, index 0, devices 0x2, volume 0.000000
01-25 18:52:12.835  2012  2177 V APM_AudioPolicyManager: checkAndSetVolume: output 37, stream 9, index 8, devices 0x2, volume 0.251189
01-25 18:52:12.835  2012  2177 V APM_AudioPolicyManager: checkAndSetVolume: output 37, stream 0, index 4, devices 0x2, volume 0.500000
01-25 18:52:12.836  2012  2177 V APM_AudioPolicyManager: checkAndSetVolume: output 37, stream 11, index 7, devices 0x2, volume 0.044668
01-25 18:52:12.836  2012  2177 V APM_AudioPolicyManager: getNewOutputDevices selected devices AUDIO_DEVICE_NONE
01-25 18:52:12.836  2012  2177 V APM_AudioPolicyManager: setOutputDevices device AUDIO_DEVICE_NONE delayMs 0
01-25 18:52:12.836  2012  2177 V APM_AudioPolicyManager: setOutputDevices() prevDevice {AUDIO_DEVICE_OUT_SPEAKER, @:}
01-25 18:52:12.836  2012  2177 V APM_AudioPolicyManager: setOutputDevices setting same device AUDIO_DEVICE_NONE or null device, force=0, patch handle=1038
01-25 18:52:12.836  2012  2177 V APM_AudioPolicyManager: getNewOutputDevices selected devices AUDIO_DEVICE_NONE
01-25 18:52:12.836  2012  2177 V APM_AudioPolicyManager: setOutputDevices device AUDIO_DEVICE_NONE delayMs 0
01-25 18:52:12.836  2012  2177 V APM_AudioPolicyManager: setOutputDevices() prevDevice {AUDIO_DEVICE_OUT_TELEPHONY_TX, @:}
01-25 18:52:12.836  2012  2177 V APM_AudioPolicyManager: setOutputDevices changing device to AUDIO_DEVICE_NONE
01-25 18:52:12.836  2012  2177 V APM_AudioPolicyManager: checkAndSetVolume: output 69, stream 10, index 9, devices 0x10000, volume 1.000000
01-25 18:52:12.836  2012  2177 V APM_AudioPolicyManager: checkAndSetVolume: output 69, stream 4, index 15, devices 0x10000, volume 1.000000
01-25 18:52:12.836  2012  2177 V APM_AudioPolicyManager: checkAndSetVolume: output 69, stream 8, index 0, devices 0x10000, volume 1.000000
01-25 18:52:12.837  2012  2177 V APM_AudioPolicyManager: checkAndSetVolume: output 69, stream 3, index 8, devices 0x10000, volume 1.000000
01-25 18:52:12.837  2012  2177 V APM_AudioPolicyManager: checkAndSetVolume: output 69, stream 5, index 0, devices 0x10000, volume 1.000000
01-25 18:52:12.837  2012  2177 V APM_AudioPolicyManager: checkAndSetVolume: output 69, stream 2, index 0, devices 0x10000, volume 1.000000
01-25 18:52:12.837  2012  2177 V APM_AudioPolicyManager: checkAndSetVolume: output 69, stream 1, index 0, devices 0x10000, volume 1.000000
01-25 18:52:12.838  2012  2177 V APM_AudioPolicyManager: checkAndSetVolume: output 69, stream 9, index 8, devices 0x10000, volume 1.000000
01-25 18:52:12.838  2012  2177 V APM_AudioPolicyManager: checkAndSetVolume: output 69, stream 0, index 4, devices 0x10000, volume 1.000000
01-25 18:52:12.838  2012  2177 V APM_AudioPolicyManager: checkAndSetVolume: output 69, stream 11, index 7, devices 0x10000, volume 1.000000
01-25 18:52:12.838  2012  2177 V APM_AudioPolicyManager: getNewOutputDevices selected devices AUDIO_DEVICE_NONE
01-25 18:52:12.838  2012  2177 V APM_AudioPolicyManager: setOutputDevices device AUDIO_DEVICE_NONE delayMs 0
01-25 18:52:12.838  2012  2177 V APM_AudioPolicyManager: setOutputDevices() prevDevice {AUDIO_DEVICE_OUT_SPEAKER, @:}
01-25 18:52:12.838  2012  2177 V APM_AudioPolicyManager: setOutputDevices setting same device AUDIO_DEVICE_NONE or null device, force=0, patch handle=1057
01-25 18:52:12.838  2012  2177 V APM_AudioPolicyManager: getNewOutputDevices selected devices AUDIO_DEVICE_NONE
01-25 18:52:12.838  2012  2177 V APM_AudioPolicyManager: setOutputDevices device AUDIO_DEVICE_NONE delayMs 0
01-25 18:52:12.838  2012  2177 V APM_AudioPolicyManager: setOutputDevices() prevDevice {AUDIO_DEVICE_OUT_TELEPHONY_TX, @:}
01-25 18:52:12.838  2012  2177 V APM_AudioPolicyManager: setOutputDevices changing device to AUDIO_DEVICE_NONE
01-25 18:52:12.838  2012  2177 V APM_AudioPolicyManager: checkAndSetVolume: output 85, stream 10, index 9, devices 0x10000, volume 1.000000
01-25 18:52:12.839  2012  2177 V APM_AudioPolicyManager: checkAndSetVolume: output 85, stream 4, index 15, devices 0x10000, volume 1.000000
01-25 18:52:12.839  2012  2177 V APM_AudioPolicyManager: checkAndSetVolume: output 85, stream 8, index 0, devices 0x10000, volume 1.000000
01-25 18:52:12.839  2012  2177 V APM_AudioPolicyManager: checkAndSetVolume: output 85, stream 3, index 8, devices 0x10000, volume 1.000000
01-25 18:52:12.839  2012  2177 V APM_AudioPolicyManager: checkAndSetVolume: output 85, stream 5, index 0, devices 0x10000, volume 1.000000
01-25 18:52:12.840  2012  2177 V APM_AudioPolicyManager: checkAndSetVolume: output 85, stream 2, index 0, devices 0x10000, volume 1.000000
01-25 18:52:12.840  2012  2177 V APM_AudioPolicyManager: checkAndSetVolume: output 85, stream 1, index 0, devices 0x10000, volume 1.000000
01-25 18:52:12.840 27085 27165 W PluginManager: THREAD WARNING: exec() call to VonagePlugin.connectToSession blocked the main thread for 50ms. Plugin should use CordovaInterface.getThreadPool().
01-25 18:52:12.840  2012  2177 V APM_AudioPolicyManager: checkAndSetVolume: output 85, stream 9, index 8, devices 0x10000, volume 1.000000
01-25 18:52:12.840  2012  2177 V APM_AudioPolicyManager: checkAndSetVolume: output 85, stream 0, index 4, devices 0x10000, volume 1.000000
01-25 18:52:12.840  2012  2177 V APM_AudioPolicyManager: checkAndSetVolume: output 85, stream 11, index 7, devices 0x10000, volume 1.000000
01-25 18:52:12.841  2829  3974 V AS.AudioDeviceBroker: requestedCommunicationDevice: AudioDeviceAttributes: role:output type:speaker addr: name: profiles:[] descriptors:[] mAudioModeOwner: AudioModeInfo: mMode=MODE_NORMAL, mPid=0, mUid=0
01-25 18:52:12.841  2829  3974 I MicModeManager: setCommunicationDevice() deviceType: 2
01-25 18:52:12.841  2829  3974 I MicModeManager: updateAudioDevice() audioMode: 0, curDevice: 2
01-25 18:52:12.841  2829  3974 I MicModeManager: isMicModeSupported() MicModeType: 1, audioMode: 0, curDevice: 2, translationState: false, dexState: false, smartViewState: false, gameChatState: false, wifiCallState: false, videoCallState: false
01-25 18:52:12.841  2829  3974 D KNOX_MDM_SettingsProvider: isChangeAllowed() : name = mic_mode_enable
01-25 18:52:12.841  2829  3974 V AS.AudioDeviceBroker: requestedCommunicationDevice: AudioDeviceAttributes: role:output type:speaker addr: name: profiles:[] descriptors:[] mAudioModeOwner: AudioModeInfo: mMode=MODE_NORMAL, mPid=0, mUid=0
01-25 18:52:12.841  2829  3974 E AS.AudioDeviceBroker: mCommunicationDeviceUpdateCount already 0 in MSG_L_SET_COMMUNICATION_DEVICE_FOR_CLIENT
01-25 18:52:12.842  2829  3974 I Telecom : SamsungTelecomServiceImpl : isInCall - callingPackage : android / callingUser : UserHandle{0} / hasCrossUserAccess : true
01-25 18:52:12.842  2829  2829 I Telecom : SamsungCallAudioRouteStateMachine: isSpeakerPhoneChangedByTelecom - modeOwner : android: CARSM.mSPCR@jw4
01-25 18:52:12.842  2829  2829 V AS.AudioDeviceBroker: requestedCommunicationDevice: AudioDeviceAttributes: role:output type:speaker addr: name: profiles:[] descriptors:[] mAudioModeOwner: AudioModeInfo: mMode=MODE_NORMAL, mPid=0, mUid=0
01-25 18:52:12.842  2829  4946 I Telecom : CallAudioRouteStateMachine: Message received: SPEAKER_ON=1006, arg1=0: CARSM.mSPCR->CARSM.pM_SPEAKER_ON@jw4
01-25 18:52:12.842  2829  4946 I Telecom : QuiescentEarpieceRoute: Processing message SPEAKER_ON: CARSM.mSPCR->CARSM.pM_SPEAKER_ON@jw4
01-25 18:52:12.843  2012 31361 V APM_AudioPolicyManager: setForceUse() usage 7, config 0, mPhoneState 0
01-25 18:52:12.843  2012 31361 W APM_AudioPolicyManager: setForceUse() usage 7, config 0 is already set
01-25 18:52:12.850  2012 31361 V APM_AudioPolicyManager: setForceUse() usage 7, config 0, mPhoneState 0
01-25 18:52:12.850  2012 31361 W APM_AudioPolicyManager: setForceUse() usage 7, config 0 is already set
01-25 18:52:12.866  2031  2155 D RenderEngine: [SEC_GC_CMN_SF_EFFECTS] drawLayersInternal,1279, Rendering layer  at index 0
01-25 18:52:12.866  2031  2155 D RenderEngine: [SEC_GC_CMN_SF_EFFECTS] drawLayersInternal,1279, Rendering layer com.outsystemscloud.lucasgv.SandboxAppCordova/com.outsystemscloud.lucasgv.SandboxAppCordova.MainActivity$_27085#44920 at index 1
01-25 18:52:12.967  2031  2155 D RenderEngine: [SEC_GC_CMN_SF_EFFECTS] drawLayersInternal,1279, Rendering layer  at index 0
01-25 18:52:12.967  2031  2155 D RenderEngine: [SEC_GC_CMN_SF_EFFECTS] drawLayersInternal,1279, Rendering layer com.outsystemscloud.lucasgv.SandboxAppCordova/com.outsystemscloud.lucasgv.SandboxAppCordova.MainActivity$_27085#44920 at index 1
01-25 18:52:13.039  2829  2829 I GestureDetector: handleMessage TAP
01-25 18:52:13.040  2829  3121 I GestureDetector: handleMessage TAP
01-25 18:52:13.067  2031  2155 D RenderEngine: [SEC_GC_CMN_SF_EFFECTS] drawLayersInternal,1279, Rendering layer  at index 0
01-25 18:52:13.067  2031  2155 D RenderEngine: [SEC_GC_CMN_SF_EFFECTS] drawLayersInternal,1279, Rendering layer com.outsystemscloud.lucasgv.SandboxAppCordova/com.outsystemscloud.lucasgv.SandboxAppCordova.MainActivity$_27085#44920 at index 1
01-25 18:52:13.084  2829  4072 D NetdEventListenerService: DNS Requested by 132, 10443, 246
01-25 18:52:13.086  2829  4072 D NetdEventListenerService: DNS Requested by 132, 10443, 244
01-25 18:52:13.151  2829  5012 D FreecessController: com.whatsapp(10301) is important[18]
01-25 18:52:13.170  2829  4072 D NetdEventListenerService: DNS Requested by 132, 10443, 1
01-25 18:52:13.315  2829  6045 D SemWifiUsabilityStatsMonitor: onWifiUsabilityStats - seqNum 21486, isSameBssidAndFreq true
01-25 18:52:13.315  2829  4028 I SemWifiLinkQualityMonitor: Link stat: 1160 / 17 / 1,52 (35) / 1441 / -44.0 || 100.0 : 1441,00 / 0.5 : 0,66 / 0.55 : 0,01 / G (G) || 0,23 ms / 34,73 Mbps / N || 0 / N / 0 N / 0 Y
01-25 18:52:13.379  1919  3900 I sensors-hal: ssc_conn_event_cb:901, event[0] sensor:Light seamless  Wakeup, msg_id=1025, ts=9886237037015
01-25 18:52:13.379  1919  3900 I sensors-hal: handle_sns_client_event:46, light_seamless ts=514903257252609 ns, 39,40,2147483647, M:0,0, S:0,0
01-25 18:52:13.383  2829  3123 D RefreshRateModeManager: onBrightnessChangedLocked, brightness=68, lux=39.0
01-25 18:52:13.523  4158  4158 D SecPowerUI.Notification: showChargingNotice oldChargingType : 8 / currentChargingType : 8, oldChargingTime : 2004000 / mChargingTime : 2004000
01-25 18:52:13.523  4158  4158 D SecPowerUI.Notification: showChargingNotice There is no change about charging status, so return!
01-25 18:52:13.539  1919  3900 I sensors-hal: ssc_conn_event_cb:901, event[0] sensor:Light seamless  Wakeup, msg_id=1025, ts=9886240117740
01-25 18:52:13.539  1919  3900 I sensors-hal: handle_sns_client_event:46, light_seamless ts=514903417707037 ns, 40,40,2147483647, M:0,0, S:0,0
01-25 18:52:13.541  2829  3123 D RefreshRateModeManager: onBrightnessChangedLocked, brightness=68, lux=40.0
01-25 18:52:13.850  2829  4072 D NetdEventListenerService: DNS Requested by 132, 10443, 2
01-25 18:52:13.859  1919  3900 I sensors-hal: ssc_conn_event_cb:901, event[0] sensor:Light seamless  Wakeup, msg_id=1025, ts=9886246253613
01-25 18:52:13.859  1919  3900 I sensors-hal: handle_sns_client_event:46, light_seamless ts=514903737283755 ns, 39,40,2147483647, M:0,0, S:0,0
01-25 18:52:13.863  2829  3123 D RefreshRateModeManager: onBrightnessChangedLocked, brightness=68, lux=39.0
01-25 18:52:14.019  1919  3900 I sensors-hal: ssc_conn_event_cb:901, event[0] sensor:Light seamless  Wakeup, msg_id=1025, ts=9886249333270
01-25 18:52:14.019  1919  3900 I sensors-hal: handle_sns_client_event:46, light_seamless ts=514903897682557 ns, 41,40,2147483647, M:0,0, S:0,0
01-25 18:52:14.022  2829  3123 D RefreshRateModeManager: onBrightnessChangedLocked, brightness=68, lux=41.0
01-25 18:52:14.179  1919 26622 I sensors-hal: handle_sns_std_sensor_event:436, [SSC_LIGHT] P: 40(40),m:13,c:291,b:68,c0:27984,l:39,f(r):98,u(bl):100,j:15
01-25 18:52:14.208 10023 11531 I SDHMS:C : SIOP:: AP:460 BAT:394 USB:378 CHG:454 PA:452 CP:-200 WIFI:449 CF:423 BLK:0 SUBBAT:0 SKIN:405 SKINF:405 SKINB:399 LRP:405 LRP2:405 LRF2:405 LRB2:399 AP2:405 CHG2:400 WIFI2:405 UANT2:403 DANT2:379 RCV2:399 SPK2:378 FCAM:378 UPSPK:416 DNSPK:377 VAP02:483 VWIFI:443 AMB:370 AMB2:322 AVGCUR:-725
01-25 18:52:14.210  2829  3167 D BatteryExternalStatsWorker: update stats : wakelock-change (1)
01-25 18:52:14.233  2829  3167 D BatteryExternalStatsWorker: Update CPU state
01-25 18:52:14.233  2829  3167 D BatteryExternalStatsWorker: mStats lock released
01-25 18:52:14.233  2829  3167 D BatteryExternalStatsWorker: done updateExternalStatsLocked
01-25 18:52:14.247  1928 27254 I HYPER-HAL: [RequestManager.cpp]releaseLocked(): Released ID : 50516354
01-25 18:52:14.315 27085 27165 D CompatibilityChangeReporter: Compat change id reported: 236825255; UID 10443; state: ENABLED
01-25 18:52:14.327 27085 27085 D VonagePlugin: publisherContainer encontrado: false
01-25 18:52:14.327 27085 27085 E VonagePlugin: Elemento HTML não encontrado ou inválido: publisher2
01-25 18:52:14.330 27085 27085 I chromium: [INFO:CONSOLE(576)] "Connected to session", source: https://lucasgv.outsystemscloud.com/SandboxAppCordova/scripts/SandboxAppCordova.MainFlow.Screen1.mvc.js?5A2u8GAasjUNuDHh1Vg9bQ (576)
01-25 18:52:14.333  2411  2411 I CameraService: CameraService::connect call (PID 27085 "com.outsystemscloud.lucasgv.SandboxAppCordova", camera ID 1) and Camera API version 2
01-25 18:52:14.334  2411  2411 I CameraService: isUidActiveLocked E: uid 10443, callingPackage com.outsystemscloud.lucasgv.SandboxAppCordova, isRegistered true
01-25 18:52:14.334  2411  2411 I CameraService: isUidActiveLocked: start to wait until com.outsystemscloud.lucasgv.SandboxAppCordova gets into active.
01-25 18:52:14.335  2411  2411 I CameraService: isUidActiveLocked X: uid 10443, callingPackage com.outsystemscloud.lucasgv.SandboxAppCordova, isActive true.
01-25 18:52:14.335  2829  4350 I EDMNativeHelperService: isCameraEnabled
01-25 18:52:14.336  2829  4350 D EDMNativeHelper: isCameraEnabled
01-25 18:52:14.336  2829  4350 D EDMNativeHelper: checking for camera in EnterpriseDeviceManagerService
01-25 18:52:14.336  2829  4350 D EnterpriseDeviceManagerService: isCameraEnabledNative
01-25 18:52:14.336  2829  4350 D EnterpriseDeviceManagerService: checking for camera in restriction policy
01-25 18:52:14.336  2829  4350 D RestrictionPolicy: isCameraEnabled ret(true) userId(0) cxtInfo.mCallerUid(10443) cxtInfo.mContainerId(0)
01-25 18:52:14.337  2411  2411 I CameraService: CameraService::validateClientPermissionsLocked is ok : calling pid 27085, calling uid 10443, client com.outsystemscloud.lucasgv.SandboxAppCordova , cameraservice pid=2411, device user 0, currently allowed device users: 0
01-25 18:52:14.337  2411  2411 I CameraService: CameraService::handleEvictionsLocked
01-25 18:52:14.337  2411  2411 I CameraService: wouldEvictLocked: [incoming client] owner = 27085, priority-score=0, cost=51, returnIncompatibleClients=false
01-25 18:52:14.337  2411  2411 I CameraService: wouldEvictLocked: [cost info] current cost=0, adding cost=51, total cost=51, max cost=100
01-25 18:52:14.337  2411  2411 I CameraService: wouldEvictLocked: [highestPriority] owner=27085, score=0
01-25 18:52:14.337  2411  2411 I CameraFlashlight: prepareDeviceOpen: prepare for device open(cameraId=1)
01-25 18:52:14.337  2411  2411 I Camera2ClientBase: Camera 1: Opened. Client: com.outsystemscloud.lucasgv.SandboxAppCordova (PID 27085, UID 10443)
01-25 18:52:14.337  2411  2411 I CameraDeviceClient: CameraDeviceClient 1: Opened
01-25 18:52:14.337  2411  2411 I cameraserver: isNoSALoggingPackage: com.outsystemscloud.lucasgv.SandboxAppCordova is a third party package.
01-25 18:52:14.337  2411  2411 I CameraService: makeClient: Camera2 API, override to portrait 0
01-25 18:52:14.337  2411  2411 I CameraService: service.camera.client set to com.outsystemscloud.lucasgv.SandboxAppCordova
01-25 18:52:14.337  2829  4350 I CameraManagerGlobal: Camera 1 facing CAMERA_FACING_FRONT state now CAMERA_STATE_OPENING for client com.outsystemscloud.lucasgv.SandboxAppCordova API Level 2 User Id 0
01-25 18:52:14.338  2829  4350 I CameraManagerGlobal: onCameraDeviceStateChangedLocked: post device state update
01-25 18:52:14.338  2829  4350 I CameraManagerGlobal: onCameraDeviceStateChangedLocked: post device state update
01-25 18:52:14.338  4158  9655 I CameraManagerGlobal: Camera 1 facing CAMERA_FACING_FRONT state now CAMERA_STATE_OPENING for client com.outsystemscloud.lucasgv.SandboxAppCordova API Level 2 User Id 0
01-25 18:52:14.338 10023 30116 I CameraManagerGlobal: Camera 1 facing CAMERA_FACING_FRONT state now CAMERA_STATE_OPENING for client com.outsystemscloud.lucasgv.SandboxAppCordova API Level 2 User Id 0
01-25 18:52:14.338 10023 30116 I CameraManagerGlobal: onCameraDeviceStateChangedLocked: post device state update
01-25 18:52:14.338  2411  2411 I Camera2ClientBase: initializeImpl: Initializing client for camera 1
01-25 18:52:14.338  2411  2411 D ijt/Camera3-RequestInjector: RequestInjector[1] Mapper created
01-25 18:52:14.338  2411  2411 I Camera3-Device: Camera3Device: Created device for camera 1
01-25 18:52:14.338  2411  2411 I AidlCamera3-Device: new AidlCamera3Device E
01-25 18:52:14.338  2411  2411 I AidlCamera3-Device: SEH CameraDeviceCallback extension configure E
01-25 18:52:14.338 10023 30116 I CameraManagerGlobal: onCameraDeviceStateChangedLocked: post device state update
01-25 18:52:14.338  2411  2411 I AidlCamera3-Device: SEH CameraDeviceCallback extension configured X
01-25 18:52:14.338  2411  2411 I AidlCamera3-Device: new AidlCamera3Device X
01-25 18:52:14.338  2411  2411 D AidlCamera3-Device: CameraPerf: initialize E
01-25 18:52:14.338  2411  2411 D AidlCamera3-Device: initialize: mInterfaceLock.lock()
01-25 18:52:14.338  2411  2411 D CameraProviderManager: CameraPerf: openAidlSession E
01-25 18:52:14.338 27085 27181 I CameraManagerGlobal: Camera 1 facing CAMERA_FACING_FRONT state now CAMERA_STATE_OPENING for client com.outsystemscloud.lucasgv.SandboxAppCordova API Level 2 User Id 0
01-25 18:52:14.338  4549 18529 I CameraManagerGlobal: Camera 1 facing CAMERA_FACING_FRONT state now CAMERA_STATE_OPENING for client com.outsystemscloud.lucasgv.SandboxAppCordova API Level 2 User Id 0
01-25 18:52:14.338 17851 13083 I CameraManagerGlobal: Camera 1 facing CAMERA_FACING_FRONT state now CAMERA_STATE_OPENING for client com.outsystemscloud.lucasgv.SandboxAppCordova API Level 2 User Id 0
01-25 18:52:14.338  1959 19063 I Samsung_CameraDevice_impl: [CAMKPI] camera3->open : E
01-25 18:52:14.338  1959 19063 I Unihal  : UniDebugLog.cpp: __unihal_log_status_update: 60: UpdateLogStatus 0000000d ERR 1 PERF 0 WARN 4 INFO 8 DEBUG 0 DUMP 0 STRACE 0 META 0
01-25 18:52:14.338 25648 25684 I CameraManagerGlobal: Camera 1 facing CAMERA_FACING_FRONT state now CAMERA_STATE_OPENING for client com.outsystemscloud.lucasgv.SandboxAppCordova API Level 2 User Id 0
01-25 18:52:14.338  1959 19063 I Unihal  : UniHal3InterfaceEntry.cpp: uni_open_camera_hardware: 593: [UNIKPI][1] UniHAL->open: E
01-25 18:52:14.338  1959 19063 I Unihal  : UniHal3InterfaceEntry.cpp: uni_open_camera_hardware: 596: UNIHAL_VERSION = "3.0"
01-25 18:52:14.338  1959 19063 I Unihal  : CameraDevice.cpp: OpenCameraHardware_v3: 400: name : 1 camera id : 1
01-25 18:52:14.338  1959 19063 I Unihal  : CameraDevice.cpp: OpenCameraHardware_v3: 423: [UNIKPI][1] VndHAL->open: E
01-25 18:52:14.338  9872 16244 I CameraManagerGlobal: Camera 1 facing CAMERA_FACING_FRONT state now CAMERA_STATE_OPENING for client com.outsystemscloud.lucasgv.SandboxAppCordova API Level 2 User Id 0
01-25 18:52:14.338 25689 25700 I CameraManagerGlobal: Camera 1 facing CAMERA_FACING_FRONT state now CAMERA_STATE_OPENING for client com.outsystemscloud.lucasgv.SandboxAppCordova API Level 2 User Id 0
01-25 18:52:14.339  1959 19063 I CHI     : [SS_LOW ]: [CHI         ]: chxextensionmodule.cpp: ExecuteMemBoost: 23871: Set MemBoost(2) by 0
01-25 18:52:14.339  1919  3900 I sensors-hal: ssc_conn_event_cb:901, event[0] sensor:Light seamless  Wakeup, msg_id=1025, ts=9886255472138
01-25 18:52:14.339  1919  3900 I sensors-hal: handle_sns_client_event:46, light_seamless ts=514904217415266 ns, 39,40,2147483647, M:0,0, S:0,0
01-25 18:52:14.339  1947  1947 I SDM     : ResourceImpl::SetMaxBandwidthMode: new bandwidth mode=1
01-25 18:52:14.339 17429 19963 I CameraManagerGlobal: Camera 1 facing CAMERA_FACING_FRONT state now CAMERA_STATE_OPENING for client com.outsystemscloud.lucasgv.SandboxAppCordova API Level 2 User Id 0
01-25 18:52:14.342  1959 19063 I Unihal  : CameraDevice.cpp: OpenCameraHardware_v3: 423: [UNIKPI][1] VndHAL->open: X
01-25 18:52:14.342  1959 19063 I Unihal  : UniState.cpp: transitState: 102: Transiting to state 1
01-25 18:52:14.342  1959 19063 I Unihal  : ParameterManager.cpp: SetCharacteristics: 212: Registered camera characteristics successfully : cameraId=1, characteristics=0xb40000797b4fdf00
01-25 18:52:14.342  1959 19063 I Unihal  : UniHal3InterfaceEntry.cpp: uni_open_camera_hardware: 593: [UNIKPI][1] UniHAL->open: X
01-25 18:52:14.342  1959 19063 I Samsung_CameraDevice_impl: [CAMKPI] camera3->open : X
01-25 18:52:14.342  1959 19063 I Unihal  : UniState.cpp: transitState: 102: Transiting to state 2
01-25 18:52:14.344  2031  2031 I SurfaceFlinger: SFWD update time=299903251996636
01-25 18:52:14.345 11685 11837 I CameraManagerGlobal: Camera 1 facing CAMERA_FACING_FRONT state now CAMERA_STATE_OPENING for client com.outsystemscloud.lucasgv.SandboxAppCordova API Level 2 User Id 0
01-25 18:52:14.346  2829  3123 D RefreshRateModeManager: onBrightnessChangedLocked, brightness=68, lux=39.0
01-25 18:52:14.353  2031  2155 D RenderEngine: [SEC_GC_CMN_SF_EFFECTS] drawLayersInternal,1279, Rendering layer  at index 0
01-25 18:52:14.353  2031  2155 D RenderEngine: [SEC_GC_CMN_SF_EFFECTS] drawLayersInternal,1279, Rendering layer com.outsystemscloud.lucasgv.SandboxAppCordova/com.outsystemscloud.lucasgv.SandboxAppCordova.MainActivity$_27085#44920 at index 1
01-25 18:52:14.353  2829  3622 I RequestInjectorService: Camera is opening. Start VT Camera Setting. cameraId(1), displayId(0)
01-25 18:52:14.354 17849 22220 I CameraManagerGlobal: Camera 1 facing CAMERA_FACING_FRONT state now CAMERA_STATE_OPENING for client com.outsystemscloud.lucasgv.SandboxAppCordova API Level 2 User Id 0
01-25 18:52:14.355  1959 19063 I SCH_AidlCameraDeviceSession: SEH CameraDevice callback extension acquired.
01-25 18:52:14.355  1959 19063 I SCH_AidlCameraDeviceSession: SEH Success to set CameraDeviceSession Extention
01-25 18:52:14.355  2411  2411 D CameraProviderManager: CameraPerf: openAidlSession X (17ms)
01-25 18:52:14.356  2411  2411 D AidlCamera3-Device: CameraPerf: initialize X (17ms)
01-25 18:52:14.356  2411  2411 D Camera3-Device: CameraPerf: initializeCommonLocked: E
01-25 18:52:14.356  2411  2411 I Camera3-Status: addComponent: Adding new component 0 - InflightRequests
01-25 18:52:14.356  2411  2411 I Camera3-Status: addComponent: Adding new component 1 - BufferRequestSM
01-25 18:52:14.356  2411  2411 I Camera3-Status: addComponent: Adding new component 2 - RequestThread
01-25 18:52:14.356  2411  2411 D Camera3-Device: initializeCommonLocked mTimestampOffset = 215000971310368ns.
01-25 18:52:14.357  2411  2411 D Camera3-Device: CameraPerf: initializeCommonLocked: X (1ms)
01-25 18:52:14.357  2411  2411 I CameraService: startCameraOps: Start camera ops, package name = com.outsystemscloud.lucasgv.SandboxAppCordova, client UID = 10443
01-25 18:52:14.358 25648 25648 I VSET/ObserveCameraStateService: onStartCommand : unihal 3.0
01-25 18:52:14.359 25648 25648 I VSET/ObserveCameraStateService: initAppRepository is created already
01-25 18:52:14.359  2411  2411 I CameraService: increaseCamConnRef: ref=1
01-25 18:52:14.359  2411  2411 I CameraService: increaseCamConnRef: service.camera.running set to 1
01-25 18:52:14.359  2411  2411 I CameraService: Translate updateStatus callback for camera id 1
01-25 18:52:14.359  2411  2411 I CameraService:  to 1
01-25 18:52:14.359 25648 25648 I VSET/ObserveCameraStateService: onStartCommand: true
01-25 18:52:14.359   915   915 I hwservicemanager: getTransport: Cannot find entry vendor.samsung.hardware.biometrics.face@2.0::ISehBiometricsFace/default in either framework or device VINTF manifest.
01-25 18:52:14.360 25648 25648 I VSET/SettingsActivity: ActivateSettingActivityForSupportedCases: true / maintenanceModefalse
01-25 18:52:14.360  1922 19222 I sec_fr_SehFace: SehFace::getServicePid
01-25 18:52:14.360  1922 19222 I sec_fr_SehFace: FaceServicePID : 1922
01-25 18:52:14.360  2411  2411 E cameraserver: isBiometricsFaceService : face AIDL HAL Pid(1922) is not same with callingPid(1970)
01-25 18:52:14.360 17849 22220 I CameraManagerGlobal: postSingleUpdate device: camera id 1 status STATUS_NOT_AVAILABLE
01-25 18:52:14.360 25689 25700 I CameraManagerGlobal: postSingleUpdate device: camera id 1 status STATUS_NOT_AVAILABLE
01-25 18:52:14.360 17851 13083 I CameraManagerGlobal: postSingleUpdate device: camera id 1 status STATUS_NOT_AVAILABLE
01-25 18:52:14.361  2411  2411 E Camera2-FrameProcessorBase: FrameProcessorBase: created
01-25 18:52:14.361 27085 27181 I CameraManagerGlobal: postSingleUpdate device: camera id 1 status STATUS_NOT_AVAILABLE
01-25 18:52:14.361  2411  2411 E Camera2-FrameProcessorBase: registerListener: Registering listener for frame id range 0 - 2147483647
01-25 18:52:14.361  2411  2411 I CameraService: connectHelper: overrideCameraMuteMode = false, isCameraPrivacyEnabled = false
