01-25 19:33:54.663  1959  3786 I SS_3A   :  INFO: AWB: TsAwb_get_input_metadata: 420: curr_shot_mode 1, prev_shot_mode 0
01-25 19:33:54.663  1959  3786 I SS_3A   :  INFO: AWB: TsAwb_init_with_mode: 168: TuningVersion 0xED1A0428
01-25 19:33:54.663  1959  3786 I SS_3A   :  INFO: AWB: TsAwb_init_with_mode: 212: [eLensType 0] Adjust_gain = 0.985368, 1.010038
01-25 19:33:54.663  1959  3786 I SS_3A   :  INFO: AWB: TsAwb_parse_stats: 1984: [stats_dbg] statsBayerGrid startupMode = StatisticsStartUpInvalid, exit now
01-25 19:33:54.663  1959  3784 I SS_3A   :  INFO: AEC: TSAecFront_set_param: 1120: OpMode 1 StartMode 0
01-25 19:33:54.664  1895  1945 D AHAL: AudioStream: astream_in_standby: 1818: enter: stream (0xb400007ea49cb900) usecase(33: audio-record-voip)
01-25 19:33:54.664  1895  1945 D AHAL: AudioStream: Standby: 4911: Enter
01-25 19:33:54.664  1895  1945 D AHAL: AudioStream: Standby: 4941: Exit ret: 0
01-25 19:33:54.664  1895  1945 D AHAL: AudioStream: astream_in_standby: 1827: Exit ret: 0
01-25 19:33:54.665  1959  3784 I SS_3A   :  INFO: AEC: TSAecFront_set_param: 1312: AECManualSetting mode=0 ISOValue=50 exposureTime=91077 gain=0.000
01-25 19:33:54.665  1959  3784 I SS_3A   :  INFO: AEC: TsAecGetAeStatisticsData: 6767: [F][1] StatisticsStartUpInvalid: 1
01-25 19:33:54.665  1959  3784 I SS_3A   :  INFO: AEC: TsAecFront_Set_Exp_Table: 565: [Exp_Table::Front] [F] Shooting=1, ExpDiagram=0|0, m_video=0, m_fdae=1, rec=0, hfr=0, lightcon=0
01-25 19:33:54.665  1959  3784 I SS_3A   :  INFO: AEC: TsAecFrontProcess_GetLNmode: 3068: [F][1][1] StartStreaming - seamless mode values are initialized.
01-25 19:33:54.665  1959  3784 I SS_3A   :  INFO: AEC: TsAec_process_get_aec_info: 2583: [F][1] algo_out Av=2.273 g=26.619 e_t=0.03326 LLS=0x0 Ev=4.418 Bv=-0.582 PEv=4.418 Cvgd=0 lux=330, lls=0x0, drc=1.000 wide=0 Vo=0.000
01-25 19:33:54.665  4158  4158 W View    : requestLayout() improperly called by android.widget.FrameLayout{f252f7c V.E...... ......ID 0,177-1440,3035 #7f0a0866 app:id/qs_frame} during layout: running second layout pass
01-25 19:33:54.665  1959 28129 I SensorListener: enableSensor : numSensors=44/44, sen_list = 0xb40000797ca05000/0xb40000797ca05000
01-25 19:33:54.665  1959  3786 I SS_3A   :  INFO: AWB: TsAwb_process_preview: 3028: [1]TsAwb_gain_front=1.808,1.00,2.035,  BV=-0.508, lux=329, CT=4381, CT2=4381, TG=64, Ch_g=1.041, I/V=0.000, LT=0, PsnIdx=0
01-25 19:33:54.666  1959  3783 I vendor.samsung.hardware.camera.provider-service_64: S5K3LU index=0, fll=6397(6397), shift(c=0, f=0), l(6375, 0x200, 0x100), s(7, 0x200, 0x1A9) enS=0 b=1 modeCaps=0x1, maxA=16.00
01-25 19:33:54.667  1919  1919 I sensors-hal: set_config:61, sample_period_ns is adjusted to 100000000 based on min/max delay_ns
01-25 19:33:54.667  1919  1919 I sensors-hal: batch:369, android.sensor.gyroscope/41, period=100000000, max_latency=0 request completed
01-25 19:33:54.667  2031  2222 I VSyncReactor: Current= 120, Period= 60, hwcPeriod= 60
01-25 19:33:54.667  1919  1919 I sensors-hal: activate:285, android.sensor.gyroscope/41 en=1
01-25 19:33:54.667  1919  1919 I sensors-hal: acquire_ssc_interface:114, acquire_ssc_interface with sensor_id 26 , conn_type 3 
01-25 19:33:54.667  1895  1945 V EffectsFactory: EffectCreate() UUID: 1D97BB0B-9E2F-4403-9AE3-58C2554306F8
01-25 19:33:54.667  1895  1945 I EffectsFactory: EffectCreate() create_effect
01-25 19:33:54.667  1895  1945 V EffectsFactory: EffectCreate() gInterface
01-25 19:33:54.667  1895  1945 V EffectsFactory: EffectCreate() created entry 0xb400007e8d1e9cc0 with sub itfe 0xb400007ea480f4b8 in library pre_processing
01-25 19:33:54.667  1947  2300 I SDM     : HWDeviceDRM::SetDisplaySwitchMode: [DispConfigs] check hs_mode 1
01-25 19:33:54.668  1947  2300 W SDM     : HWDeviceDRM::GetSupportedBitClkRate: Requested rate not supported: 1362080000
01-25 19:33:54.668  1947  2300 I SDM     : HWDeviceDRM::SetDisplaySwitchMode: [DispConfigs] Set mode index:2 1440x3088x60xcmdHS, hs_mode(1), found_mode(1)
01-25 19:33:54.668  1947  2300 I SDM     : HWDeviceDRM::UpdateMixerAttributes: Mixer WxH 1440x3088-1 for Peripheral
01-25 19:33:54.668  1947  2300 I SDM     : HWCDisplay::SubmitDisplayConfig: Active configuration changed from config 0 to 2
01-25 19:33:54.668  1895 16913 W EffectHAL: Effect 0xb400007e8d1e9cc0 command SET_CONFIG returned status: Invalid argument
01-25 19:33:54.668  1875  2041 E minksocket: MinkIPC_QRTR_Service: client with node 1 port 4c04 went down
01-25 19:33:54.669  1875  2046 E minksocket: MinkIPC_QRTR_Service: client with node 1 port 4c04 went down
01-25 19:33:54.669  2829  3123 D LocalDisplayAdapter: updateActiveModeLocked for d=4630947093241269891, mActiveModeId=3, mActiveSfDisplayMode=DisplayMode{id=2, width=1440, height=3088, xDpi=501.041, yDpi=502.789, refreshRate=60.000004, appVsyncOffsetNanos=0, presentationDeadlineNanos=17666666, supportedHdrTypes=[4, 2, 3], group=1440}
01-25 19:33:54.669  2829  3123 I DisplayDeviceRepository: Display device changed: DisplayDeviceInfo{"Tela integrada": uniqueId="local:4630947093241269891", 1440 x 3088, modeId 3, renderFrameRate 60.000004, defaultModeId 3, supportedModes [{id=1, width=1440, height=3088, fps=120.00001, alternativeRefreshRates=[10.0, 24.000002, 30.000002, 48.000004, 60.000004, 96.00001], supportedHdrTypes=[2, 3, 4]}, {id=2, width=1440, height=3088, fps=96.00001, alternativeRefreshRates=[10.0, 24.000002, 30.000002, 48.000004, 60.000004, 120.00001], supportedHdrTypes=[2, 3, 4]}, {id=3, width=1440, height=3088, fps=60.000004, alternativeRefreshRates=[10.0, 24.000002, 30.000002, 48.000004, 96.00001, 120.00001], supportedHdrTypes=[2, 3, 4]}, {id=4, width=1440, height=3088, fps=48.000004, alternativeRefreshRates=[10.0, 24.000002, 30.000002, 60.000004, 96.00001, 120.00001], supportedHdrTypes=[2, 3, 4]}, {id=5, width=1440, height=3088, fps=30.000002, alternativeRefreshRates=[10.0, 24.000002, 48.000004, 60.000004, 96.00001, 120.00001], supportedHdrTypes=[2, 3, 4]}, {id=6, width=1440, height=3088, fps=24.000002, alternativeRefreshRates=[10.0, 30.000002, 48.000004, 60.000004, 96.00001, 120.00001], supportedHdrTypes=[2, 3, 4]}, {id=7, width=1440, height=3088, fps=10.0, alternativeRefreshRates=[24.000002, 30.000002, 48.000004, 60.000004, 96.00001, 120.00001], supportedHdrTypes=[2, 3, 4]}, {id=8, width=1080, height=2316, fps=120.00001, alternativeRefreshRates=[10.0, 24.000002, 30.000002, 48.000004, 60.000004, 96.00001], supportedHdrTypes=[2, 3, 4]}, {id=9, width=1080, height=2316, fps=96.00001, alternativeRefreshRates=[10.0, 24.000002, 30.000002, 48.000004, 60.000004, 120.00001], supportedHdrTypes=[2, 3, 4]}, {id=10, width=1080, height=2316, fps=60.000004, alternativeRefreshRates=[10.0, 24.000002, 30.000002, 48.000004, 96.00001, 120.00001], supportedHdrTypes=[2, 3, 4]}, {id=11, width=1080, height=2316, fps=48.000004, alternativeRefreshRates=[10.0, 24.000002, 30.000002, 60.000004, 96.00001, 120.00001], supportedHdrTypes=[2, 3, 4]}, {id=12, width=1080, height=2316, fps=30.000002, alternativeRefreshRates=[10.0, 24.000002, 48.000004, 60.000004, 96.00001, 120.00001], supportedHdrTypes=[2, 3, 4]}, {id=13, width=1080, height=2316, fps=24.000002, alternativeRefreshRates=[10.0, 30.000002, 48.000004, 60.000004, 96.00001, 120.00001], supportedHdrTypes=[2, 3, 4]}, {id=14, width=1080, height=2316, fps=10.0, alternativeRefreshRates=[24.000002, 30.000002, 48.000004, 60.000004, 96.00001, 120.00001], supportedHdrTypes=[2, 3, 4]}, {id=15, width=720, height=1544, fps=120.00001, alternativeRefreshRates=[10.0, 24.000002, 30.000002, 48.000004, 60.000004, 96.00001], supportedHdrTypes=[2, 3, 4]}, {id=16, width=720, height=1544, fps=96.00001, alternativeRefreshRates=[10.0, 24.000002, 30.000002, 48.000004, 60.000004, 120.00001], supportedHdrTypes=[2, 3, 4]}, {id=17, width=720, height=1544, fps=60.000004, alternativeRefreshRates=[10.0, 24.000002, 30.000002, 48.000004, 96.00001, 120.00001], supportedHdrTypes=[2, 3, 4]}, {id=18, width=720, height=1544, fps=48.000004, alternativeRefreshRates=[10.0, 24.000002, 30.000002, 60.000004, 96.00001, 120.00001], supportedHdrTypes=[2, 3, 4]}, {id=19, width=720, height=1544, fps=30.000002, alternativeRefreshRates=[10.0, 24.000002, 48.000004, 60.000004, 96.00001, 120.00001], supportedHdrTypes=[2, 3, 4]}, {id=20, width=720, height=1544, fps=24.000002, alternativeRefreshRates=[10.0, 30.000002, 48.000004, 60.000004, 96.00001, 120.00001], supportedHdrTypes=[2, 3, 4]}, {id=21, width=720, height=1544, fps=10.0, alternativeRefreshRates=[24.000002, 30.000002, 48.000004, 60.000004, 96.00001, 120.00001], supportedHdrTypes=[2, 3, 4]}], colorMode 0, supportedColorModes [0, 7, 9], hdrCapabilities HdrCapabilities{mSupportedHdrTypes=[2, 3, 4], mMaxLuminance=450.0, mMaxAverageLuminance=225.00024, mMinLuminance=5.0E-4}, allmSupported false, gameContentTypeSupported false, density 600, 501.041 x 502.789 dpi, appVsyncOff 0, presDeadline 17666666, cutout DisplayCutout{insets=Rect(0, 100 - 0, 0) waterfall=Insets{left=0, top=0, right=0, bottom=0} boundingRect={Bounds=[Re
01-25 19:33:54.670  1875  2046 E minksocket: MinkIPC_QRTR_Service: client with node 1 port 4c05 went down
01-25 19:33:54.670  1875  2041 E minksocket: MinkIPC_QRTR_Service: client with node 1 port 4c05 went down
01-25 19:33:54.670  1895 16913 W EffectHAL: Effect 0xb400007e8d1e93a0 command SET_CONFIG returned status: Invalid argument
01-25 19:33:54.670  1875  2046 E minksocket: MinkIPC_QRTR_Service: client with node 1 port 4c06 went down
01-25 19:33:54.670  1875  2041 E minksocket: MinkIPC_QRTR_Service: client with node 1 port 4c06 went down
01-25 19:33:54.670  1919  1919 I sensors-hal: ssc_qmi:36, ssc_qmi
01-25 19:33:54.670  1919  1919 I sensors-hal: register_cb:305, register_cb start this=0xb400007dcc0d4c00x
01-25 19:33:54.670  1919  1919 I sensors-hal: register_cb:321, register_cb End with succes
01-25 19:33:54.670  1919  1919 I sensors-hal: register_cb:305, register_cb start this=0xb400007dcc0d4c00x
01-25 19:33:54.670  1919  1919 I sensors-hal: register_cb:321, register_cb End with succes
01-25 19:33:54.670  1919  1919 I sensors-hal: start_gyrocal:394, registerd callback for gyro cal
01-25 19:33:54.671  1895 16913 W EffectHAL: Effect 0xb400007e8d1e9cc0 command SET_CONFIG returned status: Invalid argument
01-25 19:33:54.671  2829  3123 D DisplayManagerService: Ignore redundant display event 0/2 to 10279/2147
01-25 19:33:54.671  1919  1919 I sensors-hal: start_gyrocal:400, created worker  for gyro cal
01-25 19:33:54.671  1919  1919 I sensors-hal: send_cal_req:312, send_cal_req before send_request gyro_cal with SUID low=10025908976994887838 high=13187306796670928542
01-25 19:33:54.671  1919  1919 I sensors-hal: send_request:330, send_request start this=0xb400007dcc0d4c00x 
01-25 19:33:54.671  1875  2041 E minksocket: MinkIPC_QRTR_Service: client with node 1 port 4c07 went down
01-25 19:33:54.671  1919  1919 I sensors-hal: send_request:415, send_request completed, this=0xb400007dcc0d4c00x
01-25 19:33:54.671  1919  1919 I sensors-hal: set_config:61, sample_period_ns is adjusted to 1000000000 based on min/max delay_ns
01-25 19:33:54.671  1919  1919 I sensors-hal: acquire_ssc_interface:114, acquire_ssc_interface with sensor_id 27 , conn_type 3 
01-25 19:33:54.671  2829  5881 D LiftUpHandler: [LTW] Stopped already.
01-25 19:33:54.671  1875  2046 E minksocket: MinkIPC_QRTR_Service: client with node 1 port 4c07 went down
01-25 19:33:54.671  1875  2041 E minksocket: MinkIPC_QRTR_Service: client with node 1 port 4c09 went down
01-25 19:33:54.672  1875  2046 E minksocket: MinkIPC_QRTR_Service: client with node 1 port 4c09 went down
01-25 19:33:54.672  1919 28132 I sensors-hal: gyrocal_conn_resp_cb:373, resp_value = 0 for gyro before acuiring the lock _cal_mutex
01-25 19:33:54.672  1919 28132 I sensors-hal: gyrocal_conn_resp_cb:381, resp_value = 0 for gyro Ended
01-25 19:33:54.672  1919 28132 I sensors-hal: handle_resp_cb:517, handle_resp_cb Ended this=0xb400007dcc0d4c00x
01-25 19:33:54.672  1875  2041 E minksocket: MinkIPC_QRTR_Service: client with node 1 port 4c0a went down
01-25 19:33:54.672  1875  2046 E minksocket: MinkIPC_QRTR_Service: client with node 1 port 4c0a went down
01-25 19:33:54.672  1875  2041 E minksocket: MinkIPC_QRTR_Service: client with node 1 port 4c0b went down
01-25 19:33:54.672  1875  2046 E minksocket: MinkIPC_QRTR_Service: client with node 1 port 4c0b went down
01-25 19:33:54.672  1919  1919 I sensors-hal: ssc_qmi:36, ssc_qmi
01-25 19:33:54.672  1919  1919 I sensors-hal: register_cb:305, register_cb start this=0xb400007dcc0d4e00x
01-25 19:33:54.672  1919  1919 I sensors-hal: register_cb:321, register_cb End with succes
01-25 19:33:54.672  1919  1919 I sensors-hal: send_sync_sensor_request:521, send sync request
01-25 19:33:54.672  1875  2041 E minksocket: MinkIPC_QRTR_Service: client with node 1 port 4c0c went down
01-25 19:33:54.672  1919  1919 I sensors-hal: send_sync_sensor_request:531, send_sync_sensor_request before send_request for sensor_temperature with SUID low=12628096501692248697 high=10895920266077048739
01-25 19:33:54.672  1875  2046 E minksocket: MinkIPC_QRTR_Service: client with node 1 port 4c0c went down
01-25 19:33:54.672  1919  1919 I sensors-hal: send_request:330, send_request start this=0xb400007dcc0d4e00x 
01-25 19:33:54.672  1919  1919 I sensors-hal: send_request:415, send_request completed, this=0xb400007dcc0d4e00x
01-25 19:33:54.672  1919  1919 I sensors-hal: send_sync_sensor_request:552, wait for notification of response
01-25 19:33:54.673  1919 28135 I sensors-hal: ssc_conn_resp_cb:941, resp_value = 0 for sensor_temperature 
01-25 19:33:54.673  1919 28135 I sensors-hal: handle_resp_cb:517, handle_resp_cb Ended this=0xb400007dcc0d4e00x
01-25 19:33:54.673  1919  1919 I sensors-hal: send_sync_sensor_request:558, takes 0 ms to receive the response with 0
01-25 19:33:54.673  2829  3123 D DisplayManagerService: Ignore redundant display event 0/2 to 10303/14369
01-25 19:33:54.673  1919  1919 I sensors-hal: send_sensor_config_request:590, resampler is used, set resampler config
01-25 19:33:54.673  2829  3123 D DisplayManagerService: Ignore redundant display event 0/2 to 10105/17429
01-25 19:33:54.673  2829  3123 D DisplayManagerService: Ignore redundant display event 0/2 to 10235/17734
01-25 19:33:54.673  1919  1919 I sensors-hal: send_sync_sensor_request:521, send sync request
01-25 19:33:54.673  1919  1919 I sensors-hal: send_sync_sensor_request:531, send_sync_sensor_request before send_request for gyro with SUID low=13349102573053088193 high=10940304014280585888
01-25 19:33:54.673  1919  1919 I sensors-hal: send_request:330, send_request start this=0xb400007dcc0d4c00x 
01-25 19:33:54.673  1919  1919 I sensors-hal: send_request:415, send_request completed, this=0xb400007dcc0d4c00x
01-25 19:33:54.673  1919  1919 I sensors-hal: send_sync_sensor_request:552, wait for notification of response
01-25 19:33:54.673  2829  3123 D DisplayManagerService: Ignore redundant display event 0/2 to 10353/23286
01-25 19:33:54.673  2829  3123 D DisplayManagerService: Ignore redundant display event 0/2 to 10076/23641
01-25 19:33:54.673  2829  3123 D DisplayManagerService: Ignore redundant display event 0/2 to 10245/25689
01-25 19:33:54.673  2829  3123 D DisplayManagerService: Ignore redundant display event 0/2 to 10245/26106
01-25 19:33:54.673  2829  3123 D DisplayManagerService: Ignore redundant display event 0/2 to 10375/26182
01-25 19:33:54.673  2829  3123 D DisplayManagerService: Ignore redundant display event 0/2 to 10364/26515
01-25 19:33:54.673  4158  4231 D StackScroller: onDisplayChanged for predraw skip to 2
01-25 19:33:54.673  1919 28132 I sensors-hal: ssc_conn_resp_cb:941, resp_value = 0 for gyro 
01-25 19:33:54.674  1919 28132 I sensors-hal: handle_resp_cb:517, handle_resp_cb Ended this=0xb400007dcc0d4c00x
01-25 19:33:54.674  4158  4206 I ViewRootImpl@6cb3efa[ShellDropTarget]: onDisplayChanged oldDisplayState=2 newDisplayState=2
01-25 19:33:54.674  2829  2829 D SGM:GameManager: onDisplayChanged. displyId: 0, state: 2
01-25 19:33:54.674  2829  2829 D SGM:GameManager: dpi: 560, longPixel: 2935, shortPixel: 1440
01-25 19:33:54.674  2829  2829 D AODManagerService: requestReCalToTSP IsSingleTouchMode = truerequestedReCalToTSP = true / previousDisplayState = ON
01-25 19:33:54.674  9821  9821 I ViewRootImpl@790fbb3[InputMethod]: onDisplayChanged oldDisplayState=2 newDisplayState=2
01-25 19:33:54.674  2031  2222 I VSyncReactor: Current= 60, Period= 60, Distance= 40
01-25 19:33:54.674  1919  1919 I sensors-hal: send_sync_sensor_request:558, takes 1 ms to receive the response with 0
01-25 19:33:54.674  1919  1919 I sensors-hal: activate:303, android.sensor.gyroscope/41 en=1 completed
01-25 19:33:54.674  4640 25650 I HoneySpace.DeXLaunchService: Display changed - 0
01-25 19:33:54.675  2829  3656 D SGM:FgCheckThread: onLooperPrepared(), msg: MSG_LCD_ON
01-25 19:33:54.675  2031  2155 D RenderEngine: [SEC_GC_CMN_SF_EFFECTS] drawLayersInternal,1279, Rendering layer  at index 0
01-25 19:33:54.675  2829  3123 D RefreshRateModeManager: updateDefaultDisplayToken: android.os.BinderProxy@e4cac0f, isChanged: false
01-25 19:33:54.675  2031  2155 D RenderEngine: [SEC_GC_CMN_SF_EFFECTS] drawLayersInternal,1279, Rendering layer com.outsystemscloud.lucasgv.SandboxAppCordova/com.outsystemscloud.lucasgv.SandboxAppCordova.MainActivity$_27694#46286 at index 1
01-25 19:33:54.675  1919 28135 I sensors-hal: ssc_conn_event_cb:869, SCHED_FIFO(10) for qmi_cbk
01-25 19:33:54.675 27694 27958 D CompatibilityChangeReporter: Compat change id reported: 147600208; UID 10446; state: ENABLED
01-25 19:33:54.675 29214 29214 I ViewRootImpl@7726f74[HomeDashboardActivity]: onDisplayChanged oldDisplayState=2 newDisplayState=2
01-25 19:33:54.676 13142 13142 I CAMERA_CONTROLLER: [2]a.m():2 - display changed
01-25 19:33:54.676 18215 18215 I ViewRootImpl@72a2f46[HomeActivity]: onDisplayChanged oldDisplayState=2 newDisplayState=2
01-25 19:33:54.676 13142 13142 I CAMERA_CONTROLLER: [2]a.m():2
01-25 19:33:54.676 13142 13142 I CAMERA_CONTROLLER: [2]e.a():39 - presentationDisplaynull
01-25 19:33:54.676 13142 13142 W CAMERA_CONTROLLER: [2]a.m():2 - presentationDisplay is null, return
01-25 19:33:54.676 18215 18215 I ViewRootImpl@a116302[Conversation]: onDisplayChanged oldDisplayState=2 newDisplayState=2
01-25 19:33:54.676 13142 13142 W CAMERA_CONTROLLER: [2]a.m():2 - display is not portrait mode 
01-25 19:33:54.676  2829  6771 D CompatibilityChangeReporter: Compat change id reported: 157233955; UID 10446; state: ENABLED
01-25 19:33:54.677 27694 27694 I ViewRootImpl@2f84628[MainActivity]: onDisplayChanged oldDisplayState=2 newDisplayState=2
01-25 19:33:54.677  1959 28129 I SensorListener: enableSensor : numSensors=44/44, sen_list = 0xb40000797ca05000/0xb40000797ca05000
01-25 19:33:54.678 17851 17851 I ViewRootImpl@29a438b[InternalGoogleAppActivityEntrypoint]: onDisplayChanged oldDisplayState=2 newDisplayState=2
01-25 19:33:54.678  4640 24006 I HoneySpace.RefreshRateSource: singleFrameMs 16
01-25 19:33:54.678 17849 17849 I ViewRootImpl@aa7f65[HintService]: onDisplayChanged oldDisplayState=2 newDisplayState=2
01-25 19:33:54.678  1919  1919 I sensors-hal: set_config:61, sample_period_ns is adjusted to 100000000 based on min/max delay_ns
01-25 19:33:54.678  1919  1919 I sensors-hal: batch:369, android.sensor.accelerometer/11, period=100000000, max_latency=0 request completed
01-25 19:33:54.678  4640  4640 I ViewRootImpl@5d4fed7[LauncherActivity]: onDisplayChanged oldDisplayState=2 newDisplayState=2
01-25 19:33:54.678  4640  4640 I ViewRootImpl@3881dbb[RecentsTransitionOverlay]: onDisplayChanged oldDisplayState=2 newDisplayState=2
01-25 19:33:54.678  4640  4640 I ViewRootImpl@9644d1f[RecentsActivity]: onDisplayChanged oldDisplayState=2 newDisplayState=2
01-25 19:33:54.678  4640  4640 I ViewRootImpl@7a55b13[CocktailBarService]: onDisplayChanged oldDisplayState=2 newDisplayState=2
01-25 19:33:54.678 25993 25993 I ViewRootImpl@22870b7[InstalledAppDetails]: onDisplayChanged oldDisplayState=2 newDisplayState=2
01-25 19:33:54.678 17849 17849 I ViewRootImpl@697aa76[HomeContainerActivity]: onDisplayChanged oldDisplayState=2 newDisplayState=2
01-25 19:33:54.678  4640 24006 I HoneySpace.Memory-Monitor: current state = 2, didTrim = false
01-25 19:33:54.678  1919  1919 I sensors-hal: activate:285, android.sensor.accelerometer/11 en=1
01-25 19:33:54.678  1919  1919 I sensors-hal: acquire_ssc_interface:114, acquire_ssc_interface with sensor_id 38 , conn_type 3 
01-25 19:33:54.679  1875  2046 E minksocket: MinkIPC_QRTR_Service: client with node 1 port 4c0e went down
01-25 19:33:54.679  1875  2041 E minksocket: MinkIPC_QRTR_Service: client with node 1 port 4c0e went down
01-25 19:33:54.679  1875  2046 E minksocket: MinkIPC_QRTR_Service: client with node 1 port 4c0f went down
01-25 19:33:54.679  1875  2041 E minksocket: MinkIPC_QRTR_Service: client with node 1 port 4c0f went down
01-25 19:33:54.679  4158  4158 D DisplayLifecycle: updateDisplay id = 0
01-25 19:33:54.679  4158  4158 I ViewRootImpl@83f9512[LockscreenShortcutBlur]: onDisplayChanged oldDisplayState=2 newDisplayState=2
01-25 19:33:54.679  1875  2041 E minksocket: MinkIPC_QRTR_Service: client with node 1 port 4c10 went down
01-25 19:33:54.679  1875  2046 E minksocket: MinkIPC_QRTR_Service: client with node 1 port 4c10 went down
01-25 19:33:54.679  4158  4158 I ViewRootImpl@7575777[NavigationBar0]: onDisplayChanged oldDisplayState=2 newDisplayState=2
01-25 19:33:54.679  4158  4158 I ViewRootImpl@2fe0803[EdgeBackGestureHandler0]: onDisplayChanged oldDisplayState=2 newDisplayState=2
01-25 19:33:54.679  4158  4158 I ViewRootImpl@fe56a9f[NotificationShade]: onDisplayChanged oldDisplayState=2 newDisplayState=2
01-25 19:33:54.679  4158  4158 I ViewRootImpl@d2eb1a1[StatusBar]: onDisplayChanged oldDisplayState=2 newDisplayState=2
01-25 19:33:54.679  4158  4158 I ViewRootImpl@3d6a451[Bouncer]: onDisplayChanged oldDisplayState=2 newDisplayState=2
01-25 19:33:54.679  4158  4158 I ViewRootImpl@9dc1510[SecondaryHomeHandle0]: onDisplayChanged oldDisplayState=2 newDisplayState=2
01-25 19:33:54.680  4158  4158 I ViewRootImpl@a7eac0e[KeyguardBiometricToastView]: onDisplayChanged oldDisplayState=2 newDisplayState=2
01-25 19:33:54.680  1919  1919 I sensors-hal: ssc_qmi:36, ssc_qmi
01-25 19:33:54.680  1919  1919 I sensors-hal: register_cb:305, register_cb start this=0xb400007dcc1ba600x
01-25 19:33:54.680  1919  1919 I sensors-hal: register_cb:321, register_cb End with succes
01-25 19:33:54.680  1875  2046 E minksocket: MinkIPC_QRTR_Service: client with node 1 port 4c11 went down
01-25 19:33:54.680  1919  1919 I sensors-hal: send_sensor_config_request:590, resampler is used, set resampler config
01-25 19:33:54.680  1875  2041 E minksocket: MinkIPC_QRTR_Service: client with node 1 port 4c11 went down
01-25 19:33:54.680  1919  1919 I sensors-hal: send_sync_sensor_request:521, send sync request
01-25 19:33:54.680  1919  1919 I sensors-hal: send_sync_sensor_request:531, send_sync_sensor_request before send_request for accel with SUID low=11115320498015681092 high=2286538866409242278
01-25 19:33:54.680  1919  1919 I sensors-hal: send_request:330, send_request start this=0xb400007dcc1ba600x 
01-25 19:33:54.680  1919  1919 I sensors-hal: send_request:415, send_request completed, this=0xb400007dcc1ba600x
01-25 19:33:54.680  1919  1919 I sensors-hal: send_sync_sensor_request:552, wait for notification of response
01-25 19:33:54.680  2012  9228 V APM_AudioPolicyManager: setAppState(portId:1403, state:2)
01-25 19:33:54.680  2012  9228 V APM_AudioPolicyManager: setAppState(portId:1403, state:2)
01-25 19:33:54.680  2012  9228 V APM_AudioPolicyManager: startInput portId 1403
01-25 19:33:54.680  2012  9228 V APM_AudioPolicyManager: startInput input:302, session:13129)
01-25 19:33:54.680  2829  3132 D SensorPrivacyService: onOpNoted  com.outsystemscloud.lucasgv.SandboxAppCordova  code=27  uid=10446
01-25 19:33:54.680  1919 28137 I sensors-hal: ssc_conn_resp_cb:941, resp_value = 0 for accel 
01-25 19:33:54.681  1919  1919 I sensors-hal: send_sync_sensor_request:558, takes 0 ms to receive the response with 0
01-25 19:33:54.681  1919 28137 I sensors-hal: handle_resp_cb:517, handle_resp_cb Ended this=0xb400007dcc1ba600x
01-25 19:33:54.681  1919  1919 I sensors-hal: activate:303, android.sensor.accelerometer/11 en=1 completed
01-25 19:33:54.682  1895 16913 D AHAL: AudioStream: in_update_sink_metadata_v7: 1607: in_update_sink_metadata_v7: sink device 0
01-25 19:33:54.682  1895 16913 D AHAL: AudioStream: in_update_sink_metadata_v7: 1632: track count is 1 for usecase (33: audio-record-voip)
01-25 19:33:54.682  1895 16913 D AHAL: AudioStream: in_update_sink_metadata_v7: 1641: channel_mask 16
01-25 19:33:54.682  1895 16913 D AHAL: AudioStream: in_update_sink_metadata_v7: 1665: Sink metadata source:7
01-25 19:33:54.682  1959 28129 I SensorListener: enableSensor : numSensors=44/44, sen_list = 0xb40000797ca05000/0xb40000797ca05000
01-25 19:33:54.682  1895 16913 D AHAL: AudioStream: SetAggregateSinkMetadata: 5129: Aggregated Sink metadata source:7
01-25 19:33:54.682  1895 16913 D AHAL: AudioDevice: CreateAudioPatch: 451: enter: num sources 1, num_sinks 1
01-25 19:33:54.682  1895 16913 D AHAL: AudioDevice: CreateAudioPatch: 466: source role 1, source type 1
01-25 19:33:54.682  1895 16913 D AHAL: AudioDevice: CreateAudioPatch: 477: Capture patch from device 80000080 to mix 302
01-25 19:33:54.682  1895 16913 I AHAL: AudioDevice: InGetStream: 1660: Found existing stream associated with iohandle 302
01-25 19:33:54.682  1895 16913 I AHAL: AudioStream: RouteStream: 5161: Enter: InPrimary usecase(33: audio-record-voip)
01-25 19:33:54.682  1895 16913 D AHAL: AudioStream: RouteStream: 5172: mAndroidInDevices 0x80000080, mNoOfInDevices 1, new_devices 0x80000080, num new_devices: 1
01-25 19:33:54.682  1895 16913 D AHAL: AudioStream: RouteStream: 5330: exit 0
01-25 19:33:54.682  1895 16913 D AHAL: AudioDevice: CreateAudioPatch: 612: Added a new patch with handle 286
01-25 19:33:54.682  1895 16913 D AHAL: AudioDevice: CreateAudioPatch: 615: Exit ret: 0
01-25 19:33:54.682  2012 28128 D audioserver: FGS Logger Transaction failed
01-25 19:33:54.682  2012 28128 D audioserver: -129
01-25 19:33:54.682  2012 28128 D audioserver: FGS Logger Transaction failed
01-25 19:33:54.682  2012 28128 D audioserver: -129
01-25 19:33:54.683  2031  2222 I VSyncReactor: Current= 60, Period= 60, Distance= 120
01-25 19:33:54.683  1895 16913 D AHAL: AudioStream: in_update_sink_metadata_v7: 1607: in_update_sink_metadata_v7: sink device 0
01-25 19:33:54.683  1895 16913 D AHAL: AudioStream: in_update_sink_metadata_v7: 1632: track count is 1 for usecase (33: audio-record-voip)
01-25 19:33:54.683  1895 16913 D AHAL: AudioStream: in_update_sink_metadata_v7: 1641: channel_mask 16
01-25 19:33:54.683  1895 16913 D AHAL: AudioStream: in_update_sink_metadata_v7: 1665: Sink metadata source:7
01-25 19:33:54.683  1895 16913 D AHAL: AudioStream: SetAggregateSinkMetadata: 5129: Aggregated Sink metadata source:7
01-25 19:33:54.683  1959 28129 I SensorListener: enableSensor : numSensors=44/44, sen_list = 0xb40000797ca05000/0xb40000797ca05000
01-25 19:33:54.683  2012  9228 V APM_AudioPolicyManager: setInputDevice() AF::createAudioPatch returned 0 patchHandle 7108 num_sources 1 num_sinks 1
01-25 19:33:54.684  1895 16913 V sec_audio_hw: sec_dev_set_parameters : l_=0
01-25 19:33:54.684  1895 16913 D AHAL: AudioDevice: SetParameters: 1799: enter
01-25 19:33:54.684  1895 16913 D AHAL: AudioVoice: VoiceSetParameters: 171: Enter
01-25 19:33:54.684  1895 16913 D AHAL: AudioVoice: VoiceSetParameters: 416: Exit ret: 0
01-25 19:33:54.684  1895 16913 D AHAL: hfp: hfp_set_parameters: 447: enter
01-25 19:33:54.684  1895 16913 D AHAL: AudioDevice: SetParameters: 2521: exit: l_=0
01-25 19:33:54.684  1895  1945 V sthal_SoundTriggerDevice: stdev_stop_recognition: Enter
01-25 19:33:54.684  1895  1945 V sthal_SoundTriggerSession: StopRecognition: Enter
01-25 19:33:54.684  1895  1945 V sthal_SoundTriggerSession: StopRecognition_l: Enter
01-25 19:33:54.684  1895  1945 D sthal_SoundTriggerSession: RegisterHalEvent:[c2] ST_EVENT_SESSION_DEREGISTER capture_handle 182
01-25 19:33:54.684  1895  1945 I PAL: API: pal_stream_stop: 368: Enter. Stream handle :0xb400007ea4825800K
01-25 19:33:54.684  1895  1945 I PAL: StreamSoundTrigger: stop: 365: Enter, stream direction 2
01-25 19:33:54.684  1895  1945 I PAL: StreamSoundTrigger: ProcessEvent: 2457: StActive: handle event 5 for stream instance 1
01-25 19:33:54.684  1895  1945 E PAL: Device: getDeviceAttributes: 348: empty device attr for device 38
01-25 19:33:54.684  1895  1945 E PAL: ResourceManager: updateECDeviceMap: 5641: Cannot reset as ec ref not present
01-25 19:33:54.684  1895  1945 I PAL: StreamSoundTrigger: setECRef_l: 663: Enter, enable 0
01-25 19:33:54.684  1895  1945 I PAL: StreamSoundTrigger: setECRef_l: 666: No need to set ec ref
01-25 19:33:54.684  1895  1945 I PAL: StreamSoundTrigger: setECRef_l: 688: Exit, status 0
01-25 19:33:54.684  1895  1945 I PAL: SoundTriggerEngineGsl: StopRecognition: 1755: Enter
01-25 19:33:54.684  1895  1945 I PAL: SoundTriggerEngineGsl: ProcessStopRecognition: 1721: Enter
01-25 19:33:54.684  1895  1945 I PAL: ResourceManager: acquireWakeLock: 1294: Acquiring wake lock audio_pal_wl
01-25 19:33:54.684  1895  1945 I PAL: SoundTriggerEngineGsl: UpdateSessionPayload: 2389: Enter, param : 4
01-25 19:33:54.684  1895  1945 I PAL: PayloadBuilder: payloadSVAConfig: 1631: PID 0x8001051, payload 0xb400007ea47ea940K size 16
01-25 19:33:54.684  1895  1945 D AGM: graph: graph_set_config: 1174 entry graph_handle 0x47534c
01-25 19:33:54.684  1895 16913 I Audio_a2dpsink_hw: adev_set_parameters: kevpairs=[l_=0]
01-25 19:33:54.684  1895  1945 D AGM: graph: graph_set_config: 1182 exit, graph handle 0x47534c, ret 0
01-25 19:33:54.684  1895  1945 D AGM: graph: graph_stop: 993 entry graph_handle 0x47534c
01-25 19:33:54.685  2012  9228 V APM_AudioPolicyManager: startInput input 302 source = 7 status = 0 exit
01-25 19:33:54.685  2012  9228 D audioserver: FGS Logger Transaction failed
01-25 19:33:54.685  2012  9228 D audioserver: -129
01-25 19:33:54.685  1895 16913 W StreamHAL: Error from HAL stream in function set_microphone_direction: Function not implemented
01-25 19:33:54.686  1895 16913 W StreamHAL: Error from HAL stream in function set_microphone_field_dimension: Function not implemented
01-25 19:33:54.686  2829  4332 V AS.AudioService: setMode(mode=3, pid=27694, uid=10446, caller=com.outsystemscloud.lucasgv.SandboxAppCordova)
01-25 19:33:54.686  2829  4332 D SGM:GameManager: identifyGamePackage. com.outsystemscloud.lucasgv.SandboxAppCordova, mCurrentUserId: 0, callerUserId: 0, callingMethodInfo: com.samsung.android.game.SemGameManager.isGamePackage(SemGameManager.java:111)
01-25 19:33:54.686  2829  4332 D SGM:PkgDataHelper: getGamePkgData(). com.outsystemscloud.lucasgv.SandboxAppCordova
01-25 19:33:54.686  2829  4332 D SGM:SemGameManager: isGamePackage(), pkgName=com.outsystemscloud.lucasgv.SandboxAppCordova, ret=false
01-25 19:33:54.687  2829  4332 V AS.AudioService: setMode(3) adding handler for pid=27694
01-25 19:33:54.687  1959  3785 I SS_3A   :  INFO:  AF: TsAf_get_metadata: 1149: [TsAf_Range] range_sensor_data is NULL
01-25 19:33:54.687  1959  3785 I SS_3A   :  INFO:  AF: TsAf_process: 4383: befor pipeline delay requestId 2 MasterFocusDistance 0.000000
01-25 19:33:54.687  1959  3785 I SS_3A   :  INFO: AEC: TsAecGetAeStatisticsData: 6767: [F][2] StatisticsStartUpInvalid: 1
01-25 19:33:54.687  2829  4332 I AS.AudioService: setModeCallingPackage=NORMAL
01-25 19:33:54.687  2829  4332 I AS.AudioServiceExt: callguard: mode(3), pid(27694), skipSet(false)
01-25 19:33:54.687  1895  1945 D AGM: graph: graph_stop: 1040 exit, ret 0
01-25 19:33:54.687  1895  1945 I PAL: ResourceManager: voteSleepMonitor: 1950: Unvoting done for lpi use case, lpi votes 0, nlpi votes : 0
01-25 19:33:54.687  1959  3784 I SS_3A   :  INFO: AWB: TsAwb_parse_stats: 1984: [stats_dbg] statsBayerGrid startupMode = StatisticsStartUpInvalid, exit now
01-25 19:33:54.688  1895  1945 I PAL: SoundTriggerEngineGsl: UpdateState: 1088: Engine state transitioned from 2 to 1
01-25 19:33:54.688  1895  1945 I PAL: ResourceManager: releaseWakeLock: 1316: Releasing wake lock audio_pal_wl
01-25 19:33:54.688  1895  1945 I PAL: SoundTriggerEngineGsl: ProcessStopRecognition: 1745: Exit, status = 0
01-25 19:33:54.688  1895  1945 I PAL: SoundTriggerEngineGsl: StopRecognition: 1805: Exit, status = 0
01-25 19:33:54.688  1895  1945 I PAL: StreamSoundTrigger: ProcessEvent: 2522: Stop device 38-PAL_DEVICE_IN_HANDSET_VA_MIC
01-25 19:33:54.688  1895  1945 I PAL: StreamSoundTrigger: ProcessEvent: 2528: Close device 38-PAL_DEVICE_IN_HANDSET_VA_MIC
01-25 19:33:54.688  1895  1945 I PAL: Device: close: 498: Enter. deviceCount 1 for device id 38 (PAL_DEVICE_IN_HANDSET_VA_MIC)
01-25 19:33:54.688  2829  3972 V AS.AudioService: onUpdateAudioMode() new mode: 3 uid = 10446 pid = 27694 package = com.outsystemscloud.lucasgv.SandboxAppCordova current mode: 0 requested mode: 3 requested pid: 27694 requesterPackage: com.outsystemscloud.lucasgv.SandboxAppCordova
01-25 19:33:54.688  4158  4158 W View    : requestLayout() improperly called by android.widget.FrameLayout{f252f7c V.E...... ......ID 0,177-1440,3035 #7f0a0866 app:id/qs_frame} during layout: running second layout pass
01-25 19:33:54.688  2829  3972 I MicModeManager: updateAudioMode() audioMode=3, caller=com.outsystemscloud.lucasgv.SandboxAppCordova, curCallDevice=2
01-25 19:33:54.688  1959  3784 I SS_3A   :  INFO: AWB: TsAwb_process_preview: 3028: [2]TsAwb_gain_front=1.808,1.00,2.038,  BV=-0.582, lux=331, CT=4375, CT2=4375, TG=64, Ch_g=1.044, I/V=0.000, LT=0, PsnIdx=0
01-25 19:33:54.688  1895 16913 D AHAL: AudioStream: astream_in_add_audio_effect: 1444: Enter 
01-25 19:33:54.688  1895 16913 I AHAL: AudioStream: addRemoveAudioEffect: 4953:  Current stream ==> 302 && effect handle -1927375968
01-25 19:33:54.688  1895 16913 I AHAL: AudioStream: addRemoveAudioEffect: 4962:  EC enabled ======> 0
01-25 19:33:54.688  1895 16913 I AHAL: AudioStream: addRemoveAudioEffect: 4977: Got EC enable. Enabling EC
01-25 19:33:54.688  1895 16913 E PAL: API: pal_add_remove_effect: 836: Invalid stream handle status -22
01-25 19:33:54.688  1895 16913 I AHAL: AudioStream: addRemoveAudioEffect: 4981: size of EC Enabled set ===> 1
01-25 19:33:54.688  1895 16913 D AHAL: AudioStream: astream_in_add_audio_effect: 1460: Exit ret: 0
01-25 19:33:54.688  2829  3972 I MicModeManager: setVoipTranslator enable false, supported false, mode 3, com.outsystemscloud.lucasgv.SandboxAppCordova
01-25 19:33:54.689  2829  3972 D KNOX_MDM_SettingsProvider: isChangeAllowed() : name = voip_translator_package
01-25 19:33:54.689  1959  3784 I SS_3A   :  INFO:  AF: TsAf_get_metadata: 1149: [TsAf_Range] range_sensor_data is NULL
01-25 19:33:54.689  1959  3784 I SS_3A   :  INFO:  AF: TsAf_process: 4383: befor pipeline delay requestId 3 MasterFocusDistance 0.000000
01-25 19:33:54.689  1959  3785 I SS_3A   :  INFO: AEC: TsAecGetAeStatisticsData: 6767: [F][3] StatisticsStartUpInvalid: 1
01-25 19:33:54.689  2829  3972 D KNOX_MDM_SettingsProvider: isChangeAllowed() : name = voip_translator_enable
01-25 19:33:54.689  1959  3784 I SS_3A   :  INFO: AWB: TsAwb_parse_stats: 1984: [stats_dbg] statsBayerGrid startupMode = StatisticsStartUpInvalid, exit now
01-25 19:33:54.689  2829  6771 V AudioService.RecordingActivityMonitor: updateSoundAppPolicy packageName = com.outsystemscloud.lucasgv.SandboxAppCordova
01-25 19:33:54.689  2829  3972 I MicModeManager: isMicModeSupported() MicModeType: 1, audioMode: 3, curDevice: 2, translationState: false, dexState: false, smartViewState: false, gameChatState: false, wifiCallState: false, videoCallState: false
01-25 19:33:54.689  2829  3972 I MicModeManager: isMicModeSupported() MicMode ON
01-25 19:33:54.689  2829  3972 I MicModeManager: getVoipCallMicMode voipCallMicMode = 0
01-25 19:33:54.689  2829  3972 I MicModeManager: updateMicModeSettings is enabled true, effect:0, com.outsystemscloud.lucasgv.SandboxAppCordova
01-25 19:33:54.689  2829  3972 D KNOX_MDM_SettingsProvider: isChangeAllowed() : name = mic_mode_enable
01-25 19:33:54.690  2829  3972 D KNOX_MDM_SettingsProvider: isChangeAllowed() : name = mic_mode_effect
01-25 19:33:54.690  2829  3972 D KNOX_MDM_SettingsProvider: isChangeAllowed() : name = mic_mode_package
01-25 19:33:54.690  1959  3784 I SS_3A   :  INFO: AWB: TsAwb_process_preview: 3028: [3]TsAwb_gain_front=1.808,1.00,2.038,  BV=-0.582, lux=331, CT=4375, CT2=4375, TG=64, Ch_g=1.048, I/V=0.000, LT=0, PsnIdx=0
01-25 19:33:54.690  2012 15453 D CallStateManager: updateCallModeByGuard push_back pid 27694 mode 3
01-25 19:33:54.690  2012 15453 I CallStateManager: setModePidByGuard: pid : 27694
01-25 19:33:54.690  2829  6771 D SGM:GameManager: identifyGamePackage. com.outsystemscloud.lucasgv.SandboxAppCordova, mCurrentUserId: 0, callerUserId: 0, callingMethodInfo: com.samsung.android.game.SemGameManager.isGamePackage(SemGameManager.java:111)
01-25 19:33:54.690  2829  6771 D SGM:PkgDataHelper: getGamePkgData(). com.outsystemscloud.lucasgv.SandboxAppCordova
01-25 19:33:54.690  2829  6771 D SGM:SemGameManager: isGamePackage(), pkgName=com.outsystemscloud.lucasgv.SandboxAppCordova, ret=false
01-25 19:33:54.690  1895  3973 D AHAL: AudioDevice: SetMode: 1737: enter: mode: 3
01-25 19:33:54.690  1895  3973 D AHAL: AudioVoice: SetMode: 57: Enter: mode: 3
01-25 19:33:54.690  1895  3973 D AHAL: AudioStream: ForceRouteStream: 6524: mAndroidOutDevices 1
01-25 19:33:54.690  1895  3973 D AHAL: AudioDevice: GetPalDeviceIds: 2721: haldeviceIds: 1
01-25 19:33:54.690  1895  3973 D AHAL: AudioDevice: GetPalDeviceIds: 2728: Found haldeviceId: 1 and PAL Device ID 2
01-25 19:33:54.690  1895  3973 D AHAL: AudioDevice: GetPalDeviceIds: 2747: devices allocated 1, pal device ids before returning 1
01-25 19:33:54.690  1895  3973 I AHAL: SecAudioVoice: SetVoipMicModeEffect: 826: set SetVoipMicModeEffect as 2
01-25 19:33:54.690  1895  3973 D AHAL: AudioVoice: SetMode: 143: Exit ret: 0
01-25 19:33:54.690  1895  3973 D AHAL: AudioDevice: SetMode: 1739: Exit ret: 0
01-25 19:33:54.690  2012 15453 I AudioFlinger: monoMixMode[2] for haptic playback
01-25 19:33:54.690  2012 15453 V APM_AudioPolicyManager: setPhoneState() state 3
01-25 19:33:54.690  2012 15453 I APM_AudioPolicyManager: setPhoneState() teardownOffload for state 3
01-25 19:33:54.690  1895  1945 I PAL: Device: close: 510: Exit. deviceCount 0 for device id 38 (PAL_DEVICE_IN_HANDSET_VA_MIC), exit status 0
01-25 19:33:54.690  1895  1945 I PAL: StreamSoundTrigger: TransitTo: 1701: Stream instance 1: state transitioned from ST_STATE_ACTIVE to ST_STATE_LOADED
01-25 19:33:54.690  1895  1945 I PAL: StreamSoundTrigger: stop: 375: Exit, status 0
01-25 19:33:54.690  1895  1945 I PAL: API: pal_stream_stop: 404: Exit. status 0
01-25 19:33:54.690  1895  1945 V sthal_SoundTriggerSession: StopRecognition_l: Exit, status = 0
01-25 19:33:54.690  1895  1945 V sthal_SoundTriggerSession: StopRecognition: Exit, status = 0
01-25 19:33:54.690  1895  1945 V sthal_SoundTriggerDevice: stdev_stop_recognition: Exit, status = 0
01-25 19:33:54.691  1919  1919 I sensors-hal: set_config:61, sample_period_ns is adjusted to 120000000 based on min/max delay_ns
01-25 19:33:54.691  1919  1919 I sensors-hal: batch:369, com.samsung.sensor.light_ir/1421, period=120000000, max_latency=0 request completed
01-25 19:33:54.691  2829  3983 I SoundTriggerMiddlewareLogging: RECOGNITION (2, android.media.soundtrigger_middleware.PhraseRecognitionEventSys{phraseRecognitionEvent: android.media.soundtrigger.PhraseRecognitionEvent{common: android.media.soundtrigger.RecognitionEvent{status: 1, type: 0, captureAvailable: false, captureDelayMs: 0, capturePreambleMs: 0, triggerInData: false, audioConfig: null, data: [], recognitionStillActive: false}, phraseExtras: []}, halEventReceivedMillis: -1, token: android.os.Binder@fea2033}, 11953)
01-25 19:33:54.691  2012 15453 V APM_AudioPolicyManager: getNewOutputDevices selected devices {AUDIO_DEVICE_OUT_SPEAKER, @:}
01-25 19:33:54.691  2012 15453 V APM_AudioPolicyManager: setOutputDevices device {AUDIO_DEVICE_OUT_SPEAKER, @:} delayMs 0
01-25 19:33:54.691  2012 15453 V APM_AudioPolicyManager: setOutputDevices() prevDevice {AUDIO_DEVICE_OUT_EARPIECE, @:}
01-25 19:33:54.691  2829  2829 W SoundTriggerHelper: Recognition aborted
01-25 19:33:54.691  2012 15453 V APM_AudioPolicyManager: setOutputDevices changing device to {AUDIO_DEVICE_OUT_SPEAKER, @:}
01-25 19:33:54.691  1919  1919 I sensors-hal: activate:285, com.samsung.sensor.light_ir/1421 en=1
01-25 19:33:54.691  1919  1919 I sensors-hal: activate:53, light_ir: Activate!
01-25 19:33:54.691  1895 28139 D AHAL: AudioStream: AutoPerfLock: 186: (Acquired) perf_lock_handle: 0x0, count: 1
01-25 19:33:54.691  4158  4158 D SettingsHelper: onChange() COMPLETED elapsed= 1
01-25 19:33:54.691  1895 28139 I AHAL: AudioStream: Open: 5413: Enter: InPrimary usecase(33: audio-record-voip)
01-25 19:33:54.691  4158  4158 D MicMode : onChanged() - mic_mode_enable : true
01-25 19:33:54.692  1895 28139 D AHAL: AudioStream: Open: 5525: set format=1, bit_width=16
01-25 19:33:54.692  4158  4158 D VideoCallMicModeBar: updateBarVisibilities: videoCall: false micMode: true voIPTranslator: false
01-25 19:33:54.692  1895 28139 D AHAL: AudioStream: Open: 5632: (0:ret)
01-25 19:33:54.692  1895 28139 I PAL: API: pal_stream_open: 197: Enter, stream type:6
01-25 19:33:54.692  4158  4158 I VideoCallMicModeBar: showBar : true
01-25 19:33:54.692  2011  2011 I SSC_DAEMON: physical_sensor_test_req_msg Sensor type :4, Msg type:15
01-25 19:33:54.692  1919  1919 I sensors-hal: acquire_ssc_interface:114, acquire_ssc_interface with sensor_id 6 , conn_type 3 
01-25 19:33:54.692  1895 28139 I PAL: ResourceManager: getActiveStream_l: 5781: no active streams found for device 25 ret -2
01-25 19:33:54.692  1895 28139 I PAL: ResourceManager: getActiveStream_l: 5781: no active streams found for device 26 ret -2
01-25 19:33:54.692  9050  9232 I AlwaysOnHotwordDetector: onRecognitionPaused
01-25 19:33:54.692  1895 28139 I PAL: Device: setDeviceAttributes: 383: DeviceAttributes for Device Id 26 updated
01-25 19:33:54.692  1895 28139 I PAL: Device: open: 453: Enter. deviceCount 0 for device id 26 (PAL_DEVICE_IN_SPEAKER_MIC)
01-25 19:33:54.692  1895 28139 I PAL: SessionAlsaUtils: setDeviceMediaConfig: 1048: CODEC_DMA-LPAIF_RXTX-TX-3 rate ch fmt data_fmt 48000 4 2 1
01-25 19:33:54.692  1895 28139 D audio_route: Apply path: voip-comm-speaker-mic
01-25 19:33:54.692  1895  1945 V sec_audio_hw: sec_stream_set_parameters(13:0) : l_volume_voice=0.500000
01-25 19:33:54.692  2011  3752 I SSC_DAEMON: light_msg(4/15): option - 2
01-25 19:33:54.692  1895  1945 D AHAL: AudioStream: astream_out_set_parameters: 1006: enter: usecase(1: primary-playback) kvpairs: l_volume_voice=0.500000
01-25 19:33:54.692  1895  1945 D AHAL: AudioStream: SetParameters: 2878: enter 
01-25 19:33:54.692  1895  1945 D AHAL: AudioStream: SetParameters: 2923: exit 0
01-25 19:33:54.692  1895  1945 D AHAL: AudioStream: astream_out_set_parameters: 1027: Exit ret: 0
01-25 19:33:54.692  1875  2041 E minksocket: MinkIPC_QRTR_Service: client with node 1 port 4c13 went down
01-25 19:33:54.693  1875  2046 E minksocket: MinkIPC_QRTR_Service: client with node 1 port 4c13 went down
01-25 19:33:54.693  1875  2046 E minksocket: MinkIPC_QRTR_Service: client with node 1 port 4c14 went down
01-25 19:33:54.693  1875  2041 E minksocket: MinkIPC_QRTR_Service: client with node 1 port 4c14 went down
01-25 19:33:54.693  1895 28139 I PAL: Device: open: 488: Exit. deviceCount 1 for device id 26 (PAL_DEVICE_IN_SPEAKER_MIC), exit status: 0
01-25 19:33:54.693  1895 28139 I PAL: ResourceManager: allocateFrontEndIds: 6656: allocateFrontEndIds: front end 112
01-25 19:33:54.693  1895 28139 I PAL: PayloadBuilder: populateStreamKV: 2972: stream type 6
01-25 19:33:54.693  1895 28139 I PAL: PayloadBuilder: findKVs: 2703: key: 0xb1000000 value: 0xb1000004
01-25 19:33:54.693  1895 28139 I PAL: PayloadBuilder: populateStreamCkv: 3304: Entered default a4000000 f
01-25 19:33:54.693  1895 28139 I PAL: PayloadBuilder: populateDeviceKV: 3086: Enter device id:26
01-25 19:33:54.693  9050  9143 I AlwaysOnHotwordDetector: handle message 4
01-25 19:33:54.693  1895 28139 I PAL: PayloadBuilder: findKVs: 2703: key: 0xa3000000 value: 0xa3000001
01-25 19:33:54.693  1895 28139 I PAL: PayloadBuilder: populateDeviceKV: 3114: Exit device id:26, status 0
01-25 19:33:54.693  1895 28139 I PAL: PayloadBuilder: populateDevicePPKV: 3246: Tx device id:26
01-25 19:33:54.693  1895 28139 I PAL: PayloadBuilder: getSelectorValues: 2870: stream type: 6
01-25 19:33:54.693  9050  9121 I eptv    : onRecognitionPaused 
01-25 19:33:54.693  1919  1919 I sensors-hal: ssc_qmi:36, ssc_qmi
01-25 19:33:54.693  1875  2041 E minksocket: MinkIPC_QRTR_Service: client with node 1 port 4c15 went down
01-25 19:33:54.693  1919  1919 I sensors-hal: register_cb:305, register_cb start this=0xb400007dcc1ba800x
01-25 19:33:54.693  1895 28139 I PAL: PayloadBuilder: findKVs: 2690: key: 0xa3000000 value: 0xa3000001
01-25 19:33:54.693  1895 28139 I PAL: PayloadBuilder: findKVs: 2690: key: 0xad000000 value: 0xad00041
01-25 19:33:54.693  1895 28139 I PAL: PayloadBuilder: populateDevicePPCkv: 3404: sattr->type(6) VoiP Sample Rate[48000]
01-25 19:33:54.693  1875  2046 E minksocket: MinkIPC_QRTR_Service: client with node 1 port 4c15 went down
01-25 19:33:54.693  1895 28139 D agm_server_wrapper: Aif id 5 already added to session list of 112
01-25 19:33:54.693  1895 28139 I AGM: session: session_obj_set_sess_aif_metadata: 1779 Exit
01-25 19:33:54.693  1895 28139 D agm_server_wrapper: Aif id 5 already added to session list of 112
01-25 19:33:54.693  1895 28139 I AGM: API: agm_session_aif_connect: 685 connecting aifid:5 with session id=112
01-25 19:33:54.693  1895 28139 I PAL: API: pal_stream_open: 242: Exit. Value of stream_handle 0xb400007ea488e800K, status 0 : PAL_STREAM_VOIP_TX(6)
01-25 19:33:54.693  1919  1919 I sensors-hal: register_cb:321, register_cb End with succes
01-25 19:33:54.693  1895 28139 D AHAL: AudioStream: Open: 5774: Exit ret: 0
01-25 19:33:54.693  1895 28139 D AHAL: AudioStream: ~AutoPerfLock: 196: (release) perf_lock_handle: 0x0, count: 1
01-25 19:33:54.693  1895 28139 D AHAL: AudioStream: ~AutoPerfLock: 200: Releasing perf_lock_handle: 0x0
01-25 19:33:54.693  1895 28139 D AHAL: AudioStream: AutoPerfLock: 186: (Acquired) perf_lock_handle: 0x0, count: 1
01-25 19:33:54.693  1919  1919 I sensors-hal: send_sync_sensor_request:521, send sync request
01-25 19:33:54.693  1919  1919 I sensors-hal: send_sync_sensor_request:531, send_sync_sensor_request before send_request for light_cct with SUID low=17242558634497898280 high=6270869527188043453
01-25 19:33:54.693  1895 28139 D PreProcess_RA: PreProcessInit() There is no solutions for recording
01-25 19:33:54.693  1919  1919 I sensors-hal: send_request:330, send_request start this=0xb400007dcc1ba800x 
01-25 19:33:54.693  1895 28139 I PAL: API: pal_stream_start: 310: Enter. Stream handle 0xb400007ea488e800K
01-25 19:33:54.693  1895 28139 I PAL: SessionAlsaUtils: setDeviceMediaConfig: 1048: CODEC_DMA-LPAIF_RXTX-TX-3 rate ch fmt data_fmt 48000 4 2 1
01-25 19:33:54.693  1919  1919 I sensors-hal: send_request:415, send_request completed, this=0xb400007dcc1ba800x
01-25 19:33:54.693  1875  2041 E minksocket: MinkIPC_QRTR_Service: client with node 1 port 4c16 went down
01-25 19:33:54.693  1919  1919 I sensors-hal: send_sync_sensor_request:552, wait for notification of response
01-25 19:33:54.693  1895 28139 I PAL: ResourceManager: voteSleepMonitor: 1950: Voting done for nlpi use case, lpi votes 0, nlpi votes : 1
01-25 19:33:54.693  1875  2046 E minksocket: MinkIPC_QRTR_Service: client with node 1 port 4c16 went down
01-25 19:33:54.694  1919 28141 I sensors-hal: ssc_conn_resp_cb:941, resp_value = 0 for light_cct 
01-25 19:33:54.694  1919 28141 I sensors-hal: handle_resp_cb:517, handle_resp_cb Ended this=0xb400007dcc1ba800x
01-25 19:33:54.694  1919  1919 I sensors-hal: send_sync_sensor_request:558, takes 0 ms to receive the response with 0
01-25 19:33:54.694  1919  1919 I sensors-hal: activate:303, com.samsung.sensor.light_ir/1421 en=1 completed
01-25 19:33:54.694  1959 28129 I SensorListener: enableSensor : numSensors=44/44, sen_list = 0xb40000797ca05000/0xb40000797ca05000
01-25 19:33:54.694  1895 28139 D agm_client_wrapper: agm_session_open called with handle = 636fcda0 , *handle = 0
01-25 19:33:54.695  1919  1919 D SensorsFlicker: Als_common::setDelay, handle : 1 time : 10000000ns
01-25 19:33:54.695  1919  1919 D SensorsFlicker: Als_common::enable, handle : 1, mode : 1, en : 1
01-25 19:33:54.695  1919  1919 D SensorsFlicker: Als_common::sendCommand, send enable command
01-25 19:33:54.695  1895 28139 D AGM: graph: graph_open: 617 entry
01-25 19:33:54.695  1895 28139 D AGM: metadata: metadata_print: 79 *************************Metadata*************************
01-25 19:33:54.695  1895 28139 D AGM: metadata: metadata_print: 80 GKV size:3
01-25 19:33:54.695  1895 28139 D AGM: metadata: metadata_print: 83 key:0xb1000000, value:0xb1000004 
01-25 19:33:54.695  1895 28139 D AGM: metadata: metadata_print: 83 key:0xa3000000, value:0xa3000001 
01-25 19:33:54.695  1895 28139 D AGM: metadata: metadata_print: 83 key:0xad000000, value:0xad00041 
01-25 19:33:54.695  1895 28139 D AGM: metadata: metadata_print: 87 
01-25 19:33:54.695  1895 28139 D AGM: metadata: CKV count:2
01-25 19:33:54.695  1895 28139 D AGM: metadata: metadata_print: 90 key:0xa4000000, value:0xf 
01-25 19:33:54.696  1895 28139 D AGM: metadata: metadata_print: 90 key:0xd100000, value:0x3 
01-25 19:33:54.696  1895 28139 D AGM: metadata: metadata_print: 92 
01-25 19:33:54.696  1895 28139 D AGM: metadata: metadata_print: 94 Property ID:134217744
01-25 19:33:54.696  1895 28139 D AGM: metadata: metadata_print: 95 property count:4
01-25 19:33:54.696  1895 28139 D AGM: metadata: metadata_print: 98 Property Values: 
