01-25 19:33:54.823  2829  3972 D AS.AudioService: isBluetoothDualModeActive=false
01-25 19:33:54.823  2012 29572 V APM_AudioPolicyManager: setVolumeCurveIndex stream AUDIO_STREAM_VOICE_CALL, device 0x20000000, index 8
01-25 19:33:54.824  2829  3972 D BluetoothA2dp: getActiveDevice()
01-25 19:33:54.824  2829  3972 D AS.AudioService: isBluetoothDualModeActive=false
01-25 19:33:54.824  2012 29572 V APM_AudioPolicyManager: setVolumeCurveIndex stream AUDIO_STREAM_DTMF, device 0x20000000, index 9
01-25 19:33:54.825  2829  3972 D BluetoothA2dp: getActiveDevice()
01-25 19:33:54.825  2829  3972 D AS.AudioService: isBluetoothDualModeActive=false
01-25 19:33:54.825  2012 29572 V APM_AudioPolicyManager: setVolumeCurveIndex stream AUDIO_STREAM_DTMF, device 0x00000002, index 6
01-25 19:33:54.825  2012 29572 V APM_AudioPolicyManager: checkAndSetVolume: output 13, stream 8, index 6, devices 0x2, volume 0.500000
01-25 19:33:54.825  2012 29572 V APM_AudioPolicyManager: checkAndSetVolume: output 21, stream 8, index 6, devices 0x2, volume 0.500000
01-25 19:33:54.826  2012 29572 V APM_AudioPolicyManager: checkAndSetVolume: output 29, stream 8, index 6, devices 0x2, volume 0.500000
01-25 19:33:54.826  2012 29572 V APM_AudioPolicyManager: checkAndSetVolume: output 37, stream 8, index 6, devices 0x2, volume 0.500000
01-25 19:33:54.827  2829  3974 V AS.AudioDeviceBroker: requestedCommunicationDevice: AudioDeviceAttributes: role:output type:speaker addr: name: profiles:[] descriptors:[] mAudioModeOwner: AudioModeInfo: mMode=MODE_NORMAL, mPid=0, mUid=0
01-25 19:33:54.827  2829  3974 V AS.AudioDeviceBroker: onUpdateCommunicationRouteClient, crc: [CommunicationRouteClient: mUid: 10446 mDevice: AudioDeviceAttributes: role:output type:speaker addr: name: profiles:[] descriptors:[] mIsPrivileged: false mPlaybackActive: true mRecordingActive: true] wasBtScoRequested: false eventSource: setNewModeOwner
01-25 19:33:54.827  2829  3974 V AS.AudioDeviceBroker: setCommunicationRouteForClient: device: AudioDeviceAttributes: role:output type:speaker addr: name: profiles:[] descriptors:[], eventSource: setNewModeOwner
01-25 19:33:54.827  2829  3974 I AS.AudioDeviceBroker: setCommunicationRouteForClient for uid: 10446 device: AudioDeviceAttributes: role:output type:speaker addr: name: profiles:[] descriptors:[] isPrivileged: false from API: setNewModeOwner
01-25 19:33:54.827  2829  3974 V AS.AudioDeviceBroker: requestedCommunicationDevice: AudioDeviceAttributes: role:output type:speaker addr: name: profiles:[] descriptors:[] mAudioModeOwner: AudioModeInfo: mMode=MODE_IN_COMMUNICATION, mPid=27694, mUid=10446
01-25 19:33:54.827  2829  3974 V AS.AudioDeviceBroker: requestedCommunicationDevice: AudioDeviceAttributes: role:output type:speaker addr: name: profiles:[] descriptors:[] mAudioModeOwner: AudioModeInfo: mMode=MODE_IN_COMMUNICATION, mPid=27694, mUid=10446
01-25 19:33:54.827  2829  3974 V AS.AudioDeviceBroker: requestedCommunicationDevice: AudioDeviceAttributes: role:output type:speaker addr: name: profiles:[] descriptors:[] mAudioModeOwner: AudioModeInfo: mMode=MODE_IN_COMMUNICATION, mPid=27694, mUid=10446
01-25 19:33:54.827  2829  3974 V AS.AudioDeviceBroker: requestedCommunicationDevice: AudioDeviceAttributes: role:output type:speaker addr: name: profiles:[] descriptors:[] mAudioModeOwner: AudioModeInfo: mMode=MODE_IN_COMMUNICATION, mPid=27694, mUid=10446
01-25 19:33:54.827  2829  3974 V AS.AudioDeviceBroker: requestedCommunicationDevice: AudioDeviceAttributes: role:output type:speaker addr: name: profiles:[] descriptors:[] mAudioModeOwner: AudioModeInfo: mMode=MODE_IN_COMMUNICATION, mPid=27694, mUid=10446
01-25 19:33:54.827  2829  3974 V AS.AudioDeviceBroker: updateCommunicationRoute, preferredCommunicationDevice: AudioDeviceAttributes: role:output type:speaker addr: name: profiles:[] descriptors:[] eventSource: setNewModeOwner
01-25 19:33:54.827  2829  3974 V AS.AudioDeviceBroker: requestedCommunicationDevice: AudioDeviceAttributes: role:output type:speaker addr: name: profiles:[] descriptors:[] mAudioModeOwner: AudioModeInfo: mMode=MODE_IN_COMMUNICATION, mPid=27694, mUid=10446
01-25 19:33:54.827  2829  3974 I MicModeManager: setCommunicationDevice() deviceType: 2
01-25 19:33:54.827  2829  3974 I MicModeManager: updateAudioDevice() audioMode: 3, curDevice: 2
01-25 19:33:54.827  2829  3974 I MicModeManager: isMicModeSupported() MicModeType: 1, audioMode: 3, curDevice: 2, translationState: false, dexState: false, smartViewState: false, gameChatState: false, wifiCallState: false, videoCallState: false
01-25 19:33:54.827  2829  3974 I MicModeManager: isMicModeSupported() MicMode ON
01-25 19:33:54.827  2829  3974 I MicModeManager: getVoipCallMicMode voipCallMicMode = 0
01-25 19:33:54.827  2829  3974 D KNOX_MDM_SettingsProvider: isChangeAllowed() : name = mic_mode_enable
01-25 19:33:54.827  2829  3974 D KNOX_MDM_SettingsProvider: isChangeAllowed() : name = mic_mode_effect
01-25 19:33:54.828  2829  3974 D KNOX_MDM_SettingsProvider: isChangeAllowed() : name = mic_mode_package
01-25 19:33:54.828  2829  3974 V AS.AudioDeviceBroker: requestedCommunicationDevice: AudioDeviceAttributes: role:output type:speaker addr: name: profiles:[] descriptors:[] mAudioModeOwner: AudioModeInfo: mMode=MODE_IN_COMMUNICATION, mPid=27694, mUid=10446
01-25 19:33:54.828  2829  3972 V AS.AudioDeviceBroker: requestedCommunicationDevice: AudioDeviceAttributes: role:output type:speaker addr: name: profiles:[] descriptors:[] mAudioModeOwner: AudioModeInfo: mMode=MODE_IN_COMMUNICATION, mPid=27694, mUid=10446
01-25 19:33:54.828  2829  3974 I Telecom : SamsungTelecomServiceImpl : isInCall - callingPackage : android / callingUser : UserHandle{0} / hasCrossUserAccess : true
01-25 19:33:54.828  2012 29572 V APM_AudioPolicyManager: setVolumeCurveIndex stream AUDIO_STREAM_VOICE_CALL, device 0x20000000, index 8
01-25 19:33:54.828  2012  4079 V APM_AudioPolicyManager: getAudioPolicyConfig: audioParam;l_device_current_output
01-25 19:33:54.828  2829  3972 D BluetoothA2dp: getActiveDevice()
01-25 19:33:54.828  2012  4079 V APM_AudioPolicyManager: getNewOutputDevices selected devices {AUDIO_DEVICE_OUT_SPEAKER, @:}
01-25 19:33:54.829  4158  4158 D SettingsHelper: onChange() COMPLETED elapsed= 0
01-25 19:33:54.829  4158  4158 D MicMode : onChanged() - mic_mode_enable : true
01-25 19:33:54.829  4158  4158 D VideoCallMicModeBar: updateBarVisibilities: videoCall: false micMode: true voIPTranslator: false
01-25 19:33:54.829  4158  4158 I VideoCallMicModeBar: showBar : true
01-25 19:33:54.829  2829  3972 D AS.AudioService: isBluetoothDualModeActive=false
01-25 19:33:54.829  2012  4079 V APM_AudioPolicyManager: setVolumeCurveIndex stream AUDIO_STREAM_DTMF, device 0x20000000, index 9
01-25 19:33:54.829  2829  3972 D BluetoothA2dp: getActiveDevice()
01-25 19:33:54.830  2829  3972 D AS.AudioService: isBluetoothDualModeActive=false
01-25 19:33:54.830  2012  4079 V APM_AudioPolicyManager: setVolumeCurveIndex stream AUDIO_STREAM_DTMF, device 0x00000002, index 6
01-25 19:33:54.830  2012  4079 V APM_AudioPolicyManager: checkAndSetVolume: output 13, stream 8, index 6, devices 0x2, volume 0.500000
01-25 19:33:54.830  2012  4079 V APM_AudioPolicyManager: checkAndSetVolume: output 21, stream 8, index 6, devices 0x2, volume 0.500000
01-25 19:33:54.830  2012  4079 V APM_AudioPolicyManager: checkAndSetVolume: output 29, stream 8, index 6, devices 0x2, volume 0.500000
01-25 19:33:54.831  2012  4079 V APM_AudioPolicyManager: checkAndSetVolume: output 37, stream 8, index 6, devices 0x2, volume 0.500000
01-25 19:33:54.832  2012  4079 V APM_AudioPolicyManager: setForceUse() usage 7, config 0, mPhoneState 3
01-25 19:33:54.832  2012  4079 W APM_AudioPolicyManager: setForceUse() usage 7, config 0 is already set
01-25 19:33:54.833  2012  4079 V APM_AudioPolicyManager: setVolumeCurveIndex stream AUDIO_STREAM_DTMF, device 0x00000001, index 15
01-25 19:33:54.834  2012  4079 V APM_AudioPolicyManager: setVolumeCurveIndex stream AUDIO_STREAM_DTMF, device 0x00000002, index 6
01-25 19:33:54.834  2012  4079 V APM_AudioPolicyManager: checkAndSetVolume: output 13, stream 8, index 6, devices 0x2, volume 0.500000
01-25 19:33:54.834  2012  4079 V APM_AudioPolicyManager: checkAndSetVolume: output 21, stream 8, index 6, devices 0x2, volume 0.500000
01-25 19:33:54.834  2012  4079 V APM_AudioPolicyManager: checkAndSetVolume: output 29, stream 8, index 6, devices 0x2, volume 0.500000
01-25 19:33:54.834  2012  4079 V APM_AudioPolicyManager: checkAndSetVolume: output 37, stream 8, index 6, devices 0x2, volume 0.500000
01-25 19:33:54.835  2012  4079 V APM_AudioPolicyManager: setVolumeCurveIndex stream AUDIO_STREAM_DTMF, device 0x20000000, index 9
01-25 19:33:54.836  2012  4079 V APM_AudioPolicyManager: setVolumeCurveIndex stream AUDIO_STREAM_DTMF, device 0x40000000, index 9
01-25 19:33:54.836  2012  4079 V APM_AudioPolicyManager: checkAndSetVolume: output 69, stream 8, index 9, devices 0x10000, volume 1.000000
01-25 19:33:54.836  2012  4079 V APM_AudioPolicyManager: checkAndSetVolume: output 85, stream 8, index 9, devices 0x10000, volume 1.000000
01-25 19:33:54.836  2012  4079 V APM_AudioPolicyManager: setVolumeCurveIndex stream AUDIO_STREAM_DTMF, device 0x00000001, index 15
01-25 19:33:54.836  2012  4079 V APM_AudioPolicyManager: setVolumeCurveIndex stream AUDIO_STREAM_DTMF, device 0x00000002, index 6
01-25 19:33:54.837  2012  4079 V APM_AudioPolicyManager: checkAndSetVolume: output 13, stream 8, index 6, devices 0x2, volume 0.500000
01-25 19:33:54.837  2012  4079 V APM_AudioPolicyManager: checkAndSetVolume: output 21, stream 8, index 6, devices 0x2, volume 0.500000
01-25 19:33:54.837  2012  4079 V APM_AudioPolicyManager: checkAndSetVolume: output 29, stream 8, index 6, devices 0x2, volume 0.500000
01-25 19:33:54.837  2411 22206 I Camera3-Status: markComponent: Component 1 is now active - BufferRequestSM
01-25 19:33:54.837  2411 22206 I Camera3-Status: markComponent: Component 1 is now idle - BufferRequestSM
01-25 19:33:54.838  2012  4079 V APM_AudioPolicyManager: checkAndSetVolume: output 37, stream 8, index 6, devices 0x2, volume 0.500000
01-25 19:33:54.838  1959  3784 I SS_3A   :  INFO:  AF: TsAf_get_metadata: 1149: [TsAf_Range] range_sensor_data is NULL
01-25 19:33:54.839  2012  4079 V APM_AudioPolicyManager: setVolumeCurveIndex stream AUDIO_STREAM_DTMF, device 0x20000000, index 9
01-25 19:33:54.839  2012  4079 V APM_AudioPolicyManager: setVolumeCurveIndex stream AUDIO_STREAM_DTMF, device 0x40000000, index 9
01-25 19:33:54.839  2012  4079 V APM_AudioPolicyManager: checkAndSetVolume: output 69, stream 8, index 9, devices 0x10000, volume 1.000000
01-25 19:33:54.839  2012  4079 V APM_AudioPolicyManager: checkAndSetVolume: output 85, stream 8, index 9, devices 0x10000, volume 1.000000
01-25 19:33:54.839  1959  3784 E AF_DEBUG: AfLib_ExecuteMain(1277) : [cam_id_4] still_capture_intent arrived
01-25 19:33:54.840  2012  4079 V APM_AudioPolicyManager: setVolumeCurveIndex stream AUDIO_STREAM_ACCESSIBILITY, device 0x00000001, index 9
01-25 19:33:54.840  2012  4079 V APM_AudioPolicyManager: setVolumeCurveIndex stream AUDIO_STREAM_ACCESSIBILITY, device 0x00000002, index 9
01-25 19:33:54.840  2012  4079 V APM_AudioPolicyManager: checkAndSetVolume: output 13, stream 10, index 9, devices 0x2, volume 0.500000
01-25 19:33:54.840  2012  4079 V APM_AudioPolicyManager: checkAndSetVolume: output 21, stream 10, index 9, devices 0x2, volume 0.500000
01-25 19:33:54.840  2012  4079 V APM_AudioPolicyManager: checkAndSetVolume: output 29, stream 10, index 9, devices 0x2, volume 0.500000
01-25 19:33:54.840  2012  4079 V APM_AudioPolicyManager: checkAndSetVolume: output 37, stream 10, index 9, devices 0x2, volume 0.500000
01-25 19:33:54.840  2012  4079 V APM_AudioPolicyManager: setVolumeCurveIndex stream AUDIO_STREAM_ACCESSIBILITY, device 0x00000004, index 9
01-25 19:33:54.841  2012  4079 V APM_AudioPolicyManager: setVolumeCurveIndex stream AUDIO_STREAM_ACCESSIBILITY, device 0x00000008, index 9
01-25 19:33:54.841  2012  4079 V APM_AudioPolicyManager: setVolumeCurveIndex stream AUDIO_STREAM_ACCESSIBILITY, device 0x00000080, index 9
01-25 19:33:54.841  2012  4079 V APM_AudioPolicyManager: setVolumeCurveIndex stream AUDIO_STREAM_ACCESSIBILITY, device 0x00008000, index 15
01-25 19:33:54.841  2012  4079 V APM_AudioPolicyManager: setVolumeCurveIndex stream AUDIO_STREAM_ACCESSIBILITY, device 0x04000000, index 9
01-25 19:33:54.842  2012  4079 V APM_AudioPolicyManager: setVolumeCurveIndex stream AUDIO_STREAM_ACCESSIBILITY, device 0x20000000, index 9
01-25 19:33:54.842  2012  4079 V APM_AudioPolicyManager: setVolumeCurveIndex stream AUDIO_STREAM_ACCESSIBILITY, device 0x20000002, index 9
01-25 19:33:54.842  1959  3782 I SS_3A   :  INFO: AWB: TsAwb_process_preview: 3028: [6]TsAwb_gain_front=1.781,1.00,2.002,  BV=-0.383, lux=326, CT=4393, CT2=4393, TG=216, Ch_g=1.056, I/V=0.000, LT=0, PsnIdx=0
01-25 19:33:54.842  1959  3784 I SS_3A   :  INFO: AEC: TsAec_process_get_aec_info: 2583: [F][6] algo_out Av=2.273 g=23.693 e_t=0.03326 LLS=0x0 Ev=4.586 Bv=-0.375 PEv=4.625 Cvgd=0 lux=325, lls=0x0, drc=1.022 wide=0 Vo=0.000
01-25 19:33:54.843  2012  4079 V APM_AudioPolicyManager: setVolumeCurveIndex stream AUDIO_STREAM_ACCESSIBILITY, device 0x40000000, index 8
01-25 19:33:54.843  2012  4079 V APM_AudioPolicyManager: checkAndSetVolume: output 69, stream 10, index 8, devices 0x10000, volume 1.000000
01-25 19:33:54.843  2012  4079 V APM_AudioPolicyManager: checkAndSetVolume: output 85, stream 10, index 8, devices 0x10000, volume 1.000000
01-25 19:33:54.843  2012  4079 V APM_AudioPolicyManager: setAudioPolicyConfig: audioParam;l_volume_fine_key;index=80;device=536870912
01-25 19:33:54.843  2012  4079 V APM_AudioPolicyManager: setVolumeCurveIndex stream AUDIO_STREAM_MUSIC, device 0x20000000, index 8
01-25 19:33:54.844  2012  4079 V APM_AudioPolicyManager: getNewOutputDevices selected devices {AUDIO_DEVICE_OUT_SPEAKER, @:}
01-25 19:33:54.844  2012  4079 V APM_AudioPolicyManager: checkAndSetVolume: output 13, stream 3, index 8, devices 0x2, volume 0.053088
01-25 19:33:54.844  2012  4079 V APM_AudioPolicyManager: checkAndSetVolume: output 21, stream 3, index 8, devices 0x2, volume 0.053088
01-25 19:33:54.844  2012  4079 V APM_AudioPolicyManager: checkAndSetVolume: output 29, stream 3, index 8, devices 0x2, volume 0.053088
01-25 19:33:54.845  2012  4079 V APM_AudioPolicyManager: checkAndSetVolume: output 37, stream 3, index 8, devices 0x2, volume 0.053088
01-25 19:33:54.846  2829  3972 I AS.AudioService: fine volume : l_volume_fine_key;index=80;device=536870912
01-25 19:33:54.846  2012  4079 V APM_AudioPolicyManager: setAudioPolicyConfig: audioParam;l_volume_fine_key;index=80;device=536870914
01-25 19:33:54.846  2012  4079 V APM_AudioPolicyManager: setVolumeCurveIndex stream AUDIO_STREAM_MUSIC, device 0x20000002, index 8
01-25 19:33:54.846  2012  4079 V APM_AudioPolicyManager: getNewOutputDevices selected devices {AUDIO_DEVICE_OUT_SPEAKER, @:}
01-25 19:33:54.847  2012  4079 V APM_AudioPolicyManager: checkAndSetVolume: output 13, stream 3, index 8, devices 0x2, volume 0.053088
01-25 19:33:54.847  2012  4079 V APM_AudioPolicyManager: checkAndSetVolume: output 21, stream 3, index 8, devices 0x2, volume 0.053088
01-25 19:33:54.847  2012  4079 V APM_AudioPolicyManager: checkAndSetVolume: output 29, stream 3, index 8, devices 0x2, volume 0.053088
01-25 19:33:54.848  2012  4079 V APM_AudioPolicyManager: checkAndSetVolume: output 37, stream 3, index 8, devices 0x2, volume 0.053088
01-25 19:33:54.849  2829  3972 I AS.AudioService: fine volume : l_volume_fine_key;index=80;device=536870914
01-25 19:33:54.852  2012  4079 V APM_AudioPolicyManager: setForceUse() usage 7, config 0, mPhoneState 3
01-25 19:33:54.852  2012  4079 W APM_AudioPolicyManager: setForceUse() usage 7, config 0 is already set
01-25 19:33:54.858  1919 28141 I sensors-hal: ssc_conn_event_cb:869, SCHED_FIFO(10) for qmi_cbk
01-25 19:33:54.872  1959  3785 I SS_3A   :  INFO:  AF: TsAf_get_metadata: 1149: [TsAf_Range] range_sensor_data is NULL
01-25 19:33:54.872  1959  3785 E AF_DEBUG: AfLib_ExecuteMain(1277) : [cam_id_4] still_capture_intent arrived
01-25 19:33:54.875  1959  3786 I SS_3A   :  INFO: AWB: TsAwb_process_preview: 3028: [7]TsAwb_gain_front=1.778,1.00,2.008,  BV=-0.375, lux=326, CT=4376, CT2=4376, TG=206, Ch_g=1.058, I/V=0.000, LT=0, PsnIdx=0
01-25 19:33:54.875  1959  3782 I SS_3A   :  INFO: AEC: TsAec_process_get_aec_info: 2583: [F][7] algo_out Av=2.273 g=23.123 e_t=0.03326 LLS=0x0 Ev=4.621 Bv=-0.367 PEv=4.633 Cvgd=0 lux=325, lls=0x0, drc=1.030 wide=0 Vo=0.000
01-25 19:33:54.879  2411 22206 I Camera3-Status: markComponent: Component 1 is now active - BufferRequestSM
01-25 19:33:54.879  2411 22206 I Camera3-Status: markComponent: Component 1 is now idle - BufferRequestSM
01-25 19:33:54.905  1959  3782 I SS_3A   :  INFO:  AF: TsAf_get_metadata: 1149: [TsAf_Range] range_sensor_data is NULL
01-25 19:33:54.905  1959  3782 E AF_DEBUG: AfLib_ExecuteMain(1277) : [cam_id_4] still_capture_intent arrived
01-25 19:33:54.905  1959  3782 E AF_DEBUG: UpdateAfStatus(179) : [cam_id_4] AF status 0x20 -> 0x2, called from : AfStagePhaseFindGoal(5284)  
01-25 19:33:54.905  1959  3782 I SS_3A   :  INFO:  AF: TsAf_update_focus_status: 3052: [cam_id_4 for Af Lib] Update output status! new status: 0x2 prev_status: 0x20
01-25 19:33:54.909  1959  3785 I SS_3A   :  INFO: AEC: TsAec_process_get_aec_info: 2583: [F][8] algo_out Av=2.273 g=22.936 e_t=0.03326 LLS=0x0 Ev=4.633 Bv=-0.359 PEv=4.641 Cvgd=1 lux=325, lls=0x0, drc=1.036 wide=0 Vo=0.000
01-25 19:33:54.909  1959  3782 I SS_3A   :  INFO: AWB: TsAwb_process_preview: 3028: [8]TsAwb_gain_front=1.778,1.00,2.008,  BV=-0.367, lux=326, CT=4376, CT2=4367, TG=197, Ch_g=1.060, I/V=0.005, LT=0, PsnIdx=0
01-25 19:33:54.913  2411 22206 I Camera3-Status: markComponent: Component 1 is now active - BufferRequestSM
01-25 19:33:54.913  2411 22206 I Camera3-Status: markComponent: Component 1 is now idle - BufferRequestSM
01-25 19:33:54.938  1959  3785 I SS_3A   :  INFO:  AF: TsAf_get_metadata: 1149: [TsAf_Range] range_sensor_data is NULL
01-25 19:33:54.942  1959  3782 I SS_3A   :  INFO: AWB: TsAwb_process_preview: 3028: [9]TsAwb_gain_front=1.778,1.00,2.008,  BV=-0.359, lux=325, CT=4376, CT2=4357, TG=193, Ch_g=1.061, I/V=0.005, LT=0, PsnIdx=0
01-25 19:33:54.945 10178 27306 I [MCFDs]_ContinuityBleAdv@ffe963f: stopAdvertiser - unset
01-25 19:33:54.945  2411 22206 I Camera3-Status: markComponent: Component 1 is now active - BufferRequestSM
01-25 19:33:54.945  2411 22206 I Camera3-Status: markComponent: Component 1 is now idle - BufferRequestSM
01-25 19:33:54.946  4520  9168 I bt      : bluetooth_core::gatt::arbiter: removing server (if any) associated with advertiser AdvertiserId(0)
01-25 19:33:54.946  4520  9168 I bt_stack: [INFO:le_advertising_manager.cc(82)] Unregister in shim layer
01-25 19:33:54.947  4520  4705 I bluetooth: packages/modules/Bluetooth/system/gd/hci/le_advertising_manager.cc:409 remove_advertiser: AdvertiserId : 0
01-25 19:33:54.947  1904  1904 D vendor.qti.bluetooth@1.1-ibs_handler: SerialClockVote: vote for UART CLK ON
01-25 19:33:54.947 10178 10178 I [MCFDs]_ContinuityBleAdv@ffe963f: onAdvertisingSetStopped - 
01-25 19:33:54.947  4520  5623 E BtGatt.GattService: [GSIM LOG]: gsimLogHandler, msg: MESSAGE_ADV_SET_STOP, appName: com.samsung.android.mcfds, id: 0, isLegacy: true
01-25 19:33:54.948  1904  1904 D vendor.qti.bluetooth@1.1-wake_lock: Acquire wakelock is acquired 
01-25 19:33:54.948  1904  1904 I vendor.qti.bluetooth@1.1-ibs_handler: DeviceWakeUp: Writing IBS_WAKE_IND
01-25 19:33:54.952  1904  5478 I vendor.qti.bluetooth@1.1-ibs_handler: ProcessIbsCmd: Received IBS_WAKE_ACK: 0xFC
01-25 19:33:54.952  1904  5478 I vendor.qti.bluetooth@1.1-ibs_handler: ProcessIbsCmd: Signal wack_cond_
01-25 19:33:54.952  1904  1904 D vendor.qti.bluetooth@1.1-ibs_handler: DeviceWakeUp: Unblocked from waiting for FC, pthread_cond_timedwait ret = 0
01-25 19:33:54.953  2829  6045 D SemWifiUsabilityStatsMonitor: onWifiUsabilityStats - seqNum 21678, isSameBssidAndFreq true
01-25 19:33:54.953  2829  4028 I SemWifiLinkQualityMonitor: Link stat: 1706 / 39 / 1,26 (204) / 864 / -48.0 || 100.0 : 864,00 / 0.5 : 0,79 / 0.55 : 0,02 / G (G) || 0,08 ms / 96,45 Mbps / N || 0 / N / 0 N / 0 Y
01-25 19:33:54.954  1904  5478 I vendor.qti.bluetooth@1.1-ibs_handler: ProcessIbsCmd: Received IBS_WAKE_IND: 0xFD
01-25 19:33:54.954  1904  5478 I vendor.qti.bluetooth@1.1-ibs_handler: ProcessIbsCmd: Writing IBS_WAKE_ACK
01-25 19:33:54.966  2829  3233 D PowerManagerService: displayReady: false groupId=0
01-25 19:33:54.966  2829  3233 D DisplayPowerController2[0]: animateScreenStateChange: target=ON, mIsEnabled=true
01-25 19:33:54.966  2829  3233 D PowerManagerService: displayReady: true groupId=0
01-25 19:33:54.972  1959  3785 I SS_3A   :  INFO:  AF: TsAf_get_metadata: 1149: [TsAf_Range] range_sensor_data is NULL
01-25 19:33:54.976  1959  3786 I SS_3A   :  INFO: AWB: TsAwb_process_preview: 3028: [10]TsAwb_gain_front=1.778,1.00,2.009,  BV=-0.309, lux=324, CT=4375, CT2=4356, TG=189, Ch_g=1.062, I/V=0.005, LT=0, PsnIdx=0
01-25 19:33:54.984  1959  3786 I CHI     : [SS_LOW ]: [CHI         ]: chxsecperf.cpp: ReleasePerfLock: 1224:  0 [OPEN_CAMERA] Released
01-25 19:33:54.984  1959  3786 I CHI     : [SS_LOW ]: [CHI         ]: chxsecperf.cpp: ReleasePerfLock: 1224: 69 [BOOST_PREVIEW_0] Released
01-25 19:33:54.984  1959  3786 I CHI     : [SS_LOW ]: [CHI         ]: chxsecperf.cpp: AcquirePerfLock: 1014: OverheatLevel [0~6](0xFFFFFFFF)
01-25 19:33:54.984  1959  3786 I CHI     : [SS_LOW ]: [CHI         ]: chxsecperf.cpp: AcquirePerfLock: 1143: Acquiring PERF_LOCK_POWER_HINT_COMMON
01-25 19:33:54.984  1959  3786 I CHI     : [SS_LOW ]: [CHI         ]: chxsecperf.cpp: AcquirePerfLock: 1157:  2] COMMON (0)
01-25 19:33:54.984  1959  3786 I CHI     : [SS_LOW ]: [CHI         ]: chxsecperf.cpp: AcquirePerfLock: 1014: OverheatLevel [0~6](0xFFFFFFFF)
01-25 19:33:54.984  1959  3786 I CHI     : [SS_LOW ]: [CHI         ]: chxsecperf.cpp: AcquirePerfLock: 1157: 42] VT_CALL (0)
01-25 19:33:54.987  2411 22206 I Camera3-Status: markComponent: Component 1 is now active - BufferRequestSM
01-25 19:33:54.987  2411 22206 I Camera3-Status: markComponent: Component 1 is now idle - BufferRequestSM
01-25 19:33:55.003  1904  5478 I vendor.qti.bluetooth@1.1-ibs_handler: ProcessIbsCmd: Received IBS_SLEEP_IND: 0xFE
01-25 19:33:55.005  2411 22206 I Camera3-Status: markComponent: Component 1 is now active - BufferRequestSM
01-25 19:33:55.005  2411 22206 I Camera3-Status: markComponent: Component 1 is now idle - BufferRequestSM
01-25 19:33:55.005  1959  3782 I SS_3A   :  INFO:  AF: TsAf_get_metadata: 1149: [TsAf_Range] range_sensor_data is NULL
01-25 19:33:55.018  1919 23415 I sensors-hal: handle_sns_std_sensor_event:436, [SSC_LIGHT] P: 18(18),m:13,c:291,b:67,c0:21137,l:18,f(r):98,u(bl):100,j:6
01-25 19:33:55.038  1959  3784 I SS_3A   :  INFO:  AF: TsAf_get_metadata: 1149: [TsAf_Range] range_sensor_data is NULL
01-25 19:33:55.039  1959  3784 E AF_DEBUG: CheckKeepAfMethod(5992) : [cam_id_4][AF_NOTI]  Exceed COUNT(fail_cnt_paf = 5, total_frame_cnt = 5, paf_valid = 1). Change AF Method to CONTRAST!!
01-25 19:33:55.039  1959  3784 E AF_DEBUG: AfHistory_PrintData(1014) : REWRAMSGF0A0_4 0 12011E 20C6560 0 12111E 40C6560 0 12111E 40C6560 0 12111E 40C6560 0 12111E 40C6560 0 12111E 40C2560 0 12111E 40C2560 0 12111E 40C2560 0 12011E 40C2560 0 A011E 40C2560 
01-25 19:33:55.039  1959  3784 E AF_DEBUG: AfHistory_PrintData(1020) : DUMPLOGINDEX_4 0 0 41216156 2143289856 41385618 125831168 41374721 152570368 41097294 536873472 40395519 212339200 40887585 2040007168 40056770 1199573504 39942232 125831680 0 125831680 -91 
01-25 19:33:55.047  2411 22206 I Camera3-Status: markComponent: Component 1 is now active - BufferRequestSM
01-25 19:33:55.047  2411 22206 I Camera3-Status: markComponent: Component 1 is now idle - BufferRequestSM
01-25 19:33:55.048 10178 27306 I [MCFDs]_ContinuityBleAdv@ffe963f: startAdvertiser - md(a)[021861 B191E814F065008016070303 2618F0 1723 340AD911 ], 432
01-25 19:33:55.050  4520  9168 D BtGatt.ContextMap: advertiseInstanceCount is 2
01-25 19:33:55.051  4520  9168 I bt_stack: [INFO:le_advertising_manager.cc(154)] StartAdvertisingSet in shim layer
01-25 19:33:55.051  4520  9168 I bt_shim_advertiser: packages/modules/Bluetooth/system/main/shim/le_advertising_manager.cc:175 StartAdvertisingSet: create advertising set, client_id:255, reg_id:-2530
01-25 19:33:55.051  4520  4705 I bluetooth: packages/modules/Bluetooth/system/gd/hci/le_advertising_manager.cc:397 allocate_advertiser: AdvertiserId : 0
01-25 19:33:55.051  4520  4705 I bluetooth: packages/modules/Bluetooth/system/gd/hci/le_advertising_manager.cc:631 create_extended_advertiser_with_id: AdvertiserId : 0
01-25 19:33:55.051  4520  4705 I bluetooth: packages/modules/Bluetooth/system/gd/hci/le_advertising_manager.cc:1226 enable_advertiser: AdvertiserId : 0
01-25 19:33:55.052  1904  5478 I vendor.qti.bluetooth@1.1-ibs_handler: ProcessIbsCmd: Received IBS_WAKE_IND: 0xFD
01-25 19:33:55.052  1904  5478 I vendor.qti.bluetooth@1.1-ibs_handler: ProcessIbsCmd: Writing IBS_WAKE_ACK
01-25 19:33:55.054  4520  4705 I bluetooth: packages/modules/Bluetooth/system/gd/hci/le_advertising_manager.cc:1730 on_set_advertising_set_random_address_complete: update random address for advertising set 0 : xx:xx:xx:xx:8d:49
01-25 19:33:55.058  4520  5623 E BtGatt.GattService: [GSIM LOG]: gsimLogHandler, msg: MESSAGE_ADV_SET_START, appName: com.samsung.android.mcfds, id: 0, isLegacy: true
01-25 19:33:55.058 10178 10178 I [MCFDs]_ContinuityBleAdv@ffe963f: onAdvertisingSetStarted - status=0
01-25 19:33:55.072  1959  3785 I SS_3A   :  INFO:  AF: TsAf_get_metadata: 1149: [TsAf_Range] range_sensor_data is NULL
01-25 19:33:55.087  2411 22206 I Camera3-Status: markComponent: Component 1 is now active - BufferRequestSM
01-25 19:33:55.087  2411 22206 I Camera3-Status: markComponent: Component 1 is now idle - BufferRequestSM
01-25 19:33:55.097  1904  5478 I vendor.qti.bluetooth@1.1-ibs_handler: ProcessIbsCmd: Received IBS_SLEEP_IND: 0xFE
01-25 19:33:55.105  1959  3784 I SS_3A   :  INFO:  AF: TsAf_get_metadata: 1149: [TsAf_Range] range_sensor_data is NULL
01-25 19:33:55.110  2411 22206 I Camera3-Status: markComponent: Component 1 is now active - BufferRequestSM
01-25 19:33:55.110  2411 22206 I Camera3-Status: markComponent: Component 1 is now idle - BufferRequestSM
01-25 19:33:55.138  1959  3782 I SS_3A   :  INFO:  AF: TsAf_get_metadata: 1149: [TsAf_Range] range_sensor_data is NULL
01-25 19:33:55.140  2031  2155 D RenderEngine: [SEC_GC_CMN_SF_EFFECTS] drawLayersInternal,1279, Rendering layer  at index 0
01-25 19:33:55.140  2031  2155 D RenderEngine: [SEC_GC_CMN_SF_EFFECTS] drawLayersInternal,1279, Rendering layer com.outsystemscloud.lucasgv.SandboxAppCordova/com.outsystemscloud.lucasgv.SandboxAppCordova.MainActivity$_27694#46286 at index 1
01-25 19:33:55.148  4158  4158 D SystemEventChipAnimationController: Try to remove existing animationView=com.android.systemui.privacy.OngoingPrivacyChip{cc098de V.E...... .......D 1273,15-1404,85 #7f0a0821 app:id/privacy_chip}
01-25 19:33:55.151  2411 22206 I Camera3-Status: markComponent: Component 1 is now active - BufferRequestSM
01-25 19:33:55.151  2411 22206 I Camera3-Status: markComponent: Component 1 is now idle - BufferRequestSM
01-25 19:33:55.166  2829  3233 D PowerManagerService: displayReady: false groupId=0
01-25 19:33:55.166  2829  3233 D DisplayPowerController2[0]: animateScreenStateChange: target=ON, mIsEnabled=true
01-25 19:33:55.167  2829  3233 D PowerManagerService: displayReady: true groupId=0
01-25 19:33:55.168  4158  4158 I BLASTBufferQueue_Java: update, w= 1440 h= 100 mName = ViewRootImpl@d2eb1a1[StatusBar] mNativeObject= 0xb40000719cecfa00 sc.mNativeObject= 0xb400007243f65680 format= -3 caller= android.view.ViewRootImpl.updateBlastSurfaceIfNeeded:3074 android.view.ViewRootImpl.relayoutWindow:10224 android.view.ViewRootImpl.performTraversals:4167 android.view.ViewRootImpl.doTraversal:3345 android.view.ViewRootImpl$TraversalRunnable.run:11437 android.view.Choreographer$CallbackRecord.run:1690 
01-25 19:33:55.168  4158  4158 I ViewRootImpl@d2eb1a1[StatusBar]: Relayout returned: old=(0,0,1440,100) new=(0,0,1440,100) relayoutAsync=true req=(1440,100)0 dur=0 res=0x0 s={true 0xb40000719cf03800} ch=false seqId=0
01-25 19:33:55.168  2829  4898 V WindowManager: Relayout Window{db06f41 u0 StatusBar}: viewVisibility=0 req=1440x100 ty=2000 d0
01-25 19:33:55.168  4158  4158 I ViewRootImpl@d2eb1a1[StatusBar]: registerCallbackForPendingTransactions
01-25 19:33:55.168  2829  4898 I WindowManager: Cancelling animation restarting=true, leash=Surface(name=Surface(name=db06f41 StatusBar)/@0x29acb96 - animation-leash of insets_animation)/@0xd4dbea6
01-25 19:33:55.168  2829  4898 I WindowManager: Reparenting to original parent: Surface(name=WindowToken{e9c91a type=2000 android.os.BinderProxy@361323c})/@0x1f49317, destroy=false, surface=Surface(name=db06f41 StatusBar)/@0x29acb96
01-25 19:33:55.169  2829  4898 I WindowManager: Reparenting to leash, surface=Surface(name=db06f41 StatusBar)/@0x29acb96, leashParent=Surface(name=WindowToken{e9c91a type=2000 android.os.BinderProxy@361323c})/@0x1f49317
01-25 19:33:55.169  4158  5339 I ViewRootImpl@d2eb1a1[StatusBar]: mWNT: t=0xb400007245091880 mBlastBufferQueue=0xb40000719cecfa00 fn= 48437 mRenderHdrSdrRatio=1.0 caller= android.view.ViewRootImpl$6.onFrameDraw:5705 android.view.ViewRootImpl$2.onFrameDraw:2190 android.view.ThreadedRenderer$1.onFrameDraw:792 
01-25 19:33:55.169  2031  2395 I SurfaceFlinger: id=46291 createSurf, flag=24000, Surface(name=db06f41 StatusBar)/@0x29acb96 - animation-leash of insets_animation#46291
01-25 19:33:55.171  2829  4898 D WindowManager: makeSurface duration=1 leash=Surface(name=Surface(name=db06f41 StatusBar)/@0x29acb96 - animation-leash of insets_animation)/@0x79c0c66
01-25 19:33:55.171  2829  4898 D InsetsSourceProvider: updateControlForTarget: control=InsetsSourceControl: {86080000 mType=statusBars initiallyVisible mSurfacePosition=Point(0, 0) mInsetsHint=Insets{left=0, top=100, right=0, bottom=0}}, target=com.android.server.wm.InsetsPolicy$1@fa69c95, from=com.android.server.wm.InsetsStateController.onControlTargetChanged:363 com.android.server.wm.InsetsStateController.onBarControlTargetChanged:329 com.android.server.wm.InsetsPolicy.updateBarControlTarget:173 com.android.server.wm.InsetsPolicy.updateSystemBars:843 com.android.server.wm.DisplayPolicy.updateSystemBarsLw:3484 
01-25 19:33:55.171  2829  4898 D InsetsSourceProvider: updateFakeControlTarget: fakeControl=InsetsSourceControl: {86080000 mType=statusBars mSurfacePosition=Point(0, 0) mInsetsHint=Insets{left=0, top=0, right=0, bottom=0}}, fakeTarget=Window{f9a5a64 u0 com.outsystemscloud.lucasgv.SandboxAppCordova/com.outsystemscloud.lucasgv.SandboxAppCordova.MainActivity}
01-25 19:33:55.172  1959  3784 I SS_3A   :  INFO:  AF: TsAf_get_metadata: 1149: [TsAf_Range] range_sensor_data is NULL
01-25 19:33:55.174  2829  4898 V WindowManager: Relayout hash=db06f41, pid=0, syncId=-1: mAttrs={(0,0)(fillx100) gr=TOP CENTER_VERTICAL sim={adjust=pan} layoutInDisplayCutoutMode=always ty=STATUS_BAR fmt=TRANSLUCENT
01-25 19:33:55.174  2829  4898 V WindowManager:   fl=81000008
01-25 19:33:55.174  2829  4898 V WindowManager:   pfl=13000800
01-25 19:33:55.174  2829  4898 V WindowManager:   bhv=DEFAULT
01-25 19:33:55.174  2829  4898 V WindowManager:   providedInsets:
01-25 19:33:55.174  2829  4898 V WindowManager:     InsetsFrameProvider: {id=#86080000, index=0, type=statusBars, source=FRAME, flags=[], insetsSize=Insets{left=0, top=100, right=0, bottom=0}}
01-25 19:33:55.174  2829  4898 V WindowManager:     InsetsFrameProvider: {id=#86080006, index=0, type=tappableElement, source=FRAME, flags=[], insetsSize=Insets{left=0, top=100, right=0, bottom=0}}
01-25 19:33:55.174  2829  4898 V WindowManager:     InsetsFrameProvider: {id=#86080005, index=0, type=mandatorySystemGestures, source=FRAME, flags=[], mMinimalInsetsSizeInDisplayCutoutSafe=Insets{left=0, top=42, right=0, bottom=0}}
01-25 19:33:55.174  2829  4898 V WindowManager:   paramsForRotation:
01-25 19:33:55.174  2829  4898 V WindowManager:     ROTATION_0={(0,0)(fillx100) gr=TOP CENTER_VERTICAL layoutInDisplayCutoutMode=always ty=STATUS_BAR fmt=TRANSLUCENT
01-25 19:33:55.174  2829  4898 V WindowManager:       fl=80000008
01-25 19:33:55.174  2829  4898 V WindowManager:       pfl=11000000
01-25 19:33:55.174  2829  4898 V WindowManager:       bhv=DEFAULT
01-25 19:33:55.174  2829  4898 V WindowManager:       providedInsets:
01-25 19:33:55.174  2829  4898 V WindowManager:         InsetsFrameProvider: {id=#86080000, index=0, type=statusBars, source=FRAME, flags=[], insetsSize=Insets{left=0, top=100, right=0, bottom=0}}
01-25 19:33:55.174  2829  4898 V WindowManager:         InsetsFrameProvider: {id=#86080006, index=0, type=tappableElement, source=FRAME, flags=[], insetsSize=Insets{left=0, top=100, right=0, bottom=0}}
01-25 19:33:55.174  2829  4898 V WindowManager:         InsetsFrameProvider: {id=#86080005, index=0, type=mandatorySystemGestures, source=FRAME, flags=[], insetsSize=Insets{left=0, top=100, right=0, bottom=0}, mMinimalInsetsSizeInDisplayCutoutSafe=Insets{left=0, top=42, right=0, bottom=0}} naviIconColor=0}
01-25 19:33:55.174  2829  4898 V WindowManager:     ROTATION_90={(0,0)(fillx84) gr=TOP CENTER_VERTICAL layoutInDisplayCutoutMode=always ty=STATUS_BAR fmt=TRANSLUCENT
01-25 19:33:55.174  2829  4898 V WindowManager:       fl=80000008
01-25 19:33:55.174  2829  4898 V WindowManager:       pfl=11000000
01-25 19:33:55.174  2829  4898 V WindowManager:       bhv=DEFAULT
01-25 19:33:55.174  2829  4898 V WindowManager:       providedInsets:
01-25 19:33:55.174  2829  4898 V WindowManager:         InsetsFrameProvider: {id=#86080000, index=0, type=statusBars, source=FRAME, flags=[], insetsSize=Insets{left=0, top=84, right=0, bottom=0}}
01-25 19:33:55.174  2829  4898 V WindowManager:         InsetsFrameProvider: {id=#86080006, index=0, type=tappableElement, source=FRAME, flags=[], insetsSize=Insets{left=0, top=84, right=0, bottom=0}}
01-25 19:33:55.174  2829  4898 V WindowManager:         InsetsFrameProvider: {id=#86080005, index=0, type=mandatorySystemGestures, source=FRAME, flags=[], insetsSize=Insets{left=0, top=84, right=0, bottom=0}, mMinimalInsetsSizeInDisplayCutoutSafe=Insets{left=0, top=42, right=0, bottom=0}} naviIconColor=0}
01-25 19:33:55.174  2829  4898 V WindowManager:     ROTATION_180={(0,0)(fillx100) gr=TOP CENTER_VERTICAL layoutInDisplayCutoutMode=always ty=STATUS_BAR fmt=TRANSLUCENT
01-25 19:33:55.174  2829  4898 V WindowManager:       fl=80000008
01-25 19:33:55.174  2829  4898 V WindowManager:       pfl=11000000
01-25 19:33:55.174  2829  4898 V WindowManager:       bhv=DEFAULT
01-25 19:33:55.174  2829  4898 V WindowManager:       providedInsets:
01-25 19:33:55.174  2829  4898 V WindowManager:         InsetsFrameProvider: {id=#86080000, index=0, type=statusBars, source=FRAME, flags=[], insetsSize=Insets{left=0, top=100, right=0, bottom=0}}
01-25 19:33:55.174  2829  4898 V WindowManager:         InsetsFrameProvider: {id=#86080006, index=0, type=tappableElement, source=FRAME, flags=[], insetsSize=Insets{left=0, top=100, right=0, bottom=0}}
01-25 19:33:55.174  2829  4898 V WindowManager:         InsetsFrameProvider: {id=#86080005, index=0, type=mandatorySystemGestures, source=FRAME, flags=[], insetsSize=Insets{left=0, top=100, right=0, bottom=0}, mMinimalInsetsSizeInDisplayCutoutSafe=Insets{left=0, top=42, right=0, bottom=0}} naviIconColor=0}
01-25 19:33:55.174  2829  4898 V WindowManager:     ROTATION_270={(0,0)(fillx84) gr=TOP CENTER_VERTICAL layoutInDisplayCutoutMode=always ty=STATUS_BAR fmt=TRANSLUCENT
01-25 19:33:55.174  2829  4898 V WindowManager:       fl=80000008
01-25 19:33:55.174  2829  4898 V WindowManager:       pfl=11000000
01-25 19:33:55.174  2829  4898 V WindowManager:       bhv=DEFAULT
01-25 19:33:55.174  2829  4898 V WindowManager:       providedInsets:
01-25 19:33:55.174  2829  4898 V WindowManager:         InsetsFrameProvider: {id=#86080000, index=0, type=statusBars, source=FRAME, flags=[], insetsSize=Insets{left=0, top=84, right=0, bottom=0}}
01-25 19:33:55.174  2829  4898 V WindowManager:         InsetsFrameProvider: {id=#86080006, index=0, type=tappableElement, source=FRAME, flags=[], insetsSize=Insets{left=0, top=84, right=0, bottom=0}}
01-25 19:33:55.174  2829  4898 V WindowManager:         InsetsFrameProvider: {id=#86080005, index=0, type=mandatorySystemGestures, source=FRAME, flags=[], insetsSize=Insets{left=0, top=84, right=0, bottom=0}, mMinimalInsetsSizeInDisplayCutoutSafe=Insets{left=0, top=42, right=0, bottom=0}} naviIconColor=0} naviIconColor=0}
01-25 19:33:55.178  1919 23415 I sensors-hal: handle_sns_std_sensor_event:436, [SSC_LIGHT] P: 32(32),m:13,c:291,b:67,c0:24951,l:31,f(r):98,u(bl):100,j:4
01-25 19:33:55.181  2411 22206 I Camera3-Status: markComponent: Component 1 is now active - BufferRequestSM
01-25 19:33:55.181  2411 22206 I Camera3-Status: markComponent: Component 1 is now idle - BufferRequestSM
01-25 19:33:55.183  2031  2031 I Layer   : Layer::reparent [db06f41 StatusBar#94] newParent : Surface(name=db06f41 StatusBar)/@0x29acb96 - animation-leash of insets_animation#46291 , isRemovedFromCurrentState : 0 -------------------------
01-25 19:33:55.183  2031  2031 I Layer   : Layer::reparent [db06f41 StatusBar#94] End -------------------------
01-25 19:33:55.183  2031  2031 I Layer   : Layer::reparent [Surface(name=db06f41 StatusBar)/@0x29acb96 - animation-leash of insets_animation#46288] newParentHandle : null -------------------------
01-25 19:33:55.183  2031  2031 I Layer   : id=46288 removeFromCurrentState Surface(name=db06f41 StatusBar)/@0x29acb96 - animation-leash of insets_animation#46288 (176)
01-25 19:33:55.183  2031  2031 I Layer   : Layer::reparent [Surface(name=db06f41 StatusBar)/@0x29acb96 - animation-leash of insets_animation#46288] End -------------------------
01-25 19:33:55.184  2031  2031 I SurfaceFlinger: id=46288 Removed Surface(name=db06f41 StatusBar)/@0x29acb96 - animation-leash of insets_animation#46288 (176)
01-25 19:33:55.200  2031  2031 I Layer   : id=46288 Destroyed Surface(name=db06f41 StatusBar)/@0x29acb96 - animation-leash of insets_animation#46288
01-25 19:33:55.205  1959  3784 I SS_3A   :  INFO:  AF: TsAf_get_metadata: 1149: [TsAf_Range] range_sensor_data is NULL
01-25 19:33:55.217  2411 22206 I Camera3-Status: markComponent: Component 1 is now active - BufferRequestSM
01-25 19:33:55.217  2411 22206 I Camera3-Status: markComponent: Component 1 is now idle - BufferRequestSM
01-25 19:33:55.239  1959  3783 I SS_3A   :  INFO:  AF: TsAf_get_metadata: 1149: [TsAf_Range] range_sensor_data is NULL
01-25 19:33:55.240  2031  2155 D RenderEngine: [SEC_GC_CMN_SF_EFFECTS] drawLayersInternal,1279, Rendering layer  at index 0
01-25 19:33:55.240  2031  2155 D RenderEngine: [SEC_GC_CMN_SF_EFFECTS] drawLayersInternal,1279, Rendering layer com.outsystemscloud.lucasgv.SandboxAppCordova/com.outsystemscloud.lucasgv.SandboxAppCordova.MainActivity$_27694#46286 at index 1
01-25 19:33:55.253  2829  5012 D ActivityManager: unpendingScheduleServiceRestart: u=10351, drop=false
01-25 19:33:55.254  2829  4993 D FreecessController: UFZ : com.x8bit.bitwarden(11773)
01-25 19:33:55.254  2411 22206 I Camera3-Status: markComponent: Component 1 is now active - BufferRequestSM
01-25 19:33:55.254  2411 22206 I Camera3-Status: markComponent: Component 1 is now idle - BufferRequestSM
01-25 19:33:55.257  2829  5012 W LocationManagerService: onFreezeStateChanged, uid[10351]=false
01-25 19:33:55.257  2829  4993 D FreecessController: UFZ : com.x8bit.bitwarden(0), reason: Binder(1)-android.accessibilityservice.IAccessibili
01-25 19:33:55.257  2829  5012 I PowerManagerService: [PWL] SetWakeLockEnableDisable uid = 10351 , disable= false
01-25 19:33:55.257  2829  5012 I PowerManagerService: [PWL] can not change uid =  10351
01-25 19:33:55.270  2829  3131 I ActivityManager: Changes in 10049 5 to 15, 56 to 0
01-25 19:33:55.270  2012  4079 V APM_AudioPolicyManager: setAppState(portId:1403, state:2)
01-25 19:33:55.271  4520  4520 D HidDeviceService: handleMessage(): msg.what=8
01-25 19:33:55.272  1959  3784 I SS_3A   :  INFO:  AF: TsAf_get_metadata: 1149: [TsAf_Range] range_sensor_data is NULL
01-25 19:33:55.274  2411 22206 I Camera3-Status: markComponent: Component 1 is now active - BufferRequestSM
01-25 19:33:55.274  2411 22206 I Camera3-Status: markComponent: Component 1 is now idle - BufferRequestSM
01-25 19:33:55.305  1959  3784 I SS_3A   :  INFO:  AF: TsAf_get_metadata: 1149: [TsAf_Range] range_sensor_data is NULL
01-25 19:33:55.308  2829  3972 D BluetoothA2dp: getActiveDevice()
01-25 19:33:55.310  2829  3972 D AS.AudioService: isBluetoothDualModeActive=false
01-25 19:33:55.310  2829  3972 D KNOX_MDM_SettingsProvider: isChangeAllowed() : name = volume_assistant_ble_headset
01-25 19:33:55.311  2829  3972 D BluetoothA2dp: getActiveDevice()
01-25 19:33:55.312  2829  3972 D AS.AudioService: isBluetoothDualModeActive=false
01-25 19:33:55.312  2829  3972 D KNOX_MDM_SettingsProvider: isChangeAllowed() : name = volume_music_ble_headset
01-25 19:33:55.312  2829  3972 D BluetoothA2dp: getActiveDevice()
01-25 19:33:55.313  2829  3972 D AS.AudioService: isBluetoothDualModeActive=false
01-25 19:33:55.313  2829  3972 D KNOX_MDM_SettingsProvider: isChangeAllowed() : name = volume_music_ble_headset
01-25 19:33:55.313  2829  3972 D BluetoothA2dp: getActiveDevice()
01-25 19:33:55.314  2829  3972 D AS.AudioService: isBluetoothDualModeActive=false
01-25 19:33:55.314  2829  3972 D KNOX_MDM_SettingsProvider: isChangeAllowed() : name = volume_ring_ble_headset
01-25 19:33:55.315  2411 22206 I Camera3-Status: markComponent: Component 1 is now active - BufferRequestSM
01-25 19:33:55.315  2411 22206 I Camera3-Status: markComponent: Component 1 is now idle - BufferRequestSM
01-25 19:33:55.316  2829  3972 D BluetoothA2dp: getActiveDevice()
01-25 19:33:55.316  2829  3972 D AS.AudioService: isBluetoothDualModeActive=false
01-25 19:33:55.316  2829  3972 D KNOX_MDM_SettingsProvider: isChangeAllowed() : name = volume_bluetooth_sco_ble_headset
01-25 19:33:55.317  2829  3972 D BluetoothA2dp: getActiveDevice()
01-25 19:33:55.318  2829  3972 D AS.AudioService: isBluetoothDualModeActive=false
01-25 19:33:55.318  2829  3972 D KNOX_MDM_SettingsProvider: isChangeAllowed() : name = volume_notification_ble_headset
01-25 19:33:55.318  2829  3972 D BluetoothA2dp: getActiveDevice()
01-25 19:33:55.319  2829  3972 D AS.AudioService: isBluetoothDualModeActive=false
01-25 19:33:55.319  2829  3972 D KNOX_MDM_SettingsProvider: isChangeAllowed() : name = volume_alarm_ble_headset
01-25 19:33:55.322  2829  3972 D BluetoothA2dp: getActiveDevice()
01-25 19:33:55.323  2829  3972 D AS.AudioService: isBluetoothDualModeActive=false
01-25 19:33:55.323  2829  3972 D KNOX_MDM_SettingsProvider: isChangeAllowed() : name = volume_music_ble_broadcast
01-25 19:33:55.323  2829  3972 D KNOX_MDM_SettingsProvider: isChangeAllowed() : name = volume_music_ble_headset
01-25 19:33:55.323  2829  3972 D BluetoothA2dp: getActiveDevice()
01-25 19:33:55.324  2829  3972 D AS.AudioService: isBluetoothDualModeActive=false
01-25 19:33:55.324  2829  3972 D KNOX_MDM_SettingsProvider: isChangeAllowed() : name = volume_ring_ble_headset
01-25 19:33:55.324  2829  3972 D BluetoothA2dp: getActiveDevice()
01-25 19:33:55.325  2829  3972 D AS.AudioService: isBluetoothDualModeActive=false
01-25 19:33:55.325  2829  3972 D KNOX_MDM_SettingsProvider: isChangeAllowed() : name = volume_system_ble_headset
01-25 19:33:55.326  2829  3972 D BluetoothA2dp: getActiveDevice()
01-25 19:33:55.327  2829  3972 D AS.AudioService: isBluetoothDualModeActive=false
01-25 19:33:55.327  2829  3972 D KNOX_MDM_SettingsProvider: isChangeAllowed() : name = volume_voice_ble_headset
01-25 19:33:55.332  2829  3972 D BluetoothA2dp: getActiveDevice()
01-25 19:33:55.333  2829  3972 D AS.AudioService: isBluetoothDualModeActive=false
01-25 19:33:55.333  2829  3972 D KNOX_MDM_SettingsProvider: isChangeAllowed() : name = volume_voice_ble_headset
01-25 19:33:55.339  1959  3783 I SS_3A   :  INFO:  AF: TsAf_get_metadata: 1149: [TsAf_Range] range_sensor_data is NULL
01-25 19:33:55.339  2031  2155 D RenderEngine: [SEC_GC_CMN_SF_EFFECTS] drawLayersInternal,1279, Rendering layer  at index 0
01-25 19:33:55.339  2031  2155 D RenderEngine: [SEC_GC_CMN_SF_EFFECTS] drawLayersInternal,1279, Rendering layer com.outsystemscloud.lucasgv.SandboxAppCordova/com.outsystemscloud.lucasgv.SandboxAppCordova.MainActivity$_27694#46286 at index 1
01-25 19:33:55.349  1904  5478 I vendor.qti.bluetooth@1.1-ibs_handler: ProcessIbsCmd: Received IBS_WAKE_IND: 0xFD
01-25 19:33:55.349  1904  5478 I vendor.qti.bluetooth@1.1-ibs_handler: ProcessIbsCmd: Writing IBS_WAKE_ACK
01-25 19:33:55.349  1959  3784 E IS_ALGO : IS0523: V3: is_valid_frame_time(2024): Gyro: frame_id 18: Last requested timestamp (517410144370) is larger than received timestamp (517410143397). Delta [usec] = 973
01-25 19:33:55.349  1959  3785 E IS_ALGO : IS0523: V3: is_valid_frame_time(2024): Gyro: frame_id 18: Last requested timestamp (517410144370) is larger than received timestamp (517410143397). Delta [usec] = 973
01-25 19:33:55.350  1919  3297 D SensorsFlicker: Als_common::readEvents, enabled : 1, data : -1.000000, 0.000000, 0.000000, 0.000000, 0.000000, 66368.000000, 4096000.000000
01-25 19:33:55.352  4520  5508 D BtGatt.GattService: onScanResult to scannerId: 11- eventType=0x10, addressType=1, address=XX:XX:XX:XX:6F:9B, primaryPhy=1, secondaryPhy=0, advertisingSid=0xff, txPower=127, rssi=-78, periodicAdvInt=0x0
01-25 19:33:55.354  2411 22206 I Camera3-Status: markComponent: Component 1 is now active - BufferRequestSM
01-25 19:33:55.354  2411 22206 I Camera3-Status: markComponent: Component 1 is now idle - BufferRequestSM
01-25 19:33:55.367  2829  3233 D PowerManagerService: displayReady: false groupId=0
01-25 19:33:55.367  2829  3233 D DisplayPowerController2[0]: animateScreenStateChange: target=ON, mIsEnabled=true
01-25 19:33:55.367  2829  3233 D PowerManagerService: displayReady: true groupId=0
01-25 19:33:55.372  1959  3784 I SS_3A   :  INFO:  AF: TsAf_get_metadata: 1149: [TsAf_Range] range_sensor_data is NULL
01-25 19:33:55.373  1959  3784 E AF_DEBUG: AfHistory_PrintData(1014) : REWRAMSGF0A0_4 0 A011E 40C2560 0 2011E 40C25B8 0 2011E 40C25B8 0 2011E 40C25B8 0 2011E 40C26C2 0 2011E 40C27CC 0 2011E 40C28D6 0 2011E 40C29E0 0 2011E 40C2AEA 0 2011E 40C2BF4 
01-25 19:33:55.373  1959  3784 E AF_DEBUG: AfHistory_PrintData(1020) : DUMPLOGINDEX_4 39577321 125831680 39928306 682625536 54985832 125831680 54880671 1426590208 54393287 576195072 54540657 2143291904 54014883 738200064 53666509 1989151232 53951188 125831680 54037916 2143291904 -94 
01-25 19:33:55.374  2411 22206 I Camera3-Status: markComponent: Component 1 is now active - BufferRequestSM
01-25 19:33:55.375  2411 22206 I Camera3-Status: markComponent: Component 1 is now idle - BufferRequestSM
01-25 19:33:55.390  1959  3783 E IS_ALGO : IS0523: V3: is_valid_frame_time(2024): Gyro: frame_id 19: Last requested timestamp (517410177726) is larger than received timestamp (517410176709). Delta [usec] = 1017
01-25 19:33:55.390  1959  3786 E IS_ALGO : IS0523: V3: is_valid_frame_time(2024): Gyro: frame_id 19: Last requested timestamp (517410177726) is larger than received timestamp (517410176709). Delta [usec] = 1017
01-25 19:33:55.392  1904  5478 I vendor.qti.bluetooth@1.1-ibs_handler: ProcessIbsCmd: Received IBS_SLEEP_IND: 0xFE
01-25 19:33:55.405  1959  3786 I SS_3A   :  INFO:  AF: TsAf_get_metadata: 1149: [TsAf_Range] range_sensor_data is NULL
01-25 19:33:55.415  2411 22206 I Camera3-Status: markComponent: Component 1 is now active - BufferRequestSM
01-25 19:33:55.416  2411 22206 I Camera3-Status: markComponent: Component 1 is now idle - BufferRequestSM
01-25 19:33:55.439  1959  3786 I SS_3A   :  INFO:  AF: TsAf_get_metadata: 1149: [TsAf_Range] range_sensor_data is NULL
01-25 19:33:55.440  2031  2155 D RenderEngine: [SEC_GC_CMN_SF_EFFECTS] drawLayersInternal,1279, Rendering layer  at index 0
01-25 19:33:55.441  2031  2155 D RenderEngine: [SEC_GC_CMN_SF_EFFECTS] drawLayersInternal,1279, Rendering layer com.outsystemscloud.lucasgv.SandboxAppCordova/com.outsystemscloud.lucasgv.SandboxAppCordova.MainActivity$_27694#46286 at index 1
01-25 19:33:55.455  2411 22206 I Camera3-Status: markComponent: Component 1 is now active - BufferRequestSM
01-25 19:33:55.455  2411 22206 I Camera3-Status: markComponent: Component 1 is now idle - BufferRequestSM
01-25 19:33:55.472  1959  3786 I SS_3A   :  INFO:  AF: TsAf_get_metadata: 1149: [TsAf_Range] range_sensor_data is NULL
01-25 19:33:55.476  2411 22206 I Camera3-Status: markComponent: Component 1 is now active - BufferRequestSM
01-25 19:33:55.477  2411 22206 I Camera3-Status: markComponent: Component 1 is now idle - BufferRequestSM
01-25 19:33:55.506  1959  3786 I SS_3A   :  INFO:  AF: TsAf_get_metadata: 1149: [TsAf_Range] range_sensor_data is NULL
01-25 19:33:55.517  2411 22206 I Camera3-Status: markComponent: Component 1 is now active - BufferRequestSM
01-25 19:33:55.517  2411 22206 I Camera3-Status: markComponent: Component 1 is now idle - BufferRequestSM
01-25 19:33:55.539  1959  3784 I SS_3A   :  INFO:  AF: TsAf_get_metadata: 1149: [TsAf_Range] range_sensor_data is NULL
01-25 19:33:55.541  2031  2155 D RenderEngine: [SEC_GC_CMN_SF_EFFECTS] drawLayersInternal,1279, Rendering layer  at index 0
01-25 19:33:55.541  2031  2155 D RenderEngine: [SEC_GC_CMN_SF_EFFECTS] drawLayersInternal,1279, Rendering layer com.outsystemscloud.lucasgv.SandboxAppCordova/com.outsystemscloud.lucasgv.SandboxAppCordova.MainActivity$_27694#46286 at index 1
01-25 19:33:55.553  2411 22206 I Camera3-Status: markComponent: Component 1 is now active - BufferRequestSM
01-25 19:33:55.553  2411 22206 I Camera3-Status: markComponent: Component 1 is now idle - BufferRequestSM
