01-25 19:33:57.168  2829  3233 D PowerManagerService: displayReady: false groupId=0
01-25 19:33:57.169  2829  3233 D DisplayPowerController2[0]: animateScreenStateChange: target=ON, mIsEnabled=true
01-25 19:33:57.169  2031  3741 I SurfaceFlinger: id=46294 createSurf, flag=84004, WindowToken{1e9ac97 type=2024 android.os.BinderProxy@a365b16}#46294
01-25 19:33:57.169  2829  3233 D PowerManagerService: displayReady: true groupId=0
01-25 19:33:57.169  2829  6771 D InputTransport: Input channel constructed: '6deae84', fd=1269
01-25 19:33:57.169  2829  6771 D InputTransport: Input channel constructed: '6deae84', fd=1274
01-25 19:33:57.169  2829  6771 D InputTransport: Input channel constructed: '6deae84', fd=1291
01-25 19:33:57.170  2031  3741 I SurfaceFlinger: id=46295 createSurf, flag=84004, 6deae84 ScreenDecorOverlayBottom#46295
01-25 19:33:57.170  2829  6771 D InputTransport: Input channel destroyed: '6deae84', fd=1291
01-25 19:33:57.171  4158  5697 I InsetsController: onStateChanged: host=ScreenDecorOverlayBottom, from=android.view.ViewRootImpl.setView:1797, state=InsetsState: {mDisplayFrame=Rect(0, 0 - 1440, 3088), mDisplayCutout=DisplayCutout{insets=Rect(0, 100 - 0, 0) waterfall=Insets{left=0, top=0, right=0, bottom=0} boundingRect={Bounds=[Rect(0, 0 - 0, 0), Rect(685, 0 - 756, 100), Rect(0, 0 - 0, 0), Rect(0, 0 - 0, 0)]} cutoutPathParserInfo={CutoutPathParserInfo{displayWidth=1440 displayHeight=3088 physicalDisplayWidth=1440 physicalDisplayHeight=3088 density={3.75} cutoutSpec={M 0,0 H -9.466666666666667 V 26.66666666666667 H 9.466666666666667 V 0 H 0 Z @dp} rotation={0} scale={1.0} physicalPixelDisplaySizeRatio={1.0}}}}, mRoundedCorners=RoundedCorners{[RoundedCorner{position=TopLeft, radius=14, center=Point(14, 14)}, RoundedCorner{position=TopRight, radius=14, center=Point(1426, 14)}, RoundedCorner{position=BottomRight, radius=14, center=Point(1426, 3074)}, RoundedCorner{position=BottomLeft, radius=14, center=Point(14, 3074)}]}  mRoundedCornerFrame=Rect(0, 0 - 0, 0), mPrivacyIndicatorBounds=PrivacyIndicatorBounds {static bounds=Rect(1286, 0 - 1440, 100) rotation=0}, mDisplayShape=DisplayShape{ spec=-311912193 displayWidth=1440 displayHeight=3088 physicalPixelDisplaySizeRatio=1.0 rotation=0 offsetX=0 offsetY=0 scale=1.0}, mSources= { InsetsSource: {86080005 mType=mandatorySystemGestures mFrame=[0,0][1440,142] mVisible=true mFlags=[]}, InsetsSource: {27 mType=displayCutout mFrame=[0,0][1440,100] mVisible=true mFlags=[]}, InsetsSource: {434c0004 mType=systemGestures mFrame=[0,0][105,3088] mVisible=true mFlags=[]}, InsetsSource: {434c0005 mType=mandatorySystemGestures mFrame=[0,2976][1440,3088] mVisible=true mFlags=[]}, InsetsSource: {434c0024 mType=systemGestures mFrame=[1335,0][1440,3088] mVisible=true mFlags=[]} }
01-25 19:33:57.171  4158  5697 I ViewRootImpl@e329804[ScreenDecorOverlayBottom]: synced displayState. AttachInfo displayState=2
01-25 19:33:57.173  4158  5697 I ViewRootImpl@e329804[ScreenDecorOverlayBottom]: setView = com.android.systemui.RegionInterceptingFrameLayout@add4c17 TM=true
01-25 19:33:57.173  1959  3786 I SS_3A   :  INFO:  AF: TsAf_get_metadata: 1149: [TsAf_Range] range_sensor_data is NULL
01-25 19:33:57.173  4158  4234 D OpenGLRenderer: HWUI - treat SMPTE_170M as sRGB
01-25 19:33:57.174  2829  6771 D CoreBackPreview: Window{997cfbb u0 ScreenDecorOverlay}: Setting back callback OnBackInvokedCallbackInfo{mCallback=android.window.IOnBackInvokedCallback$Stub$Proxy@ed34c69, mPriority=0, mIsAnimationCallback=false}
01-25 19:33:57.174  2829  4898 V WindowManager: Relayout Window{997cfbb u0 ScreenDecorOverlay}: viewVisibility=0 req=1440x100 ty=2024 d0
01-25 19:33:57.174  2829  4898 D RestrictionPolicy: isScreenCaptureEnabled : ret=true userId=0
01-25 19:33:57.175  2031  3741 I SurfaceFlinger: id=46296 createSurf, flag=44044, ScreenDecorOverlay$_4158#46296
01-25 19:33:57.175  2829  4898 D WindowManager: makeSurface duration=1 name=ScreenDecorOverlay$_4158
01-25 19:33:57.176  2031  2155 D RenderEngine: [SEC_GC_CMN_SF_EFFECTS] drawLayersInternal,1279, Rendering layer  at index 0
01-25 19:33:57.176  2031  2155 D RenderEngine: [SEC_GC_CMN_SF_EFFECTS] drawLayersInternal,1279, Rendering layer com.outsystemscloud.lucasgv.SandboxAppCordova/com.outsystemscloud.lucasgv.SandboxAppCordova.MainActivity$_27694#46286 at index 1
01-25 19:33:57.177  2829  4898 V WindowManager: Relayout hash=997cfbb, pid=4158, syncId=-1: mAttrs={(0,0)(fillxwrap) gr=TOP CENTER_VERTICAL sim={adjust=pan} layoutInDisplayCutoutMode=always ty=NAVIGATION_BAR_PANEL fmt=TRANSLUCENT
01-25 19:33:57.177  2829  4898 V WindowManager:   fl=21800138
01-25 19:33:57.177  2829  4898 V WindowManager:   pfl=33100050
01-25 19:33:57.177  2829  4898 V WindowManager:   vsysui=100
01-25 19:33:57.177  2829  4898 V WindowManager:   bhv=DEFAULT naviIconColor=0}
01-25 19:33:57.178  4158  5697 I BufferQueueProducer: [](id:103e00000b86,api:0,p:-1,c:4158) setDequeueTimeout:2077252342
01-25 19:33:57.178  4158  5697 I BLASTBufferQueue_Java: new BLASTBufferQueue, mName= ViewRootImpl@7c4d9ca[ScreenDecorOverlay] mNativeObject= 0xb40000718d97df00 sc.mNativeObject= 0xb4000071b5b48d40 caller= android.view.ViewRootImpl.updateBlastSurfaceIfNeeded:3085 android.view.ViewRootImpl.relayoutWindow:10224 android.view.ViewRootImpl.performTraversals:4167 android.view.ViewRootImpl.doTraversal:3345 android.view.ViewRootImpl$TraversalRunnable.run:11437 android.view.Choreographer$CallbackRecord.run:1690 android.view.Choreographer$CallbackRecord.run:1699 android.view.Choreographer.doCallbacks:1154 android.view.Choreographer.doFrame:1080 android.view.Choreographer$FrameDisplayEventReceiver.run:1647 
01-25 19:33:57.178  4158  5697 I BLASTBufferQueue_Java: update, w= 1440 h= 100 mName = ViewRootImpl@7c4d9ca[ScreenDecorOverlay] mNativeObject= 0xb40000718d97df00 sc.mNativeObject= 0xb4000071b5b48d40 format= -3 caller= android.graphics.BLASTBufferQueue.<init>:89 android.view.ViewRootImpl.updateBlastSurfaceIfNeeded:3085 android.view.ViewRootImpl.relayoutWindow:10224 android.view.ViewRootImpl.performTraversals:4167 android.view.ViewRootImpl.doTraversal:3345 android.view.ViewRootImpl$TraversalRunnable.run:11437 
01-25 19:33:57.178  4158  5697 I ViewRootImpl@7c4d9ca[ScreenDecorOverlay]: Relayout returned: old=(0,0,1440,3088) new=(0,0,1440,100) relayoutAsync=false req=(1440,100)0 dur=4 res=0x3 s={true 0xb40000718dcaa000} ch=true seqId=0
01-25 19:33:57.178  4158  5697 I ViewRootImpl@7c4d9ca[ScreenDecorOverlay]: performConfigurationChange setNightDimText nightDimLevel=0
01-25 19:33:57.179  4158  5697 D ViewRootImpl@7c4d9ca[ScreenDecorOverlay]: mThreadedRenderer.initialize() mSurface={isValid=true 0xb40000718dcaa000} hwInitialized=true
01-25 19:33:57.179  2411 22206 I Camera3-Status: markComponent: Component 1 is now active - BufferRequestSM
01-25 19:33:57.179  2411 22206 I Camera3-Status: markComponent: Component 1 is now idle - BufferRequestSM
01-25 19:33:57.183  2031  2031 I Layer   : Layer [WindowToken{930444a type=2024 android.os.BinderProxy@ac85b5}#46292] hidden!! flag(0)
01-25 19:33:57.183  2031  2031 I Layer   : Layer [997cfbb ScreenDecorOverlay#46293] hidden!! flag(0)
01-25 19:33:57.183  2031  2031 I Layer   : Layer [WindowToken{1e9ac97 type=2024 android.os.BinderProxy@a365b16}#46294] hidden!! flag(0)
01-25 19:33:57.183  2031  2031 I Layer   : Layer [6deae84 ScreenDecorOverlayBottom#46295] hidden!! flag(0)
01-25 19:33:57.183  4158  5697 D ViewRootImpl@7c4d9ca[ScreenDecorOverlay]: reportNextDraw android.view.ViewRootImpl.performTraversals:4781 android.view.ViewRootImpl.doTraversal:3345 android.view.ViewRootImpl$TraversalRunnable.run:11437 android.view.Choreographer$CallbackRecord.run:1690 android.view.Choreographer$CallbackRecord.run:1699 
01-25 19:33:57.183  4158  5697 I ViewRootImpl@7c4d9ca[ScreenDecorOverlay]: Setup new sync=wmsSync-ViewRootImpl@7c4d9ca[ScreenDecorOverlay]#95
01-25 19:33:57.183  4158  5697 I ViewRootImpl@7c4d9ca[ScreenDecorOverlay]: Creating new active sync group ViewRootImpl@7c4d9ca[ScreenDecorOverlay]#96
01-25 19:33:57.183  4158  5697 I SurfaceSyncGroup: addLocalSync=ViewRootImpl@7c4d9ca[ScreenDecorOverlay]#96 to name=wmsSync-ViewRootImpl@7c4d9ca[ScreenDecorOverlay]#95, callers=android.window.SurfaceSyncGroup.add:431 android.window.SurfaceSyncGroup.add:392 android.window.SurfaceSyncGroup.add:340 android.view.ViewRootImpl.createSyncIfNeeded:4912 android.view.ViewRootImpl.performTraversals:4796 android.view.ViewRootImpl.doTraversal:3345 
01-25 19:33:57.184  4158  5697 I ViewRootImpl@7c4d9ca[ScreenDecorOverlay]: registerCallbacksForSync syncBuffer=false
01-25 19:33:57.184  2031  2222 I VSyncReactor: Current= 60, Period= 60, Distance= 60
01-25 19:33:57.187  4158  5338 I ViewRootImpl@7c4d9ca[ScreenDecorOverlay]: Received frameDrawingCallback syncResult=0 frameNum=1.
01-25 19:33:57.187  4158  5338 I ViewRootImpl@7c4d9ca[ScreenDecorOverlay]: mWNT: t=0xb4000071b59be900 mBlastBufferQueue=0xb40000718d97df00 fn= 1 mRenderHdrSdrRatio=1.0 caller= android.view.ViewRootImpl$8.onFrameDraw:13946 android.view.ThreadedRenderer$1.onFrameDraw:792 <bottom of call stack> 
01-25 19:33:57.187  4158  5338 I ViewRootImpl@7c4d9ca[ScreenDecorOverlay]: Setting up sync and frameCommitCallback
01-25 19:33:57.188  4158  4234 I BLASTBufferQueue: [ViewRootImpl@7c4d9ca[ScreenDecorOverlay]#2950](f:0,a:0,s:0) onFrameAvailable the first frame is available
01-25 19:33:57.188  4158  4234 I ViewRootImpl@7c4d9ca[ScreenDecorOverlay]: Received frameCommittedCallback lastAttemptedDrawFrameNum=1 didProduceBuffer=true
01-25 19:33:57.188  4158  4234 I SurfaceSyncGroup: onTransactionReady mName=wmsSync-ViewRootImpl@7c4d9ca[ScreenDecorOverlay]#95 callback=247243173
01-25 19:33:57.189  4158  4234 D OpenGLRenderer: CFMS:: SetUp Pid : 4158    Tid : 4234
01-25 19:33:57.189  4158  5697 I ViewRootImpl@7c4d9ca[ScreenDecorOverlay]: reportDrawFinished seqId=0
01-25 19:33:57.189  2829  4332 D WindowManager: finishDrawingWindow: Window{997cfbb u0 ScreenDecorOverlay} mDrawState=DRAW_PENDING seqId=0
01-25 19:33:57.191  2829  3124 V WindowManager: performShowLocked: mDrawState=HAS_DRAWN in Window{997cfbb u0 ScreenDecorOverlay}
01-25 19:33:57.191  2829  6771 V WindowManager: Relayout Window{6deae84 u0 ScreenDecorOverlayBottom}: viewVisibility=0 req=1440x100 ty=2024 d0
01-25 19:33:57.192  2829  6771 D RestrictionPolicy: isScreenCaptureEnabled : ret=true userId=0
01-25 19:33:57.192  2031  3741 I SurfaceFlinger: id=46297 createSurf, flag=44044, ScreenDecorOverlayBottom$_4158#46297
01-25 19:33:57.193  2829  6771 D WindowManager: makeSurface duration=0 name=ScreenDecorOverlayBottom$_4158
01-25 19:33:57.194  4158  4195 I ViewRootImpl@e329804[ScreenDecorOverlayBottom]: Resizing android.view.ViewRootImpl@4fab321: frame = [0,2988][1440,3088] reportDraw = true forceLayout = false syncSeqId = -1
01-25 19:33:57.194  2829  4898 D CoreBackPreview: Window{6deae84 u0 ScreenDecorOverlayBottom}: Setting back callback OnBackInvokedCallbackInfo{mCallback=android.window.IOnBackInvokedCallback$Stub$Proxy@375b6ee, mPriority=0, mIsAnimationCallback=false}
01-25 19:33:57.194  2829  6771 V WindowManager: Relayout hash=6deae84, pid=4158, syncId=-1: mAttrs={(0,0)(fillxwrap) gr=BOTTOM CENTER_VERTICAL sim={adjust=pan} layoutInDisplayCutoutMode=always ty=NAVIGATION_BAR_PANEL fmt=TRANSLUCENT
01-25 19:33:57.194  2829  6771 V WindowManager:   fl=21800138
01-25 19:33:57.194  2829  6771 V WindowManager:   pfl=33100050
01-25 19:33:57.194  2829  6771 V WindowManager:   vsysui=100
01-25 19:33:57.194  2829  6771 V WindowManager:   bhv=DEFAULT naviIconColor=0}
01-25 19:33:57.195  4158  5697 I BufferQueueProducer: [](id:103e00000b87,api:0,p:-1,c:4158) setDequeueTimeout:2077252342
01-25 19:33:57.195  4158  5697 I BLASTBufferQueue_Java: new BLASTBufferQueue, mName= ViewRootImpl@e329804[ScreenDecorOverlayBottom] mNativeObject= 0xb40000718d97e200 sc.mNativeObject= 0xb4000071b5b7f300 caller= android.view.ViewRootImpl.updateBlastSurfaceIfNeeded:3085 android.view.ViewRootImpl.relayoutWindow:10224 android.view.ViewRootImpl.performTraversals:4167 android.view.ViewRootImpl.doTraversal:3345 android.view.ViewRootImpl$TraversalRunnable.run:11437 android.view.Choreographer$CallbackRecord.run:1690 android.view.Choreographer$CallbackRecord.run:1699 android.view.Choreographer.doCallbacks:1154 android.view.Choreographer.doFrame:1080 android.view.Choreographer$FrameDisplayEventReceiver.run:1647 
01-25 19:33:57.195  4158  5697 I BLASTBufferQueue_Java: update, w= 1440 h= 100 mName = ViewRootImpl@e329804[ScreenDecorOverlayBottom] mNativeObject= 0xb40000718d97e200 sc.mNativeObject= 0xb4000071b5b7f300 format= -3 caller= android.graphics.BLASTBufferQueue.<init>:89 android.view.ViewRootImpl.updateBlastSurfaceIfNeeded:3085 android.view.ViewRootImpl.relayoutWindow:10224 android.view.ViewRootImpl.performTraversals:4167 android.view.ViewRootImpl.doTraversal:3345 android.view.ViewRootImpl$TraversalRunnable.run:11437 
01-25 19:33:57.195  4158  5697 I ViewRootImpl@e329804[ScreenDecorOverlayBottom]: Relayout returned: old=(0,0,1440,3088) new=(0,2988,1440,3088) relayoutAsync=false req=(1440,100)0 dur=4 res=0x3 s={true 0xb40000718db3b000} ch=true seqId=0
01-25 19:33:57.196  4158  5697 I ViewRootImpl@e329804[ScreenDecorOverlayBottom]: performConfigurationChange setNightDimText nightDimLevel=0
01-25 19:33:57.196  4158  5697 D ViewRootImpl@e329804[ScreenDecorOverlayBottom]: mThreadedRenderer.initialize() mSurface={isValid=true 0xb40000718db3b000} hwInitialized=true
01-25 19:33:57.197  4158  5697 D ViewRootImpl@e329804[ScreenDecorOverlayBottom]: reportNextDraw android.view.ViewRootImpl.performTraversals:4781 android.view.ViewRootImpl.doTraversal:3345 android.view.ViewRootImpl$TraversalRunnable.run:11437 android.view.Choreographer$CallbackRecord.run:1690 android.view.Choreographer$CallbackRecord.run:1699 
01-25 19:33:57.197  4158  5697 I ViewRootImpl@e329804[ScreenDecorOverlayBottom]: Setup new sync=wmsSync-ViewRootImpl@e329804[ScreenDecorOverlayBottom]#97
01-25 19:33:57.198  4158  5697 I ViewRootImpl@e329804[ScreenDecorOverlayBottom]: Creating new active sync group ViewRootImpl@e329804[ScreenDecorOverlayBottom]#98
01-25 19:33:57.198  4158  5697 I SurfaceSyncGroup: addLocalSync=ViewRootImpl@e329804[ScreenDecorOverlayBottom]#98 to name=wmsSync-ViewRootImpl@e329804[ScreenDecorOverlayBottom]#97, callers=android.window.SurfaceSyncGroup.add:431 android.window.SurfaceSyncGroup.add:392 android.window.SurfaceSyncGroup.add:340 android.view.ViewRootImpl.createSyncIfNeeded:4912 android.view.ViewRootImpl.performTraversals:4796 android.view.ViewRootImpl.doTraversal:3345 
01-25 19:33:57.198  4158  5697 I ViewRootImpl@e329804[ScreenDecorOverlayBottom]: registerCallbacksForSync syncBuffer=false
01-25 19:33:57.198  4158  5339 I ViewRootImpl@e329804[ScreenDecorOverlayBottom]: Received frameDrawingCallback syncResult=0 frameNum=1.
01-25 19:33:57.198  4158  5339 I ViewRootImpl@e329804[ScreenDecorOverlayBottom]: mWNT: t=0xb4000071b59bfb00 mBlastBufferQueue=0xb40000718d97e200 fn= 1 mRenderHdrSdrRatio=1.0 caller= android.view.ViewRootImpl$8.onFrameDraw:13946 android.view.ThreadedRenderer$1.onFrameDraw:792 <bottom of call stack> 
01-25 19:33:57.198  4158  5339 I ViewRootImpl@e329804[ScreenDecorOverlayBottom]: Setting up sync and frameCommitCallback
01-25 19:33:57.199  4158  4234 I BLASTBufferQueue: [ViewRootImpl@e329804[ScreenDecorOverlayBottom]#2951](f:0,a:0,s:0) onFrameAvailable the first frame is available
01-25 19:33:57.200  4158  4234 I ViewRootImpl@e329804[ScreenDecorOverlayBottom]: Received frameCommittedCallback lastAttemptedDrawFrameNum=1 didProduceBuffer=true
01-25 19:33:57.200  4158  4234 I SurfaceSyncGroup: onTransactionReady mName=wmsSync-ViewRootImpl@e329804[ScreenDecorOverlayBottom]#97 callback=3378851
01-25 19:33:57.200  4158  4234 D OpenGLRenderer: CFMS:: SetUp Pid : 4158    Tid : 4234
01-25 19:33:57.200  4158  5697 I ViewRootImpl@e329804[ScreenDecorOverlayBottom]: reportDrawFinished seqId=0
01-25 19:33:57.200  4158  4234 D OpenGLRenderer: HWUI - treat SMPTE_170M as sRGB
01-25 19:33:57.200  2031  2031 I Layer   : Layer [ScreenDecorOverlay$_4158#46296] hidden!! flag(0)
01-25 19:33:57.200  2829  6771 D WindowManager: finishDrawingWindow: Window{6deae84 u0 ScreenDecorOverlayBottom} mDrawState=DRAW_PENDING seqId=0
01-25 19:33:57.201  2829  3124 V WindowManager: performShowLocked: mDrawState=HAS_DRAWN in Window{6deae84 u0 ScreenDecorOverlayBottom}
01-25 19:33:57.202  2031  2031 E HWComposer: getDisplayDecorationSupport: getDisplayDecorationSupport failed for display 4630947093241269891: Unsupported (8)
01-25 19:33:57.203  2031  2031 D SurfaceFlinger: Display 4630947093241269891 HWC layers:
01-25 19:33:57.203  2031  2031 D SurfaceFlinger:      DEVICE | 0xb400007732260f80 | 0102 | RGBA_8888    |    0.0    0.0 1440.0 3088.0 |    0    0 1440 3088 | com.outsystemscloud.lucasgv.SandboxA[...]AppCordova.MainActivity$_27694#46286
01-25 19:33:57.203  2031  2031 D SurfaceFlinger:      DEVICE | 0xb4000077288d9c00 | 0100 | RGBA_8888    |    0.0    0.0 1440.0  100.0 |    0    0 1440  100 | StatusBar$_4158#103
01-25 19:33:57.203  2031  2031 D SurfaceFlinger:      DEVICE | 0xb400007732260f00 | 0100 | RGBA_8888    |    0.0    0.0   67.0  436.0 | 1373  380 1440  816 | com.sec.android.app.launcher/com.sam[...].edge.CocktailBarService$_4640#45971
01-25 19:33:57.203  2031  2031 D SurfaceFlinger:      DEVICE | 0xb400007714f4ad80 | 0100 | RGBA_8888    |    0.0    0.0 1440.0  168.0 |    0 2920 1440 3088 | NavigationBar0$_4158#101
01-25 19:33:57.203  2031  2031 D SurfaceFlinger:      DEVICE | 0xb400007715172000 | 0140 | RGBA_8888    |    0.0    0.0 1440.0  100.0 |    0    0 1440  100 | ScreenDecorOverlay$_4158#46296
01-25 19:33:57.203  2031  2031 D SurfaceFlinger: 
01-25 19:33:57.203  4158  5697 I ViewRootImpl@e329804[ScreenDecorOverlayBottom]: handleResized, msg = 5 frames=ClientWindowFrames{frame=[0,2988][1440,3088] display=[0,0][1440,3088] parentFrame=[0,0][0,0]} forceNextWindowRelayout=false displayId=0 dragResizing=false compatScale=1.0 frameChanged=false attachedFrameChanged=false configChanged=false displayChanged=false compatScaleChanged=false
01-25 19:33:57.203  4158  5697 I ViewRootImpl@e329804[ScreenDecorOverlayBottom]: handleResized mSyncSeqId = 0
01-25 19:33:57.203  4158  5697 D ViewRootImpl@e329804[ScreenDecorOverlayBottom]: reportNextDraw android.view.ViewRootImpl.handleResized:2574 android.view.ViewRootImpl.-$$Nest$mhandleResized:0 android.view.ViewRootImpl$ViewRootHandler.handleMessageImpl:7267 android.view.ViewRootImpl$ViewRootHandler.handleMessage:7236 android.os.Handler.dispatchMessage:106 
01-25 19:33:57.207  1959  3782 I SS_3A   :  INFO:  AF: TsAf_get_metadata: 1149: [TsAf_Range] range_sensor_data is NULL
01-25 19:33:57.217  2031  2031 I Layer   : Layer [ScreenDecorOverlayBottom$_4158#46297] hidden!! flag(0)
01-25 19:33:57.217  4158  5697 I ViewRootImpl@e329804[ScreenDecorOverlayBottom]: Setup new sync=wmsSync-ViewRootImpl@e329804[ScreenDecorOverlayBottom]#99
01-25 19:33:57.217  4158  5697 I ViewRootImpl@e329804[ScreenDecorOverlayBottom]: Creating new active sync group ViewRootImpl@e329804[ScreenDecorOverlayBottom]#0
01-25 19:33:57.218  4158  5697 I SurfaceSyncGroup: addLocalSync=ViewRootImpl@e329804[ScreenDecorOverlayBottom]#0 to name=wmsSync-ViewRootImpl@e329804[ScreenDecorOverlayBottom]#99, callers=android.window.SurfaceSyncGroup.add:431 android.window.SurfaceSyncGroup.add:392 android.window.SurfaceSyncGroup.add:340 android.view.ViewRootImpl.createSyncIfNeeded:4912 android.view.ViewRootImpl.performTraversals:4796 android.view.ViewRootImpl.doTraversal:3345 
01-25 19:33:57.218  2031  2031 E HWComposer: getDisplayDecorationSupport: getDisplayDecorationSupport failed for display 4630947093241269891: Unsupported (8)
01-25 19:33:57.220  2031  2031 D SurfaceFlinger: Display 4630947093241269891 HWC layers:
01-25 19:33:57.220  2031  2031 D SurfaceFlinger:      DEVICE | 0xb400007732260f80 | 0102 | RGBA_8888    |    0.0    0.0 1440.0 3088.0 |    0    0 1440 3088 | com.outsystemscloud.lucasgv.SandboxA[...]AppCordova.MainActivity$_27694#46286
01-25 19:33:57.220  2031  2031 D SurfaceFlinger:      DEVICE | 0xb400007714f4be00 | 0100 | RGBA_8888    |    0.0    0.0 1440.0  100.0 |    0    0 1440  100 | StatusBar$_4158#103
01-25 19:33:57.220  2031  2031 D SurfaceFlinger:      DEVICE | 0xb400007732260f00 | 0100 | RGBA_8888    |    0.0    0.0   67.0  436.0 | 1373  380 1440  816 | com.sec.android.app.launcher/com.sam[...].edge.CocktailBarService$_4640#45971
01-25 19:33:57.220  2031  2031 D SurfaceFlinger:      DEVICE | 0xb400007714f4ad80 | 0100 | RGBA_8888    |    0.0    0.0 1440.0  168.0 |    0 2920 1440 3088 | NavigationBar0$_4158#101
01-25 19:33:57.220  2031  2031 D SurfaceFlinger:      DEVICE | 0xb4000077288d9680 | 0140 | RGBA_8888    |    0.0    0.0 1440.0  100.0 |    0    0 1440  100 | ScreenDecorOverlay$_4158#46296
01-25 19:33:57.220  2031  2031 D SurfaceFlinger:      DEVICE | 0xb4000077288d9880 | 0140 | RGBA_8888    |    0.0    0.0 1440.0  100.0 |    0 2988 1440 3088 | ScreenDecorOverlayBottom$_4158#46297
01-25 19:33:57.220  2031  2031 D SurfaceFlinger: 
01-25 19:33:57.220  2411 22206 I Camera3-Status: markComponent: Component 1 is now active - BufferRequestSM
01-25 19:33:57.221  2411 22206 I Camera3-Status: markComponent: Component 1 is now idle - BufferRequestSM
01-25 19:33:57.221  4158  5697 I ViewRootImpl@e329804[ScreenDecorOverlayBottom]: registerCallbacksForSync syncBuffer=false
01-25 19:33:57.222  4158  5338 I ViewRootImpl@e329804[ScreenDecorOverlayBottom]: Received frameDrawingCallback syncResult=0 frameNum=3.
01-25 19:33:57.222  4158  5338 I ViewRootImpl@e329804[ScreenDecorOverlayBottom]: mWNT: t=0xb4000071b5b04e00 mBlastBufferQueue=0xb40000718d97e200 fn= 3 mRenderHdrSdrRatio=1.0 caller= android.view.ViewRootImpl$8.onFrameDraw:13946 android.view.ThreadedRenderer$1.onFrameDraw:792 <bottom of call stack> 
01-25 19:33:57.222  4158  5338 I ViewRootImpl@e329804[ScreenDecorOverlayBottom]: Setting up sync and frameCommitCallback
01-25 19:33:57.223  1959  3782 E IS_ALGO : IS0523: V3: is_valid_frame_time(2024): Gyro: frame_id 74: Last requested timestamp (517412012294) is larger than received timestamp (517412011199). Delta [usec] = 1095
01-25 19:33:57.223  1959  3785 E IS_ALGO : IS0523: V3: is_valid_frame_time(2024): Gyro: frame_id 74: Last requested timestamp (517412012294) is larger than received timestamp (517412011199). Delta [usec] = 1095
01-25 19:33:57.223  4158  4234 I ViewRootImpl@e329804[ScreenDecorOverlayBottom]: Received frameCommittedCallback lastAttemptedDrawFrameNum=3 didProduceBuffer=true
01-25 19:33:57.223  4158  4234 I SurfaceSyncGroup: onTransactionReady mName=wmsSync-ViewRootImpl@e329804[ScreenDecorOverlayBottom]#99 callback=261385164
01-25 19:33:57.223  4158  5697 I ViewRootImpl@e329804[ScreenDecorOverlayBottom]: reportDrawFinished seqId=0
01-25 19:33:57.224  2829  6771 D WindowManager: finishDrawingWindow: Window{6deae84 u0 ScreenDecorOverlayBottom} mDrawState=HAS_DRAWN seqId=0
01-25 19:33:57.240  1959  3782 I SS_3A   :  INFO:  AF: TsAf_get_metadata: 1149: [TsAf_Range] range_sensor_data is NULL
01-25 19:33:57.250  2411 22206 I Camera3-Status: markComponent: Component 1 is now active - BufferRequestSM
01-25 19:33:57.250  2411 22206 I Camera3-Status: markComponent: Component 1 is now idle - BufferRequestSM
01-25 19:33:57.254  1959  3786 E IS_ALGO : IS0523: V3: is_valid_frame_time(2024): Gyro: frame_id 75: Last requested timestamp (517412045650) is larger than received timestamp (517412044511). Delta [usec] = 1139
01-25 19:33:57.254  1959  3784 E IS_ALGO : IS0523: V3: is_valid_frame_time(2024): Gyro: frame_id 75: Last requested timestamp (517412045650) is larger than received timestamp (517412044511). Delta [usec] = 1139
01-25 19:33:57.264  1919  3297 D SensorsFlicker: Als_common::readEvents, enabled : 1, data : -1.000000, 0.000000, 0.000000, 0.000000, 0.000000, 66368.000000, 4096000.000000
01-25 19:33:57.273  1959  3784 I SS_3A   :  INFO:  AF: TsAf_get_metadata: 1149: [TsAf_Range] range_sensor_data is NULL
01-25 19:33:57.276  2031  2155 D RenderEngine: [SEC_GC_CMN_SF_EFFECTS] drawLayersInternal,1279, Rendering layer  at index 0
01-25 19:33:57.276  2031  2155 D RenderEngine: [SEC_GC_CMN_SF_EFFECTS] drawLayersInternal,1279, Rendering layer com.outsystemscloud.lucasgv.SandboxAppCordova/com.outsystemscloud.lucasgv.SandboxAppCordova.MainActivity$_27694#46286 at index 1
01-25 19:33:57.280  2411 22206 I Camera3-Status: markComponent: Component 1 is now active - BufferRequestSM
01-25 19:33:57.280  2411 22206 I Camera3-Status: markComponent: Component 1 is now idle - BufferRequestSM
01-25 19:33:57.307  1959  3782 I SS_3A   :  INFO:  AF: TsAf_get_metadata: 1149: [TsAf_Range] range_sensor_data is NULL
01-25 19:33:57.322  2411 22206 I Camera3-Status: markComponent: Component 1 is now active - BufferRequestSM
01-25 19:33:57.322  2411 22206 I Camera3-Status: markComponent: Component 1 is now idle - BufferRequestSM
01-25 19:33:57.340  1959  3786 I SS_3A   :  INFO:  AF: TsAf_get_metadata: 1149: [TsAf_Range] range_sensor_data is NULL
01-25 19:33:57.352  2411 22206 I Camera3-Status: markComponent: Component 1 is now active - BufferRequestSM
01-25 19:33:57.353  2411 22206 I Camera3-Status: markComponent: Component 1 is now idle - BufferRequestSM
01-25 19:33:57.369  2829  3233 D PowerManagerService: displayReady: false groupId=0
01-25 19:33:57.369  2829  3233 D DisplayPowerController2[0]: animateScreenStateChange: target=ON, mIsEnabled=true
01-25 19:33:57.370  2829  3233 D PowerManagerService: displayReady: true groupId=0
01-25 19:33:57.370  1928 27976 I HYPER-HAL: [RequestManager.cpp]releaseLocked(): Released ID : 1925706
01-25 19:33:57.373  1959  3786 I SS_3A   :  INFO:  AF: TsAf_get_metadata: 1149: [TsAf_Range] range_sensor_data is NULL
01-25 19:33:57.376  2031  2155 D RenderEngine: [SEC_GC_CMN_SF_EFFECTS] drawLayersInternal,1279, Rendering layer  at index 0
01-25 19:33:57.376  2031  2155 D RenderEngine: [SEC_GC_CMN_SF_EFFECTS] drawLayersInternal,1279, Rendering layer com.outsystemscloud.lucasgv.SandboxAppCordova/com.outsystemscloud.lucasgv.SandboxAppCordova.MainActivity$_27694#46286 at index 1
01-25 19:33:57.383  2411 22206 I Camera3-Status: markComponent: Component 1 is now active - BufferRequestSM
01-25 19:33:57.387  2411 22206 I Camera3-Status: markComponent: Component 1 is now idle - BufferRequestSM
01-25 19:33:57.407  1959  3782 I SS_3A   :  INFO:  AF: TsAf_get_metadata: 1149: [TsAf_Range] range_sensor_data is NULL
01-25 19:33:57.423  2411 22206 I Camera3-Status: markComponent: Component 1 is now active - BufferRequestSM
01-25 19:33:57.424  2411 22206 I Camera3-Status: markComponent: Component 1 is now idle - BufferRequestSM
01-25 19:33:57.440  1959  3783 I SS_3A   :  INFO:  AF: TsAf_get_metadata: 1149: [TsAf_Range] range_sensor_data is NULL
01-25 19:33:57.446  2411 22206 I Camera3-Status: markComponent: Component 1 is now active - BufferRequestSM
01-25 19:33:57.447  2411 22206 I Camera3-Status: markComponent: Component 1 is now idle - BufferRequestSM
01-25 19:33:57.474  1959  3783 I SS_3A   :  INFO:  AF: TsAf_get_metadata: 1149: [TsAf_Range] range_sensor_data is NULL
01-25 19:33:57.478  2031  2155 D RenderEngine: [SEC_GC_CMN_SF_EFFECTS] drawLayersInternal,1279, Rendering layer  at index 0
01-25 19:33:57.478  2031  2155 D RenderEngine: [SEC_GC_CMN_SF_EFFECTS] drawLayersInternal,1279, Rendering layer com.outsystemscloud.lucasgv.SandboxAppCordova/com.outsystemscloud.lucasgv.SandboxAppCordova.MainActivity$_27694#46286 at index 1
01-25 19:33:57.488  2411 22206 I Camera3-Status: markComponent: Component 1 is now active - BufferRequestSM
01-25 19:33:57.488  2411 22206 I Camera3-Status: markComponent: Component 1 is now idle - BufferRequestSM
01-25 19:33:57.507  1959  3782 I SS_3A   :  INFO:  AF: TsAf_get_metadata: 1149: [TsAf_Range] range_sensor_data is NULL
01-25 19:33:57.528  2411 22206 I Camera3-Status: markComponent: Component 1 is now active - BufferRequestSM
01-25 19:33:57.529  2411 22206 I Camera3-Status: markComponent: Component 1 is now idle - BufferRequestSM
01-25 19:33:57.540  1959  3784 I SS_3A   :  INFO:  AF: TsAf_get_metadata: 1149: [TsAf_Range] range_sensor_data is NULL
01-25 19:33:57.552  2411 22206 I Camera3-Status: markComponent: Component 1 is now active - BufferRequestSM
01-25 19:33:57.552  2411 22206 I Camera3-Status: markComponent: Component 1 is now idle - BufferRequestSM
