01-25 19:08:32.003  2829  3121 D CompatibilityChangeReporter: Compat change id reported: 177438394; UID 1000; state: DISABLED
01-25 19:08:32.003  2829  3121 D CompatibilityChangeReporter: Compat change id reported: 135772972; UID 1000; state: DISABLED
01-25 19:08:32.003  2829  3121 D CompatibilityChangeReporter: Compat change id reported: 135754954; UID 1000; state: ENABLED
01-25 19:08:32.003  2829  3121 D ActivityManager: !@AM_BOOT_PROGRESS , ensureBootCompleted booting:false /enableScreen:false /caller:com.android.server.am.ActivityManagerService$UiHandler.handleMessage:2042 android.os.Handler.dispatchMessage:106 
01-25 19:08:32.003  1959  3784 I SS_3A   :  INFO: AWB: TsAwb_process_preview: 3028: [6]TsAwb_gain_front=1.775,1.00,1.807,  BV=-1.152, lux=344, CT=4776, CT2=4776, TG=1, Ch_g=1.064, I/V=0.000, LT=0, PsnIdx=0
01-25 19:08:32.003  2829  3746 W ActivityTaskManager:   Force finishing activity com.outsystemscloud.lucasgv.SandboxAppCordova/.MainActivity
01-25 19:08:32.004  2829  3746 V Transition:  allReady query: used=true, override=false, defer=0, states=Display{#0 state=ON size=1440x3088 ROTATION_0}:false
01-25 19:08:32.004  2829  3746 V WindowManager: Cleaning splash screen token=ActivityRecord{db394df u0 com.outsystemscloud.lucasgv.SandboxAppCordova/.MainActivity t31833 f}}
01-25 19:08:32.004  2829  3746 V WindowManager: Collecting in transition 2810: ActivityRecord{db394df u0 com.outsystemscloud.lucasgv.SandboxAppCordova/.MainActivity t31833 f}}, caller=com.android.server.wm.Transition.collect:753 com.android.server.wm.TransitionController.collect:975 com.android.server.wm.ActivityRecord.onRemovedFromDisplay:5272 com.android.server.wm.DisplayContent.removeAppToken:1892 com.android.server.wm.ActivityRecord.removeFromHistory:4899 
01-25 19:08:32.004 11685 16836 I Routine@Core[4.7.03.3]: ActivityWatcherListenerImpl: onStopComponent: componentName - com.outsystemscloud.lucasgv.SandboxAppCordova, userId: 0
01-25 19:08:32.004  2829  3746 I SemDvfsHyPerManager: acquire hyper - AMS_APP_HOME/2829@33, type = -999
01-25 19:08:32.004  9872 16244 I [AirCmd]_ActivitySwitchDetector: onTaskFocusChanged : taskId=31302, componentName=ComponentInfo{com.sec.android.app.launcher/com.sec.android.app.launcher.Launcher}
01-25 19:08:32.004  9872 16244 I [AirCmd]_ActivitySwitchDetector: onTaskFocusChanged :mTopMostActivity = ComponentInfo{com.outsystemscloud.lucasgv.SandboxAppCordova/com.outsystemscloud.lucasgv.SandboxAppCordova.MainActivity}
01-25 19:08:32.004  1928  1949 I HYPER-HAL: [RequestManager.cpp]acquire(): Acquired ID : 4096986  [2829 / 33]    HINT : AMS_APP_HOME    list : 
01-25 19:08:32.004 10008 10008 W DMASA[D]: [d]Diagnostic is not agreed
01-25 19:08:32.005 11685 16836 I Routine@Core[4.7.03.3]: Pref: removeSharedPrefsData() key=condition_launch_app_data_resume_pkg
01-25 19:08:32.005  2829  3746 D ActivityManagerPerformance: AMP_acquire() HOME
01-25 19:08:32.005  2829  3746 V WindowManager: Collecting in transition 2810: ActivityRecord{b7f1d01 u0 com.sec.android.app.launcher/.activities.LauncherActivity t31302}, caller=com.android.server.wm.Transition.collect:753 com.android.server.wm.TransitionController.collect:975 com.android.server.wm.ActivityRecord.setVisibility:6429 com.android.server.wm.ActivityRecord.setVisibility:6381 com.android.server.wm.TaskFragment.resumeTopActivity:1741 
01-25 19:08:32.005  2829  3746 D WindowManager: prepareSync <SYNC_STATE_WAITING_FOR_DRAW>, mPrepareSyncSeqId=0, win=Window{b516886 u0 com.sec.android.app.launcher/com.sec.android.app.launcher.activities.LauncherActivity}
01-25 19:08:32.005  2829  3746 V WindowManager: Setting visibility of Window{b516886 u0 com.sec.android.app.launcher/com.sec.android.app.launcher.activities.LauncherActivity}: true, caller=com.android.server.wm.WindowContainer.sendAppVisibilityToClients:1305 com.android.server.wm.WindowToken.setClientVisible:454 com.android.server.wm.ActivityRecord.setClientVisible:8235 com.android.server.wm.ActivityRecord.setVisibility:6532 com.android.server.wm.ActivityRecord.setVisibility:6381 
01-25 19:08:32.006  2829  3746 V WindowManager: rotationForOrientation(orient=SCREEN_ORIENTATION_NOSENSOR (5), last=ROTATION_0 (0)); user=ROTATION_0 (0) USER_ROTATION_LOCKED
01-25 19:08:32.006  2829  3746 D WindowManager: rotationForOrientation, orientationSource=ActivityRecord{b7f1d01 u0 com.sec.android.app.launcher/.activities.LauncherActivity t31302}
01-25 19:08:32.006  2031  2222 I VSyncReactor: Current= 120, Period= 120, Distance= 1
01-25 19:08:32.006  2829  3746 V WindowManager: Computed rotation=ROTATION_0 (0) for display id=0 based on lastOrientation=SCREEN_ORIENTATION_NOSENSOR (5) and oldRotation=ROTATION_0 (0), caller=com.android.server.wm.DisplayRotation.updateOrientation:525 com.android.server.wm.DisplayContent.updateOrientation:2181 com.android.server.wm.DisplayContent.updateOrientation:2097 com.android.server.wm.RootWindowContainer.ensureVisibilityAndConfig:2083 com.android.server.wm.TaskFragment.resumeTopActivity:1779 com.android.server.wm.TaskFragment.resumeTopActivity:1387 
01-25 19:08:32.007 10023 10023 I SemDvfsHyPerManager: acquire hyper - APP_START_HOME/10023@22, type = -999
01-25 19:08:32.007 10023 10023 I S0      : limitCPUFreq:: freq = -1
01-25 19:08:32.007  2829  3746 V WindowManager: Collecting in transition 2810: ActivityRecord{b7f1d01 u0 com.sec.android.app.launcher/.activities.LauncherActivity t31302}, caller=com.android.server.wm.Transition.collect:753 com.android.server.wm.TransitionController.collect:975 com.android.server.wm.ActivityRecord.setVisibility:6429 com.android.server.wm.ActivityRecord.setVisibility:6381 com.android.server.wm.ActivityRecord.completeResumeLocked:7499 
01-25 19:08:32.007  2829  3746 V Transition:  allReady query: used=true, override=false, defer=0, states=Display{#0 state=ON size=1440x3088 ROTATION_0}:true
01-25 19:08:32.007  2829  3746 D WindowManagerServiceExt: notifyOccludeChangeNotice: reset caller=com.android.server.wm.ActivityRecord.completeResumeLocked:7556 com.android.server.wm.TaskFragment.resumeTopActivity:1876 com.android.server.wm.TaskFragment.resumeTopActivity:1387 com.android.server.wm.Task.resumeTopActivityInnerLocked:6560 com.android.server.wm.Task.resumeTopActivityUncheckedLocked:6447 
01-25 19:08:32.008  4640  4640 I ViewRootImpl@5d4fed7[LauncherActivity]: handleAppVisibility mAppVisible = false visible = true
01-25 19:08:32.008  4640  4640 I ViewRootImpl@5d4fed7[LauncherActivity]: stopped(false) old = true
01-25 19:08:32.008  2031  2155 D RenderEngine: [SEC_GC_CMN_SF_EFFECTS] drawLayersInternal,1279, Rendering layer  at index 0
01-25 19:08:32.008  2031  2155 D RenderEngine: [SEC_GC_CMN_SF_EFFECTS] drawLayersInternal,1279, Rendering layer com.outsystemscloud.lucasgv.SandboxAppCordova/com.outsystemscloud.lucasgv.SandboxAppCordova.MainActivity$_7518#45358 at index 1
01-25 19:08:32.008  2829  3124 D WindowManager: SyncGroup 2810:  Unfinished container: ActivityRecord{b7f1d01 u0 com.sec.android.app.launcher/.activities.LauncherActivity t31302} mSyncState=2
01-25 19:08:32.009  9872 16244 I [AirCmd]_CallbackRepeater: stopRepeat : isWorking=false
01-25 19:08:32.009  9872 16244 I [AirCmd]_MediaControlStateMonitor: isForegroundAppSupportsMediaButton : mediaSession is empty
01-25 19:08:32.010  4640  4640 I HoneySpace.Launcher: !@Boot_EBS_D: Launcher.onStart()
01-25 19:08:32.011  4640  4640 I HoneySpace.Launcher: !@Boot_EBS_D: Launcher.onResume()
01-25 19:08:32.011  1838  1838 D Zygote  : Forked child process 7763
01-25 19:08:32.012  4640  4640 I HoneySpace.Launcher: updateLauncherShowing false -> true
01-25 19:08:32.012  4640  4640 I HoneySpace.ShellTransitionManager: myHomeResumed
01-25 19:08:32.012  1928  1949 I HYPER-HAL: [RequestManager.cpp]acquire(): Acquired ID : 50456057  [10023 / 22]    HINT : APP_START    list : [KERNEL_APP_START_NOTIFY / 0] [TIMEOUT / 1500] 
01-25 19:08:32.012  4640 25071 I HoneySpace.PredictionDataSourceImpl: requestPredictionUpdate 0 true
01-25 19:08:32.012  2829  3746 I ActivityManager: Killing 7518:com.outsystemscloud.lucasgv.SandboxAppCordova/u0a444 (adj 0): crash
01-25 19:08:32.012  2829  4350 I AppWidgetServiceImpl: startListening callbacks : com.android.internal.appwidget.IAppWidgetHost$Stub$Proxy@18677fe
01-25 19:08:32.013  9872 16244 E [AirCmd]_MediaControlStateMonitor: getActiveNotificationPackageName : notification service monitor is null
01-25 19:08:32.013  9872 16244 I [AirCmd]_ButtonEventDetectionThread: enableDoubleClickDetection: enabled= false
01-25 19:08:32.014  2031  2031 I BpBinder: onLastStrongRef automatically unlinking death recipients: 
01-25 19:08:32.014  4640  4640 I SearchHoneyPot: onViewCreated: onResume
01-25 19:08:32.014  1928  1949 I HYPER-HAL: [RequestManager.cpp]releaseLocked(): Released ID : 50255327
01-25 19:08:32.014  2829  4379 D InputDispatcher: Focus request (0): <null> but waiting because NO_WINDOW
01-25 19:08:32.014  2829  4379 D InputDispatcher: Focus left window (0): c31210 com.outsystemscloud.lucasgv.SandboxAppCordova/com.outsystemscloud.lucasgv.SandboxAppCordova.MainActivity
01-25 19:08:32.014 11685 21857 I Routine@Core[4.7.03.3]: ModeOrderObserver: ModeOrderObserver:onChange: uri content://com.samsung.android.app.routines.routineprovider/preference
01-25 19:08:32.014  4640  2947 I HoneySpace.SPayHandler: currentIndex : 1, defaultIndex : 1
01-25 19:08:32.014  4640 25071 I HoneySpace.PredictionDataSourceImpl: requestPredictionUpdate 1 true
01-25 19:08:32.015  2031  2222 I VSyncReactor: Current= 120, Period= 120, Distance= 120
01-25 19:08:32.016  2829  3746 I ActivityManager: Killing 7554:com.google.android.webview:sandboxed_process0:org.chromium.content.app.SandboxedProcessService0:0/u0a444i597 (adj 0): isolated not needed
01-25 19:08:32.016  2829  3746 I ActivityManager: Changes in 99597 3 to 19, 56 to 0
01-25 19:08:32.016  2829  3746 D ActivityManager: proc ProcessRecord{90e8230 7518:com.outsystemscloud.lucasgv.SandboxAppCordova/u0a444} already removed. so we skip next process.
01-25 19:08:32.017  2829  3746 V Transition:  allReady query: used=true, override=false, defer=0, states=Display{#0 state=ON size=1440x3088 ROTATION_0}:true
01-25 19:08:32.017  2829  3746 V Transition:  allReady query: used=true, override=false, defer=0, states=Display{#0 state=ON size=1440x3088 ROTATION_0}:true
01-25 19:08:32.017  2829  3123 D EnterpriseDeviceManagerService: isMdmAdminPresentInternal() : MDM Admin Found - com.samsung.android.kgclient
01-25 19:08:32.017  2829  3123 D SGM:FgCheckThread: noteResumeComponent(), received pkgName: com.sec.android.app.launcher, userId: 0
01-25 19:08:32.018  2829  5655 V WindowManager: Relayout Window{b516886 u0 com.sec.android.app.launcher/com.sec.android.app.launcher.activities.LauncherActivity}: viewVisibility=0 req=1440x3088 ty=1 d0
01-25 19:08:32.018  2829  5655 D RestrictionPolicy: isScreenCaptureEnabled : ret=true userId=0
01-25 19:08:32.018 11685 16836 I Routine@Core[4.7.03.3]: ActivityWatcherListenerImpl: onResumeComponent: componentName - com.sec.android.app.launcher, com.sec.android.app.launcher.Launcher, userId: 0
01-25 19:08:32.018  2031  2394 I SurfaceFlinger: id=45366 createSurf, flag=44004, com.sec.android.app.launcher/com.sec.android.app.launcher.activities.LauncherActivity$_4640#45366
01-25 19:08:32.018  2829  3123 I GameSDK@LifeCycle: noteResumeComponent(): package name  : com.sec.android.app.launcher
01-25 19:08:32.018  9872 16244 I [AirCmd]_ActivitySwitchDetector: onTaskFocusChanged : taskId=31302, componentName=ComponentInfo{com.sec.android.app.launcher/com.sec.android.app.launcher.Launcher}
01-25 19:08:32.019  2829  5655 D WindowManager: makeSurface duration=0 name=com.sec.android.app.launcher/com.sec.android.app.launcher.activities.LauncherActivity$_4640
01-25 19:08:32.019 11685 16836 I Routine@Core[4.7.03.3]: Pref: putSharedPrefsData: key=condition_launch_app_data_resume_pkg, data.size=68
01-25 19:08:32.019  2829  3121 D DisplayManagerService: Drop pending events for gone uid 10444
01-25 19:08:32.019  1959  3781 I SS_3A   :  INFO: AWB: TsAwb_process_preview: 3028: [7]TsAwb_gain_front=1.841,1.00,1.965,  BV=-1.152, lux=344, CT=4566, CT2=4566, TG=9, Ch_g=1.062, I/V=0.000, LT=0, PsnIdx=0
01-25 19:08:32.019  2411  2411 I CameraService: blockClientsForUid: uid 10444
01-25 19:08:32.019  2411  2411 E CameraService: block for PID 7518
01-25 19:08:32.019  2411  2411 E CameraService: block: call notifyError to the client. (pid 0)
01-25 19:08:32.019  2411  2411 E CameraDeviceClient: notifyError: pid=0, errorCode=6, errorStreamId=-1, frameNumber=0
01-25 19:08:32.019  2411  2411 E CameraDeviceClient: notifyError: pid=0, skipClientNotification=false
01-25 19:08:32.019  2411  2411 I Camera2ClientBase: Creating CameraServiceWatchDog for disconnect with cycles=80, cycleLength=100ms, timer=8000ms
01-25 19:08:32.020  2829  5655 D WindowManager: SyncGroup 2810:  Unfinished container: ActivityRecord{b7f1d01 u0 com.sec.android.app.launcher/.activities.LauncherActivity t31302} mSyncState=2
01-25 19:08:32.020  1959  3783 I SS_3A   :  INFO: AEC: TsAec_process_get_aec_info: 2583: [F][7] algo_out Av=2.273 g=56.048 e_t=0.00831 LLS=0x0 Ev=5.344 Bv=-0.344 PEv=4.656 Cvgd=0 lux=325, lls=0x0, drc=1.000 wide=0 Vo=0.000
01-25 19:08:32.020  4520  4520 D HidDeviceService: handleMessage(): msg.what=8
01-25 19:08:32.020  4520  4520 D HidDeviceService: handleMessage(): msg.what=8
01-25 19:08:32.020  2829  3998 I CocktailBarManagerServiceContainer: handleMessage: entry what = 5
01-25 19:08:32.020 17849  4121 I SAMSUNGWALLET: [Hint_ProcessStatusChange] invoke foreground activities changed - onProcessDied pid:7518 uid : 10444
01-25 19:08:32.020  2829  5655 V WindowManager: Changing focus from null to Window{b516886 u0 com.sec.android.app.launcher/com.sec.android.app.launcher.activities.LauncherActivity} displayId=0 Callers=com.android.server.wm.RootWindowContainer.updateFocusedWindowLocked:581 com.android.server.wm.WindowManagerService.updateFocusedWindowLocked:6910 com.android.server.wm.WindowManagerService.relayoutWindow:2777 com.android.server.wm.Session.relayout:282 
01-25 19:08:32.020  2829  5655 I WindowManager: Cancelling animation restarting=true, leash=Surface(name=Surface(name=2f88cfd NavigationBar0)/@0x27506ac - animation-leash of insets_animation)/@0xfdeef6c
01-25 19:08:32.020  2829  5655 I WindowManager: Reparenting to original parent: Surface(name=WindowToken{5348166 type=2019 android.os.BinderProxy@40ba6a8})/@0x8e46f75, destroy=false, surface=Surface(name=2f88cfd NavigationBar0)/@0x27506ac
01-25 19:08:32.020  2829  5655 I WindowManager: Reparenting to leash, surface=Surface(name=2f88cfd NavigationBar0)/@0x27506ac, leashParent=Surface(name=WindowToken{5348166 type=2019 android.os.BinderProxy@40ba6a8})/@0x8e46f75
01-25 19:08:32.020  2031  2394 I SurfaceFlinger: id=45367 createSurf, flag=24000, Surface(name=2f88cfd NavigationBar0)/@0x27506ac - animation-leash of insets_animation#45367
01-25 19:08:32.022  2829  5655 D WindowManager: makeSurface duration=1 leash=Surface(name=Surface(name=2f88cfd NavigationBar0)/@0x27506ac - animation-leash of insets_animation)/@0xb53eeb0
01-25 19:08:32.022  2829  5655 D InsetsSourceProvider: updateControlForTarget: control=InsetsSourceControl: {434c0001 mType=navigationBars initiallyVisible mSurfacePosition=Point(0, 2920) mInsetsHint=Insets{left=0, top=0, right=0, bottom=53}}, target=Window{b516886 u0 com.sec.android.app.launcher/com.sec.android.app.launcher.activities.LauncherActivity}, from=com.android.server.wm.InsetsStateController.onControlTargetChanged:363 com.android.server.wm.InsetsStateController.onBarControlTargetChanged:332 com.android.server.wm.InsetsPolicy.updateBarControlTarget:173 com.android.server.wm.InsetsPolicy.updateSystemBars:843 com.android.server.wm.DisplayPolicy.updateSystemBarsLw:3484 
01-25 19:08:32.022  2829  5655 I WindowManager: Cancelling animation restarting=true, leash=Surface(name=Surface(name=db06f41 StatusBar)/@0x29acb96 - animation-leash of insets_animation)/@0xcab41ca
01-25 19:08:32.022  2829  5655 I WindowManager: Reparenting to original parent: Surface(name=WindowToken{e9c91a type=2000 android.os.BinderProxy@361323c})/@0x1f49317, destroy=false, surface=Surface(name=db06f41 StatusBar)/@0x29acb96
01-25 19:08:32.022  2829  5655 I WindowManager: Reparenting to leash, surface=Surface(name=db06f41 StatusBar)/@0x29acb96, leashParent=Surface(name=WindowToken{e9c91a type=2000 android.os.BinderProxy@361323c})/@0x1f49317
01-25 19:08:32.022  2031  2394 I SurfaceFlinger: id=45368 createSurf, flag=24000, Surface(name=db06f41 StatusBar)/@0x29acb96 - animation-leash of insets_animation#45368
01-25 19:08:32.022  2829  3133 I ActivityManager: Start proc 7763:com.samsung.android.lool/1000 for service {com.samsung.android.lool/com.samsung.android.sm.iafd.IafdService}
01-25 19:08:32.023  2829  5655 D WindowManager: makeSurface duration=0 leash=Surface(name=Surface(name=db06f41 StatusBar)/@0x29acb96 - animation-leash of insets_animation)/@0x23edcae
01-25 19:08:32.023  2829  5655 D InsetsSourceProvider: updateControlForTarget: control=InsetsSourceControl: {86080000 mType=statusBars initiallyVisible mSurfacePosition=Point(0, 0) mInsetsHint=Insets{left=0, top=100, right=0, bottom=0}}, target=Window{b516886 u0 com.sec.android.app.launcher/com.sec.android.app.launcher.activities.LauncherActivity}, from=com.android.server.wm.InsetsStateController.onControlTargetChanged:363 com.android.server.wm.InsetsStateController.onBarControlTargetChanged:329 com.android.server.wm.InsetsPolicy.updateBarControlTarget:173 com.android.server.wm.InsetsPolicy.updateSystemBars:843 com.android.server.wm.DisplayPolicy.updateSystemBarsLw:3484 
01-25 19:08:32.023  2829  3656 D SGM:FgCheckThread: onLooperPrepared(), msg: MSG_APP_RESUME, pkgName: com.sec.android.app.launcher, userid: 0
01-25 19:08:32.023  2829  3656 D SGM:FgCheckThread: handleResume().
01-25 19:08:32.023  2829  3656 D SGM:FgCheckThread: sendFocusOutConditionally() - mPrevNotiPkg: (unknown), userId: 0
01-25 19:08:32.023  2829  3656 D SGM:FgCheckThread:   handleResume(). pkgName: com.sec.android.app.launcher, userId: 0, isTunableApp: null
01-25 19:08:32.023  2829  3656 D SGM:FgCheckThread: notifyFocusInOut(). of pkg: com.sec.android.app.launcher, type: 4, isTunableApp: false, userId: 0
01-25 19:08:32.023  2829  3656 D SGM:FgCheckThread:   notifyFocusInOut(). unexpected mPrevNotiType: -1
01-25 19:08:32.023  2829  3656 D SGM:SystemHelper: callReleaseBlock needReleaseBlock:false
01-25 19:08:32.023  2829  5655 D WindowManager: updateSystemBarAttributes: displayId=0, win=Window{b516886 u0 com.sec.android.app.launcher/com.sec.android.app.launcher.activities.LauncherActivity}, navColorWin=Window{c31210 u0 com.outsystemscloud.lucasgv.SandboxAppCordova/com.outsystemscloud.lucasgv.SandboxAppCordova.MainActivity}, focusedCanBeNavColorWin=false, behavior=2, appearance=0, statusBarAppearanceRegions=[AppearanceRegion{ bounds=[0,0][1440,3088]}], requestedVisibilities=-9, from=com.android.server.wm.DisplayPolicy.focusChangedLw:2988 com.android.server.wm.DisplayContent.updateFocusedWindowLocked:4900 com.android.server.wm.RootWindowContainer.updateFocusedWindowLocked:581 
01-25 19:08:32.023  2829  5655 V SystemKeyManager: updateFocusedWindow() is called, com.sec.android.app.launcher/com.sec.android.app.launcher.activities.LauncherActivity
01-25 19:08:32.023  2411  2411 I Camera2ClientBase: CameraServiceWatchDog::watchThread for disconnect with cycles=80, cycleLength=100ms, timer=8000ms
01-25 19:08:32.023  2411  2411 D Camera2ClientBase: Camera 1: start to disconnect
01-25 19:08:32.023  2829  5655 V WindowManager: Relayout hash=b516886, pid=4640, syncId=-1: mAttrs={(0,0)(fillxfill) sim={adjust=nothing forwardNavigation} layoutInDisplayCutoutMode=shortEdges ty=BASE_APPLICATION fmt=TRANSPARENT wanim=0x10302f2
01-25 19:08:32.023  2829  5655 V WindowManager:   fl=81910100
01-25 19:08:32.023  2829  5655 V WindowManager:   pfl=1e008040
01-25 19:08:32.023  2829  5655 V WindowManager:   bhv=SHOW_TRANSIENT_BARS_BY_SWIPE
01-25 19:08:32.023  2829  5655 V WindowManager:   fitSides= naviIconColor=0}
01-25 19:08:32.024  4640  4640 I BufferQueueProducer: [](id:122000000506,api:0,p:-1,c:4640) setDequeueTimeout:2077252342
01-25 19:08:32.025  4158  4158 D SysUiState: SysUiState changed: old=0x10020000 new=0x10000000
01-25 19:08:32.025 17849 20578 I SAMSUNGWALLET: [Hint_SimpleHintProcessMonitor] isHomePackageRunning topPkgName = com.sec.android.app.launcher, topClsName = com.sec.android.app.launcher.Launcher, return true , se : true
01-25 19:08:32.026  2829  3123 D SGM:GameManager: identifyGamePackage. com.sec.android.app.launcher, mCurrentUserId: 0, callerUserId: 0, callingMethodInfo: com.samsung.android.game.SemGameManager.isGamePackage(SemGameManager.java:111)
01-25 19:08:32.026  2829  3123 D SGM:PkgDataHelper: getGamePkgData(). com.sec.android.app.launcher
01-25 19:08:32.026  2829  3123 D SGM:SemGameManager: isGamePackage(), pkgName=com.sec.android.app.launcher, ret=false
01-25 19:08:32.027 17849 17849 I SAMSUNGWALLET: [Hint_PayHintService] Hint Status - already invisible, skip hide : [4000000] - 4000000
01-25 19:08:32.027  4640 25071 I HoneySpace.SystemUiRepository: systemUiFlags: awake
01-25 19:08:32.027  2829  3124 D WindowManager: SyncGroup 2810:  Unfinished container: ActivityRecord{b7f1d01 u0 com.sec.android.app.launcher/.activities.LauncherActivity t31302} mSyncState=2
01-25 19:08:32.027  1959  3784 I SS_3A   :  INFO: AEC: TsAec_process_get_aec_info: 2583: [F][8] algo_out Av=2.273 g=93.752 e_t=0.00831 LLS=0x0 Ev=4.602 Bv=-0.453 PEv=4.547 Cvgd=0 lux=327, lls=0x0, drc=1.000 wide=0 Vo=0.000
01-25 19:08:32.027  1959  3785 I SS_3A   :  INFO: AWB: TsAwb_process_preview: 3028: [8]TsAwb_gain_front=1.841,1.00,1.966,  BV=-0.344, lux=325, CT=4564, CT2=4366, TG=77, Ch_g=1.055, I/V=0.000, LT=0, PsnIdx=0
01-25 19:08:32.028  4640  4640 I BLASTBufferQueue_Java: new BLASTBufferQueue, mName= ViewRootImpl@5d4fed7[LauncherActivity] mNativeObject= 0xb40000719334bf00 sc.mNativeObject= 0xb4000071939eed40 caller= android.view.ViewRootImpl.updateBlastSurfaceIfNeeded:3085 android.view.ViewRootImpl.relayoutWindow:10224 android.view.ViewRootImpl.performTraversals:4167 android.view.ViewRootImpl.doTraversal:3345 android.view.ViewRootImpl$TraversalRunnable.run:11437 android.view.Choreographer$CallbackRecord.run:1690 android.view.Choreographer$CallbackRecord.run:1699 android.view.Choreographer.doCallbacks:1154 android.view.Choreographer.doFrame:1080 android.view.Choreographer$FrameDisplayEventReceiver.run:1647 
01-25 19:08:32.028  4640  4640 I BLASTBufferQueue_Java: update, w= 1440 h= 3088 mName = ViewRootImpl@5d4fed7[LauncherActivity] mNativeObject= 0xb40000719334bf00 sc.mNativeObject= 0xb4000071939eed40 format= -2 caller= android.graphics.BLASTBufferQueue.<init>:89 android.view.ViewRootImpl.updateBlastSurfaceIfNeeded:3085 android.view.ViewRootImpl.relayoutWindow:10224 android.view.ViewRootImpl.performTraversals:4167 android.view.ViewRootImpl.doTraversal:3345 android.view.ViewRootImpl$TraversalRunnable.run:11437 
01-25 19:08:32.029  4640  4640 I ViewRootImpl@5d4fed7[LauncherActivity]: Relayout returned: old=(0,0,1440,3088) new=(0,0,1440,3088) relayoutAsync=false req=(1440,3088)0 dur=7 res=0x403 s={true 0xb40000719af55800} ch=true seqId=0
01-25 19:08:32.030  4640  4640 I ViewRootImpl@5d4fed7[LauncherActivity]: Setup new sync=wmsSync-ViewRootImpl@5d4fed7[LauncherActivity]#10
01-25 19:08:32.030  4640  4640 I ViewRootImpl@5d4fed7[LauncherActivity]: Creating new active sync group ViewRootImpl@5d4fed7[LauncherActivity]#11
01-25 19:08:32.030  4640  4640 I SurfaceSyncGroup: addLocalSync=ViewRootImpl@5d4fed7[LauncherActivity]#11 to name=wmsSync-ViewRootImpl@5d4fed7[LauncherActivity]#10, callers=android.window.SurfaceSyncGroup.add:431 android.window.SurfaceSyncGroup.add:392 android.window.SurfaceSyncGroup.add:340 android.view.ViewRootImpl.createSyncIfNeeded:4912 android.view.ViewRootImpl.performTraversals:4796 android.view.ViewRootImpl.doTraversal:3345 
01-25 19:08:32.030  4640  4640 I ViewRootImpl@5d4fed7[LauncherActivity]: registerCallbacksForSync syncBuffer=false
01-25 19:08:32.031 17851 17851 I civb    : onStart
01-25 19:08:32.031 17851 17851 I civb    : onResume
01-25 19:08:32.031 17849  4121 I SAMSUNGWALLET: [Hint_ProcessStatusChange] fg Change, pid : 4640 , isNotify : true , isForeground : true , fg list : []
01-25 19:08:32.031  2031  2031 I Layer   : Layer::reparent [2f88cfd NavigationBar0#82] newParent : Surface(name=2f88cfd NavigationBar0)/@0x27506ac - animation-leash of insets_animation#45367 , isRemovedFromCurrentState : 0 -------------------------
01-25 19:08:32.032  2031  2031 I Layer   : Layer::reparent [2f88cfd NavigationBar0#82] End -------------------------
01-25 19:08:32.032  2031  2031 I Layer   : Layer::reparent [Surface(name=2f88cfd NavigationBar0)/@0x27506ac - animation-leash of insets_animation#45359] newParentHandle : null -------------------------
01-25 19:08:32.032  2031  2031 I Layer   : id=45359 removeFromCurrentState Surface(name=2f88cfd NavigationBar0)/@0x27506ac - animation-leash of insets_animation#45359 (192)
01-25 19:08:32.032  2031  2031 I Layer   : Layer::reparent [Surface(name=2f88cfd NavigationBar0)/@0x27506ac - animation-leash of insets_animation#45359] End -------------------------
01-25 19:08:32.032  2031  2031 I Layer   : Layer::reparent [db06f41 StatusBar#94] newParent : Surface(name=db06f41 StatusBar)/@0x29acb96 - animation-leash of insets_animation#45368 , isRemovedFromCurrentState : 0 -------------------------
01-25 19:08:32.032  2031  2031 I Layer   : Layer::reparent [db06f41 StatusBar#94] End -------------------------
01-25 19:08:32.032  2031  2031 I Layer   : Layer::reparent [Surface(name=db06f41 StatusBar)/@0x29acb96 - animation-leash of insets_animation#45360] newParentHandle : null -------------------------
01-25 19:08:32.032  2031  2031 I Layer   : id=45360 removeFromCurrentState Surface(name=db06f41 StatusBar)/@0x29acb96 - animation-leash of insets_animation#45360 (192)
01-25 19:08:32.032  2031  2031 I Layer   : Layer::reparent [Surface(name=db06f41 StatusBar)/@0x29acb96 - animation-leash of insets_animation#45360] End -------------------------
01-25 19:08:32.032  2829  3151 I libprocessgroup: Successfully killed process cgroup uid 10444 pid 7518 in 15ms
01-25 19:08:32.032  2829  5655 D InputDispatcher: Focus request (0): b516886 com.sec.android.app.launcher/com.sec.android.app.launcher.activities.LauncherActivity but waiting because NO_WINDOW
01-25 19:08:32.033  2829  3121 D PkgPredictorService-SecIpmManagerServiceImpl: onForegroundActivitiesChanged pid:4640 uid:10139
01-25 19:08:32.033  2829  4928 V PkgPredictorService-SecIpmManagerServiceImpl: discard foreground app:com.sec.android.app.launcher 1|true
01-25 19:08:32.034  2829  3121 D NetworkPolicy: already checked 10139
01-25 19:08:32.034  2829  3121 D ScreenCurtainController: onForegroundActivitiesChanged: com.sec.android.app.launcher
01-25 19:08:32.034  4640 10051 W qdgralloc: getInterlacedFlag: getMetaData returned 3, defaulting to interlaced_flag = 0
01-25 19:08:32.035  4640 10381 I ViewRootImpl@5d4fed7[LauncherActivity]: Received frameDrawingCallback syncResult=0 frameNum=1.
01-25 19:08:32.035  4640 10381 I ViewRootImpl@5d4fed7[LauncherActivity]: mWNT: t=0xb40000719abd4a80 mBlastBufferQueue=0xb40000719334bf00 fn= 1 mRenderHdrSdrRatio=1.0 caller= android.view.ViewRootImpl$8.onFrameDraw:13946 android.view.ThreadedRenderer$1.onFrameDraw:792 <bottom of call stack> 
01-25 19:08:32.035  4640 10381 I ViewRootImpl@5d4fed7[LauncherActivity]: Setting up sync and frameCommitCallback
01-25 19:08:32.035 17849  4121 I SAMSUNGWALLET: [Hint_ProcessStatusChange] fg Change, pid : 4640 , isNotify : false , isForeground : true , fg list : []
01-25 19:08:32.035 13692 14683 I Rubin   : [80] ac.a.c(Unknown Source) : Notify com.samsung.android.rubin.inferenceengine.contextanalytics.engine.loggers.AppUsageLogger's database is updated.
01-25 19:08:32.036  2829  3123 I ActivityManager: Changes in 10139 5 to 2, 56 to 63
01-25 19:08:32.036  4640 10051 I BLASTBufferQueue: [ViewRootImpl@5d4fed7[LauncherActivity]#1286](f:0,a:0,s:0) onFrameAvailable the first frame is available
01-25 19:08:32.037  9050  5513 I eplu    : (REDACTED) appOpsListener %s %s
01-25 19:08:32.037  9050  5513 I eplu    : (REDACTED) Ignoring irrelevant audio permission changes for package %s
01-25 19:08:32.037 17849 20578 I SAMSUNGWALLET: [Hint_SimpleHintProcessMonitor] isHomePackageRunning topPkgName = com.sec.android.app.launcher, topClsName = com.sec.android.app.launcher.Launcher, return true , se : true
01-25 19:08:32.037  4640 10051 I ViewRootImpl@5d4fed7[LauncherActivity]: Received frameCommittedCallback lastAttemptedDrawFrameNum=1 didProduceBuffer=true
01-25 19:08:32.037  4640 10051 I SurfaceSyncGroup: onTransactionReady mName=wmsSync-ViewRootImpl@5d4fed7[LauncherActivity]#10 callback=157896265
01-25 19:08:32.037  4640 10466 I HoneySpace.SPayHandler: updateSpayHandler, show = true, defaultPage = true
01-25 19:08:32.037  4640  4640 I ViewRootImpl@5d4fed7[LauncherActivity]: reportDrawFinished seqId=0
01-25 19:08:32.038  4640  4640 I InsetsSourceConsumer: applyRequestedVisibilityToControl: visible=true, type=navigationBars, host=com.sec.android.app.launcher/com.sec.android.app.launcher.activities.LauncherActivity
01-25 19:08:32.038 17849 17849 I SAMSUNGWALLET: [Hint_PayHintService] onReceive() action=com.sec.android.app.launcher.intent.action.UPDATE_SPAY_HANDLER
01-25 19:08:32.038 17849 17849 I SAMSUNGWALLET: [Hint_PayHintService] home change, s home : true , default : true , gesture : true , s result : true , prev : false
01-25 19:08:32.038  4640  4640 I InsetsSourceConsumer: applyRequestedVisibilityToControl: visible=true, type=statusBars, host=com.sec.android.app.launcher/com.sec.android.app.launcher.activities.LauncherActivity
01-25 19:08:32.038  2829  6764 D SGM:GameManager: identifyForegroundApp. com.sec.android.app.launcher, mCurrentUserId: 0, callerUserId: 0
01-25 19:08:32.038  2829  6764 D SGM:PkgDataHelper: getGamePkgData(). com.sec.android.app.launcher
01-25 19:08:32.038 17849 17849 I SAMSUNGWALLET: [Hint_PayHintService] Hint Status - already invisible, skip hide : 4000000
01-25 19:08:32.038  4640  4640 I Edge.ActivityUtils: HomePackage : com.sec.android.app.launcher, resumePackageName : com.sec.android.app.launcher
01-25 19:08:32.039  4640  4770 I HoneySpace.TaskbarEventTracker: invokeEvent() called with: event = SystemUiStateChanged(stateFlags=268435456)
01-25 19:08:32.039  2829  2856 D WindowManager: finishDrawingWindow: Window{b516886 u0 com.sec.android.app.launcher/com.sec.android.app.launcher.activities.LauncherActivity} mDrawState=DRAW_PENDING seqId=0
01-25 19:08:32.040  2031  2031 D Layer   : [SEC_SF_EFFECTS] setBlurRegions ## com.sec.android.app.launcher/com.sec.android.app.launcher.activities.LauncherActivity$_4640#45366 regionSize=0
01-25 19:08:32.040  2031  2031 D SurfaceFlinger: GPIS:: requestGpisForBlur
01-25 19:08:32.040  2031  3748 D NativeSemDvfsManager: acquire:: timeout = 2000 mIsAcquired = 1  mTagName : SurfaceFlinger 
01-25 19:08:32.041  1928  1949 I HYPER-HAL: [RequestManager.cpp]acquire(): Acquired ID : 4595996  [2031 / 1000]    HINT : SF_GPU_MINLOCK    list : [TIMEOUT / 2000] 
01-25 19:08:32.041  2829  3124 V WindowManager: Collecting in transition 2810: WallpaperWindowToken{1afc1a0 token=android.os.Binder@a2ceaa3}, caller=com.android.server.wm.Transition.collect:753 com.android.server.wm.TransitionController.collect:975 com.android.server.wm.WallpaperWindowToken.setVisibility:215 com.android.server.wm.WallpaperWindowToken.updateWallpaperWindows:162 com.android.server.wm.WallpaperController.updateWallpaperTokens:966 
01-25 19:08:32.041  2829  3124 V WindowManager: Setting visibility of Window{80e8b54 u0 com.android.systemui.wallpapers.ImageWallpaper_system}: true, caller=com.android.server.wm.WindowContainer.sendAppVisibilityToClients:1305 com.android.server.wm.WindowToken.setClientVisible:454 com.android.server.wm.WallpaperWindowToken.setVisible:199 com.android.server.wm.WallpaperWindowToken.commitVisibility:266 com.android.server.wm.WallpaperWindowToken.setVisibility:235 
01-25 19:08:32.041  2829  3549 D SGM:GameManager: identifyGamePackage. com.sec.android.app.launcher, mCurrentUserId: 0, callerUserId: 0, callingMethodInfo: com.samsung.android.game.IGameManagerService$Stub.onTransact(IGameManagerService.java:233)
01-25 19:08:32.041  2829  3549 D SGM:PkgDataHelper: getGamePkgData(). com.sec.android.app.launcher
01-25 19:08:32.042 13692 14683 I Rubin   : [80] com.samsung.android.rubin.inferenceengine.contextanalytics.engine.monitors.moment.exercise.ExercisingWithCmhMonitor.isSatisfiedByCmh(Unknown Source) : isSatisfiedByCmh is false
01-25 19:08:32.042  2031  3748 E NativeCustomFrequencyManager: [NativeCFMS] BpCustomFrequencyManager::acquire()
01-25 19:08:32.043  2829  3124 V WindowManager: SyncGroup 2810: Finished!
01-25 19:08:32.044  4158  4371 I WallpaperService: dispatchAppVisibility: system, visible=true
01-25 19:08:32.044  2829  3124 V WindowManager: performShowLocked: mDrawState=HAS_DRAWN in Window{b516886 u0 com.sec.android.app.launcher/com.sec.android.app.launcher.activities.LauncherActivity}
01-25 19:08:32.044  2829  3124 D ChangeTransitionController: onTransactionReady: TransitionRecord{f7f1776 id=2810 type=CLOSE flags=0x10}
01-25 19:08:32.044  2829  3124 V WindowManager: Start calculating TransitionInfo based on participants: {WallpaperWindowToken{1afc1a0 token=android.os.Binder@a2ceaa3}, ActivityRecord{b7f1d01 u0 com.sec.android.app.launcher/.activities.LauncherActivity t31302}, ActivityRecord{db394df u0 com.outsystemscloud.lucasgv.SandboxAppCordova/.MainActivity t31833 f} isExiting}, Task{f731f4f #31833 type=standard A=10444:com.outsystemscloud.lucasgv.SandboxAppCordova}}
01-25 19:08:32.044  2829  3124 V WindowManager:   Final targets: [Task{737b878 #1 type=home}, Task{f731f4f #31833 type=standard A=10444:com.outsystemscloud.lucasgv.SandboxAppCordova}]
01-25 19:08:32.044  4158  4443 I WallpaperService: updateSurface system forceRelayout=false forceReport=false redrawNeeded=false myWidth=3088 myHeight=3088 fixedSize=true x = 0 y = 0 mWidth=3088 mHeight=3088
01-25 19:08:32.044  4158  4443 I WallpaperService: reportVisibility: visibility changed. visible=true
01-25 19:08:32.044  4158  4443 I ImageWallpaper[CanvasEngine_d0_w1]:  onVisibilityChanged: visible=true , displayId=0
01-25 19:08:32.045  2031  2395 I SurfaceFlinger: id=45369 createSurf, flag=84004, Transition Root: Task=1#45369
01-25 19:08:32.045  2829  3124 I SurfaceControl: show, t=StartTransaction_SyncId<2810>, sc=Surface(name=ActivityRecord{b7f1d01 u0 com.sec.android.app.launcher/.activities.LauncherActivity t31302})/@0xd28bc0b, caller=com.android.server.wm.Transition.onTransactionReady:2012 com.android.server.wm.BLASTSyncEngine$SyncGroup.finishNow:321 com.android.server.wm.BLASTSyncEngine$SyncGroup.tryFinish:242 com.android.server.wm.BLASTSyncEngine$SyncGroup.-$$Nest$mtryFinish:0 com.android.server.wm.BLASTSyncEngine.onSurfacePlacement:685 com.android.server.wm.RootWindowContainer.performSurfacePlacementNoTrace:993 
01-25 19:08:32.045  2829  3124 I SurfaceControl: show, t=StartTransaction_SyncId<2810>, sc=Surface(name=Task=31302)/@0xf259ae8, caller=com.android.server.wm.Transition.onTransactionReady:2029 com.android.server.wm.BLASTSyncEngine$SyncGroup.finishNow:321 com.android.server.wm.BLASTSyncEngine$SyncGroup.tryFinish:242 com.android.server.wm.BLASTSyncEngine$SyncGroup.-$$Nest$mtryFinish:0 com.android.server.wm.BLASTSyncEngine.onSurfacePlacement:685 com.android.server.wm.RootWindowContainer.performSurfacePlacementNoTrace:993 
01-25 19:08:32.045  2829  3124 D RestrictionPolicy: isScreenCaptureEnabled : ret=true userId=0
01-25 19:08:32.046  2829  3124 D ScreenCapture: [Capture_TEST] : setIsScreenShotBySystem false
01-25 19:08:32.047  2031  2031 I Layer   : id=45370 Destroyed Screenshot Parent#45370
01-25 19:08:32.047  2031  2155 D RenderEngine: [SEC_GC_CMN_SF_EFFECTS] drawLayersInternal,1279, Rendering layer  at index 0
01-25 19:08:32.047  2031  2155 D RenderEngine: [SEC_GC_CMN_SF_EFFECTS] drawLayersInternal,1279, Rendering layer com.outsystemscloud.lucasgv.SandboxAppCordova/com.outsystemscloud.lucasgv.SandboxAppCordova.MainActivity$_7518#45358 at index 1
01-25 19:08:32.047 10023 10023 I SDHMS:BarTender:Gatherer:AppError: update AppError : uid=10444, pkg=com.outsystemscloud.lucasgv.SandboxAppCordova, errorType=crash
01-25 19:08:32.047  7763  7763 I ng.android.lool: Using CollectorTypeCMC GC.
01-25 19:08:32.048  2031  2031 I Layer   : Layer [com.android.systemui.wallpapers.ImageWallpaper_system$_4158#91] hidden!! flag(0)
01-25 19:08:32.049  2829  3124 V WindowManager: Calling onTransitionReady: {id=2810 t=CLOSE f=0x10 trk=0 r=[0@Point(0, 0)] c=[
01-25 19:08:32.049  2829  3124 V WindowManager:         {WCT{RemoteToken{ce1180e Task{737b878 #1 type=home}}} m=TO_FRONT f=SHOW_WALLPAPER|EDGE_EXTENSION_RESTRICTION leash=Surface(name=Task=1)/@0x30ea0a4 sb=Rect(0, 0 - 1440, 3088) eb=Rect(0, 0 - 1440, 3088) d=0 inset=Rect(0, 100 - 0, 53)},
01-25 19:08:32.049  2829  3124 V WindowManager:         {WCT{RemoteToken{7c1906e Task{f731f4f #31833 type=standard A=10444:com.outsystemscloud.lucasgv.SandboxAppCordova}}} m=CLOSE f=NONE leash=Surface(name=Task=31833)/@0x97fb17a sb=Rect(0, 0 - 1440, 3088) eb=Rect(0, 0 - 1440, 3088) d=0 inset=Rect(0, 0 - 0, 0)}
01-25 19:08:32.049  2829  3124 V WindowManager:     ]}
01-25 19:08:32.051  4158  4206 V WindowManagerShell: onTransitionReady android.os.BinderProxy@fbcc958: {id=2810 t=CLOSE f=0x10 trk=0 r=[0@Point(0, 0)] c=[{WCT{android.window.IWindowContainerToken$Stub$Proxy@1e12304} m=TO_FRONT f=SHOW_WALLPAPER|EDGE_EXTENSION_RESTRICTION leash=Surface(name=Task=1)/@0xacabab1 sb=Rect(0, 0 - 1440, 3088) eb=Rect(0, 0 - 1440, 3088) d=0 inset=Rect(0, 100 - 0, 53)},{WCT{android.window.IWindowContainerToken$Stub$Proxy@e9f50ed} m=CLOSE f=NONE leash=Surface(name=Task=31833)/@0x3199b96 sb=Rect(0, 0 - 1440, 3088) eb=Rect(0, 0 - 1440, 3088) d=0 inset=Rect(0, 0 - 0, 0)}]}
01-25 19:08:32.051  2829  3120 V WindowManager: Sent Transition #2810 createdAt=01-25 19:08:31.997 via request=TransitionRequestInfo { type = CLOSE, triggerTask = null, remoteTransition = null, displayChange = null }
01-25 19:08:32.051  2829  3120 V WindowManager:     startWCT=WindowContainerTransaction { changes = {} hops = [] errorCallbackToken=null taskFragmentOrganizer=null }
01-25 19:08:32.051  2829  3120 V WindowManager:     info={id=2810 t=CLOSE f=0x10 trk=0 r=[0@Point(0, 0)] c=[
01-25 19:08:32.051  2829  3120 V WindowManager:         {WCT{RemoteToken{ce1180e Task{737b878 #1 type=home}}} m=TO_FRONT f=SHOW_WALLPAPER|EDGE_EXTENSION_RESTRICTION leash=Surface(name=Task=1)/@0x30ea0a4 sb=Rect(0, 0 - 1440, 3088) eb=Rect(0, 0 - 1440, 3088) d=0 inset=Rect(0, 100 - 0, 53)},
01-25 19:08:32.051  2829  3120 V WindowManager:         {WCT{RemoteToken{7c1906e Task{f731f4f #31833 type=standard A=10444:com.outsystemscloud.lucasgv.SandboxAppCordova}}} m=CLOSE f=NONE leash=Surface(name=Task=31833)/@0x97fb17a sb=Rect(0, 0 - 1440, 3088) eb=Rect(0, 0 - 1440, 3088) d=0 inset=Rect(0, 0 - 0, 0)}
01-25 19:08:32.051  2829  3120 V WindowManager:     ]}
01-25 19:08:32.051  4158  4206 I SurfaceControl: hide, t=FinishTransaction_SyncId<2810>, sc=Surface(name=Task=31833)/@0x3199b96, caller=com.android.wm.shell.transition.Transitions.dispatchReady:710 com.android.wm.shell.transition.Transitions.onTransitionReady:118 com.android.wm.shell.transition.Transitions$TransitionPlayerImpl$$ExternalSyntheticLambda0.run:13 android.os.Handler.handleCallback:958 android.os.Handler.dispatchMessage:99 android.os.Looper.loopOnce:230 
01-25 19:08:32.051  4158  4206 I SurfaceControl: show, t=StartTransaction_SyncId<2810>, sc=Surface(name=Task=1)/@0xacabab1, caller=com.android.wm.shell.transition.Transitions.dispatchReady:715 com.android.wm.shell.transition.Transitions.onTransitionReady:118 com.android.wm.shell.transition.Transitions$TransitionPlayerImpl$$ExternalSyntheticLambda0.run:13 android.os.Handler.handleCallback:958 android.os.Handler.dispatchMessage:99 android.os.Looper.loopOnce:230 
01-25 19:08:32.051  4158  4206 I SurfaceControl: show, t=FinishTransaction_SyncId<2810>, sc=Surface(name=Task=1)/@0xacabab1, caller=com.android.wm.shell.transition.Transitions.dispatchReady:772 com.android.wm.shell.transition.Transitions.onTransitionReady:118 com.android.wm.shell.transition.Transitions$TransitionPlayerImpl$$ExternalSyntheticLambda0.run:13 android.os.Handler.handleCallback:958 android.os.Handler.dispatchMessage:99 android.os.Looper.loopOnce:230 
01-25 19:08:32.051  4158  4206 V WindowManagerShell: Playing animation for (#2810)android.os.BinderProxy@fbcc958@0
01-25 19:08:32.051  4158  4206 I SurfaceControl: show, t=StartTransaction_SyncId<2810>, sc=Surface(name=Transition Root: Task=1)/@0xb532317, caller=com.android.wm.shell.transition.Transitions.playTransition:80 com.android.wm.shell.transition.Transitions.processReadyQueue:195 com.android.wm.shell.transition.Transitions.dispatchReady:790 com.android.wm.shell.transition.Transitions.onTransitionReady:118 com.android.wm.shell.transition.Transitions$TransitionPlayerImpl$$ExternalSyntheticLambda0.run:13 android.os.Handler.handleCallback:958 
01-25 19:08:32.051  4158  4206 V WindowManagerShell:  try handler com.android.wm.shell.transition.DefaultMixedHandler@8669ccc
01-25 19:08:32.051  4158  4206 V WindowManagerShell:  try handler com.android.wm.shell.keyguard.KeyguardTransitionHandler@93f1b15
01-25 19:08:32.051  4158  4206 V WindowManagerShell:  try handler com.android.wm.shell.activityembedding.ActivityEmbeddingController@15d1e2a
01-25 19:08:32.051  4158  4206 V WindowManagerShell:  try handler com.android.wm.shell.recents.RecentsTransitionHandler@252d41b
01-25 19:08:32.051  4158  4206 V ShellRecents: RecentsTransitionHandler.startAnimation: no controller found
01-25 19:08:32.051  4158  4206 V WindowManagerShell:  try handler com.android.wm.shell.pip.PipTransition@1c6b9b8
01-25 19:08:32.051  4158  4206 V WindowManagerShell:  try handler com.android.wm.shell.splitscreen.StageCoordinator@a835391
01-25 19:08:32.051  4158  4206 V WindowManagerShell:  try handler com.android.wm.shell.transition.RemoteTransitionHandler@86f2f6
01-25 19:08:32.051  4158  4206 V WindowManagerShell: Transition doesn't have explicit remote, search filters for match for {id=2810 t=CLOSE f=0x10 trk=0 r=[0@Point(0, 0)] c=[{WCT{android.window.IWindowContainerToken$Stub$Proxy@1e12304} m=TO_FRONT f=SHOW_WALLPAPER|EDGE_EXTENSION_RESTRICTION leash=Surface(name=Task=1)/@0xacabab1 sb=Rect(0, 0 - 1440, 3088) eb=Rect(0, 0 - 1440, 3088) d=0 inset=Rect(0, 100 - 0, 53)},{WCT{android.window.IWindowContainerToken$Stub$Proxy@e9f50ed} m=CLOSE f=NONE leash=Surface(name=Task=31833)/@0x3199b96 sb=Rect(0, 0 - 1440, 3088) eb=Rect(0, 0 - 1440, 3088) d=0 inset=Rect(0, 0 - 0, 0)}]}
01-25 19:08:32.051  4158  4206 V WindowManagerShell:  Checking filter Pair{{types=[] flags=0x0] notFlags=0x100 checks=[{atype=home independent=true modes=[OPEN,TO_FRONT] flags=NONE mustBeTask=false order=TOP topActivity=ComponentInfo{com.sec.android.app.launcher/com.sec.android.app.launcher.Launcher}},{atype=recents independent=true modes=[CLOSE,TO_BACK] flags=NONE mustBeTask=false order=ANY topActivity=null}]} RemoteTransition { remoteTransition = android.window.IRemoteTransition$Stub$Proxy@93641f, appThread = android.app.IApplicationThread$Stub$Proxy@63d436c, debugName = QuickstepLaunchHomeFromRecents }}
01-25 19:08:32.051  4158  4206 V WindowManagerShell:  Checking filter Pair{{types=[] flags=0x0] notFlags=0x100 checks=[{atype=home independent=true modes=[OPEN,TO_FRONT] flags=NONE mustBeTask=false order=TOP topActivity=ComponentInfo{com.sec.android.app.launcher/com.sec.android.app.launcher.Launcher}},{atype=standard independent=true modes=[CLOSE,TO_BACK] flags=NONE mustBeTask=false order=ANY topActivity=null}]} RemoteTransition { remoteTransition = android.window.IRemoteTransition$Stub$Proxy@428cd35, appThread = android.app.IApplicationThread$Stub$Proxy@fe3b5ca, debugName = QuickstepLaunchHome }}
01-25 19:08:32.051  4158  4206 D RemoteTransitionHandler: Found filterPair{{types=[] flags=0x0] notFlags=0x100 checks=[{atype=home independent=true modes=[OPEN,TO_FRONT] flags=NONE mustBeTask=false order=TOP topActivity=ComponentInfo{com.sec.android.app.launcher/com.sec.android.app.launcher.Launcher}},{atype=standard independent=true modes=[CLOSE,TO_BACK] flags=NONE mustBeTask=false order=ANY topActivity=null}]} RemoteTransition { remoteTransition = android.window.IRemoteTransition$Stub$Proxy@428cd35, appThread = android.app.IApplicationThread$Stub$Proxy@fe3b5ca, debugName = QuickstepLaunchHome }}
01-25 19:08:32.051  4158  4206 V WindowManagerShell:  Delegate animation for #2810 to RemoteTransition { remoteTransition = android.window.IRemoteTransition$Stub$Proxy@428cd35, appThread = android.app.IApplicationThread$Stub$Proxy@fe3b5ca, debugName = QuickstepLaunchHome }
01-25 19:08:32.052  2829  6766 D InputMethodManagerService: removeClient
01-25 19:08:32.052  1959  7727 I CHI     : [SS_LOW ]: [CHI_FAST_AEC]: chxextensionmodule.cpp: ChxFastAecProcessRequest: 15702: [CAMKPI] ChxFastAecProcessRequest: X (ret:0)
01-25 19:08:32.052  1959  7727 I CHI     : [SS_LOW ]: [CHI_FAST_AEC]: chxextensionmodule.cpp: ChxFastAecRunUseCase: 15542: [CAMKPI] FastAecDestroy: E
01-25 19:08:32.052  2031  3741 I SurfaceFlinger: id=45359 Removed Surface(name=2f88cfd NavigationBar0)/@0x27506ac - animation-leash of insets_animation#45359 (193)
01-25 19:08:32.052  2031  3741 I SurfaceFlinger: id=45360 Removed Surface(name=db06f41 StatusBar)/@0x29acb96 - animation-leash of insets_animation#45360 (193)
01-25 19:08:32.052  2829  6766 D InputTransport: Input channel destroyed: 'ClientS', fd=797
01-25 19:08:32.052  2411  4336 D CameraService: CameraService::binderDied
01-25 19:08:32.052  2829  6766 I ImeTracker: com.outsystemscloud.lucasgv.SandboxAppCordova:493dfd66: onRequestHide at ORIGIN_SERVER_HIDE_INPUT reason HIDE_REMOVE_CLIENT
01-25 19:08:32.052  2411  4336 I CameraService: clearCamConnRef: ref=1
01-25 19:08:32.052  2829  6766 D InputMethodManagerService: setWindowStateInner, windowToken=android.os.BinderProxy@89276d3, state=ImeTargetWindowState{ imeToken android.os.Binder@e8e7474 imeFocusChanged true hasEditorFocused false requestedImeVisible false imeDisplayId 0 softInputModeState STATE_UNSPECIFIED|ADJUST_RESIZE|IS_FORWARD_NAVIGATION isStartInputByGainFocus true}
01-25 19:08:32.052  2829  6766 I ImeTracker: com.outsystemscloud.lucasgv.SandboxAppCordova:493dfd66: onCancelled at PHASE_SERVER_SHOULD_HIDE
01-25 19:08:32.052  2829  6771 V ActivityManager: Got obituary of 7518:com.outsystemscloud.lucasgv.SandboxAppCordova
01-25 19:08:32.052  2829  6766 V InputMethodManagerService: hideCurrentInputLocked : canceled, shouldHideSoftInput=false, mInputShown=false, mImeWindowVis=0
01-25 19:08:32.052  9821  9821 D InputTransport: Input channel destroyed: 'ClientS', fd=155
01-25 19:08:32.053  2012  4655 I AudioFlinger: removeDlbCodecCallback pid:7518 type:-1
01-25 19:08:32.053  2829  3974 W AS.AudioDeviceBroker: Communication client died
01-25 19:08:32.053  2829  3974 V AS.AudioDeviceBroker: setCommunicationRouteForClient: device: null, eventSource: onCommunicationRouteClientDied
01-25 19:08:32.053  2829  3974 I AS.AudioDeviceBroker: setCommunicationRouteForClient for uid: 10444 device: null isPrivileged: false from API: onCommunicationRouteClientDied
01-25 19:08:32.053  2829  3974 V AS.AudioDeviceBroker: requestedCommunicationDevice: AudioDeviceAttributes: role:output type:speaker addr: name: profiles:[] descriptors:[] mAudioModeOwner: AudioModeInfo: mMode=MODE_NORMAL, mPid=0, mUid=0
01-25 19:08:32.053  2829  3974 V AS.AudioDeviceBroker: requestedCommunicationDevice: null mAudioModeOwner: AudioModeInfo: mMode=MODE_NORMAL, mPid=0, mUid=0
01-25 19:08:32.053  2829  3974 V AS.AudioDeviceBroker: requestedCommunicationDevice: null mAudioModeOwner: AudioModeInfo: mMode=MODE_NORMAL, mPid=0, mUid=0
01-25 19:08:32.053  2829  3974 V AS.AudioDeviceBroker: requestedCommunicationDevice: null mAudioModeOwner: AudioModeInfo: mMode=MODE_NORMAL, mPid=0, mUid=0
01-25 19:08:32.053  2829  3974 V AS.AudioDeviceBroker: requestedCommunicationDevice: null mAudioModeOwner: AudioModeInfo: mMode=MODE_NORMAL, mPid=0, mUid=0
01-25 19:08:32.053  2829  3974 V AS.AudioDeviceBroker: updateCommunicationRoute, preferredCommunicationDevice: null eventSource: onCommunicationRouteClientDied
01-25 19:08:32.053  2411  4336 I CameraService: clearCamConnRef: service.camera.running set to 0
01-25 19:08:32.053  2411  4336 I CameraService: evictClientIdByRemote: remove client from mActiveClientManager.
01-25 19:08:32.053  2829  3953 D ConnectivityService: releasing NetworkRequest [ REQUEST id=32927, [ Capabilities: INTERNET&NOT_RESTRICTED&TRUSTED&NOT_VCN_MANAGED Uid: 10444 RequestorUid: 10444 RequestorPkg: com.outsystemscloud.lucasgv.SandboxAppCordova UnderlyingNetworks: Null] ] (release request)
01-25 19:08:32.053  2829  3953 D ConnectivityService:  Removing from current network [132 WIFI], leaving 205 requests.
01-25 19:08:32.053  4640 12124 I HoneySpace.PredictionDataSourceImpl: TYPE_SUGGESTED_APPS updated: 9
01-25 19:08:32.054  2012  2176 V APM_AudioPolicyManager: clearDevicesRoleForStrategy() strategy=14 role=1
01-25 19:08:32.054 17849 20578 I SAMSUNGWALLET: [Hint_SimpleHintProcessMonitor] isHomePackageRunning topPkgName = com.sec.android.app.launcher, topClsName = com.sec.android.app.launcher.Launcher, return true , se : true
01-25 19:08:32.054  2012  2176 V APM_AudioPolicyManager: selectOutput new bestOutput 13 criteria 0 100 0 0 0 0 4 2 
01-25 19:08:32.054  2012  2176 V APM_AudioPolicyManager: selectOutput new bestOutput 29 criteria 0 100 0 0 0 1 4 0 
01-25 19:08:32.054  2012  2176 V APM_AudioPolicyManager: selectOutput new bestOutput 13 criteria 0 100 0 0 0 0 4 2 
01-25 19:08:32.054  2012  2176 V APM_AudioPolicyManager: selectOutput new bestOutput 29 criteria 0 100 0 0 0 1 4 0 
